../Core/Src/main.c:72:5:main	48	static,ignoring_inline_asm
../Core/Src/main.c:166:6:SystemClock_Config	128	static
../Core/Src/main.c:230:13:MX_FDCAN2_Init	8	static
../Core/Src/main.c:283:13:MX_USB_OTG_FS_HCD_Init	8	static
../Core/Src/main.c:314:13:MX_GPIO_Init	48	static
../Core/Src/main.c:347:13:Task_GreenLED_Handler	24	static,ignoring_inline_asm
../Core/Src/main.c:369:13:Task_RedLED_Handler	24	static,ignoring_inline_asm
../Core/Src/main.c:392:13:Task_BlueLED_Handler	24	static,ignoring_inline_asm
../Core/Src/main.c:426:6:HAL_TIM_PeriodElapsedCallback	16	static
../Core/Src/main.c:443:6:Error_Handler	8	static,ignoring_inline_asm
