../Core/Src/main.c:73:5:main	56	static,ignoring_inline_asm
../Core/Src/main.c:155:6:SystemClock_Config	120	static
../Core/Src/main.c:211:13:MX_FDCAN2_Init	8	static
../Core/Src/main.c:264:13:MX_USART2_UART_Init	8	static
../Core/Src/main.c:312:13:MX_USB_OTG_FS_HCD_Init	8	static
../Core/Src/main.c:343:13:MX_GPIO_Init	48	static
../Core/Src/main.c:366:13:Task_GreenLED_Handler	24	static,ignoring_inline_asm
../Core/Src/main.c:388:13:Task_RedLED_Handler	24	static,ignoring_inline_asm
../Core/Src/main.c:411:13:Task_BlueLED_Handler	24	static,ignoring_inline_asm
../Core/Src/main.c:444:6:HAL_TIM_PeriodElapsedCallback	16	static
../Core/Src/main.c:461:6:Error_Handler	4	static,ignoring_inline_asm
