../Drivers/CMSIS/Include/core_cm7.h:1978:22:__NVIC_SetPendingIRQ	16	static
../Core/Src/main.c:88:5:main	24	static
../Core/Src/main.c:195:6:SystemClock_Config	128	static
../Core/Src/main.c:259:13:MX_FDCAN2_Init	8	static
../Core/Src/main.c:312:13:MX_USART3_UART_Init	8	static
../Core/Src/main.c:360:13:MX_USB_OTG_FS_HCD_Init	8	static
../Core/Src/main.c:391:13:MX_GPIO_Init	48	static
../Core/Src/main.c:425:13:vHandlerTask	16	static
../Core/Src/main.c:445:13:vPeriodicTask	16	static
../Core/Src/main.c:484:6:USART_Send	16	static
../Core/Src/main.c:503:6:HAL_TIM_PeriodElapsedCallback	16	static
../Core/Src/main.c:520:6:Error_Handler	8	static,ignoring_inline_asm
