../Core/Src/stm32h7xx_it.c:73:6:NMI_Handler	8	static
../Core/Src/stm32h7xx_it.c:92:6:HardFault_Handler	8	static
../Core/Src/stm32h7xx_it.c:111:6:MemManage_Handler	8	static
../Core/Src/stm32h7xx_it.c:130:6:BusFault_Handler	8	static
../Core/Src/stm32h7xx_it.c:149:6:UsageFault_Handler	8	static
../Core/Src/stm32h7xx_it.c:168:6:DebugMon_Handler	4	static
../Core/Src/stm32h7xx_it.c:188:6:FDCAN2_IT0_IRQHandler	8	static
../Core/Src/stm32h7xx_it.c:202:6:FDCAN2_IT1_IRQHandler	8	static
../Core/Src/stm32h7xx_it.c:216:6:USART3_IRQHandler	8	static
../Core/Src/stm32h7xx_it.c:230:6:EXTI15_10_IRQHandler	16	static,ignoring_inline_asm
../Core/Src/stm32h7xx_it.c:274:6:TIM6_DAC_IRQHandler	8	static
