Archive member included to satisfy reference by file (symbol)

c:/st/stm32cubeide_1.9.0/stm32cubeide/plugins/com.st.stm32cube.ide.mcu.externaltools.gnu-tools-for-stm32.10.3-2021.10.win32_1.0.0.202111181127/tools/bin/../lib/gcc/arm-none-eabi/10.3.1/../../../../arm-none-eabi/lib/thumb/v7e-m+dp/hard\libc_nano.a(lib_a-errno.o)
                              ./Core/Src/syscalls.o (__errno)
c:/st/stm32cubeide_1.9.0/stm32cubeide/plugins/com.st.stm32cube.ide.mcu.externaltools.gnu-tools-for-stm32.10.3-2021.10.win32_1.0.0.202111181127/tools/bin/../lib/gcc/arm-none-eabi/10.3.1/../../../../arm-none-eabi/lib/thumb/v7e-m+dp/hard\libc_nano.a(lib_a-exit.o)
                              c:/st/stm32cubeide_1.9.0/stm32cubeide/plugins/com.st.stm32cube.ide.mcu.externaltools.gnu-tools-for-stm32.10.3-2021.10.win32_1.0.0.202111181127/tools/bin/../lib/gcc/arm-none-eabi/10.3.1/../../../../arm-none-eabi/lib/thumb/v7e-m+dp/hard/crt0.o (exit)
c:/st/stm32cubeide_1.9.0/stm32cubeide/plugins/com.st.stm32cube.ide.mcu.externaltools.gnu-tools-for-stm32.10.3-2021.10.win32_1.0.0.202111181127/tools/bin/../lib/gcc/arm-none-eabi/10.3.1/../../../../arm-none-eabi/lib/thumb/v7e-m+dp/hard\libc_nano.a(lib_a-impure.o)
                              c:/st/stm32cubeide_1.9.0/stm32cubeide/plugins/com.st.stm32cube.ide.mcu.externaltools.gnu-tools-for-stm32.10.3-2021.10.win32_1.0.0.202111181127/tools/bin/../lib/gcc/arm-none-eabi/10.3.1/../../../../arm-none-eabi/lib/thumb/v7e-m+dp/hard\libc_nano.a(lib_a-exit.o) (_global_impure_ptr)
c:/st/stm32cubeide_1.9.0/stm32cubeide/plugins/com.st.stm32cube.ide.mcu.externaltools.gnu-tools-for-stm32.10.3-2021.10.win32_1.0.0.202111181127/tools/bin/../lib/gcc/arm-none-eabi/10.3.1/../../../../arm-none-eabi/lib/thumb/v7e-m+dp/hard\libc_nano.a(lib_a-init.o)
                              c:/st/stm32cubeide_1.9.0/stm32cubeide/plugins/com.st.stm32cube.ide.mcu.externaltools.gnu-tools-for-stm32.10.3-2021.10.win32_1.0.0.202111181127/tools/bin/../lib/gcc/arm-none-eabi/10.3.1/../../../../arm-none-eabi/lib/thumb/v7e-m+dp/hard/crt0.o (__libc_init_array)
c:/st/stm32cubeide_1.9.0/stm32cubeide/plugins/com.st.stm32cube.ide.mcu.externaltools.gnu-tools-for-stm32.10.3-2021.10.win32_1.0.0.202111181127/tools/bin/../lib/gcc/arm-none-eabi/10.3.1/../../../../arm-none-eabi/lib/thumb/v7e-m+dp/hard\libc_nano.a(lib_a-memcmp.o)
                              ./Common/ThirdParty/SEGGER/OS/SEGGER_SYSVIEW_FreeRTOS.o (memcmp)
c:/st/stm32cubeide_1.9.0/stm32cubeide/plugins/com.st.stm32cube.ide.mcu.externaltools.gnu-tools-for-stm32.10.3-2021.10.win32_1.0.0.202111181127/tools/bin/../lib/gcc/arm-none-eabi/10.3.1/../../../../arm-none-eabi/lib/thumb/v7e-m+dp/hard\libc_nano.a(lib_a-memcpy-stub.o)
                              ./Common/ThirdParty/FreeRTOS/queue.o (memcpy)
c:/st/stm32cubeide_1.9.0/stm32cubeide/plugins/com.st.stm32cube.ide.mcu.externaltools.gnu-tools-for-stm32.10.3-2021.10.win32_1.0.0.202111181127/tools/bin/../lib/gcc/arm-none-eabi/10.3.1/../../../../arm-none-eabi/lib/thumb/v7e-m+dp/hard\libc_nano.a(lib_a-memset.o)
                              c:/st/stm32cubeide_1.9.0/stm32cubeide/plugins/com.st.stm32cube.ide.mcu.externaltools.gnu-tools-for-stm32.10.3-2021.10.win32_1.0.0.202111181127/tools/bin/../lib/gcc/arm-none-eabi/10.3.1/../../../../arm-none-eabi/lib/thumb/v7e-m+dp/hard/crt0.o (memset)
c:/st/stm32cubeide_1.9.0/stm32cubeide/plugins/com.st.stm32cube.ide.mcu.externaltools.gnu-tools-for-stm32.10.3-2021.10.win32_1.0.0.202111181127/tools/bin/../lib/gcc/arm-none-eabi/10.3.1/../../../../arm-none-eabi/lib/thumb/v7e-m+dp/hard\libc_nano.a(lib_a-rand.o)
                              ./Core/Src/main.o (rand)
c:/st/stm32cubeide_1.9.0/stm32cubeide/plugins/com.st.stm32cube.ide.mcu.externaltools.gnu-tools-for-stm32.10.3-2021.10.win32_1.0.0.202111181127/tools/bin/../lib/gcc/arm-none-eabi/10.3.1/../../../../arm-none-eabi/lib/thumb/v7e-m+dp/hard\libc_nano.a(lib_a-sprintf.o)
                              ./Core/Src/main.o (sprintf)
c:/st/stm32cubeide_1.9.0/stm32cubeide/plugins/com.st.stm32cube.ide.mcu.externaltools.gnu-tools-for-stm32.10.3-2021.10.win32_1.0.0.202111181127/tools/bin/../lib/gcc/arm-none-eabi/10.3.1/../../../../arm-none-eabi/lib/thumb/v7e-m+dp/hard\libc_nano.a(lib_a-strlen.o)
                              ./Common/ThirdParty/FreeRTOS/tasks.o (strlen)
c:/st/stm32cubeide_1.9.0/stm32cubeide/plugins/com.st.stm32cube.ide.mcu.externaltools.gnu-tools-for-stm32.10.3-2021.10.win32_1.0.0.202111181127/tools/bin/../lib/gcc/arm-none-eabi/10.3.1/../../../../arm-none-eabi/lib/thumb/v7e-m+dp/hard\libc_nano.a(lib_a-assert.o)
                              c:/st/stm32cubeide_1.9.0/stm32cubeide/plugins/com.st.stm32cube.ide.mcu.externaltools.gnu-tools-for-stm32.10.3-2021.10.win32_1.0.0.202111181127/tools/bin/../lib/gcc/arm-none-eabi/10.3.1/../../../../arm-none-eabi/lib/thumb/v7e-m+dp/hard\libc_nano.a(lib_a-rand.o) (__assert_func)
[...]
Memory Configuration

Name             Origin             Length             Attributes
FLASH            0x0000000008000000 0x0000000000200000 xr
DTCMRAM          0x0000000020000000 0x0000000000020000 xrw
RAM_D1           0x0000000024000000 0x0000000000080000 xrw
RAM_D2           0x0000000030000000 0x0000000000048000 xrw
RAM_D3           0x0000000038000000 0x0000000000010000 xrw
ITCMRAM          0x0000000000000000 0x0000000000010000 xrw
*default*        0x0000000000000000 0xffffffffffffffff

Linker script and memory map

LOAD c:/st/stm32cubeide_1.9.0/stm32cubeide/plugins/com.st.stm32cube.ide.mcu.externaltools.gnu-tools-for-stm32.10.3-2021.10.win32_1.0.0.202111181127/tools/bin/../lib/gcc/arm-none-eabi/10.3.1/thumb/v7e-m+dp/hard/crti.o
LOAD c:/st/stm32cubeide_1.9.0/stm32cubeide/plugins/com.st.stm32cube.ide.mcu.externaltools.gnu-tools-for-stm32.10.3-2021.10.win32_1.0.0.202111181127/tools/bin/../lib/gcc/arm-none-eabi/10.3.1/thumb/v7e-m+dp/hard/crtbegin.o
LOAD c:/st/stm32cubeide_1.9.0/stm32cubeide/plugins/com.st.stm32cube.ide.mcu.externaltools.gnu-tools-for-stm32.10.3-2021.10.win32_1.0.0.202111181127/tools/bin/../lib/gcc/arm-none-eabi/10.3.1/../../../../arm-none-eabi/lib/thumb/v7e-m+dp/hard/crt0.o
LOAD ./Common/ThirdParty/FreeRTOS/croutine.o
LOAD ./Common/ThirdParty/FreeRTOS/event_groups.o
LOAD ./Common/ThirdParty/FreeRTOS/list.o
LOAD ./Common/ThirdParty/FreeRTOS/queue.o
LOAD ./Common/ThirdParty/FreeRTOS/stream_buffer.o
LOAD ./Common/ThirdParty/FreeRTOS/tasks.o
LOAD ./Common/ThirdParty/FreeRTOS/timers.o
LOAD ./Common/ThirdParty/FreeRTOS/portable/GCC/ARM_CM7/r0p1/port.o
LOAD ./Common/ThirdParty/FreeRTOS/portable/MemMang/heap_4.o
LOAD ./Common/ThirdParty/SEGGER/Config/SEGGER_SYSVIEW_Config_FreeRTOS.o
LOAD ./Common/ThirdParty/SEGGER/OS/SEGGER_SYSVIEW_FreeRTOS.o
LOAD ./Common/ThirdParty/SEGGER/Recorder/segger_uart.o
LOAD ./Common/ThirdParty/SEGGER/SEGGER/SEGGER_RTT.o
LOAD ./Common/ThirdParty/SEGGER/SEGGER/SEGGER_RTT_ASM_ARMv7M.o
LOAD ./Common/ThirdParty/SEGGER/SEGGER/SEGGER_RTT_printf.o
LOAD ./Common/ThirdParty/SEGGER/SEGGER/SEGGER_SYSVIEW.o
LOAD ./Common/ThirdParty/SEGGER/SEGGER/Syscalls/SEGGER_RTT_Syscalls_GCC.o
LOAD ./Core/Src/main.o
LOAD ./Core/Src/stm32h7xx_hal_msp.o
LOAD ./Core/Src/stm32h7xx_hal_timebase_tim.o
LOAD ./Core/Src/stm32h7xx_it.o
LOAD ./Core/Src/syscalls.o
LOAD ./Core/Src/system_stm32h7xx.o
LOAD ./Core/Startup/startup_stm32h743vitx.o
LOAD ./Drivers/STM32H7xx_HAL_Driver/Src/stm32h7xx_hal.o
LOAD ./Drivers/STM32H7xx_HAL_Driver/Src/stm32h7xx_hal_cortex.o
LOAD ./Drivers/STM32H7xx_HAL_Driver/Src/stm32h7xx_hal_dma.o
LOAD ./Drivers/STM32H7xx_HAL_Driver/Src/stm32h7xx_hal_dma_ex.o
LOAD ./Drivers/STM32H7xx_HAL_Driver/Src/stm32h7xx_hal_exti.o
LOAD ./Drivers/STM32H7xx_HAL_Driver/Src/stm32h7xx_hal_fdcan.o
LOAD ./Drivers/STM32H7xx_HAL_Driver/Src/stm32h7xx_hal_flash.o
LOAD ./Drivers/STM32H7xx_HAL_Driver/Src/stm32h7xx_hal_flash_ex.o
LOAD ./Drivers/STM32H7xx_HAL_Driver/Src/stm32h7xx_hal_gpio.o
LOAD ./Drivers/STM32H7xx_HAL_Driver/Src/stm32h7xx_hal_hcd.o
LOAD ./Drivers/STM32H7xx_HAL_Driver/Src/stm32h7xx_hal_hsem.o
LOAD ./Drivers/STM32H7xx_HAL_Driver/Src/stm32h7xx_hal_i2c.o
LOAD ./Drivers/STM32H7xx_HAL_Driver/Src/stm32h7xx_hal_i2c_ex.o
LOAD ./Drivers/STM32H7xx_HAL_Driver/Src/stm32h7xx_hal_mdma.o
LOAD ./Drivers/STM32H7xx_HAL_Driver/Src/stm32h7xx_hal_pwr.o
LOAD ./Drivers/STM32H7xx_HAL_Driver/Src/stm32h7xx_hal_pwr_ex.o
LOAD ./Drivers/STM32H7xx_HAL_Driver/Src/stm32h7xx_hal_rcc.o
LOAD ./Drivers/STM32H7xx_HAL_Driver/Src/stm32h7xx_hal_rcc_ex.o
LOAD ./Drivers/STM32H7xx_HAL_Driver/Src/stm32h7xx_hal_tim.o
LOAD ./Drivers/STM32H7xx_HAL_Driver/Src/stm32h7xx_hal_tim_ex.o
LOAD ./Drivers/STM32H7xx_HAL_Driver/Src/stm32h7xx_hal_uart.o
LOAD ./Drivers/STM32H7xx_HAL_Driver/Src/stm32h7xx_hal_uart_ex.o
LOAD ./Drivers/STM32H7xx_HAL_Driver/Src/stm32h7xx_ll_usb.o
START GROUP
LOAD c:/st/stm32cubeide_1.9.0/stm32cubeide/plugins/com.st.stm32cube.ide.mcu.externaltools.gnu-tools-for-stm32.10.3-2021.10.win32_1.0.0.202111181127/tools/bin/../lib/gcc/arm-none-eabi/10.3.1/../../../../arm-none-eabi/lib/thumb/v7e-m+dp/hard\libc_nano.a
LOAD c:/st/stm32cubeide_1.9.0/stm32cubeide/plugins/com.st.stm32cube.ide.mcu.externaltools.gnu-tools-for-stm32.10.3-2021.10.win32_1.0.0.202111181127/tools/bin/../lib/gcc/arm-none-eabi/10.3.1/../../../../arm-none-eabi/lib/thumb/v7e-m+dp/hard\libm.a
END GROUP
START GROUP
LOAD c:/st/stm32cubeide_1.9.0/stm32cubeide/plugins/com.st.stm32cube.ide.mcu.externaltools.gnu-tools-for-stm32.10.3-2021.10.win32_1.0.0.202111181127/tools/bin/../lib/gcc/arm-none-eabi/10.3.1/thumb/v7e-m+dp/hard\libgcc.a
LOAD c:/st/stm32cubeide_1.9.0/stm32cubeide/plugins/com.st.stm32cube.ide.mcu.externaltools.gnu-tools-for-stm32.10.3-2021.10.win32_1.0.0.202111181127/tools/bin/../lib/gcc/arm-none-eabi/10.3.1/../../../../arm-none-eabi/lib/thumb/v7e-m+dp/hard\libc_nano.a
END GROUP
START GROUP
LOAD c:/st/stm32cubeide_1.9.0/stm32cubeide/plugins/com.st.stm32cube.ide.mcu.externaltools.gnu-tools-for-stm32.10.3-2021.10.win32_1.0.0.202111181127/tools/bin/../lib/gcc/arm-none-eabi/10.3.1/thumb/v7e-m+dp/hard\libgcc.a
LOAD c:/st/stm32cubeide_1.9.0/stm32cubeide/plugins/com.st.stm32cube.ide.mcu.externaltools.gnu-tools-for-stm32.10.3-2021.10.win32_1.0.0.202111181127/tools/bin/../lib/gcc/arm-none-eabi/10.3.1/../../../../arm-none-eabi/lib/thumb/v7e-m+dp/hard\libc_nano.a
LOAD c:/st/stm32cubeide_1.9.0/stm32cubeide/plugins/com.st.stm32cube.ide.mcu.externaltools.gnu-tools-for-stm32.10.3-2021.10.win32_1.0.0.202111181127/tools/bin/../lib/gcc/arm-none-eabi/10.3.1/../../../../arm-none-eabi/lib/thumb/v7e-m+dp/hard\libnosys.a
END GROUP
START GROUP
LOAD c:/st/stm32cubeide_1.9.0/stm32cubeide/plugins/com.st.stm32cube.ide.mcu.externaltools.gnu-tools-for-stm32.10.3-2021.10.win32_1.0.0.202111181127/tools/bin/../lib/gcc/arm-none-eabi/10.3.1/thumb/v7e-m+dp/hard\libgcc.a
LOAD c:/st/stm32cubeide_1.9.0/stm32cubeide/plugins/com.st.stm32cube.ide.mcu.externaltools.gnu-tools-for-stm32.10.3-2021.10.win32_1.0.0.202111181127/tools/bin/../lib/gcc/arm-none-eabi/10.3.1/../../../../arm-none-eabi/lib/thumb/v7e-m+dp/hard\libc_nano.a
LOAD c:/st/stm32cubeide_1.9.0/stm32cubeide/plugins/com.st.stm32cube.ide.mcu.externaltools.gnu-tools-for-stm32.10.3-2021.10.win32_1.0.0.202111181127/tools/bin/../lib/gcc/arm-none-eabi/10.3.1/../../../../arm-none-eabi/lib/thumb/v7e-m+dp/hard\libnosys.a
END GROUP
LOAD c:/st/stm32cubeide_1.9.0/stm32cubeide/plugins/com.st.stm32cube.ide.mcu.externaltools.gnu-tools-for-stm32.10.3-2021.10.win32_1.0.0.202111181127/tools/bin/../lib/gcc/arm-none-eabi/10.3.1/thumb/v7e-m+dp/hard/crtend.o
LOAD c:/st/stm32cubeide_1.9.0/stm32cubeide/plugins/com.st.stm32cube.ide.mcu.externaltools.gnu-tools-for-stm32.10.3-2021.10.win32_1.0.0.202111181127/tools/bin/../lib/gcc/arm-none-eabi/10.3.1/thumb/v7e-m+dp/hard/crtn.o
                0x0000000024080000                _estack = (ORIGIN (RAM_D1) + LENGTH (RAM_D1))
                0x0000000000000200                _Min_Heap_Size = 0x200
                0x0000000000000400                _Min_Stack_Size = 0x400

.isr_vector     0x0000000008000000      0x298
                0x0000000008000000                . = ALIGN (0x4)
 *(.isr_vector)
 .isr_vector    0x0000000008000000      0x298 ./Core/Startup/startup_stm32h743vitx.o
                0x0000000008000000                g_pfnVectors
                0x0000000008000298                . = ALIGN (0x4)

.text           0x00000000080002a0     0xda80
                0x00000000080002a0                . = ALIGN (0x4)
 *(.text)
 .text          0x00000000080002a0       0x40 c:/st/stm32cubeide_1.9.0/stm32cubeide/plugins/com.st.stm32cube.ide.mcu.externaltools.gnu-tools-for-stm32.10.3-2021.10.win32_1.0.0.202111181127/tools/bin/../lib/gcc/arm-none-eabi/10.3.1/thumb/v7e-m+dp/hard/crtbegin.o
 .text          0x00000000080002e0       0x94 ./Common/ThirdParty/SEGGER/SEGGER/SEGGER_RTT_ASM_ARMv7M.o
                0x00000000080002e0                SEGGER_RTT_ASM_WriteSkipNoLock
 .text          0x0000000008000374       0x10 c:/st/stm32cubeide_1.9.0/stm32cubeide/plugins/com.st.stm32cube.ide.mcu.externaltools.gnu-tools-for-stm32.10.3-2021.10.win32_1.0.0.202111181127/tools/bin/../lib/gcc/arm-none-eabi/10.3.1/../../../../arm-none-eabi/lib/thumb/v7e-m+dp/hard\libc_nano.a(lib_a-strlen.o)
                0x0000000008000374                strlen
 *fill*         0x0000000008000384        0xc 
 .text          0x0000000008000390       0xa0 c:/st/stm32cubeide_1.9.0/stm32cubeide/plugins/com.st.stm32cube.ide.mcu.externaltools.gnu-tools-for-stm32.10.3-2021.10.win32_1.0.0.202111181127/tools/bin/../lib/gcc/arm-none-eabi/10.3.1/../../../../arm-none-eabi/lib/thumb/v7e-m+dp/hard\libc_nano.a(lib_a-memchr.o)
                0x0000000008000390                memchr
 .text          0x0000000008000430       0x30 c:/st/stm32cubeide_1.9.0/stm32cubeide/plugins/com.st.stm32cube.ide.mcu.externaltools.gnu-tools-for-stm32.10.3-2021.10.win32_1.0.0.202111181127/tools/bin/../lib/gcc/arm-none-eabi/10.3.1/thumb/v7e-m+dp/hard\libgcc.a(_aeabi_uldivmod.o)
                0x0000000008000430                __aeabi_uldivmod
 .text          0x0000000008000460      0x2d0 c:/st/stm32cubeide_1.9.0/stm32cubeide/plugins/com.st.stm32cube.ide.mcu.externaltools.gnu-tools-for-stm32.10.3-2021.10.win32_1.0.0.202111181127/tools/bin/../lib/gcc/arm-none-eabi/10.3.1/thumb/v7e-m+dp/hard\libgcc.a(_udivmoddi4.o)
                0x0000000008000460                __udivmoddi4
 .text          0x0000000008000730        0x4 c:/st/stm32cubeide_1.9.0/stm32cubeide/plugins/com.st.stm32cube.ide.mcu.externaltools.gnu-tools-for-stm32.10.3-2021.10.win32_1.0.0.202111181127/tools/bin/../lib/gcc/arm-none-eabi/10.3.1/thumb/v7e-m+dp/hard\libgcc.a(_dvmd_tls.o)
                0x0000000008000730                __aeabi_idiv0
                0x0000000008000730                __aeabi_ldiv0
 *(.text*)
 .text.vListInitialise
                0x0000000008000734       0x40 ./Common/ThirdParty/FreeRTOS/list.o
                0x0000000008000734                vListInitialise
 .text.vListInitialiseItem
                0x0000000008000774       0x1a ./Common/ThirdParty/FreeRTOS/list.o
                0x0000000008000774                vListInitialiseItem
 .text.vListInsertEnd
                0x000000000800078e       0x48 ./Common/ThirdParty/FreeRTOS/list.o
                0x000000000800078e                vListInsertEnd
 .text.vListInsert
                0x00000000080007d6       0x72 ./Common/ThirdParty/FreeRTOS/list.o
                0x00000000080007d6                vListInsert
 .text.uxListRemove
                0x0000000008000848       0x54 ./Common/ThirdParty/FreeRTOS/list.o
                0x0000000008000848                uxListRemove
 .text.xQueueGenericReset
                0x000000000800089c       0xba ./Common/ThirdParty/FreeRTOS/queue.o
                0x000000000800089c                xQueueGenericReset
 .text.xQueueGenericCreate
                0x0000000008000956       0xca ./Common/ThirdParty/FreeRTOS/queue.o
                0x0000000008000956                xQueueGenericCreate
 .text.prvInitialiseNewQueue
                0x0000000008000a20       0x52 ./Common/ThirdParty/FreeRTOS/queue.o
 *fill*         0x0000000008000a72        0x2 
 .text.xQueueGenericSend
                0x0000000008000a74      0x22c ./Common/ThirdParty/FreeRTOS/queue.o
                0x0000000008000a74                xQueueGenericSend
 .text.xQueueReceive
                0x0000000008000ca0      0x218 ./Common/ThirdParty/FreeRTOS/queue.o
                0x0000000008000ca0                xQueueReceive
 .text.xQueueSemaphoreTake
                0x0000000008000eb8      0x270 ./Common/ThirdParty/FreeRTOS/queue.o
                0x0000000008000eb8                xQueueSemaphoreTake
 .text.prvGetDisinheritPriorityAfterTimeout
                0x0000000008001128       0x30 ./Common/ThirdParty/FreeRTOS/queue.o
 .text.prvCopyDataToQueue
                0x0000000008001158       0xd4 ./Common/ThirdParty/FreeRTOS/queue.o
 .text.prvCopyDataFromQueue
                0x000000000800122c       0x4c ./Common/ThirdParty/FreeRTOS/queue.o
 .text.prvUnlockQueue
                0x0000000008001278       0xa4 ./Common/ThirdParty/FreeRTOS/queue.o
 .text.prvIsQueueEmpty
                0x000000000800131c       0x2c ./Common/ThirdParty/FreeRTOS/queue.o
 .text.prvIsQueueFull
                0x0000000008001348       0x30 ./Common/ThirdParty/FreeRTOS/queue.o
 .text.xTaskCreate
                0x0000000008001378       0x82 ./Common/ThirdParty/FreeRTOS/tasks.o
                0x0000000008001378                xTaskCreate
 .text.prvInitialiseNewTask
                0x00000000080013fa      0x130 ./Common/ThirdParty/FreeRTOS/tasks.o
 *fill*         0x000000000800152a        0x2 
 .text.prvAddNewTaskToReadyList
                0x000000000800152c       0xfc ./Common/ThirdParty/FreeRTOS/tasks.o
 .text.vTaskDelay
                0x0000000008001628       0x74 ./Common/ThirdParty/FreeRTOS/tasks.o
                0x0000000008001628                vTaskDelay
 .text.vTaskStartScheduler
                0x000000000800169c       0xc0 ./Common/ThirdParty/FreeRTOS/tasks.o
                0x000000000800169c                vTaskStartScheduler
 .text.vTaskSuspendAll
                0x000000000800175c       0x1c ./Common/ThirdParty/FreeRTOS/tasks.o
                0x000000000800175c                vTaskSuspendAll
 .text.xTaskResumeAll
                0x0000000008001778      0x128 ./Common/ThirdParty/FreeRTOS/tasks.o
                0x0000000008001778                xTaskResumeAll
 .text.xTaskGetTickCountFromISR
                0x00000000080018a0       0x24 ./Common/ThirdParty/FreeRTOS/tasks.o
                0x00000000080018a0                xTaskGetTickCountFromISR
 .text.xTaskIncrementTick
                0x00000000080018c4      0x138 ./Common/ThirdParty/FreeRTOS/tasks.o
                0x00000000080018c4                xTaskIncrementTick
 .text.vTaskSwitchContext
                0x00000000080019fc       0xd8 ./Common/ThirdParty/FreeRTOS/tasks.o
                0x00000000080019fc                vTaskSwitchContext
 .text.vTaskPlaceOnEventList
                0x0000000008001ad4       0x4c ./Common/ThirdParty/FreeRTOS/tasks.o
                0x0000000008001ad4                vTaskPlaceOnEventList
 .text.xTaskRemoveFromEventList
                0x0000000008001b20       0xd0 ./Common/ThirdParty/FreeRTOS/tasks.o
                0x0000000008001b20                xTaskRemoveFromEventList
 .text.vTaskInternalSetTimeOutState
                0x0000000008001bf0       0x2c ./Common/ThirdParty/FreeRTOS/tasks.o
                0x0000000008001bf0                vTaskInternalSetTimeOutState
 .text.xTaskCheckForTimeOut
                0x0000000008001c1c       0xd4 ./Common/ThirdParty/FreeRTOS/tasks.o
                0x0000000008001c1c                xTaskCheckForTimeOut
 .text.vTaskMissedYield
                0x0000000008001cf0       0x18 ./Common/ThirdParty/FreeRTOS/tasks.o
                0x0000000008001cf0                vTaskMissedYield
 .text.prvIdleTask
                0x0000000008001d08       0x24 ./Common/ThirdParty/FreeRTOS/tasks.o
 .text.prvInitialiseTaskLists
                0x0000000008001d2c       0x80 ./Common/ThirdParty/FreeRTOS/tasks.o
 .text.prvCheckTasksWaitingTermination
                0x0000000008001dac       0x5c ./Common/ThirdParty/FreeRTOS/tasks.o
 .text.prvDeleteTCB
                0x0000000008001e08       0x20 ./Common/ThirdParty/FreeRTOS/tasks.o
 .text.prvResetNextTaskUnblockTime
                0x0000000008001e28       0x38 ./Common/ThirdParty/FreeRTOS/tasks.o
 .text.xTaskGetSchedulerState
                0x0000000008001e60       0x3c ./Common/ThirdParty/FreeRTOS/tasks.o
                0x0000000008001e60                xTaskGetSchedulerState
 .text.xTaskPriorityInherit
                0x0000000008001e9c       0xf4 ./Common/ThirdParty/FreeRTOS/tasks.o
                0x0000000008001e9c                xTaskPriorityInherit
 .text.xTaskPriorityDisinherit
                0x0000000008001f90      0x108 ./Common/ThirdParty/FreeRTOS/tasks.o
                0x0000000008001f90                xTaskPriorityDisinherit
 .text.vTaskPriorityDisinheritAfterTimeout
                0x0000000008002098      0x138 ./Common/ThirdParty/FreeRTOS/tasks.o
                0x0000000008002098                vTaskPriorityDisinheritAfterTimeout
 .text.pvTaskIncrementMutexHeldCount
                0x00000000080021d0       0x28 ./Common/ThirdParty/FreeRTOS/tasks.o
                0x00000000080021d0                pvTaskIncrementMutexHeldCount
 .text.prvAddCurrentTaskToDelayedList
                0x00000000080021f8       0xf0 ./Common/ThirdParty/FreeRTOS/tasks.o
 .text.pxPortInitialiseStack
                0x00000000080022e8       0x68 ./Common/ThirdParty/FreeRTOS/portable/GCC/ARM_CM7/r0p1/port.o
                0x00000000080022e8                pxPortInitialiseStack
 .text.prvTaskExitError
                0x0000000008002350       0x60 ./Common/ThirdParty/FreeRTOS/portable/GCC/ARM_CM7/r0p1/port.o
 .text.SVC_Handler
                0x00000000080023b0       0x28 ./Common/ThirdParty/FreeRTOS/portable/GCC/ARM_CM7/r0p1/port.o
                0x00000000080023b0                SVC_Handler
 .text.prvPortStartFirstTask
                0x00000000080023d8       0x2c ./Common/ThirdParty/FreeRTOS/portable/GCC/ARM_CM7/r0p1/port.o
 .text.xPortStartScheduler
                0x0000000008002404       0xfc ./Common/ThirdParty/FreeRTOS/portable/GCC/ARM_CM7/r0p1/port.o
                0x0000000008002404                xPortStartScheduler
 .text.vPortEnterCritical
                0x0000000008002500       0x68 ./Common/ThirdParty/FreeRTOS/portable/GCC/ARM_CM7/r0p1/port.o
                0x0000000008002500                vPortEnterCritical
 .text.vPortExitCritical
                0x0000000008002568       0x58 ./Common/ThirdParty/FreeRTOS/portable/GCC/ARM_CM7/r0p1/port.o
                0x0000000008002568                vPortExitCritical
 .text.PendSV_Handler
                0x00000000080025c0       0x68 ./Common/ThirdParty/FreeRTOS/portable/GCC/ARM_CM7/r0p1/port.o
                0x00000000080025c0                PendSV_Handler
 .text.SysTick_Handler
                0x0000000008002628       0x58 ./Common/ThirdParty/FreeRTOS/portable/GCC/ARM_CM7/r0p1/port.o
                0x0000000008002628                SysTick_Handler
 .text.vPortSetupTimerInterrupt
                0x0000000008002680       0x48 ./Common/ThirdParty/FreeRTOS/portable/GCC/ARM_CM7/r0p1/port.o
                0x0000000008002680                vPortSetupTimerInterrupt
 .text.vPortEnableVFP
                0x00000000080026c8       0x18 ./Common/ThirdParty/FreeRTOS/portable/GCC/ARM_CM7/r0p1/port.o
 .text.vPortValidateInterruptPriority
                0x00000000080026e0       0x88 ./Common/ThirdParty/FreeRTOS/portable/GCC/ARM_CM7/r0p1/port.o
                0x00000000080026e0                vPortValidateInterruptPriority
 .text.pvPortMalloc
                0x0000000008002768      0x1cc ./Common/ThirdParty/FreeRTOS/portable/MemMang/heap_4.o
                0x0000000008002768                pvPortMalloc
 .text.vPortFree
                0x0000000008002934       0xcc ./Common/ThirdParty/FreeRTOS/portable/MemMang/heap_4.o
                0x0000000008002934                vPortFree
 .text.prvHeapInit
                0x0000000008002a00       0xc4 ./Common/ThirdParty/FreeRTOS/portable/MemMang/heap_4.o
 .text.prvInsertBlockIntoFreeList
                0x0000000008002ac4       0xb4 ./Common/ThirdParty/FreeRTOS/portable/MemMang/heap_4.o
 .text._cbSendSystemDesc
                0x0000000008002b78       0x1c ./Common/ThirdParty/SEGGER/Config/SEGGER_SYSVIEW_Config_FreeRTOS.o
 .text.SEGGER_SYSVIEW_Conf
                0x0000000008002b94       0x2c ./Common/ThirdParty/SEGGER/Config/SEGGER_SYSVIEW_Config_FreeRTOS.o
                0x0000000008002b94                SEGGER_SYSVIEW_Conf
 .text._cbSendTaskList
                0x0000000008002bc0       0x90 ./Common/ThirdParty/SEGGER/OS/SEGGER_SYSVIEW_FreeRTOS.o
 .text._cbGetTime
                0x0000000008002c50       0x86 ./Common/ThirdParty/SEGGER/OS/SEGGER_SYSVIEW_FreeRTOS.o
 *fill*         0x0000000008002cd6        0x2 
 .text.SYSVIEW_AddTask
                0x0000000008002cd8       0xd0 ./Common/ThirdParty/SEGGER/OS/SEGGER_SYSVIEW_FreeRTOS.o
                0x0000000008002cd8                SYSVIEW_AddTask
 .text.SYSVIEW_SendTaskInfo
                0x0000000008002da8       0x42 ./Common/ThirdParty/SEGGER/OS/SEGGER_SYSVIEW_FreeRTOS.o
                0x0000000008002da8                SYSVIEW_SendTaskInfo
 *fill*         0x0000000008002dea        0x2 
 .text.__NVIC_EnableIRQ
                0x0000000008002dec       0x3c ./Common/ThirdParty/SEGGER/Recorder/segger_uart.o
 .text.__NVIC_SetPriority
                0x0000000008002e28       0x54 ./Common/ThirdParty/SEGGER/Recorder/segger_uart.o
 .text._StartSysView
                0x0000000008002e7c       0x1e ./Common/ThirdParty/SEGGER/Recorder/segger_uart.o
 *fill*         0x0000000008002e9a        0x2 
 .text._cbOnUARTRx
                0x0000000008002e9c       0x40 ./Common/ThirdParty/SEGGER/Recorder/segger_uart.o
 .text._cbOnUARTTx
                0x0000000008002edc       0x64 ./Common/ThirdParty/SEGGER/Recorder/segger_uart.o
 .text.SEGGER_UART_init
                0x0000000008002f40       0x24 ./Common/ThirdParty/SEGGER/Recorder/segger_uart.o
                0x0000000008002f40                SEGGER_UART_init
 .text.USART2_IRQHandler
                0x0000000008002f64       0x98 ./Common/ThirdParty/SEGGER/Recorder/segger_uart.o
                0x0000000008002f64                USART2_IRQHandler
 .text.HIF_UART_EnableTXEInterrupt
                0x0000000008002ffc       0x20 ./Common/ThirdParty/SEGGER/Recorder/segger_uart.o
                0x0000000008002ffc                HIF_UART_EnableTXEInterrupt
 .text.HIF_UART_Init
                0x000000000800301c       0xf4 ./Common/ThirdParty/SEGGER/Recorder/segger_uart.o
                0x000000000800301c                HIF_UART_Init
 .text._DoInit  0x0000000008003110       0xb4 ./Common/ThirdParty/SEGGER/SEGGER/SEGGER_RTT.o
 .text._WriteBlocking
                0x00000000080031c4       0xba ./Common/ThirdParty/SEGGER/SEGGER/SEGGER_RTT.o
 .text._WriteNoCheck
                0x000000000800327e       0x90 ./Common/ThirdParty/SEGGER/SEGGER/SEGGER_RTT.o
 .text._GetAvailWriteSpace
                0x000000000800330e       0x46 ./Common/ThirdParty/SEGGER/SEGGER/SEGGER_RTT.o
 .text.SEGGER_RTT_ReadUpBufferNoLock
                0x0000000008003354      0x10c ./Common/ThirdParty/SEGGER/SEGGER/SEGGER_RTT.o
                0x0000000008003354                SEGGER_RTT_ReadUpBufferNoLock
 .text.SEGGER_RTT_ReadNoLock
                0x0000000008003460      0x10c ./Common/ThirdParty/SEGGER/SEGGER/SEGGER_RTT.o
                0x0000000008003460                SEGGER_RTT_ReadNoLock
 .text.SEGGER_RTT_WriteDownBufferNoLock
                0x000000000800356c       0xa0 ./Common/ThirdParty/SEGGER/SEGGER/SEGGER_RTT.o
                0x000000000800356c                SEGGER_RTT_WriteDownBufferNoLock
 .text.SEGGER_RTT_WriteNoLock
                0x000000000800360c       0xa0 ./Common/ThirdParty/SEGGER/SEGGER/SEGGER_RTT.o
                0x000000000800360c                SEGGER_RTT_WriteNoLock
 .text.SEGGER_RTT_WriteDownBuffer
                0x00000000080036ac       0x4c ./Common/ThirdParty/SEGGER/SEGGER/SEGGER_RTT.o
                0x00000000080036ac                SEGGER_RTT_WriteDownBuffer
 .text.SEGGER_RTT_Write
                0x00000000080036f8       0x4c ./Common/ThirdParty/SEGGER/SEGGER/SEGGER_RTT.o
                0x00000000080036f8                SEGGER_RTT_Write
 .text.SEGGER_RTT_AllocUpBuffer
                0x0000000008003744      0x108 ./Common/ThirdParty/SEGGER/SEGGER/SEGGER_RTT.o
                0x0000000008003744                SEGGER_RTT_AllocUpBuffer
 .text.SEGGER_RTT_ConfigDownBuffer
                0x000000000800384c       0x98 ./Common/ThirdParty/SEGGER/SEGGER/SEGGER_RTT.o
                0x000000000800384c                SEGGER_RTT_ConfigDownBuffer
 .text._EncodeStr
                0x00000000080038e4       0xa0 ./Common/ThirdParty/SEGGER/SEGGER/SEGGER_SYSVIEW.o
 .text._PreparePacket
                0x0000000008003984       0x18 ./Common/ThirdParty/SEGGER/SEGGER/SEGGER_SYSVIEW.o
 .text._HandleIncomingPacket
                0x000000000800399c       0xe0 ./Common/ThirdParty/SEGGER/SEGGER/SEGGER_SYSVIEW.o
 .text._TrySendOverflowPacket
                0x0000000008003a7c       0xe8 ./Common/ThirdParty/SEGGER/SEGGER/SEGGER_SYSVIEW.o
 .text._SendPacket
                0x0000000008003b64      0x2e0 ./Common/ThirdParty/SEGGER/SEGGER/SEGGER_SYSVIEW.o
 .text.SEGGER_SYSVIEW_Init
                0x0000000008003e44       0x8c ./Common/ThirdParty/SEGGER/SEGGER/SEGGER_SYSVIEW.o
                0x0000000008003e44                SEGGER_SYSVIEW_Init
 .text.SEGGER_SYSVIEW_SetRAMBase
                0x0000000008003ed0       0x20 ./Common/ThirdParty/SEGGER/SEGGER/SEGGER_SYSVIEW.o
                0x0000000008003ed0                SEGGER_SYSVIEW_SetRAMBase
 .text.SEGGER_SYSVIEW_RecordVoid
                0x0000000008003ef0       0x3c ./Common/ThirdParty/SEGGER/SEGGER/SEGGER_SYSVIEW.o
                0x0000000008003ef0                SEGGER_SYSVIEW_RecordVoid
 .text.SEGGER_SYSVIEW_RecordU32
                0x0000000008003f2c       0x78 ./Common/ThirdParty/SEGGER/SEGGER/SEGGER_SYSVIEW.o
                0x0000000008003f2c                SEGGER_SYSVIEW_RecordU32
 .text.SEGGER_SYSVIEW_RecordU32x2
                0x0000000008003fa4       0xb4 ./Common/ThirdParty/SEGGER/SEGGER/SEGGER_SYSVIEW.o
                0x0000000008003fa4                SEGGER_SYSVIEW_RecordU32x2
 .text.SEGGER_SYSVIEW_RecordU32x3
                0x0000000008004058       0xec ./Common/ThirdParty/SEGGER/SEGGER/SEGGER_SYSVIEW.o
                0x0000000008004058                SEGGER_SYSVIEW_RecordU32x3
 .text.SEGGER_SYSVIEW_RecordU32x4
                0x0000000008004144      0x124 ./Common/ThirdParty/SEGGER/SEGGER/SEGGER_SYSVIEW.o
                0x0000000008004144                SEGGER_SYSVIEW_RecordU32x4
 .text.SEGGER_SYSVIEW_Start
                0x0000000008004268      0x178 ./Common/ThirdParty/SEGGER/SEGGER/SEGGER_SYSVIEW.o
                0x0000000008004268                SEGGER_SYSVIEW_Start
 .text.SEGGER_SYSVIEW_Stop
                0x00000000080043e0       0x4c ./Common/ThirdParty/SEGGER/SEGGER/SEGGER_SYSVIEW.o
                0x00000000080043e0                SEGGER_SYSVIEW_Stop
 .text.SEGGER_SYSVIEW_GetSysDesc
                0x000000000800442c      0x134 ./Common/ThirdParty/SEGGER/SEGGER/SEGGER_SYSVIEW.o
                0x000000000800442c                SEGGER_SYSVIEW_GetSysDesc
 .text.SEGGER_SYSVIEW_SendTaskInfo
                0x0000000008004560      0x1c8 ./Common/ThirdParty/SEGGER/SEGGER/SEGGER_SYSVIEW.o
                0x0000000008004560                SEGGER_SYSVIEW_SendTaskInfo
 .text.SEGGER_SYSVIEW_SendTaskList
                0x0000000008004728       0x28 ./Common/ThirdParty/SEGGER/SEGGER/SEGGER_SYSVIEW.o
                0x0000000008004728                SEGGER_SYSVIEW_SendTaskList
 .text.SEGGER_SYSVIEW_SendSysDesc
                0x0000000008004750       0x48 ./Common/ThirdParty/SEGGER/SEGGER/SEGGER_SYSVIEW.o
                0x0000000008004750                SEGGER_SYSVIEW_SendSysDesc
 .text.SEGGER_SYSVIEW_RecordSystime
                0x0000000008004798       0x64 ./Common/ThirdParty/SEGGER/SEGGER/SEGGER_SYSVIEW.o
                0x0000000008004798                SEGGER_SYSVIEW_RecordSystime
 .text.SEGGER_SYSVIEW_RecordEnterISR
                0x00000000080047fc       0x84 ./Common/ThirdParty/SEGGER/SEGGER/SEGGER_SYSVIEW.o
                0x00000000080047fc                SEGGER_SYSVIEW_RecordEnterISR
 .text.SEGGER_SYSVIEW_RecordExitISR
                0x0000000008004880       0x38 ./Common/ThirdParty/SEGGER/SEGGER/SEGGER_SYSVIEW.o
                0x0000000008004880                SEGGER_SYSVIEW_RecordExitISR
 .text.SEGGER_SYSVIEW_RecordExitISRToScheduler
                0x00000000080048b8       0x38 ./Common/ThirdParty/SEGGER/SEGGER/SEGGER_SYSVIEW.o
                0x00000000080048b8                SEGGER_SYSVIEW_RecordExitISRToScheduler
 .text.SEGGER_SYSVIEW_OnIdle
                0x00000000080048f0       0x38 ./Common/ThirdParty/SEGGER/SEGGER/SEGGER_SYSVIEW.o
                0x00000000080048f0                SEGGER_SYSVIEW_OnIdle
 .text.SEGGER_SYSVIEW_OnTaskCreate
                0x0000000008004928       0x84 ./Common/ThirdParty/SEGGER/SEGGER/SEGGER_SYSVIEW.o
                0x0000000008004928                SEGGER_SYSVIEW_OnTaskCreate
 .text.SEGGER_SYSVIEW_OnTaskStartExec
                0x00000000080049ac       0x84 ./Common/ThirdParty/SEGGER/SEGGER/SEGGER_SYSVIEW.o
                0x00000000080049ac                SEGGER_SYSVIEW_OnTaskStartExec
 .text.SEGGER_SYSVIEW_OnTaskStartReady
                0x0000000008004a30       0x84 ./Common/ThirdParty/SEGGER/SEGGER/SEGGER_SYSVIEW.o
                0x0000000008004a30                SEGGER_SYSVIEW_OnTaskStartReady
 .text.SEGGER_SYSVIEW_OnTaskStopReady
                0x0000000008004ab4       0xc0 ./Common/ThirdParty/SEGGER/SEGGER/SEGGER_SYSVIEW.o
                0x0000000008004ab4                SEGGER_SYSVIEW_OnTaskStopReady
 .text.SEGGER_SYSVIEW_ShrinkId
                0x0000000008004b74       0x20 ./Common/ThirdParty/SEGGER/SEGGER/SEGGER_SYSVIEW.o
                0x0000000008004b74                SEGGER_SYSVIEW_ShrinkId
 .text.SEGGER_SYSVIEW_SendModule
                0x0000000008004b94      0x100 ./Common/ThirdParty/SEGGER/SEGGER/SEGGER_SYSVIEW.o
                0x0000000008004b94                SEGGER_SYSVIEW_SendModule
 .text.SEGGER_SYSVIEW_SendModuleDescription
                0x0000000008004c94       0x3c ./Common/ThirdParty/SEGGER/SEGGER/SEGGER_SYSVIEW.o
                0x0000000008004c94                SEGGER_SYSVIEW_SendModuleDescription
 .text.SEGGER_SYSVIEW_SendNumModules
                0x0000000008004cd0       0x7c ./Common/ThirdParty/SEGGER/SEGGER/SEGGER_SYSVIEW.o
                0x0000000008004cd0                SEGGER_SYSVIEW_SendNumModules
 .text.SEGGER_SYSVIEW_Warn
                0x0000000008004d4c       0xb8 ./Common/ThirdParty/SEGGER/SEGGER/SEGGER_SYSVIEW.o
                0x0000000008004d4c                SEGGER_SYSVIEW_Warn
 .text.SEGGER_SYSVIEW_IsStarted
                0x0000000008004e04       0x5c ./Common/ThirdParty/SEGGER/SEGGER/SEGGER_SYSVIEW.o
                0x0000000008004e04                SEGGER_SYSVIEW_IsStarted
 .text._write_r
                0x0000000008004e60       0x22 ./Common/ThirdParty/SEGGER/SEGGER/Syscalls/SEGGER_RTT_Syscalls_GCC.o
                0x0000000008004e60                _write_r
 *fill*         0x0000000008004e82        0x2 
 .text.main     0x0000000008004e84      0x14c ./Core/Src/main.o
                0x0000000008004e84                main
 .text.SystemClock_Config
                0x0000000008004fd0      0x15c ./Core/Src/main.o
                0x0000000008004fd0                SystemClock_Config
 .text.MX_FDCAN2_Init
                0x000000000800512c       0xc8 ./Core/Src/main.o
 .text.MX_USART3_UART_Init
                0x00000000080051f4       0x98 ./Core/Src/main.o
 .text.MX_USB_OTG_FS_HCD_Init
                0x000000000800528c       0x44 ./Core/Src/main.o
 .text.MX_GPIO_Init
                0x00000000080052d0       0xf0 ./Core/Src/main.o
 .text.vManagerTask
                0x00000000080053c0       0x80 ./Core/Src/main.o
 .text.EmployeeDoWork
                0x0000000008005440       0x34 ./Core/Src/main.o
                0x0000000008005440                EmployeeDoWork
 .text.vEmployeeTask
                0x0000000008005474       0x58 ./Core/Src/main.o
 .text.USART_Send
                0x00000000080054cc       0x34 ./Core/Src/main.o
                0x00000000080054cc                USART_Send
 .text.HAL_TIM_PeriodElapsedCallback
                0x0000000008005500       0x24 ./Core/Src/main.o
                0x0000000008005500                HAL_TIM_PeriodElapsedCallback
 .text.Error_Handler
                0x0000000008005524       0x2c ./Core/Src/main.o
                0x0000000008005524                Error_Handler
 .text.HAL_MspInit
                0x0000000008005550       0x34 ./Core/Src/stm32h7xx_hal_msp.o
                0x0000000008005550                HAL_MspInit
 .text.HAL_FDCAN_MspInit
                0x0000000008005584       0xec ./Core/Src/stm32h7xx_hal_msp.o
                0x0000000008005584                HAL_FDCAN_MspInit
 .text.HAL_UART_MspInit
                0x0000000008005670       0xdc ./Core/Src/stm32h7xx_hal_msp.o
                0x0000000008005670                HAL_UART_MspInit
 .text.HAL_HCD_MspInit
                0x000000000800574c       0xd4 ./Core/Src/stm32h7xx_hal_msp.o
                0x000000000800574c                HAL_HCD_MspInit
 .text.HAL_InitTick
                0x0000000008005820       0xd8 ./Core/Src/stm32h7xx_hal_timebase_tim.o
                0x0000000008005820                HAL_InitTick
 .text.NMI_Handler
                0x00000000080058f8       0x28 ./Core/Src/stm32h7xx_it.o
                0x00000000080058f8                NMI_Handler
 .text.HardFault_Handler
                0x0000000008005920       0x28 ./Core/Src/stm32h7xx_it.o
                0x0000000008005920                HardFault_Handler
 .text.MemManage_Handler
                0x0000000008005948       0x28 ./Core/Src/stm32h7xx_it.o
                0x0000000008005948                MemManage_Handler
 .text.BusFault_Handler
                0x0000000008005970       0x28 ./Core/Src/stm32h7xx_it.o
                0x0000000008005970                BusFault_Handler
 .text.UsageFault_Handler
                0x0000000008005998       0x28 ./Core/Src/stm32h7xx_it.o
                0x0000000008005998                UsageFault_Handler
 .text.DebugMon_Handler
                0x00000000080059c0        0xe ./Core/Src/stm32h7xx_it.o
                0x00000000080059c0                DebugMon_Handler
 *fill*         0x00000000080059ce        0x2 
 .text.FDCAN2_IT0_IRQHandler
                0x00000000080059d0       0x14 ./Core/Src/stm32h7xx_it.o
                0x00000000080059d0                FDCAN2_IT0_IRQHandler
 .text.FDCAN2_IT1_IRQHandler
                0x00000000080059e4       0x14 ./Core/Src/stm32h7xx_it.o
                0x00000000080059e4                FDCAN2_IT1_IRQHandler
 .text.USART3_IRQHandler
                0x00000000080059f8       0x14 ./Core/Src/stm32h7xx_it.o
                0x00000000080059f8                USART3_IRQHandler
 .text.EXTI15_10_IRQHandler
                0x0000000008005a0c       0x10 ./Core/Src/stm32h7xx_it.o
                0x0000000008005a0c                EXTI15_10_IRQHandler
 .text.TIM6_DAC_IRQHandler
                0x0000000008005a1c       0x14 ./Core/Src/stm32h7xx_it.o
                0x0000000008005a1c                TIM6_DAC_IRQHandler
 .text._getpid  0x0000000008005a30       0x10 ./Core/Src/syscalls.o
                0x0000000008005a30                _getpid
 .text._kill    0x0000000008005a40       0x20 ./Core/Src/syscalls.o
                0x0000000008005a40                _kill
 .text._exit    0x0000000008005a60       0x14 ./Core/Src/syscalls.o
                0x0000000008005a60                _exit
 .text._read    0x0000000008005a74       0x3a ./Core/Src/syscalls.o
                0x0000000008005a74                _read
 .text._close   0x0000000008005aae       0x18 ./Core/Src/syscalls.o
                0x0000000008005aae                _close
 .text._fstat   0x0000000008005ac6       0x20 ./Core/Src/syscalls.o
                0x0000000008005ac6                _fstat
 .text._isatty  0x0000000008005ae6       0x16 ./Core/Src/syscalls.o
                0x0000000008005ae6                _isatty
 .text._lseek   0x0000000008005afc       0x1a ./Core/Src/syscalls.o
                0x0000000008005afc                _lseek
 *fill*         0x0000000008005b16        0x2 
 .text.SystemInit
                0x0000000008005b18      0x118 ./Core/Src/system_stm32h7xx.o
                0x0000000008005b18                SystemInit
 .text.Reset_Handler
                0x0000000008005c30       0x50 ./Core/Startup/startup_stm32h743vitx.o
                0x0000000008005c30                Reset_Handler
 .text.Default_Handler
                0x0000000008005c80        0x2 ./Core/Startup/startup_stm32h743vitx.o
                0x0000000008005c80                RTC_Alarm_IRQHandler
                0x0000000008005c80                EXTI2_IRQHandler
                0x0000000008005c80                TIM8_CC_IRQHandler
                0x0000000008005c80                HRTIM1_Master_IRQHandler
                0x0000000008005c80                UART8_IRQHandler
                0x0000000008005c80                SPI4_IRQHandler
                0x0000000008005c80                TIM1_CC_IRQHandler
                0x0000000008005c80                BDMA_Channel6_IRQHandler
                0x0000000008005c80                DMA2_Stream5_IRQHandler
                0x0000000008005c80                HRTIM1_FLT_IRQHandler
                0x0000000008005c80                JPEG_IRQHandler
                0x0000000008005c80                DMA1_Stream5_IRQHandler
                0x0000000008005c80                BDMA_Channel1_IRQHandler
                0x0000000008005c80                HRTIM1_TIMD_IRQHandler
                0x0000000008005c80                TAMP_STAMP_IRQHandler
                0x0000000008005c80                EXTI3_IRQHandler
                0x0000000008005c80                LPTIM4_IRQHandler
                0x0000000008005c80                TIM8_TRG_COM_TIM14_IRQHandler
                0x0000000008005c80                LPTIM2_IRQHandler
                0x0000000008005c80                DFSDM1_FLT1_IRQHandler
                0x0000000008005c80                DMAMUX2_OVR_IRQHandler
                0x0000000008005c80                TIM8_UP_TIM13_IRQHandler
                0x0000000008005c80                I2C3_ER_IRQHandler
                0x0000000008005c80                DFSDM1_FLT2_IRQHandler
                0x0000000008005c80                MDMA_IRQHandler
                0x0000000008005c80                LPTIM3_IRQHandler
                0x0000000008005c80                HSEM1_IRQHandler
                0x0000000008005c80                EXTI0_IRQHandler
                0x0000000008005c80                I2C2_EV_IRQHandler
                0x0000000008005c80                DMA1_Stream2_IRQHandler
                0x0000000008005c80                FPU_IRQHandler
                0x0000000008005c80                OTG_HS_WKUP_IRQHandler
                0x0000000008005c80                FDCAN1_IT1_IRQHandler
                0x0000000008005c80                LTDC_ER_IRQHandler
                0x0000000008005c80                DMA2_Stream2_IRQHandler
                0x0000000008005c80                HRTIM1_TIME_IRQHandler
                0x0000000008005c80                SPI1_IRQHandler
                0x0000000008005c80                DCMI_IRQHandler
                0x0000000008005c80                HRTIM1_TIMC_IRQHandler
                0x0000000008005c80                DMA2_Stream3_IRQHandler
                0x0000000008005c80                SAI2_IRQHandler
                0x0000000008005c80                DFSDM1_FLT3_IRQHandler
                0x0000000008005c80                USART6_IRQHandler
                0x0000000008005c80                TIM17_IRQHandler
                0x0000000008005c80                BDMA_Channel7_IRQHandler
                0x0000000008005c80                LPTIM5_IRQHandler
                0x0000000008005c80                UART5_IRQHandler
                0x0000000008005c80                ADC3_IRQHandler
                0x0000000008005c80                DMA2_Stream0_IRQHandler
                0x0000000008005c80                TIM4_IRQHandler
                0x0000000008005c80                BDMA_Channel2_IRQHandler
                0x0000000008005c80                QUADSPI_IRQHandler
                0x0000000008005c80                I2C1_EV_IRQHandler
                0x0000000008005c80                DMA1_Stream6_IRQHandler
                0x0000000008005c80                DMAMUX1_OVR_IRQHandler
                0x0000000008005c80                DMA1_Stream1_IRQHandler
                0x0000000008005c80                TIM16_IRQHandler
                0x0000000008005c80                UART4_IRQHandler
                0x0000000008005c80                BDMA_Channel5_IRQHandler
                0x0000000008005c80                TIM3_IRQHandler
                0x0000000008005c80                RCC_IRQHandler
                0x0000000008005c80                TIM8_BRK_TIM12_IRQHandler
                0x0000000008005c80                TIM1_TRG_COM_IRQHandler
                0x0000000008005c80                Default_Handler
                0x0000000008005c80                ECC_IRQHandler
                0x0000000008005c80                CEC_IRQHandler
                0x0000000008005c80                BDMA_Channel0_IRQHandler
                0x0000000008005c80                ADC_IRQHandler
                0x0000000008005c80                DMA1_Stream7_IRQHandler
                0x0000000008005c80                HRTIM1_TIMA_IRQHandler
                0x0000000008005c80                SPI5_IRQHandler
                0x0000000008005c80                TIM7_IRQHandler
                0x0000000008005c80                SDMMC1_IRQHandler
                0x0000000008005c80                TIM5_IRQHandler
                0x0000000008005c80                DMA2_Stream7_IRQHandler
                0x0000000008005c80                TIM15_IRQHandler
                0x0000000008005c80                PVD_AVD_IRQHandler
                0x0000000008005c80                I2C3_EV_IRQHandler
                0x0000000008005c80                EXTI9_5_IRQHandler
                0x0000000008005c80                RTC_WKUP_IRQHandler
                0x0000000008005c80                LTDC_IRQHandler
                0x0000000008005c80                SAI3_IRQHandler
                0x0000000008005c80                ETH_WKUP_IRQHandler
                0x0000000008005c80                SPDIF_RX_IRQHandler
                0x0000000008005c80                SPI2_IRQHandler
                0x0000000008005c80                OTG_HS_EP1_IN_IRQHandler
                0x0000000008005c80                DMA1_Stream0_IRQHandler
                0x0000000008005c80                CRS_IRQHandler
                0x0000000008005c80                EXTI4_IRQHandler
                0x0000000008005c80                RNG_IRQHandler
                0x0000000008005c80                HRTIM1_TIMB_IRQHandler
                0x0000000008005c80                ETH_IRQHandler
                0x0000000008005c80                TIM1_UP_IRQHandler
                0x0000000008005c80                BDMA_Channel4_IRQHandler
                0x0000000008005c80                OTG_HS_EP1_OUT_IRQHandler
                0x0000000008005c80                WWDG_IRQHandler
                0x0000000008005c80                SPI6_IRQHandler
                0x0000000008005c80                MDIOS_IRQHandler
                0x0000000008005c80                I2C4_EV_IRQHandler
                0x0000000008005c80                LPUART1_IRQHandler
                0x0000000008005c80                FDCAN1_IT0_IRQHandler
                0x0000000008005c80                TIM2_IRQHandler
                0x0000000008005c80                OTG_FS_WKUP_IRQHandler
                0x0000000008005c80                OTG_HS_IRQHandler
                0x0000000008005c80                DMA2D_IRQHandler
                0x0000000008005c80                TIM1_BRK_IRQHandler
                0x0000000008005c80                EXTI1_IRQHandler
                0x0000000008005c80                SDMMC2_IRQHandler
                0x0000000008005c80                OTG_FS_EP1_OUT_IRQHandler
                0x0000000008005c80                BDMA_Channel3_IRQHandler
                0x0000000008005c80                UART7_IRQHandler
                0x0000000008005c80                MDIOS_WKUP_IRQHandler
                0x0000000008005c80                DFSDM1_FLT0_IRQHandler
                0x0000000008005c80                SAI4_IRQHandler
                0x0000000008005c80                I2C2_ER_IRQHandler
                0x0000000008005c80                DMA2_Stream1_IRQHandler
                0x0000000008005c80                FLASH_IRQHandler
                0x0000000008005c80                DMA2_Stream4_IRQHandler
                0x0000000008005c80                USART1_IRQHandler
                0x0000000008005c80                OTG_FS_IRQHandler
                0x0000000008005c80                SPI3_IRQHandler
                0x0000000008005c80                WAKEUP_PIN_IRQHandler
                0x0000000008005c80                DMA1_Stream4_IRQHandler
                0x0000000008005c80                OTG_FS_EP1_IN_IRQHandler
                0x0000000008005c80                I2C1_ER_IRQHandler
                0x0000000008005c80                FMC_IRQHandler
                0x0000000008005c80                FDCAN_CAL_IRQHandler
                0x0000000008005c80                SWPMI1_IRQHandler
                0x0000000008005c80                COMP1_IRQHandler
                0x0000000008005c80                LPTIM1_IRQHandler
                0x0000000008005c80                I2C4_ER_IRQHandler
                0x0000000008005c80                DMA2_Stream6_IRQHandler
                0x0000000008005c80                SAI1_IRQHandler
                0x0000000008005c80                DMA1_Stream3_IRQHandler
 *fill*         0x0000000008005c82        0x2 
 .text.HAL_Init
                0x0000000008005c84       0x78 ./Drivers/STM32H7xx_HAL_Driver/Src/stm32h7xx_hal.o
                0x0000000008005c84                HAL_Init
 .text.HAL_IncTick
                0x0000000008005cfc       0x28 ./Drivers/STM32H7xx_HAL_Driver/Src/stm32h7xx_hal.o
                0x0000000008005cfc                HAL_IncTick
 .text.HAL_GetTick
                0x0000000008005d24       0x18 ./Drivers/STM32H7xx_HAL_Driver/Src/stm32h7xx_hal.o
                0x0000000008005d24                HAL_GetTick
 .text.HAL_Delay
                0x0000000008005d3c       0x48 ./Drivers/STM32H7xx_HAL_Driver/Src/stm32h7xx_hal.o
                0x0000000008005d3c                HAL_Delay
 .text.HAL_GetREVID
                0x0000000008005d84       0x18 ./Drivers/STM32H7xx_HAL_Driver/Src/stm32h7xx_hal.o
                0x0000000008005d84                HAL_GetREVID
 .text.__NVIC_SetPriorityGrouping
                0x0000000008005d9c       0x48 ./Drivers/STM32H7xx_HAL_Driver/Src/stm32h7xx_hal_cortex.o
 .text.__NVIC_GetPriorityGrouping
                0x0000000008005de4       0x1c ./Drivers/STM32H7xx_HAL_Driver/Src/stm32h7xx_hal_cortex.o
 .text.__NVIC_EnableIRQ
                0x0000000008005e00       0x3c ./Drivers/STM32H7xx_HAL_Driver/Src/stm32h7xx_hal_cortex.o
 .text.__NVIC_SetPriority
                0x0000000008005e3c       0x54 ./Drivers/STM32H7xx_HAL_Driver/Src/stm32h7xx_hal_cortex.o
 .text.NVIC_EncodePriority
                0x0000000008005e90       0x66 ./Drivers/STM32H7xx_HAL_Driver/Src/stm32h7xx_hal_cortex.o
 .text.HAL_NVIC_SetPriorityGrouping
                0x0000000008005ef6       0x16 ./Drivers/STM32H7xx_HAL_Driver/Src/stm32h7xx_hal_cortex.o
                0x0000000008005ef6                HAL_NVIC_SetPriorityGrouping
 .text.HAL_NVIC_SetPriority
                0x0000000008005f0c       0x34 ./Drivers/STM32H7xx_HAL_Driver/Src/stm32h7xx_hal_cortex.o
                0x0000000008005f0c                HAL_NVIC_SetPriority
 .text.HAL_NVIC_EnableIRQ
                0x0000000008005f40       0x1c ./Drivers/STM32H7xx_HAL_Driver/Src/stm32h7xx_hal_cortex.o
                0x0000000008005f40                HAL_NVIC_EnableIRQ
 .text.HAL_DMA_Abort
                0x0000000008005f5c      0x63c ./Drivers/STM32H7xx_HAL_Driver/Src/stm32h7xx_hal_dma.o
                0x0000000008005f5c                HAL_DMA_Abort
 .text.HAL_DMA_Abort_IT
                0x0000000008006598      0x48c ./Drivers/STM32H7xx_HAL_Driver/Src/stm32h7xx_hal_dma.o
                0x0000000008006598                HAL_DMA_Abort_IT
 .text.HAL_FDCAN_Init
                0x0000000008006a24      0x3bc ./Drivers/STM32H7xx_HAL_Driver/Src/stm32h7xx_hal_fdcan.o
                0x0000000008006a24                HAL_FDCAN_Init
 .text.HAL_FDCAN_IRQHandler
                0x0000000008006de0      0x4bc ./Drivers/STM32H7xx_HAL_Driver/Src/stm32h7xx_hal_fdcan.o
                0x0000000008006de0                HAL_FDCAN_IRQHandler
 .text.HAL_FDCAN_ClockCalibrationCallback
                0x000000000800729c       0x16 ./Drivers/STM32H7xx_HAL_Driver/Src/stm32h7xx_hal_fdcan.o
                0x000000000800729c                HAL_FDCAN_ClockCalibrationCallback
 .text.HAL_FDCAN_TxEventFifoCallback
                0x00000000080072b2       0x16 ./Drivers/STM32H7xx_HAL_Driver/Src/stm32h7xx_hal_fdcan.o
                0x00000000080072b2                HAL_FDCAN_TxEventFifoCallback
 .text.HAL_FDCAN_RxFifo0Callback
                0x00000000080072c8       0x16 ./Drivers/STM32H7xx_HAL_Driver/Src/stm32h7xx_hal_fdcan.o
                0x00000000080072c8                HAL_FDCAN_RxFifo0Callback
 .text.HAL_FDCAN_RxFifo1Callback
                0x00000000080072de       0x16 ./Drivers/STM32H7xx_HAL_Driver/Src/stm32h7xx_hal_fdcan.o
                0x00000000080072de                HAL_FDCAN_RxFifo1Callback
 .text.HAL_FDCAN_TxFifoEmptyCallback
                0x00000000080072f4       0x14 ./Drivers/STM32H7xx_HAL_Driver/Src/stm32h7xx_hal_fdcan.o
                0x00000000080072f4                HAL_FDCAN_TxFifoEmptyCallback
 .text.HAL_FDCAN_TxBufferCompleteCallback
                0x0000000008007308       0x16 ./Drivers/STM32H7xx_HAL_Driver/Src/stm32h7xx_hal_fdcan.o
                0x0000000008007308                HAL_FDCAN_TxBufferCompleteCallback
 .text.HAL_FDCAN_TxBufferAbortCallback
                0x000000000800731e       0x16 ./Drivers/STM32H7xx_HAL_Driver/Src/stm32h7xx_hal_fdcan.o
                0x000000000800731e                HAL_FDCAN_TxBufferAbortCallback
 .text.HAL_FDCAN_RxBufferNewMessageCallback
                0x0000000008007334       0x14 ./Drivers/STM32H7xx_HAL_Driver/Src/stm32h7xx_hal_fdcan.o
                0x0000000008007334                HAL_FDCAN_RxBufferNewMessageCallback
 .text.HAL_FDCAN_TimestampWraparoundCallback
                0x0000000008007348       0x14 ./Drivers/STM32H7xx_HAL_Driver/Src/stm32h7xx_hal_fdcan.o
                0x0000000008007348                HAL_FDCAN_TimestampWraparoundCallback
 .text.HAL_FDCAN_TimeoutOccurredCallback
                0x000000000800735c       0x14 ./Drivers/STM32H7xx_HAL_Driver/Src/stm32h7xx_hal_fdcan.o
                0x000000000800735c                HAL_FDCAN_TimeoutOccurredCallback
 .text.HAL_FDCAN_HighPriorityMessageCallback
                0x0000000008007370       0x14 ./Drivers/STM32H7xx_HAL_Driver/Src/stm32h7xx_hal_fdcan.o
                0x0000000008007370                HAL_FDCAN_HighPriorityMessageCallback
 .text.HAL_FDCAN_ErrorCallback
                0x0000000008007384       0x14 ./Drivers/STM32H7xx_HAL_Driver/Src/stm32h7xx_hal_fdcan.o
                0x0000000008007384                HAL_FDCAN_ErrorCallback
 .text.HAL_FDCAN_ErrorStatusCallback
                0x0000000008007398       0x16 ./Drivers/STM32H7xx_HAL_Driver/Src/stm32h7xx_hal_fdcan.o
                0x0000000008007398                HAL_FDCAN_ErrorStatusCallback
 .text.HAL_FDCAN_TT_ScheduleSyncCallback
                0x00000000080073ae       0x16 ./Drivers/STM32H7xx_HAL_Driver/Src/stm32h7xx_hal_fdcan.o
                0x00000000080073ae                HAL_FDCAN_TT_ScheduleSyncCallback
 .text.HAL_FDCAN_TT_TimeMarkCallback
                0x00000000080073c4       0x16 ./Drivers/STM32H7xx_HAL_Driver/Src/stm32h7xx_hal_fdcan.o
                0x00000000080073c4                HAL_FDCAN_TT_TimeMarkCallback
 .text.HAL_FDCAN_TT_StopWatchCallback
                0x00000000080073da       0x18 ./Drivers/STM32H7xx_HAL_Driver/Src/stm32h7xx_hal_fdcan.o
                0x00000000080073da                HAL_FDCAN_TT_StopWatchCallback
 .text.HAL_FDCAN_TT_GlobalTimeCallback
                0x00000000080073f2       0x16 ./Drivers/STM32H7xx_HAL_Driver/Src/stm32h7xx_hal_fdcan.o
                0x00000000080073f2                HAL_FDCAN_TT_GlobalTimeCallback
 .text.FDCAN_CalcultateRamBlockAddresses
                0x0000000008007408      0x30c ./Drivers/STM32H7xx_HAL_Driver/Src/stm32h7xx_hal_fdcan.o
 .text.HAL_GPIO_Init
                0x0000000008007714      0x360 ./Drivers/STM32H7xx_HAL_Driver/Src/stm32h7xx_hal_gpio.o
                0x0000000008007714                HAL_GPIO_Init
 .text.HAL_GPIO_WritePin
                0x0000000008007a74       0x32 ./Drivers/STM32H7xx_HAL_Driver/Src/stm32h7xx_hal_gpio.o
                0x0000000008007a74                HAL_GPIO_WritePin
 .text.HAL_GPIO_TogglePin
                0x0000000008007aa6       0x34 ./Drivers/STM32H7xx_HAL_Driver/Src/stm32h7xx_hal_gpio.o
                0x0000000008007aa6                HAL_GPIO_TogglePin
 .text.HAL_GPIO_EXTI_IRQHandler
                0x0000000008007ada       0x34 ./Drivers/STM32H7xx_HAL_Driver/Src/stm32h7xx_hal_gpio.o
                0x0000000008007ada                HAL_GPIO_EXTI_IRQHandler
 .text.HAL_GPIO_EXTI_Callback
                0x0000000008007b0e       0x16 ./Drivers/STM32H7xx_HAL_Driver/Src/stm32h7xx_hal_gpio.o
                0x0000000008007b0e                HAL_GPIO_EXTI_Callback
 .text.HAL_HCD_Init
                0x0000000008007b24       0xc4 ./Drivers/STM32H7xx_HAL_Driver/Src/stm32h7xx_hal_hcd.o
                0x0000000008007b24                HAL_HCD_Init
 .text.HAL_PWREx_ConfigSupply
                0x0000000008007be8       0x74 ./Drivers/STM32H7xx_HAL_Driver/Src/stm32h7xx_hal_pwr_ex.o
                0x0000000008007be8                HAL_PWREx_ConfigSupply
 .text.HAL_PWREx_EnableUSBVoltageDetector
                0x0000000008007c5c       0x20 ./Drivers/STM32H7xx_HAL_Driver/Src/stm32h7xx_hal_pwr_ex.o
                0x0000000008007c5c                HAL_PWREx_EnableUSBVoltageDetector
 .text.HAL_RCC_OscConfig
                0x0000000008007c7c      0x85c ./Drivers/STM32H7xx_HAL_Driver/Src/stm32h7xx_hal_rcc.o
                0x0000000008007c7c                HAL_RCC_OscConfig
 .text.HAL_RCC_ClockConfig
                0x00000000080084d8      0x36c ./Drivers/STM32H7xx_HAL_Driver/Src/stm32h7xx_hal_rcc.o
                0x00000000080084d8                HAL_RCC_ClockConfig
 .text.HAL_RCC_GetSysClockFreq
                0x0000000008008844      0x2f4 ./Drivers/STM32H7xx_HAL_Driver/Src/stm32h7xx_hal_rcc.o
                0x0000000008008844                HAL_RCC_GetSysClockFreq
 .text.HAL_RCC_GetHCLKFreq
                0x0000000008008b38       0x60 ./Drivers/STM32H7xx_HAL_Driver/Src/stm32h7xx_hal_rcc.o
                0x0000000008008b38                HAL_RCC_GetHCLKFreq
 .text.HAL_RCC_GetPCLK1Freq
                0x0000000008008b98       0x2c ./Drivers/STM32H7xx_HAL_Driver/Src/stm32h7xx_hal_rcc.o
                0x0000000008008b98                HAL_RCC_GetPCLK1Freq
 .text.HAL_RCC_GetPCLK2Freq
                0x0000000008008bc4       0x2c ./Drivers/STM32H7xx_HAL_Driver/Src/stm32h7xx_hal_rcc.o
                0x0000000008008bc4                HAL_RCC_GetPCLK2Freq
 .text.HAL_RCC_GetClockConfig
                0x0000000008008bf0       0x84 ./Drivers/STM32H7xx_HAL_Driver/Src/stm32h7xx_hal_rcc.o
                0x0000000008008bf0                HAL_RCC_GetClockConfig
 .text.HAL_RCCEx_PeriphCLKConfig
                0x0000000008008c74      0xe8c ./Drivers/STM32H7xx_HAL_Driver/Src/stm32h7xx_hal_rcc_ex.o
                0x0000000008008c74                HAL_RCCEx_PeriphCLKConfig
 .text.HAL_RCCEx_GetD3PCLK1Freq
                0x0000000008009b00       0x2c ./Drivers/STM32H7xx_HAL_Driver/Src/stm32h7xx_hal_rcc_ex.o
                0x0000000008009b00                HAL_RCCEx_GetD3PCLK1Freq
 .text.HAL_RCCEx_GetPLL2ClockFreq
                0x0000000008009b2c      0x2a8 ./Drivers/STM32H7xx_HAL_Driver/Src/stm32h7xx_hal_rcc_ex.o
                0x0000000008009b2c                HAL_RCCEx_GetPLL2ClockFreq
 .text.HAL_RCCEx_GetPLL3ClockFreq
                0x0000000008009dd4      0x2a8 ./Drivers/STM32H7xx_HAL_Driver/Src/stm32h7xx_hal_rcc_ex.o
                0x0000000008009dd4                HAL_RCCEx_GetPLL3ClockFreq
 .text.RCCEx_PLL2_Config
                0x000000000800a07c      0x164 ./Drivers/STM32H7xx_HAL_Driver/Src/stm32h7xx_hal_rcc_ex.o
 .text.RCCEx_PLL3_Config
                0x000000000800a1e0      0x164 ./Drivers/STM32H7xx_HAL_Driver/Src/stm32h7xx_hal_rcc_ex.o
 .text.HAL_TIM_Base_Init
                0x000000000800a344       0xae ./Drivers/STM32H7xx_HAL_Driver/Src/stm32h7xx_hal_tim.o
                0x000000000800a344                HAL_TIM_Base_Init
 .text.HAL_TIM_Base_MspInit
                0x000000000800a3f2       0x14 ./Drivers/STM32H7xx_HAL_Driver/Src/stm32h7xx_hal_tim.o
                0x000000000800a3f2                HAL_TIM_Base_MspInit
 *fill*         0x000000000800a406        0x2 
 .text.HAL_TIM_Base_Start_IT
                0x000000000800a408       0xf0 ./Drivers/STM32H7xx_HAL_Driver/Src/stm32h7xx_hal_tim.o
                0x000000000800a408                HAL_TIM_Base_Start_IT
 .text.HAL_TIM_IRQHandler
                0x000000000800a4f8      0x23e ./Drivers/STM32H7xx_HAL_Driver/Src/stm32h7xx_hal_tim.o
                0x000000000800a4f8                HAL_TIM_IRQHandler
 .text.HAL_TIM_OC_DelayElapsedCallback
                0x000000000800a736       0x14 ./Drivers/STM32H7xx_HAL_Driver/Src/stm32h7xx_hal_tim.o
                0x000000000800a736                HAL_TIM_OC_DelayElapsedCallback
 .text.HAL_TIM_IC_CaptureCallback
                0x000000000800a74a       0x14 ./Drivers/STM32H7xx_HAL_Driver/Src/stm32h7xx_hal_tim.o
                0x000000000800a74a                HAL_TIM_IC_CaptureCallback
 .text.HAL_TIM_PWM_PulseFinishedCallback
                0x000000000800a75e       0x14 ./Drivers/STM32H7xx_HAL_Driver/Src/stm32h7xx_hal_tim.o
                0x000000000800a75e                HAL_TIM_PWM_PulseFinishedCallback
 .text.HAL_TIM_TriggerCallback
                0x000000000800a772       0x14 ./Drivers/STM32H7xx_HAL_Driver/Src/stm32h7xx_hal_tim.o
                0x000000000800a772                HAL_TIM_TriggerCallback
 *fill*         0x000000000800a786        0x2 
 .text.TIM_Base_SetConfig
                0x000000000800a788      0x134 ./Drivers/STM32H7xx_HAL_Driver/Src/stm32h7xx_hal_tim.o
                0x000000000800a788                TIM_Base_SetConfig
 .text.HAL_TIMEx_CommutCallback
                0x000000000800a8bc       0x14 ./Drivers/STM32H7xx_HAL_Driver/Src/stm32h7xx_hal_tim_ex.o
                0x000000000800a8bc                HAL_TIMEx_CommutCallback
 .text.HAL_TIMEx_BreakCallback
                0x000000000800a8d0       0x14 ./Drivers/STM32H7xx_HAL_Driver/Src/stm32h7xx_hal_tim_ex.o
                0x000000000800a8d0                HAL_TIMEx_BreakCallback
 .text.HAL_TIMEx_Break2Callback
                0x000000000800a8e4       0x14 ./Drivers/STM32H7xx_HAL_Driver/Src/stm32h7xx_hal_tim_ex.o
                0x000000000800a8e4                HAL_TIMEx_Break2Callback
 .text.HAL_UART_Init
                0x000000000800a8f8       0xa0 ./Drivers/STM32H7xx_HAL_Driver/Src/stm32h7xx_hal_uart.o
                0x000000000800a8f8                HAL_UART_Init
 .text.HAL_UART_Transmit
                0x000000000800a998      0x12c ./Drivers/STM32H7xx_HAL_Driver/Src/stm32h7xx_hal_uart.o
                0x000000000800a998                HAL_UART_Transmit
 .text.HAL_UART_IRQHandler
                0x000000000800aac4      0x73c ./Drivers/STM32H7xx_HAL_Driver/Src/stm32h7xx_hal_uart.o
                0x000000000800aac4                HAL_UART_IRQHandler
 .text.HAL_UART_TxCpltCallback
                0x000000000800b200       0x14 ./Drivers/STM32H7xx_HAL_Driver/Src/stm32h7xx_hal_uart.o
                0x000000000800b200                HAL_UART_TxCpltCallback
 .text.HAL_UART_ErrorCallback
                0x000000000800b214       0x14 ./Drivers/STM32H7xx_HAL_Driver/Src/stm32h7xx_hal_uart.o
                0x000000000800b214                HAL_UART_ErrorCallback
 .text.HAL_UARTEx_RxEventCallback
                0x000000000800b228       0x18 ./Drivers/STM32H7xx_HAL_Driver/Src/stm32h7xx_hal_uart.o
                0x000000000800b228                HAL_UARTEx_RxEventCallback
 .text.UART_SetConfig
                0x000000000800b240      0xad0 ./Drivers/STM32H7xx_HAL_Driver/Src/stm32h7xx_hal_uart.o
                0x000000000800b240                UART_SetConfig
 .text.UART_AdvFeatureConfig
                0x000000000800bd10      0x144 ./Drivers/STM32H7xx_HAL_Driver/Src/stm32h7xx_hal_uart.o
                0x000000000800bd10                UART_AdvFeatureConfig
 .text.UART_CheckIdleState
                0x000000000800be54       0x96 ./Drivers/STM32H7xx_HAL_Driver/Src/stm32h7xx_hal_uart.o
                0x000000000800be54                UART_CheckIdleState
 .text.UART_WaitOnFlagUntilTimeout
                0x000000000800beea      0x190 ./Drivers/STM32H7xx_HAL_Driver/Src/stm32h7xx_hal_uart.o
                0x000000000800beea                UART_WaitOnFlagUntilTimeout
 *fill*         0x000000000800c07a        0x2 
 .text.UART_EndRxTransfer
                0x000000000800c07c       0xcc ./Drivers/STM32H7xx_HAL_Driver/Src/stm32h7xx_hal_uart.o
 .text.UART_DMAAbortOnError
                0x000000000800c148       0x2c ./Drivers/STM32H7xx_HAL_Driver/Src/stm32h7xx_hal_uart.o
 .text.UART_EndTransmit_IT
                0x000000000800c174       0x56 ./Drivers/STM32H7xx_HAL_Driver/Src/stm32h7xx_hal_uart.o
 .text.HAL_UARTEx_WakeupCallback
                0x000000000800c1ca       0x14 ./Drivers/STM32H7xx_HAL_Driver/Src/stm32h7xx_hal_uart_ex.o
                0x000000000800c1ca                HAL_UARTEx_WakeupCallback
 .text.HAL_UARTEx_RxFifoFullCallback
                0x000000000800c1de       0x14 ./Drivers/STM32H7xx_HAL_Driver/Src/stm32h7xx_hal_uart_ex.o
                0x000000000800c1de                HAL_UARTEx_RxFifoFullCallback
 .text.HAL_UARTEx_TxFifoEmptyCallback
                0x000000000800c1f2       0x14 ./Drivers/STM32H7xx_HAL_Driver/Src/stm32h7xx_hal_uart_ex.o
                0x000000000800c1f2                HAL_UARTEx_TxFifoEmptyCallback
 .text.HAL_UARTEx_DisableFifoMode
                0x000000000800c206       0x72 ./Drivers/STM32H7xx_HAL_Driver/Src/stm32h7xx_hal_uart_ex.o
                0x000000000800c206                HAL_UARTEx_DisableFifoMode
 .text.HAL_UARTEx_SetTxFifoThreshold
                0x000000000800c278       0x7c ./Drivers/STM32H7xx_HAL_Driver/Src/stm32h7xx_hal_uart_ex.o
                0x000000000800c278                HAL_UARTEx_SetTxFifoThreshold
 .text.HAL_UARTEx_SetRxFifoThreshold
                0x000000000800c2f4       0x7c ./Drivers/STM32H7xx_HAL_Driver/Src/stm32h7xx_hal_uart_ex.o
                0x000000000800c2f4                HAL_UARTEx_SetRxFifoThreshold
 .text.UARTEx_SetNbDataToProcess
                0x000000000800c370       0x9c ./Drivers/STM32H7xx_HAL_Driver/Src/stm32h7xx_hal_uart_ex.o
 .text.USB_CoreInit
                0x000000000800c40c       0xdc ./Drivers/STM32H7xx_HAL_Driver/Src/stm32h7xx_ll_usb.o
                0x000000000800c40c                USB_CoreInit
 .text.USB_DisableGlobalInt
                0x000000000800c4e8       0x22 ./Drivers/STM32H7xx_HAL_Driver/Src/stm32h7xx_ll_usb.o
                0x000000000800c4e8                USB_DisableGlobalInt
 .text.USB_SetCurrentMode
                0x000000000800c50a       0x98 ./Drivers/STM32H7xx_HAL_Driver/Src/stm32h7xx_ll_usb.o
                0x000000000800c50a                USB_SetCurrentMode
 *fill*         0x000000000800c5a2        0x2 
 .text.USB_FlushTxFifo
                0x000000000800c5a4       0x68 ./Drivers/STM32H7xx_HAL_Driver/Src/stm32h7xx_ll_usb.o
                0x000000000800c5a4                USB_FlushTxFifo
 .text.USB_FlushRxFifo
                0x000000000800c60c       0x60 ./Drivers/STM32H7xx_HAL_Driver/Src/stm32h7xx_ll_usb.o
                0x000000000800c60c                USB_FlushRxFifo
 .text.USB_GetMode
                0x000000000800c66c       0x1c ./Drivers/STM32H7xx_HAL_Driver/Src/stm32h7xx_ll_usb.o
                0x000000000800c66c                USB_GetMode
 .text.USB_CoreReset
                0x000000000800c688       0x68 ./Drivers/STM32H7xx_HAL_Driver/Src/stm32h7xx_ll_usb.o
 .text.USB_HostInit
                0x000000000800c6f0      0x174 ./Drivers/STM32H7xx_HAL_Driver/Src/stm32h7xx_ll_usb.o
                0x000000000800c6f0                USB_HostInit
 .text.__errno  0x000000000800c864        0xc c:/st/stm32cubeide_1.9.0/stm32cubeide/plugins/com.st.stm32cube.ide.mcu.externaltools.gnu-tools-for-stm32.10.3-2021.10.win32_1.0.0.202111181127/tools/bin/../lib/gcc/arm-none-eabi/10.3.1/../../../../arm-none-eabi/lib/thumb/v7e-m+dp/hard\libc_nano.a(lib_a-errno.o)
                0x000000000800c864                __errno
 .text.__libc_init_array
                0x000000000800c870       0x48 c:/st/stm32cubeide_1.9.0/stm32cubeide/plugins/com.st.stm32cube.ide.mcu.externaltools.gnu-tools-for-stm32.10.3-2021.10.win32_1.0.0.202111181127/tools/bin/../lib/gcc/arm-none-eabi/10.3.1/../../../../arm-none-eabi/lib/thumb/v7e-m+dp/hard\libc_nano.a(lib_a-init.o)
                0x000000000800c870                __libc_init_array
 .text.memcmp   0x000000000800c8b8       0x20 c:/st/stm32cubeide_1.9.0/stm32cubeide/plugins/com.st.stm32cube.ide.mcu.externaltools.gnu-tools-for-stm32.10.3-2021.10.win32_1.0.0.202111181127/tools/bin/../lib/gcc/arm-none-eabi/10.3.1/../../../../arm-none-eabi/lib/thumb/v7e-m+dp/hard\libc_nano.a(lib_a-memcmp.o)
                0x000000000800c8b8                memcmp
 .text.memcpy   0x000000000800c8d8       0x1c c:/st/stm32cubeide_1.9.0/stm32cubeide/plugins/com.st.stm32cube.ide.mcu.externaltools.gnu-tools-for-stm32.10.3-2021.10.win32_1.0.0.202111181127/tools/bin/../lib/gcc/arm-none-eabi/10.3.1/../../../../arm-none-eabi/lib/thumb/v7e-m+dp/hard\libc_nano.a(lib_a-memcpy-stub.o)
                0x000000000800c8d8                memcpy
 .text.memset   0x000000000800c8f4       0x10 c:/st/stm32cubeide_1.9.0/stm32cubeide/plugins/com.st.stm32cube.ide.mcu.externaltools.gnu-tools-for-stm32.10.3-2021.10.win32_1.0.0.202111181127/tools/bin/../lib/gcc/arm-none-eabi/10.3.1/../../../../arm-none-eabi/lib/thumb/v7e-m+dp/hard\libc_nano.a(lib_a-memset.o)
                0x000000000800c8f4                memset
 .text.rand     0x000000000800c904       0x7c c:/st/stm32cubeide_1.9.0/stm32cubeide/plugins/com.st.stm32cube.ide.mcu.externaltools.gnu-tools-for-stm32.10.3-2021.10.win32_1.0.0.202111181127/tools/bin/../lib/gcc/arm-none-eabi/10.3.1/../../../../arm-none-eabi/lib/thumb/v7e-m+dp/hard\libc_nano.a(lib_a-rand.o)
                0x000000000800c904                rand
 .text.sprintf  0x000000000800c980       0x40 c:/st/stm32cubeide_1.9.0/stm32cubeide/plugins/com.st.stm32cube.ide.mcu.externaltools.gnu-tools-for-stm32.10.3-2021.10.win32_1.0.0.202111181127/tools/bin/../lib/gcc/arm-none-eabi/10.3.1/../../../../arm-none-eabi/lib/thumb/v7e-m+dp/hard\libc_nano.a(lib_a-sprintf.o)
                0x000000000800c980                siprintf
                0x000000000800c980                sprintf
 .text.__assert_func
                0x000000000800c9c0       0x3c c:/st/stm32cubeide_1.9.0/stm32cubeide/plugins/com.st.stm32cube.ide.mcu.externaltools.gnu-tools-for-stm32.10.3-2021.10.win32_1.0.0.202111181127/tools/bin/../lib/gcc/arm-none-eabi/10.3.1/../../../../arm-none-eabi/lib/thumb/v7e-m+dp/hard\libc_nano.a(lib_a-assert.o)
                0x000000000800c9c0                __assert_func
 .text.fprintf  0x000000000800c9fc       0x24 c:/st/stm32cubeide_1.9.0/stm32cubeide/plugins/com.st.stm32cube.ide.mcu.externaltools.gnu-tools-for-stm32.10.3-2021.10.win32_1.0.0.202111181127/tools/bin/../lib/gcc/arm-none-eabi/10.3.1/../../../../arm-none-eabi/lib/thumb/v7e-m+dp/hard\libc_nano.a(lib_a-fprintf.o)
                0x000000000800c9fc                fiprintf
                0x000000000800c9fc                fprintf
 .text.malloc   0x000000000800ca20       0x10 c:/st/stm32cubeide_1.9.0/stm32cubeide/plugins/com.st.stm32cube.ide.mcu.externaltools.gnu-tools-for-stm32.10.3-2021.10.win32_1.0.0.202111181127/tools/bin/../lib/gcc/arm-none-eabi/10.3.1/../../../../arm-none-eabi/lib/thumb/v7e-m+dp/hard\libc_nano.a(lib_a-malloc.o)
                0x000000000800ca20                malloc
 .text._free_r  0x000000000800ca30       0x98 c:/st/stm32cubeide_1.9.0/stm32cubeide/plugins/com.st.stm32cube.ide.mcu.externaltools.gnu-tools-for-stm32.10.3-2021.10.win32_1.0.0.202111181127/tools/bin/../lib/gcc/arm-none-eabi/10.3.1/../../../../arm-none-eabi/lib/thumb/v7e-m+dp/hard\libc_nano.a(lib_a-nano-freer.o)
                0x000000000800ca30                _free_r
 .text.sbrk_aligned
                0x000000000800cac8       0x40 c:/st/stm32cubeide_1.9.0/stm32cubeide/plugins/com.st.stm32cube.ide.mcu.externaltools.gnu-tools-for-stm32.10.3-2021.10.win32_1.0.0.202111181127/tools/bin/../lib/gcc/arm-none-eabi/10.3.1/../../../../arm-none-eabi/lib/thumb/v7e-m+dp/hard\libc_nano.a(lib_a-nano-mallocr.o)
 .text._malloc_r
                0x000000000800cb08       0xe8 c:/st/stm32cubeide_1.9.0/stm32cubeide/plugins/com.st.stm32cube.ide.mcu.externaltools.gnu-tools-for-stm32.10.3-2021.10.win32_1.0.0.202111181127/tools/bin/../lib/gcc/arm-none-eabi/10.3.1/../../../../arm-none-eabi/lib/thumb/v7e-m+dp/hard\libc_nano.a(lib_a-nano-mallocr.o)
                0x000000000800cb08                _malloc_r
 .text.__ssputs_r
                0x000000000800cbf0       0xb6 c:/st/stm32cubeide_1.9.0/stm32cubeide/plugins/com.st.stm32cube.ide.mcu.externaltools.gnu-tools-for-stm32.10.3-2021.10.win32_1.0.0.202111181127/tools/bin/../lib/gcc/arm-none-eabi/10.3.1/../../../../arm-none-eabi/lib/thumb/v7e-m+dp/hard\libc_nano.a(lib_a-nano-svfprintf.o)
                0x000000000800cbf0                __ssputs_r
 *fill*         0x000000000800cca6        0x2 
 .text._svfprintf_r
                0x000000000800cca8      0x200 c:/st/stm32cubeide_1.9.0/stm32cubeide/plugins/com.st.stm32cube.ide.mcu.externaltools.gnu-tools-for-stm32.10.3-2021.10.win32_1.0.0.202111181127/tools/bin/../lib/gcc/arm-none-eabi/10.3.1/../../../../arm-none-eabi/lib/thumb/v7e-m+dp/hard\libc_nano.a(lib_a-nano-svfprintf.o)
                0x000000000800cca8                _svfiprintf_r
                0x000000000800cca8                _svfprintf_r
 .text.__sfputc_r
                0x000000000800cea8       0x2e c:/st/stm32cubeide_1.9.0/stm32cubeide/plugins/com.st.stm32cube.ide.mcu.externaltools.gnu-tools-for-stm32.10.3-2021.10.win32_1.0.0.202111181127/tools/bin/../lib/gcc/arm-none-eabi/10.3.1/../../../../arm-none-eabi/lib/thumb/v7e-m+dp/hard\libc_nano.a(lib_a-nano-vfprintf.o)
 .text.__sfputs_r
                0x000000000800ced6       0x24 c:/st/stm32cubeide_1.9.0/stm32cubeide/plugins/com.st.stm32cube.ide.mcu.externaltools.gnu-tools-for-stm32.10.3-2021.10.win32_1.0.0.202111181127/tools/bin/../lib/gcc/arm-none-eabi/10.3.1/../../../../arm-none-eabi/lib/thumb/v7e-m+dp/hard\libc_nano.a(lib_a-nano-vfprintf.o)
                0x000000000800ced6                __sfputs_r
 *fill*         0x000000000800cefa        0x2 
 .text._vfprintf_r
                0x000000000800cefc      0x260 c:/st/stm32cubeide_1.9.0/stm32cubeide/plugins/com.st.stm32cube.ide.mcu.externaltools.gnu-tools-for-stm32.10.3-2021.10.win32_1.0.0.202111181127/tools/bin/../lib/gcc/arm-none-eabi/10.3.1/../../../../arm-none-eabi/lib/thumb/v7e-m+dp/hard\libc_nano.a(lib_a-nano-vfprintf.o)
                0x000000000800cefc                _vfprintf_r
                0x000000000800cefc                _vfiprintf_r
 .text._printf_common
                0x000000000800d15c       0xda c:/st/stm32cubeide_1.9.0/stm32cubeide/plugins/com.st.stm32cube.ide.mcu.externaltools.gnu-tools-for-stm32.10.3-2021.10.win32_1.0.0.202111181127/tools/bin/../lib/gcc/arm-none-eabi/10.3.1/../../../../arm-none-eabi/lib/thumb/v7e-m+dp/hard\libc_nano.a(lib_a-nano-vfprintf_i.o)
                0x000000000800d15c                _printf_common
 *fill*         0x000000000800d236        0x2 
 .text._printf_i
                0x000000000800d238      0x24c c:/st/stm32cubeide_1.9.0/stm32cubeide/plugins/com.st.stm32cube.ide.mcu.externaltools.gnu-tools-for-stm32.10.3-2021.10.win32_1.0.0.202111181127/tools/bin/../lib/gcc/arm-none-eabi/10.3.1/../../../../arm-none-eabi/lib/thumb/v7e-m+dp/hard\libc_nano.a(lib_a-nano-vfprintf_i.o)
                0x000000000800d238                _printf_i
 .text._sbrk_r  0x000000000800d484       0x20 c:/st/stm32cubeide_1.9.0/stm32cubeide/plugins/com.st.stm32cube.ide.mcu.externaltools.gnu-tools-for-stm32.10.3-2021.10.win32_1.0.0.202111181127/tools/bin/../lib/gcc/arm-none-eabi/10.3.1/../../../../arm-none-eabi/lib/thumb/v7e-m+dp/hard\libc_nano.a(lib_a-sbrkr.o)
                0x000000000800d484                _sbrk_r
 .text.__swbuf_r
                0x000000000800d4a4       0xa4 c:/st/stm32cubeide_1.9.0/stm32cubeide/plugins/com.st.stm32cube.ide.mcu.externaltools.gnu-tools-for-stm32.10.3-2021.10.win32_1.0.0.202111181127/tools/bin/../lib/gcc/arm-none-eabi/10.3.1/../../../../arm-none-eabi/lib/thumb/v7e-m+dp/hard\libc_nano.a(lib_a-wbuf.o)
                0x000000000800d4a4                __swbuf_r
 .text.__swsetup_r
                0x000000000800d548       0xdc c:/st/stm32cubeide_1.9.0/stm32cubeide/plugins/com.st.stm32cube.ide.mcu.externaltools.gnu-tools-for-stm32.10.3-2021.10.win32_1.0.0.202111181127/tools/bin/../lib/gcc/arm-none-eabi/10.3.1/../../../../arm-none-eabi/lib/thumb/v7e-m+dp/hard\libc_nano.a(lib_a-wsetup.o)
                0x000000000800d548                __swsetup_r
 .text.abort    0x000000000800d624        0xe c:/st/stm32cubeide_1.9.0/stm32cubeide/plugins/com.st.stm32cube.ide.mcu.externaltools.gnu-tools-for-stm32.10.3-2021.10.win32_1.0.0.202111181127/tools/bin/../lib/gcc/arm-none-eabi/10.3.1/../../../../arm-none-eabi/lib/thumb/v7e-m+dp/hard\libc_nano.a(lib_a-abort.o)
                0x000000000800d624                abort
 *fill*         0x000000000800d632        0x2 
 .text.__sflush_r
                0x000000000800d634      0x10c c:/st/stm32cubeide_1.9.0/stm32cubeide/plugins/com.st.stm32cube.ide.mcu.externaltools.gnu-tools-for-stm32.10.3-2021.10.win32_1.0.0.202111181127/tools/bin/../lib/gcc/arm-none-eabi/10.3.1/../../../../arm-none-eabi/lib/thumb/v7e-m+dp/hard\libc_nano.a(lib_a-fflush.o)
                0x000000000800d634                __sflush_r
 .text._fflush_r
                0x000000000800d740       0x78 c:/st/stm32cubeide_1.9.0/stm32cubeide/plugins/com.st.stm32cube.ide.mcu.externaltools.gnu-tools-for-stm32.10.3-2021.10.win32_1.0.0.202111181127/tools/bin/../lib/gcc/arm-none-eabi/10.3.1/../../../../arm-none-eabi/lib/thumb/v7e-m+dp/hard\libc_nano.a(lib_a-fflush.o)
                0x000000000800d740                _fflush_r
 .text.std      0x000000000800d7b8       0x48 c:/st/stm32cubeide_1.9.0/stm32cubeide/plugins/com.st.stm32cube.ide.mcu.externaltools.gnu-tools-for-stm32.10.3-2021.10.win32_1.0.0.202111181127/tools/bin/../lib/gcc/arm-none-eabi/10.3.1/../../../../arm-none-eabi/lib/thumb/v7e-m+dp/hard\libc_nano.a(lib_a-findfp.o)
 .text._cleanup_r
                0x000000000800d800        0xc c:/st/stm32cubeide_1.9.0/stm32cubeide/plugins/com.st.stm32cube.ide.mcu.externaltools.gnu-tools-for-stm32.10.3-2021.10.win32_1.0.0.202111181127/tools/bin/../lib/gcc/arm-none-eabi/10.3.1/../../../../arm-none-eabi/lib/thumb/v7e-m+dp/hard\libc_nano.a(lib_a-findfp.o)
                0x000000000800d800                _cleanup_r
 .text.__sfmoreglue
                0x000000000800d80c       0x2c c:/st/stm32cubeide_1.9.0/stm32cubeide/plugins/com.st.stm32cube.ide.mcu.externaltools.gnu-tools-for-stm32.10.3-2021.10.win32_1.0.0.202111181127/tools/bin/../lib/gcc/arm-none-eabi/10.3.1/../../../../arm-none-eabi/lib/thumb/v7e-m+dp/hard\libc_nano.a(lib_a-findfp.o)
                0x000000000800d80c                __sfmoreglue
 .text.__sfp_lock_acquire
                0x000000000800d838        0xc c:/st/stm32cubeide_1.9.0/stm32cubeide/plugins/com.st.stm32cube.ide.mcu.externaltools.gnu-tools-for-stm32.10.3-2021.10.win32_1.0.0.202111181127/tools/bin/../lib/gcc/arm-none-eabi/10.3.1/../../../../arm-none-eabi/lib/thumb/v7e-m+dp/hard\libc_nano.a(lib_a-findfp.o)
                0x000000000800d838                __sfp_lock_acquire
 .text.__sfp_lock_release
                0x000000000800d844        0xc c:/st/stm32cubeide_1.9.0/stm32cubeide/plugins/com.st.stm32cube.ide.mcu.externaltools.gnu-tools-for-stm32.10.3-2021.10.win32_1.0.0.202111181127/tools/bin/../lib/gcc/arm-none-eabi/10.3.1/../../../../arm-none-eabi/lib/thumb/v7e-m+dp/hard\libc_nano.a(lib_a-findfp.o)
                0x000000000800d844                __sfp_lock_release
 .text.__sinit_lock_acquire
                0x000000000800d850        0xc c:/st/stm32cubeide_1.9.0/stm32cubeide/plugins/com.st.stm32cube.ide.mcu.externaltools.gnu-tools-for-stm32.10.3-2021.10.win32_1.0.0.202111181127/tools/bin/../lib/gcc/arm-none-eabi/10.3.1/../../../../arm-none-eabi/lib/thumb/v7e-m+dp/hard\libc_nano.a(lib_a-findfp.o)
                0x000000000800d850                __sinit_lock_acquire
 .text.__sinit_lock_release
                0x000000000800d85c        0xc c:/st/stm32cubeide_1.9.0/stm32cubeide/plugins/com.st.stm32cube.ide.mcu.externaltools.gnu-tools-for-stm32.10.3-2021.10.win32_1.0.0.202111181127/tools/bin/../lib/gcc/arm-none-eabi/10.3.1/../../../../arm-none-eabi/lib/thumb/v7e-m+dp/hard\libc_nano.a(lib_a-findfp.o)
                0x000000000800d85c                __sinit_lock_release
 .text.__sinit  0x000000000800d868       0x70 c:/st/stm32cubeide_1.9.0/stm32cubeide/plugins/com.st.stm32cube.ide.mcu.externaltools.gnu-tools-for-stm32.10.3-2021.10.win32_1.0.0.202111181127/tools/bin/../lib/gcc/arm-none-eabi/10.3.1/../../../../arm-none-eabi/lib/thumb/v7e-m+dp/hard\libc_nano.a(lib_a-findfp.o)
                0x000000000800d868                __sinit
 .text.__sfp    0x000000000800d8d8       0x8c c:/st/stm32cubeide_1.9.0/stm32cubeide/plugins/com.st.stm32cube.ide.mcu.externaltools.gnu-tools-for-stm32.10.3-2021.10.win32_1.0.0.202111181127/tools/bin/../lib/gcc/arm-none-eabi/10.3.1/../../../../arm-none-eabi/lib/thumb/v7e-m+dp/hard\libc_nano.a(lib_a-findfp.o)
                0x000000000800d8d8                __sfp
 .text._fwalk_reent
                0x000000000800d964       0x3e c:/st/stm32cubeide_1.9.0/stm32cubeide/plugins/com.st.stm32cube.ide.mcu.externaltools.gnu-tools-for-stm32.10.3-2021.10.win32_1.0.0.202111181127/tools/bin/../lib/gcc/arm-none-eabi/10.3.1/../../../../arm-none-eabi/lib/thumb/v7e-m+dp/hard\libc_nano.a(lib_a-fwalk.o)
                0x000000000800d964                _fwalk_reent
 .text.__retarget_lock_init_recursive
                0x000000000800d9a2        0x2 c:/st/stm32cubeide_1.9.0/stm32cubeide/plugins/com.st.stm32cube.ide.mcu.externaltools.gnu-tools-for-stm32.10.3-2021.10.win32_1.0.0.202111181127/tools/bin/../lib/gcc/arm-none-eabi/10.3.1/../../../../arm-none-eabi/lib/thumb/v7e-m+dp/hard\libc_nano.a(lib_a-lock.o)
                0x000000000800d9a2                __retarget_lock_init_recursive
 .text.__retarget_lock_acquire_recursive
                0x000000000800d9a4        0x2 c:/st/stm32cubeide_1.9.0/stm32cubeide/plugins/com.st.stm32cube.ide.mcu.externaltools.gnu-tools-for-stm32.10.3-2021.10.win32_1.0.0.202111181127/tools/bin/../lib/gcc/arm-none-eabi/10.3.1/../../../../arm-none-eabi/lib/thumb/v7e-m+dp/hard\libc_nano.a(lib_a-lock.o)
                0x000000000800d9a4                __retarget_lock_acquire_recursive
 .text.__retarget_lock_release_recursive
                0x000000000800d9a6        0x2 c:/st/stm32cubeide_1.9.0/stm32cubeide/plugins/com.st.stm32cube.ide.mcu.externaltools.gnu-tools-for-stm32.10.3-2021.10.win32_1.0.0.202111181127/tools/bin/../lib/gcc/arm-none-eabi/10.3.1/../../../../arm-none-eabi/lib/thumb/v7e-m+dp/hard\libc_nano.a(lib_a-lock.o)
                0x000000000800d9a6                __retarget_lock_release_recursive
 .text.__swhatbuf_r
                0x000000000800d9a8       0x4a c:/st/stm32cubeide_1.9.0/stm32cubeide/plugins/com.st.stm32cube.ide.mcu.externaltools.gnu-tools-for-stm32.10.3-2021.10.win32_1.0.0.202111181127/tools/bin/../lib/gcc/arm-none-eabi/10.3.1/../../../../arm-none-eabi/lib/thumb/v7e-m+dp/hard\libc_nano.a(lib_a-makebuf.o)
                0x000000000800d9a8                __swhatbuf_r
 *fill*         0x000000000800d9f2        0x2 
 .text.__smakebuf_r
                0x000000000800d9f4       0x80 c:/st/stm32cubeide_1.9.0/stm32cubeide/plugins/com.st.stm32cube.ide.mcu.externaltools.gnu-tools-for-stm32.10.3-2021.10.win32_1.0.0.202111181127/tools/bin/../lib/gcc/arm-none-eabi/10.3.1/../../../../arm-none-eabi/lib/thumb/v7e-m+dp/hard\libc_nano.a(lib_a-makebuf.o)
                0x000000000800d9f4                __smakebuf_r
 .text.memmove  0x000000000800da74       0x34 c:/st/stm32cubeide_1.9.0/stm32cubeide/plugins/com.st.stm32cube.ide.mcu.externaltools.gnu-tools-for-stm32.10.3-2021.10.win32_1.0.0.202111181127/tools/bin/../lib/gcc/arm-none-eabi/10.3.1/../../../../arm-none-eabi/lib/thumb/v7e-m+dp/hard\libc_nano.a(lib_a-memmove.o)
                0x000000000800da74                memmove
 .text.__malloc_lock
                0x000000000800daa8        0xc c:/st/stm32cubeide_1.9.0/stm32cubeide/plugins/com.st.stm32cube.ide.mcu.externaltools.gnu-tools-for-stm32.10.3-2021.10.win32_1.0.0.202111181127/tools/bin/../lib/gcc/arm-none-eabi/10.3.1/../../../../arm-none-eabi/lib/thumb/v7e-m+dp/hard\libc_nano.a(lib_a-mlock.o)
                0x000000000800daa8                __malloc_lock
 .text.__malloc_unlock
                0x000000000800dab4        0xc c:/st/stm32cubeide_1.9.0/stm32cubeide/plugins/com.st.stm32cube.ide.mcu.externaltools.gnu-tools-for-stm32.10.3-2021.10.win32_1.0.0.202111181127/tools/bin/../lib/gcc/arm-none-eabi/10.3.1/../../../../arm-none-eabi/lib/thumb/v7e-m+dp/hard\libc_nano.a(lib_a-mlock.o)
                0x000000000800dab4                __malloc_unlock
 .text._realloc_r
                0x000000000800dac0       0x5e c:/st/stm32cubeide_1.9.0/stm32cubeide/plugins/com.st.stm32cube.ide.mcu.externaltools.gnu-tools-for-stm32.10.3-2021.10.win32_1.0.0.202111181127/tools/bin/../lib/gcc/arm-none-eabi/10.3.1/../../../../arm-none-eabi/lib/thumb/v7e-m+dp/hard\libc_nano.a(lib_a-nano-reallocr.o)
                0x000000000800dac0                _realloc_r
 .text._raise_r
                0x000000000800db1e       0x50 c:/st/stm32cubeide_1.9.0/stm32cubeide/plugins/com.st.stm32cube.ide.mcu.externaltools.gnu-tools-for-stm32.10.3-2021.10.win32_1.0.0.202111181127/tools/bin/../lib/gcc/arm-none-eabi/10.3.1/../../../../arm-none-eabi/lib/thumb/v7e-m+dp/hard\libc_nano.a(lib_a-signal.o)
                0x000000000800db1e                _raise_r
 *fill*         0x000000000800db6e        0x2 
 .text.raise    0x000000000800db70       0x10 c:/st/stm32cubeide_1.9.0/stm32cubeide/plugins/com.st.stm32cube.ide.mcu.externaltools.gnu-tools-for-stm32.10.3-2021.10.win32_1.0.0.202111181127/tools/bin/../lib/gcc/arm-none-eabi/10.3.1/../../../../arm-none-eabi/lib/thumb/v7e-m+dp/hard\libc_nano.a(lib_a-signal.o)
                0x000000000800db70                raise
 .text._kill_r  0x000000000800db80       0x24 c:/st/stm32cubeide_1.9.0/stm32cubeide/plugins/com.st.stm32cube.ide.mcu.externaltools.gnu-tools-for-stm32.10.3-2021.10.win32_1.0.0.202111181127/tools/bin/../lib/gcc/arm-none-eabi/10.3.1/../../../../arm-none-eabi/lib/thumb/v7e-m+dp/hard\libc_nano.a(lib_a-signalr.o)
                0x000000000800db80                _kill_r
 .text._getpid_r
                0x000000000800dba4        0x4 c:/st/stm32cubeide_1.9.0/stm32cubeide/plugins/com.st.stm32cube.ide.mcu.externaltools.gnu-tools-for-stm32.10.3-2021.10.win32_1.0.0.202111181127/tools/bin/../lib/gcc/arm-none-eabi/10.3.1/../../../../arm-none-eabi/lib/thumb/v7e-m+dp/hard\libc_nano.a(lib_a-signalr.o)
                0x000000000800dba4                _getpid_r
 .text.__sread  0x000000000800dba8       0x22 c:/st/stm32cubeide_1.9.0/stm32cubeide/plugins/com.st.stm32cube.ide.mcu.externaltools.gnu-tools-for-stm32.10.3-2021.10.win32_1.0.0.202111181127/tools/bin/../lib/gcc/arm-none-eabi/10.3.1/../../../../arm-none-eabi/lib/thumb/v7e-m+dp/hard\libc_nano.a(lib_a-stdio.o)
                0x000000000800dba8                __sread
 .text.__swrite
                0x000000000800dbca       0x38 c:/st/stm32cubeide_1.9.0/stm32cubeide/plugins/com.st.stm32cube.ide.mcu.externaltools.gnu-tools-for-stm32.10.3-2021.10.win32_1.0.0.202111181127/tools/bin/../lib/gcc/arm-none-eabi/10.3.1/../../../../arm-none-eabi/lib/thumb/v7e-m+dp/hard\libc_nano.a(lib_a-stdio.o)
                0x000000000800dbca                __swrite
 .text.__sseek  0x000000000800dc02       0x24 c:/st/stm32cubeide_1.9.0/stm32cubeide/plugins/com.st.stm32cube.ide.mcu.externaltools.gnu-tools-for-stm32.10.3-2021.10.win32_1.0.0.202111181127/tools/bin/../lib/gcc/arm-none-eabi/10.3.1/../../../../arm-none-eabi/lib/thumb/v7e-m+dp/hard\libc_nano.a(lib_a-stdio.o)
                0x000000000800dc02                __sseek
 .text.__sclose
                0x000000000800dc26        0x8 c:/st/stm32cubeide_1.9.0/stm32cubeide/plugins/com.st.stm32cube.ide.mcu.externaltools.gnu-tools-for-stm32.10.3-2021.10.win32_1.0.0.202111181127/tools/bin/../lib/gcc/arm-none-eabi/10.3.1/../../../../arm-none-eabi/lib/thumb/v7e-m+dp/hard\libc_nano.a(lib_a-stdio.o)
                0x000000000800dc26                __sclose
 *fill*         0x000000000800dc2e        0x2 
 .text._close_r
                0x000000000800dc30       0x20 c:/st/stm32cubeide_1.9.0/stm32cubeide/plugins/com.st.stm32cube.ide.mcu.externaltools.gnu-tools-for-stm32.10.3-2021.10.win32_1.0.0.202111181127/tools/bin/../lib/gcc/arm-none-eabi/10.3.1/../../../../arm-none-eabi/lib/thumb/v7e-m+dp/hard\libc_nano.a(lib_a-closer.o)
                0x000000000800dc30                _close_r
 .text._fstat_r
                0x000000000800dc50       0x24 c:/st/stm32cubeide_1.9.0/stm32cubeide/plugins/com.st.stm32cube.ide.mcu.externaltools.gnu-tools-for-stm32.10.3-2021.10.win32_1.0.0.202111181127/tools/bin/../lib/gcc/arm-none-eabi/10.3.1/../../../../arm-none-eabi/lib/thumb/v7e-m+dp/hard\libc_nano.a(lib_a-fstatr.o)
                0x000000000800dc50                _fstat_r
 .text._isatty_r
                0x000000000800dc74       0x20 c:/st/stm32cubeide_1.9.0/stm32cubeide/plugins/com.st.stm32cube.ide.mcu.externaltools.gnu-tools-for-stm32.10.3-2021.10.win32_1.0.0.202111181127/tools/bin/../lib/gcc/arm-none-eabi/10.3.1/../../../../arm-none-eabi/lib/thumb/v7e-m+dp/hard\libc_nano.a(lib_a-isattyr.o)
                0x000000000800dc74                _isatty_r
 .text._lseek_r
                0x000000000800dc94       0x24 c:/st/stm32cubeide_1.9.0/stm32cubeide/plugins/com.st.stm32cube.ide.mcu.externaltools.gnu-tools-for-stm32.10.3-2021.10.win32_1.0.0.202111181127/tools/bin/../lib/gcc/arm-none-eabi/10.3.1/../../../../arm-none-eabi/lib/thumb/v7e-m+dp/hard\libc_nano.a(lib_a-lseekr.o)
                0x000000000800dc94                _lseek_r
 .text._malloc_usable_size_r
                0x000000000800dcb8       0x10 c:/st/stm32cubeide_1.9.0/stm32cubeide/plugins/com.st.stm32cube.ide.mcu.externaltools.gnu-tools-for-stm32.10.3-2021.10.win32_1.0.0.202111181127/tools/bin/../lib/gcc/arm-none-eabi/10.3.1/../../../../arm-none-eabi/lib/thumb/v7e-m+dp/hard\libc_nano.a(lib_a-nano-msizer.o)
                0x000000000800dcb8                _malloc_usable_size_r
 .text._read_r  0x000000000800dcc8       0x24 c:/st/stm32cubeide_1.9.0/stm32cubeide/plugins/com.st.stm32cube.ide.mcu.externaltools.gnu-tools-for-stm32.10.3-2021.10.win32_1.0.0.202111181127/tools/bin/../lib/gcc/arm-none-eabi/10.3.1/../../../../arm-none-eabi/lib/thumb/v7e-m+dp/hard\libc_nano.a(lib_a-readr.o)
                0x000000000800dcc8                _read_r
 .text._sbrk    0x000000000800dcec       0x1c c:/st/stm32cubeide_1.9.0/stm32cubeide/plugins/com.st.stm32cube.ide.mcu.externaltools.gnu-tools-for-stm32.10.3-2021.10.win32_1.0.0.202111181127/tools/bin/../lib/gcc/arm-none-eabi/10.3.1/../../../../arm-none-eabi/lib/thumb/v7e-m+dp/hard\libnosys.a(sbrk.o)
                0x000000000800dcec                _sbrk
 *(.glue_7)
 .glue_7        0x000000000800dd08        0x0 linker stubs
 *(.glue_7t)
 .glue_7t       0x000000000800dd08        0x0 linker stubs
 *(.eh_frame)
 .eh_frame      0x000000000800dd08        0x0 c:/st/stm32cubeide_1.9.0/stm32cubeide/plugins/com.st.stm32cube.ide.mcu.externaltools.gnu-tools-for-stm32.10.3-2021.10.win32_1.0.0.202111181127/tools/bin/../lib/gcc/arm-none-eabi/10.3.1/thumb/v7e-m+dp/hard/crtbegin.o
 *(.init)
 .init          0x000000000800dd08        0x4 c:/st/stm32cubeide_1.9.0/stm32cubeide/plugins/com.st.stm32cube.ide.mcu.externaltools.gnu-tools-for-stm32.10.3-2021.10.win32_1.0.0.202111181127/tools/bin/../lib/gcc/arm-none-eabi/10.3.1/thumb/v7e-m+dp/hard/crti.o
                0x000000000800dd08                _init
 .init          0x000000000800dd0c        0x8 c:/st/stm32cubeide_1.9.0/stm32cubeide/plugins/com.st.stm32cube.ide.mcu.externaltools.gnu-tools-for-stm32.10.3-2021.10.win32_1.0.0.202111181127/tools/bin/../lib/gcc/arm-none-eabi/10.3.1/thumb/v7e-m+dp/hard/crtn.o
 *(.fini)
 .fini          0x000000000800dd14        0x4 c:/st/stm32cubeide_1.9.0/stm32cubeide/plugins/com.st.stm32cube.ide.mcu.externaltools.gnu-tools-for-stm32.10.3-2021.10.win32_1.0.0.202111181127/tools/bin/../lib/gcc/arm-none-eabi/10.3.1/thumb/v7e-m+dp/hard/crti.o
                0x000000000800dd14                _fini
 .fini          0x000000000800dd18        0x8 c:/st/stm32cubeide_1.9.0/stm32cubeide/plugins/com.st.stm32cube.ide.mcu.externaltools.gnu-tools-for-stm32.10.3-2021.10.win32_1.0.0.202111181127/tools/bin/../lib/gcc/arm-none-eabi/10.3.1/thumb/v7e-m+dp/hard/crtn.o
                0x000000000800dd20                . = ALIGN (0x4)
                0x000000000800dd20                _etext = .

.vfp11_veneer   0x000000000800dd20        0x0
 .vfp11_veneer  0x000000000800dd20        0x0 linker stubs

.v4_bx          0x000000000800dd20        0x0
 .v4_bx         0x000000000800dd20        0x0 linker stubs

.iplt           0x000000000800dd20        0x0
 .iplt          0x000000000800dd20        0x0 c:/st/stm32cubeide_1.9.0/stm32cubeide/plugins/com.st.stm32cube.ide.mcu.externaltools.gnu-tools-for-stm32.10.3-2021.10.win32_1.0.0.202111181127/tools/bin/../lib/gcc/arm-none-eabi/10.3.1/thumb/v7e-m+dp/hard/crtbegin.o

.rodata         0x000000000800dd20      0x398
                0x000000000800dd20                . = ALIGN (0x4)
 *(.rodata)
 .rodata        0x000000000800dd20        0x5 ./Common/ThirdParty/FreeRTOS/tasks.o
 *fill*         0x000000000800dd25        0x3 
 .rodata        0x000000000800dd28       0x3d ./Common/ThirdParty/SEGGER/Config/SEGGER_SYSVIEW_Config_FreeRTOS.o
 *fill*         0x000000000800dd65        0x3 
 .rodata        0x000000000800dd68       0x58 ./Common/ThirdParty/SEGGER/OS/SEGGER_SYSVIEW_FreeRTOS.o
 .rodata        0x000000000800ddc0        0x9 ./Common/ThirdParty/SEGGER/SEGGER/SEGGER_RTT.o
 *fill*         0x000000000800ddc9        0x3 
 .rodata        0x000000000800ddcc        0x8 ./Common/ThirdParty/SEGGER/SEGGER/SEGGER_SYSVIEW.o
 .rodata        0x000000000800ddd4       0xea ./Core/Src/main.o
 *fill*         0x000000000800debe        0x2 
 .rodata        0x000000000800dec0       0x4c ./Drivers/STM32H7xx_HAL_Driver/Src/stm32h7xx_hal_fdcan.o
 *(.rodata*)
 .rodata.SYSVIEW_X_OS_TraceAPI
                0x000000000800df0c        0x8 ./Common/ThirdParty/SEGGER/OS/SEGGER_SYSVIEW_FreeRTOS.o
                0x000000000800df0c                SYSVIEW_X_OS_TraceAPI
 .rodata._abHelloMsg
                0x000000000800df14        0x4 ./Common/ThirdParty/SEGGER/Recorder/segger_uart.o
 .rodata._aInitStr.0
                0x000000000800df18       0x11 ./Common/ThirdParty/SEGGER/SEGGER/SEGGER_RTT.o
 *fill*         0x000000000800df29        0x3 
 .rodata._abSync
                0x000000000800df2c        0xa ./Common/ThirdParty/SEGGER/SEGGER/SEGGER_SYSVIEW.o
 *fill*         0x000000000800df36        0x2 
 .rodata.D1CorePrescTable
                0x000000000800df38       0x10 ./Core/Src/system_stm32h7xx.o
                0x000000000800df38                D1CorePrescTable
 .rodata.UARTPrescTable
                0x000000000800df48       0x18 ./Drivers/STM32H7xx_HAL_Driver/Src/stm32h7xx_hal_uart.o
                0x000000000800df48                UARTPrescTable
 .rodata.numerator.1
                0x000000000800df60        0x8 ./Drivers/STM32H7xx_HAL_Driver/Src/stm32h7xx_hal_uart_ex.o
 .rodata.denominator.0
                0x000000000800df68        0x8 ./Drivers/STM32H7xx_HAL_Driver/Src/stm32h7xx_hal_uart_ex.o
 .rodata._global_impure_ptr
                0x000000000800df70        0x4 c:/st/stm32cubeide_1.9.0/stm32cubeide/plugins/com.st.stm32cube.ide.mcu.externaltools.gnu-tools-for-stm32.10.3-2021.10.win32_1.0.0.202111181127/tools/bin/../lib/gcc/arm-none-eabi/10.3.1/../../../../arm-none-eabi/lib/thumb/v7e-m+dp/hard\libc_nano.a(lib_a-impure.o)
                0x000000000800df70                _global_impure_ptr
 .rodata.srand.str1.1
                0x000000000800df74       0x72 c:/st/stm32cubeide_1.9.0/stm32cubeide/plugins/com.st.stm32cube.ide.mcu.externaltools.gnu-tools-for-stm32.10.3-2021.10.win32_1.0.0.202111181127/tools/bin/../lib/gcc/arm-none-eabi/10.3.1/../../../../arm-none-eabi/lib/thumb/v7e-m+dp/hard\libc_nano.a(lib_a-rand.o)
 .rodata.__assert_func.str1.1
                0x000000000800dfe6       0x3c c:/st/stm32cubeide_1.9.0/stm32cubeide/plugins/com.st.stm32cube.ide.mcu.externaltools.gnu-tools-for-stm32.10.3-2021.10.win32_1.0.0.202111181127/tools/bin/../lib/gcc/arm-none-eabi/10.3.1/../../../../arm-none-eabi/lib/thumb/v7e-m+dp/hard\libc_nano.a(lib_a-assert.o)
                                         0x3d (size before relaxing)
 .rodata._svfprintf_r.str1.1
                0x000000000800e022       0x11 c:/st/stm32cubeide_1.9.0/stm32cubeide/plugins/com.st.stm32cube.ide.mcu.externaltools.gnu-tools-for-stm32.10.3-2021.10.win32_1.0.0.202111181127/tools/bin/../lib/gcc/arm-none-eabi/10.3.1/../../../../arm-none-eabi/lib/thumb/v7e-m+dp/hard\libc_nano.a(lib_a-nano-svfprintf.o)
 .rodata._vfprintf_r.str1.1
                0x000000000800e033       0x11 c:/st/stm32cubeide_1.9.0/stm32cubeide/plugins/com.st.stm32cube.ide.mcu.externaltools.gnu-tools-for-stm32.10.3-2021.10.win32_1.0.0.202111181127/tools/bin/../lib/gcc/arm-none-eabi/10.3.1/../../../../arm-none-eabi/lib/thumb/v7e-m+dp/hard\libc_nano.a(lib_a-nano-vfprintf.o)
 .rodata._printf_i.str1.1
                0x000000000800e033       0x22 c:/st/stm32cubeide_1.9.0/stm32cubeide/plugins/com.st.stm32cube.ide.mcu.externaltools.gnu-tools-for-stm32.10.3-2021.10.win32_1.0.0.202111181127/tools/bin/../lib/gcc/arm-none-eabi/10.3.1/../../../../arm-none-eabi/lib/thumb/v7e-m+dp/hard\libc_nano.a(lib_a-nano-vfprintf_i.o)
 *fill*         0x000000000800e055        0x3 
 .rodata.__sf_fake_stderr