../Core/Src/main.c:78:5:main	40	static,ignoring_inline_asm
../Core/Src/main.c:161:6:SystemClock_Config	128	static
../Core/Src/main.c:225:13:MX_FDCAN2_Init	8	static
../Core/Src/main.c:278:13:MX_USB_OTG_FS_HCD_Init	8	static
../Core/Src/main.c:309:13:MX_GPIO_Init	48	static
../Core/Src/main.c:342:13:Task_GreenLED_Handler	32	static
../Core/Src/main.c:372:13:Task_RedLED_Handler	32	static
../Core/Src/main.c:402:13:Task_BlueLED_Handler	32	static
../Core/Src/main.c:438:13:Task_Button_Handler	32	static
../Core/Src/main.c:470:6:HAL_TIM_PeriodElapsedCallback	16	static
../Core/Src/main.c:487:6:Error_Handler	4	static,ignoring_inline_asm
