../Core/Src/main.c:79:5:main	40	static,ignoring_inline_asm
../Core/Src/main.c:163:6:SystemClock_Config	120	static
../Core/Src/main.c:219:13:MX_FDCAN2_Init	8	static
../Core/Src/main.c:320:13:MX_USB_OTG_FS_HCD_Init	8	static
../Core/Src/main.c:351:13:MX_GPIO_Init	48	static
../Core/Src/main.c:381:13:Task_GreenLED_Handler	32	static
../Core/Src/main.c:411:13:Task_RedLED_Handler	32	static
../Core/Src/main.c:441:13:Task_BlueLED_Handler	32	static
../Core/Src/main.c:477:13:Task_Button_Handler	32	static
../Core/Src/main.c:509:6:HAL_TIM_PeriodElapsedCallback	16	static
../Core/Src/main.c:526:6:Error_Handler	4	static,ignoring_inline_asm
