../Core/Src/main.c:101:5:main	24	static
../Core/Src/main.c:238:6:SystemClock_Config	128	static
../Core/Src/main.c:302:13:MX_FDCAN1_Init	8	static
../Core/Src/main.c:357:13:MX_FDCAN2_Init	8	static
../Core/Src/main.c:412:13:MX_USART3_UART_Init	8	static
../Core/Src/main.c:460:13:MX_USB_OTG_FS_HCD_Init	8	static
../Core/Src/main.c:491:13:MX_GPIO_Init	48	static
../Core/Src/main.c:528:6:FDCAN1_Task	24	static
../Core/Src/main.c:561:6:FDCAN2_Task	24	static
../Core/Src/main.c:593:6:USART_Send	16	static
../Core/Src/main.c:602:6:USART_Send_Uint8	16	static
../Core/Src/main.c:614:6:FDCAN1_Tx	8	static
../Core/Src/main.c:637:6:FDCAN2_Tx	8	static
../Core/Src/main.c:726:6:HAL_FDCAN_TxEventFifoCallback	16	static
../Core/Src/main.c:732:6:HAL_FDCAN_RxFifo0Callback	16	static
../Core/Src/main.c:780:6:PrintCANReceivedMessages	4	static
../Core/Src/main.c:787:6:HAL_FDCAN_RxBufferNewMessageCallback	16	static
../Core/Src/main.c:805:6:HAL_FDCAN_ErrorCallback	16	static
../Core/Src/main.c:820:6:HAL_FDCAN_ErrorStatusCallback	16	static
../Core/Src/main.c:864:6:HAL_FDCAN_TxBufferCompleteCallback	16	static
../Core/Src/main.c:880:6:HAL_TIM_PeriodElapsedCallback	16	static
../Core/Src/main.c:897:6:Error_Handler	8	static,ignoring_inline_asm
