../Core/Src/main.c:98:5:main	24	static
../Core/Src/main.c:230:6:SystemClock_Config	128	static
../Core/Src/main.c:294:13:MX_FDCAN1_Init	8	static
../Core/Src/main.c:349:13:MX_FDCAN2_Init	8	static
../Core/Src/main.c:404:13:MX_USART3_UART_Init	8	static
../Core/Src/main.c:452:13:MX_USB_OTG_FS_HCD_Init	8	static
../Core/Src/main.c:483:13:MX_GPIO_Init	48	static
../Core/Src/main.c:520:6:FDCAN1_Task	24	static
../Core/Src/main.c:551:6:USART_Send	16	static
../Core/Src/main.c:560:6:USART_Send_Uint8	16	static
../Core/Src/main.c:572:6:FDCAN1_Tx	8	static
../Core/Src/main.c:656:6:HAL_FDCAN_TxEventFifoCallback	16	static
../Core/Src/main.c:662:6:HAL_FDCAN_RxFifo0Callback	16	static
../Core/Src/main.c:691:6:PrintCANReceivedMessages	4	static
../Core/Src/main.c:698:6:HAL_FDCAN_RxBufferNewMessageCallback	16	static
../Core/Src/main.c:716:6:HAL_FDCAN_ErrorCallback	16	static
../Core/Src/main.c:731:6:HAL_FDCAN_ErrorStatusCallback	16	static
../Core/Src/main.c:775:6:HAL_FDCAN_TxBufferCompleteCallback	16	static
../Core/Src/main.c:791:6:HAL_TIM_PeriodElapsedCallback	16	static
../Core/Src/main.c:808:6:Error_Handler	8	static,ignoring_inline_asm
