D:/Documents/FreeRTOS/RTOS_Workspace/STM32H743VI/STM32H743VI_WorkSpace/Common/ThirdParty/SEGGER/Recorder/segger_uart.c:121:13:_StartSysView	8	static
D:/Documents/FreeRTOS/RTOS_Workspace/STM32H743VI/STM32H743VI_WorkSpace/Common/ThirdParty/SEGGER/Recorder/segger_uart.c:130:13:_cbOnUARTRx	16	static
D:/Documents/FreeRTOS/RTOS_Workspace/STM32H743VI/STM32H743VI_WorkSpace/Common/ThirdParty/SEGGER/Recorder/segger_uart.c:141:12:_cbOnUARTTx	8	static
D:/Documents/FreeRTOS/RTOS_Workspace/STM32H743VI/STM32H743VI_WorkSpace/Common/ThirdParty/SEGGER/Recorder/segger_uart.c:168:6:HIF_UART_WaitForTxEnd	0	static
D:/Documents/FreeRTOS/RTOS_Workspace/STM32H743VI/STM32H743VI_WorkSpace/Common/ThirdParty/SEGGER/Recorder/segger_uart.c:189:6:USART2_IRQHandler	16	static
D:/Documents/FreeRTOS/RTOS_Workspace/STM32H743VI/STM32H743VI_WorkSpace/Common/ThirdParty/SEGGER/Recorder/segger_uart.c:227:6:HIF_UART_EnableTXEInterrupt	0	static
D:/Documents/FreeRTOS/RTOS_Workspace/STM32H743VI/STM32H743VI_WorkSpace/Common/ThirdParty/SEGGER/Recorder/segger_uart.c:237:6:HIF_UART_Init	4	static,ignoring_inline_asm
D:/Documents/FreeRTOS/RTOS_Workspace/STM32H743VI/STM32H743VI_WorkSpace/Common/ThirdParty/SEGGER/Recorder/segger_uart.c:158:6:SEGGER_UART_init	8	static
