../Core/Src/main.c:73:5:main	56	static,ignoring_inline_asm
../Core/Src/main.c:153:6:SystemClock_Config	120	static
../Core/Src/main.c:209:13:MX_FDCAN2_Init	8	static
../Core/Src/main.c:262:13:MX_USART2_UART_Init	8	static
../Core/Src/main.c:310:13:MX_USB_OTG_FS_HCD_Init	8	static
../Core/Src/main.c:341:13:MX_GPIO_Init	48	static
../Core/Src/main.c:364:13:Task_GreenLED_Handler	16	static,ignoring_inline_asm
../Core/Src/main.c:384:13:Task_RedLED_Handler	16	static,ignoring_inline_asm
../Core/Src/main.c:404:13:Task_BlueLED_Handler	16	static,ignoring_inline_asm
../Core/Src/main.c:434:6:HAL_TIM_PeriodElapsedCallback	16	static
../Core/Src/main.c:451:6:Error_Handler	4	static,ignoring_inline_asm
