../Core/Src/main.c:72:5:main	48	static,ignoring_inline_asm
../Core/Src/main.c:151:6:SystemClock_Config	128	static
../Core/Src/main.c:215:13:MX_FDCAN2_Init	8	static
../Core/Src/main.c:268:13:MX_USB_OTG_FS_HCD_Init	8	static
../Core/Src/main.c:299:13:MX_GPIO_Init	48	static
../Core/Src/main.c:332:13:Task_GreenLED_Handler	16	static,ignoring_inline_asm
../Core/Src/main.c:352:13:Task_RedLED_Handler	16	static,ignoring_inline_asm
../Core/Src/main.c:372:13:Task_BlueLED_Handler	16	static,ignoring_inline_asm
../Core/Src/main.c:402:6:HAL_TIM_PeriodElapsedCallback	16	static
../Core/Src/main.c:419:6:Error_Handler	4	static,ignoring_inline_asm
