Archive member included to satisfy reference by file (symbol)

c:/st/stm32cubeide_1.9.0/stm32cubeide/plugins/com.st.stm32cube.ide.mcu.externaltools.gnu-tools-for-stm32.10.3-2021.10.win32_1.0.0.202111181127/tools/bin/../lib/gcc/arm-none-eabi/10.3.1/../../../../arm-none-eabi/lib/thumb/v7e-m+dp/hard\libc_nano.a(lib_a-exit.o)
                              c:/st/stm32cubeide_1.9.0/stm32cubeide/plugins/com.st.stm32cube.ide.mcu.externaltools.gnu-tools-for-stm32.10.3-2021.10.win32_1.0.0.202111181127/tools/bin/../lib/gcc/arm-none-eabi/10.3.1/../../../../arm-none-eabi/lib/thumb/v7e-m+dp/hard/crt0.o (exit)
c:/st/stm32cubeide_1.9.0/stm32cubeide/plugins/com.st.stm32cube.ide.mcu.externaltools.gnu-tools-for-stm32.10.3-2021.10.win32_1.0.0.202111181127/tools/bin/../lib/gcc/arm-none-eabi/10.3.1/../../../../arm-none-eabi/lib/thumb/v7e-m+dp/hard\libc_nano.a(lib_a-impure.o)
                              c:/st/stm32cubeide_1.9.0/stm32cubeide/plugins/com.st.stm32cube.ide.mcu.externaltools.gnu-tools-for-stm32.10.3-2021.10.win32_1.0.0.202111181127/tools/bin/../lib/gcc/arm-none-eabi/10.3.1/../../../../arm-none-eabi/lib/thumb/v7e-m+dp/hard\libc_nano.a(lib_a-exit.o) (_global_impure_ptr)
c:/st/stm32cubeide_1.9.0/stm32cubeide/plugins/com.st.stm32cube.ide.mcu.externaltools.gnu-tools-for-stm32.10.3-2021.10.win32_1.0.0.202111181127/tools/bin/../lib/gcc/arm-none-eabi/10.3.1/../../../../arm-none-eabi/lib/thumb/v7e-m+dp/hard\libc_nano.a(lib_a-init.o)
                              c:/st/stm32cubeide_1.9.0/stm32cubeide/plugins/com.st.stm32cube.ide.mcu.externaltools.gnu-tools-for-stm32.10.3-2021.10.win32_1.0.0.202111181127/tools/bin/../lib/gcc/arm-none-eabi/10.3.1/../../../../arm-none-eabi/lib/thumb/v7e-m+dp/hard/crt0.o (__libc_init_array)
c:/st/stm32cubeide_1.9.0/stm32cubeide/plugins/com.st.stm32cube.ide.mcu.externaltools.gnu-tools-for-stm32.10.3-2021.10.win32_1.0.0.202111181127/tools/bin/../lib/gcc/arm-none-eabi/10.3.1/../../../../arm-none-eabi/lib/thumb/v7e-m+dp/hard\libc_nano.a(lib_a-memcmp.o)
                              ./Common/ThirdParty/SEGGER/OS/SEGGER_SYSVIEW_FreeRTOS.o (memcmp)
c:/st/stm32cubeide_1.9.0/stm32cubeide/plugins/com.st.stm32cube.ide.mcu.externaltools.gnu-tools-for-stm32.10.3-2021.10.win32_1.0.0.202111181127/tools/bin/../lib/gcc/arm-none-eabi/10.3.1/../../../../arm-none-eabi/lib/thumb/v7e-m+dp/hard\libc_nano.a(lib_a-memcpy-stub.o)
                              ./Common/ThirdParty/FreeRTOS/queue.o (memcpy)
c:/st/stm32cubeide_1.9.0/stm32cubeide/plugins/com.st.stm32cube.ide.mcu.externaltools.gnu-tools-for-stm32.10.3-2021.10.win32_1.0.0.202111181127/tools/bin/../lib/gcc/arm-none-eabi/10.3.1/../../../../arm-none-eabi/lib/thumb/v7e-m+dp/hard\libc_nano.a(lib_a-memset.o)
                              c:/st/stm32cubeide_1.9.0/stm32cubeide/plugins/com.st.stm32cube.ide.mcu.externaltools.gnu-tools-for-stm32.10.3-2021.10.win32_1.0.0.202111181127/tools/bin/../lib/gcc/arm-none-eabi/10.3.1/../../../../arm-none-eabi/lib/thumb/v7e-m+dp/hard/crt0.o (memset)
c:/st/stm32cubeide_1.9.0/stm32cubeide/plugins/com.st.stm32cube.ide.mcu.externaltools.gnu-tools-for-stm32.10.3-2021.10.win32_1.0.0.202111181127/tools/bin/../lib/gcc/arm-none-eabi/10.3.1/../../../../arm-none-eabi/lib/thumb/v7e-m+dp/hard\libc_nano.a(lib_a-strlen.o)
                              ./Common/ThirdParty/SEGGER/SEGGER/SEGGER_RTT.o (strlen)
c:/st/stm32cubeide_1.9.0/stm32cubeide/plugins/com.st.stm32cube.ide.mcu.externaltools.gnu-tools-for-stm32.10.3-2021.10.win32_1.0.0.202111181127/tools/bin/../lib/gcc/arm-none-eabi/10.3.1/thumb/v7e-m+dp/hard\libgcc.a(_aeabi_uldivmod.o)
                              ./Drivers/STM32H7xx_HAL_Driver/Src/stm32h7xx_hal_uart.o (__aeabi_uldivmod)
c:/st/stm32cubeide_1.9.0/stm32cubeide/plugins/com.st.stm32cube.ide.mcu.externaltools.gnu-tools-for-stm32.10.3-2021.10.win32_1.0.0.202111181127/tools/bin/../lib/gcc/arm-none-eabi/10.3.1/thumb/v7e-m+dp/hard\libgcc.a(_udivmoddi4.o)
                              c:/st/stm32cubeide_1.9.0/stm32cubeide/plugins/com.st.stm32cube.ide.mcu.externaltools.gnu-tools-for-stm32.10.3-2021.10.win32_1.0.0.202111181127/tools/bin/../lib/gcc/arm-none-eabi/10.3.1/thumb/v7e-m+dp/hard\libgcc.a(_aeabi_uldivmod.o) (__udivmoddi4)
c:/st/stm32cubeide_1.9.0/stm32cubeide/plugins/com.st.stm32cube.ide.mcu.externaltools.gnu-tools-for-stm32.10.3-2021.10.win32_1.0.0.202111181127/tools/bin/../lib/gcc/arm-none-eabi/10.3.1/thumb/v7e-m+dp/hard\libgcc.a(_dvmd_tls.o)
                              c:/st/stm32cubeide_1.9.0/stm32cubeide/plugins/com.st.stm32cube.ide.mcu.externaltools.gnu-tools-for-stm32.10.3-2021.10.win32_1.0.0.202111181127/tools/bin/../lib/gcc/arm-none-eabi/10.3.1/thumb/v7e-m+dp/hard\libgcc.a(_aeabi_uldivmod.o) (__aeabi_ldiv0)
c:/st/stm32cubeide_1.9.0/stm32cubeide/plugins/com.st.stm32cube.ide.mcu.externaltools.gnu-tools-for-stm32.10.3-2021.10.win32_1.0.0.202111181127/tools/bin/../lib/gcc/arm-none-eabi/10.3.1/../../../../arm-none-eabi/lib/thumb/v7e-m+dp/hard\libnosys.a(_exit.o)
[...]
Memory Configuration

Name             Origin             Length             Attributes
FLASH            0x0000000008000000 0x0000000000200000 xr
DTCMRAM          0x0000000020000000 0x0000000000020000 xrw
RAM_D1           0x0000000024000000 0x0000000000080000 xrw
RAM_D2           0x0000000030000000 0x0000000000048000 xrw
RAM_D3           0x0000000038000000 0x0000000000010000 xrw
ITCMRAM          0x0000000000000000 0x0000000000010000 xrw
*default*        0x0000000000000000 0xffffffffffffffff

Linker script and memory map

LOAD c:/st/stm32cubeide_1.9.0/stm32cubeide/plugins/com.st.stm32cube.ide.mcu.externaltools.gnu-tools-for-stm32.10.3-2021.10.win32_1.0.0.202111181127/tools/bin/../lib/gcc/arm-none-eabi/10.3.1/thumb/v7e-m+dp/hard/crti.o
LOAD c:/st/stm32cubeide_1.9.0/stm32cubeide/plugins/com.st.stm32cube.ide.mcu.externaltools.gnu-tools-for-stm32.10.3-2021.10.win32_1.0.0.202111181127/tools/bin/../lib/gcc/arm-none-eabi/10.3.1/thumb/v7e-m+dp/hard/crtbegin.o
LOAD c:/st/stm32cubeide_1.9.0/stm32cubeide/plugins/com.st.stm32cube.ide.mcu.externaltools.gnu-tools-for-stm32.10.3-2021.10.win32_1.0.0.202111181127/tools/bin/../lib/gcc/arm-none-eabi/10.3.1/../../../../arm-none-eabi/lib/thumb/v7e-m+dp/hard/crt0.o
LOAD ./Common/ThirdParty/FreeRTOS/croutine.o
LOAD ./Common/ThirdParty/FreeRTOS/event_groups.o
LOAD ./Common/ThirdParty/FreeRTOS/list.o
LOAD ./Common/ThirdParty/FreeRTOS/queue.o
LOAD ./Common/ThirdParty/FreeRTOS/stream_buffer.o
LOAD ./Common/ThirdParty/FreeRTOS/tasks.o
LOAD ./Common/ThirdParty/FreeRTOS/timers.o
LOAD ./Common/ThirdParty/FreeRTOS/portable/GCC/ARM_CM7/r0p1/port.o
LOAD ./Common/ThirdParty/FreeRTOS/portable/MemMang/heap_4.o
LOAD ./Common/ThirdParty/SEGGER/Config/SEGGER_SYSVIEW_Config_FreeRTOS.o
LOAD ./Common/ThirdParty/SEGGER/OS/SEGGER_SYSVIEW_FreeRTOS.o
LOAD ./Common/ThirdParty/SEGGER/Recorder/segger_uart.o
LOAD ./Common/ThirdParty/SEGGER/SEGGER/SEGGER_RTT.o
LOAD ./Common/ThirdParty/SEGGER/SEGGER/SEGGER_RTT_ASM_ARMv7M.o
LOAD ./Common/ThirdParty/SEGGER/SEGGER/SEGGER_RTT_printf.o
LOAD ./Common/ThirdParty/SEGGER/SEGGER/SEGGER_SYSVIEW.o
LOAD ./Common/ThirdParty/SEGGER/SEGGER/Syscalls/SEGGER_RTT_Syscalls_GCC.o
LOAD ./Core/Src/main.o
LOAD ./Core/Src/stm32h7xx_hal_msp.o
LOAD ./Core/Src/stm32h7xx_hal_timebase_tim.o
LOAD ./Core/Src/stm32h7xx_it.o
LOAD ./Core/Src/system_stm32h7xx.o
LOAD ./Core/Startup/startup_stm32h743vitx.o
LOAD ./Drivers/STM32H7xx_HAL_Driver/Src/stm32h7xx_hal.o
LOAD ./Drivers/STM32H7xx_HAL_Driver/Src/stm32h7xx_hal_cortex.o
LOAD ./Drivers/STM32H7xx_HAL_Driver/Src/stm32h7xx_hal_dma.o
LOAD ./Drivers/STM32H7xx_HAL_Driver/Src/stm32h7xx_hal_dma_ex.o
LOAD ./Drivers/STM32H7xx_HAL_Driver/Src/stm32h7xx_hal_exti.o
LOAD ./Drivers/STM32H7xx_HAL_Driver/Src/stm32h7xx_hal_fdcan.o
LOAD ./Drivers/STM32H7xx_HAL_Driver/Src/stm32h7xx_hal_flash.o
LOAD ./Drivers/STM32H7xx_HAL_Driver/Src/stm32h7xx_hal_flash_ex.o
LOAD ./Drivers/STM32H7xx_HAL_Driver/Src/stm32h7xx_hal_gpio.o
LOAD ./Drivers/STM32H7xx_HAL_Driver/Src/stm32h7xx_hal_hcd.o
LOAD ./Drivers/STM32H7xx_HAL_Driver/Src/stm32h7xx_hal_hsem.o
LOAD ./Drivers/STM32H7xx_HAL_Driver/Src/stm32h7xx_hal_i2c.o
LOAD ./Drivers/STM32H7xx_HAL_Driver/Src/stm32h7xx_hal_i2c_ex.o
LOAD ./Drivers/STM32H7xx_HAL_Driver/Src/stm32h7xx_hal_mdma.o
LOAD ./Drivers/STM32H7xx_HAL_Driver/Src/stm32h7xx_hal_pwr.o
LOAD ./Drivers/STM32H7xx_HAL_Driver/Src/stm32h7xx_hal_pwr_ex.o
LOAD ./Drivers/STM32H7xx_HAL_Driver/Src/stm32h7xx_hal_rcc.o
LOAD ./Drivers/STM32H7xx_HAL_Driver/Src/stm32h7xx_hal_rcc_ex.o
LOAD ./Drivers/STM32H7xx_HAL_Driver/Src/stm32h7xx_hal_tim.o
LOAD ./Drivers/STM32H7xx_HAL_Driver/Src/stm32h7xx_hal_tim_ex.o
LOAD ./Drivers/STM32H7xx_HAL_Driver/Src/stm32h7xx_hal_uart.o
LOAD ./Drivers/STM32H7xx_HAL_Driver/Src/stm32h7xx_hal_uart_ex.o
LOAD ./Drivers/STM32H7xx_HAL_Driver/Src/stm32h7xx_ll_usb.o
START GROUP
LOAD c:/st/stm32cubeide_1.9.0/stm32cubeide/plugins/com.st.stm32cube.ide.mcu.externaltools.gnu-tools-for-stm32.10.3-2021.10.win32_1.0.0.202111181127/tools/bin/../lib/gcc/arm-none-eabi/10.3.1/../../../../arm-none-eabi/lib/thumb/v7e-m+dp/hard\libc_nano.a
LOAD c:/st/stm32cubeide_1.9.0/stm32cubeide/plugins/com.st.stm32cube.ide.mcu.externaltools.gnu-tools-for-stm32.10.3-2021.10.win32_1.0.0.202111181127/tools/bin/../lib/gcc/arm-none-eabi/10.3.1/../../../../arm-none-eabi/lib/thumb/v7e-m+dp/hard\libm.a
END GROUP
START GROUP
LOAD c:/st/stm32cubeide_1.9.0/stm32cubeide/plugins/com.st.stm32cube.ide.mcu.externaltools.gnu-tools-for-stm32.10.3-2021.10.win32_1.0.0.202111181127/tools/bin/../lib/gcc/arm-none-eabi/10.3.1/thumb/v7e-m+dp/hard\libgcc.a
LOAD c:/st/stm32cubeide_1.9.0/stm32cubeide/plugins/com.st.stm32cube.ide.mcu.externaltools.gnu-tools-for-stm32.10.3-2021.10.win32_1.0.0.202111181127/tools/bin/../lib/gcc/arm-none-eabi/10.3.1/../../../../arm-none-eabi/lib/thumb/v7e-m+dp/hard\libc_nano.a
END GROUP
START GROUP
LOAD c:/st/stm32cubeide_1.9.0/stm32cubeide/plugins/com.st.stm32cube.ide.mcu.externaltools.gnu-tools-for-stm32.10.3-2021.10.win32_1.0.0.202111181127/tools/bin/../lib/gcc/arm-none-eabi/10.3.1/thumb/v7e-m+dp/hard\libgcc.a
LOAD c:/st/stm32cubeide_1.9.0/stm32cubeide/plugins/com.st.stm32cube.ide.mcu.externaltools.gnu-tools-for-stm32.10.3-2021.10.win32_1.0.0.202111181127/tools/bin/../lib/gcc/arm-none-eabi/10.3.1/../../../../arm-none-eabi/lib/thumb/v7e-m+dp/hard\libc_nano.a
LOAD c:/st/stm32cubeide_1.9.0/stm32cubeide/plugins/com.st.stm32cube.ide.mcu.externaltools.gnu-tools-for-stm32.10.3-2021.10.win32_1.0.0.202111181127/tools/bin/../lib/gcc/arm-none-eabi/10.3.1/../../../../arm-none-eabi/lib/thumb/v7e-m+dp/hard\libnosys.a
END GROUP
START GROUP
LOAD c:/st/stm32cubeide_1.9.0/stm32cubeide/plugins/com.st.stm32cube.ide.mcu.externaltools.gnu-tools-for-stm32.10.3-2021.10.win32_1.0.0.202111181127/tools/bin/../lib/gcc/arm-none-eabi/10.3.1/thumb/v7e-m+dp/hard\libgcc.a
LOAD c:/st/stm32cubeide_1.9.0/stm32cubeide/plugins/com.st.stm32cube.ide.mcu.externaltools.gnu-tools-for-stm32.10.3-2021.10.win32_1.0.0.202111181127/tools/bin/../lib/gcc/arm-none-eabi/10.3.1/../../../../arm-none-eabi/lib/thumb/v7e-m+dp/hard\libc_nano.a
LOAD c:/st/stm32cubeide_1.9.0/stm32cubeide/plugins/com.st.stm32cube.ide.mcu.externaltools.gnu-tools-for-stm32.10.3-2021.10.win32_1.0.0.202111181127/tools/bin/../lib/gcc/arm-none-eabi/10.3.1/../../../../arm-none-eabi/lib/thumb/v7e-m+dp/hard\libnosys.a
END GROUP
LOAD c:/st/stm32cubeide_1.9.0/stm32cubeide/plugins/com.st.stm32cube.ide.mcu.externaltools.gnu-tools-for-stm32.10.3-2021.10.win32_1.0.0.202111181127/tools/bin/../lib/gcc/arm-none-eabi/10.3.1/thumb/v7e-m+dp/hard/crtend.o
LOAD c:/st/stm32cubeide_1.9.0/stm32cubeide/plugins/com.st.stm32cube.ide.mcu.externaltools.gnu-tools-for-stm32.10.3-2021.10.win32_1.0.0.202111181127/tools/bin/../lib/gcc/arm-none-eabi/10.3.1/thumb/v7e-m+dp/hard/crtn.o
                0x0000000024080000                _estack = (ORIGIN (RAM_D1) + LENGTH (RAM_D1))
                0x0000000000000200                _Min_Heap_Size = 0x200
                0x0000000000000400                _Min_Stack_Size = 0x400

.isr_vector     0x0000000008000000      0x298
                0x0000000008000000                . = ALIGN (0x4)
 *(.isr_vector)
 .isr_vector    0x0000000008000000      0x298 ./Core/Startup/startup_stm32h743vitx.o
                0x0000000008000000                g_pfnVectors
                0x0000000008000298                . = ALIGN (0x4)

.text           0x00000000080002a0     0x66a4
                0x00000000080002a0                . = ALIGN (0x4)
 *(.text)
 .text          0x00000000080002a0       0x40 c:/st/stm32cubeide_1.9.0/stm32cubeide/plugins/com.st.stm32cube.ide.mcu.externaltools.gnu-tools-for-stm32.10.3-2021.10.win32_1.0.0.202111181127/tools/bin/../lib/gcc/arm-none-eabi/10.3.1/thumb/v7e-m+dp/hard/crtbegin.o
 .text          0x00000000080002e0       0x94 ./Common/ThirdParty/SEGGER/SEGGER/SEGGER_RTT_ASM_ARMv7M.o
                0x00000000080002e0                SEGGER_RTT_ASM_WriteSkipNoLock
 .text          0x0000000008000374       0x30 c:/st/stm32cubeide_1.9.0/stm32cubeide/plugins/com.st.stm32cube.ide.mcu.externaltools.gnu-tools-for-stm32.10.3-2021.10.win32_1.0.0.202111181127/tools/bin/../lib/gcc/arm-none-eabi/10.3.1/thumb/v7e-m+dp/hard\libgcc.a(_aeabi_uldivmod.o)
                0x0000000008000374                __aeabi_uldivmod
 .text          0x00000000080003a4      0x2d0 c:/st/stm32cubeide_1.9.0/stm32cubeide/plugins/com.st.stm32cube.ide.mcu.externaltools.gnu-tools-for-stm32.10.3-2021.10.win32_1.0.0.202111181127/tools/bin/../lib/gcc/arm-none-eabi/10.3.1/thumb/v7e-m+dp/hard\libgcc.a(_udivmoddi4.o)
                0x00000000080003a4                __udivmoddi4
 .text          0x0000000008000674        0x4 c:/st/stm32cubeide_1.9.0/stm32cubeide/plugins/com.st.stm32cube.ide.mcu.externaltools.gnu-tools-for-stm32.10.3-2021.10.win32_1.0.0.202111181127/tools/bin/../lib/gcc/arm-none-eabi/10.3.1/thumb/v7e-m+dp/hard\libgcc.a(_dvmd_tls.o)
                0x0000000008000674                __aeabi_idiv0
                0x0000000008000674                __aeabi_ldiv0
 *(.text*)
 .text.vListInitialise
                0x0000000008000678       0x16 ./Common/ThirdParty/FreeRTOS/list.o
                0x0000000008000678                vListInitialise
 .text.vListInitialiseItem
                0x000000000800068e        0x6 ./Common/ThirdParty/FreeRTOS/list.o
                0x000000000800068e                vListInitialiseItem
 .text.vListInsertEnd
                0x0000000008000694       0x16 ./Common/ThirdParty/FreeRTOS/list.o
                0x0000000008000694                vListInsertEnd
 .text.vListInsert
                0x00000000080006aa       0x32 ./Common/ThirdParty/FreeRTOS/list.o
                0x00000000080006aa                vListInsert
 .text.uxListRemove
                0x00000000080006dc       0x26 ./Common/ThirdParty/FreeRTOS/list.o
                0x00000000080006dc                uxListRemove
 *fill*         0x0000000008000702        0x2 
 .text.prvResetNextTaskUnblockTime
                0x0000000008000704       0x28 ./Common/ThirdParty/FreeRTOS/tasks.o
 .text.prvDeleteTCB
                0x000000000800072c       0x12 ./Common/ThirdParty/FreeRTOS/tasks.o
 .text.prvInitialiseNewTask
                0x000000000800073e       0xa6 ./Common/ThirdParty/FreeRTOS/tasks.o
 .text.prvInitialiseTaskLists
                0x00000000080007e4       0x68 ./Common/ThirdParty/FreeRTOS/tasks.o
 .text.prvAddNewTaskToReadyList
                0x000000000800084c       0xb4 ./Common/ThirdParty/FreeRTOS/tasks.o
 .text.prvCheckTasksWaitingTermination
                0x0000000008000900       0x4c ./Common/ThirdParty/FreeRTOS/tasks.o
 .text.prvIdleTask
                0x000000000800094c       0x1c ./Common/ThirdParty/FreeRTOS/tasks.o
 .text.prvAddCurrentTaskToDelayedList
                0x0000000008000968       0xb8 ./Common/ThirdParty/FreeRTOS/tasks.o
 .text.xTaskCreate
                0x0000000008000a20       0x64 ./Common/ThirdParty/FreeRTOS/tasks.o
                0x0000000008000a20                xTaskCreate
 .text.vTaskStartScheduler
                0x0000000008000a84       0xa8 ./Common/ThirdParty/FreeRTOS/tasks.o
                0x0000000008000a84                vTaskStartScheduler
 .text.vTaskSuspendAll
                0x0000000008000b2c       0x10 ./Common/ThirdParty/FreeRTOS/tasks.o
                0x0000000008000b2c                vTaskSuspendAll
 .text.xTaskGetTickCountFromISR
                0x0000000008000b3c       0x10 ./Common/ThirdParty/FreeRTOS/tasks.o
                0x0000000008000b3c                xTaskGetTickCountFromISR
 .text.xTaskIncrementTick
                0x0000000008000b4c       0xec ./Common/ThirdParty/FreeRTOS/tasks.o
                0x0000000008000b4c                xTaskIncrementTick
 .text.xTaskResumeAll
                0x0000000008000c38       0xe0 ./Common/ThirdParty/FreeRTOS/tasks.o
                0x0000000008000c38                xTaskResumeAll
 .text.vTaskDelay
                0x0000000008000d18       0x58 ./Common/ThirdParty/FreeRTOS/tasks.o
                0x0000000008000d18                vTaskDelay
 .text.vTaskSwitchContext
                0x0000000008000d70       0xb8 ./Common/ThirdParty/FreeRTOS/tasks.o
                0x0000000008000d70                vTaskSwitchContext
 .text.prvTaskExitError
                0x0000000008000e28       0x48 ./Common/ThirdParty/FreeRTOS/portable/GCC/ARM_CM7/r0p1/port.o
 .text.prvPortStartFirstTask
                0x0000000008000e70       0x28 ./Common/ThirdParty/FreeRTOS/portable/GCC/ARM_CM7/r0p1/port.o
 .text.vPortEnableVFP
                0x0000000008000e98       0x14 ./Common/ThirdParty/FreeRTOS/portable/GCC/ARM_CM7/r0p1/port.o
 .text.pxPortInitialiseStack
                0x0000000008000eac       0x2c ./Common/ThirdParty/FreeRTOS/portable/GCC/ARM_CM7/r0p1/port.o
                0x0000000008000eac                pxPortInitialiseStack
 *fill*         0x0000000008000ed8        0x8 
 .text.SVC_Handler
                0x0000000008000ee0       0x24 ./Common/ThirdParty/FreeRTOS/portable/GCC/ARM_CM7/r0p1/port.o
                0x0000000008000ee0                SVC_Handler
 .text.vPortEnterCritical
                0x0000000008000f04       0x4c ./Common/ThirdParty/FreeRTOS/portable/GCC/ARM_CM7/r0p1/port.o
                0x0000000008000f04                vPortEnterCritical
 .text.vPortExitCritical
                0x0000000008000f50       0x30 ./Common/ThirdParty/FreeRTOS/portable/GCC/ARM_CM7/r0p1/port.o
                0x0000000008000f50                vPortExitCritical
 .text.PendSV_Handler
                0x0000000008000f80       0x64 ./Common/ThirdParty/FreeRTOS/portable/GCC/ARM_CM7/r0p1/port.o
                0x0000000008000f80                PendSV_Handler
 .text.SysTick_Handler
                0x0000000008000fe4       0x30 ./Common/ThirdParty/FreeRTOS/portable/GCC/ARM_CM7/r0p1/port.o
                0x0000000008000fe4                SysTick_Handler
 .text.vPortSetupTimerInterrupt
                0x0000000008001014       0x28 ./Common/ThirdParty/FreeRTOS/portable/GCC/ARM_CM7/r0p1/port.o
                0x0000000008001014                vPortSetupTimerInterrupt
 .text.xPortStartScheduler
                0x000000000800103c       0xd4 ./Common/ThirdParty/FreeRTOS/portable/GCC/ARM_CM7/r0p1/port.o
                0x000000000800103c                xPortStartScheduler
 .text.vPortValidateInterruptPriority
                0x0000000008001110       0x64 ./Common/ThirdParty/FreeRTOS/portable/GCC/ARM_CM7/r0p1/port.o
                0x0000000008001110                vPortValidateInterruptPriority
 .text.prvHeapInit
                0x0000000008001174       0x64 ./Common/ThirdParty/FreeRTOS/portable/MemMang/heap_4.o
 .text.prvInsertBlockIntoFreeList
                0x00000000080011d8       0x64 ./Common/ThirdParty/FreeRTOS/portable/MemMang/heap_4.o
 .text.pvPortMalloc
                0x000000000800123c      0x118 ./Common/ThirdParty/FreeRTOS/portable/MemMang/heap_4.o
                0x000000000800123c                pvPortMalloc
 .text.vPortFree
                0x0000000008001354       0x84 ./Common/ThirdParty/FreeRTOS/portable/MemMang/heap_4.o
                0x0000000008001354                vPortFree
 .text._cbSendSystemDesc
                0x00000000080013d8       0x18 ./Common/ThirdParty/SEGGER/Config/SEGGER_SYSVIEW_Config_FreeRTOS.o
 .text.SEGGER_SYSVIEW_Conf
                0x00000000080013f0       0x28 ./Common/ThirdParty/SEGGER/Config/SEGGER_SYSVIEW_Config_FreeRTOS.o
                0x00000000080013f0                SEGGER_SYSVIEW_Conf
 .text._cbGetTime
                0x0000000008001418       0x28 ./Common/ThirdParty/SEGGER/OS/SEGGER_SYSVIEW_FreeRTOS.o
 .text.SYSVIEW_SendTaskInfo
                0x0000000008001440       0x26 ./Common/ThirdParty/SEGGER/OS/SEGGER_SYSVIEW_FreeRTOS.o
                0x0000000008001440                SYSVIEW_SendTaskInfo
 *fill*         0x0000000008001466        0x2 
 .text.SYSVIEW_AddTask
                0x0000000008001468       0x6c ./Common/ThirdParty/SEGGER/OS/SEGGER_SYSVIEW_FreeRTOS.o
                0x0000000008001468                SYSVIEW_AddTask
 .text._cbSendTaskList
                0x00000000080014d4       0x38 ./Common/ThirdParty/SEGGER/OS/SEGGER_SYSVIEW_FreeRTOS.o
 .text._StartSysView
                0x000000000800150c       0x10 ./Common/ThirdParty/SEGGER/Recorder/segger_uart.o
 .text._cbOnUARTRx
                0x000000000800151c       0x34 ./Common/ThirdParty/SEGGER/Recorder/segger_uart.o
 .text._cbOnUARTTx
                0x0000000008001550       0x38 ./Common/ThirdParty/SEGGER/Recorder/segger_uart.o
 .text.USART2_IRQHandler
                0x0000000008001588       0x6c ./Common/ThirdParty/SEGGER/Recorder/segger_uart.o
                0x0000000008001588                USART2_IRQHandler
 .text.HIF_UART_EnableTXEInterrupt
                0x00000000080015f4       0x12 ./Common/ThirdParty/SEGGER/Recorder/segger_uart.o
                0x00000000080015f4                HIF_UART_EnableTXEInterrupt
 *fill*         0x0000000008001606        0x2 
 .text.HIF_UART_Init
                0x0000000008001608       0xa4 ./Common/ThirdParty/SEGGER/Recorder/segger_uart.o
                0x0000000008001608                HIF_UART_Init
 .text.SEGGER_UART_init
                0x00000000080016ac       0x14 ./Common/ThirdParty/SEGGER/Recorder/segger_uart.o
                0x00000000080016ac                SEGGER_UART_init
 .text._GetAvailWriteSpace
                0x00000000080016c0       0x18 ./Common/ThirdParty/SEGGER/SEGGER/SEGGER_RTT.o
 .text._WriteNoCheck
                0x00000000080016d8       0x4c ./Common/ThirdParty/SEGGER/SEGGER/SEGGER_RTT.o
 .text._WriteBlocking
                0x0000000008001724       0x62 ./Common/ThirdParty/SEGGER/SEGGER/SEGGER_RTT.o
 *fill*         0x0000000008001786        0x2 
 .text._DoInit  0x0000000008001788       0x70 ./Common/ThirdParty/SEGGER/SEGGER/SEGGER_RTT.o
 .text.SEGGER_RTT_ReadUpBufferNoLock
                0x00000000080017f8       0xac ./Common/ThirdParty/SEGGER/SEGGER/SEGGER_RTT.o
                0x00000000080017f8                SEGGER_RTT_ReadUpBufferNoLock
 .text.SEGGER_RTT_ReadNoLock
                0x00000000080018a4       0xa0 ./Common/ThirdParty/SEGGER/SEGGER/SEGGER_RTT.o
                0x00000000080018a4                SEGGER_RTT_ReadNoLock
 .text.SEGGER_RTT_WriteDownBufferNoLock
                0x0000000008001944       0x64 ./Common/ThirdParty/SEGGER/SEGGER/SEGGER_RTT.o
                0x0000000008001944                SEGGER_RTT_WriteDownBufferNoLock
 .text.SEGGER_RTT_WriteDownBuffer
                0x00000000080019a8       0x34 ./Common/ThirdParty/SEGGER/SEGGER/SEGGER_RTT.o
                0x00000000080019a8                SEGGER_RTT_WriteDownBuffer
 .text.SEGGER_RTT_AllocUpBuffer
                0x00000000080019dc       0x8c ./Common/ThirdParty/SEGGER/SEGGER/SEGGER_RTT.o
                0x00000000080019dc                SEGGER_RTT_AllocUpBuffer
 .text.SEGGER_RTT_ConfigDownBuffer
                0x0000000008001a68       0x68 ./Common/ThirdParty/SEGGER/SEGGER/SEGGER_RTT.o
                0x0000000008001a68                SEGGER_RTT_ConfigDownBuffer
 .text._EncodeStr
                0x0000000008001ad0       0x6c ./Common/ThirdParty/SEGGER/SEGGER/SEGGER_SYSVIEW.o
 .text._PreparePacket
                0x0000000008001b3c        0x4 ./Common/ThirdParty/SEGGER/SEGGER/SEGGER_SYSVIEW.o
 .text._TrySendOverflowPacket
                0x0000000008001b40       0x7c ./Common/ThirdParty/SEGGER/SEGGER/SEGGER_SYSVIEW.o
 .text.SEGGER_SYSVIEW_Init
                0x0000000008001bbc       0x6c ./Common/ThirdParty/SEGGER/SEGGER/SEGGER_SYSVIEW.o
                0x0000000008001bbc                SEGGER_SYSVIEW_Init
 .text.SEGGER_SYSVIEW_SetRAMBase
                0x0000000008001c28        0xc ./Common/ThirdParty/SEGGER/SEGGER/SEGGER_SYSVIEW.o
                0x0000000008001c28                SEGGER_SYSVIEW_SetRAMBase
 .text.SEGGER_SYSVIEW_SendTaskList
                0x0000000008001c34       0x14 ./Common/ThirdParty/SEGGER/SEGGER/SEGGER_SYSVIEW.o
                0x0000000008001c34                SEGGER_SYSVIEW_SendTaskList
 .text.SEGGER_SYSVIEW_SendModuleDescription
                0x0000000008001c48       0x20 ./Common/ThirdParty/SEGGER/SEGGER/SEGGER_SYSVIEW.o
                0x0000000008001c48                SEGGER_SYSVIEW_SendModuleDescription
 .text.SEGGER_SYSVIEW_SendNumModules
                0x0000000008001c68       0x44 ./Common/ThirdParty/SEGGER/SEGGER/SEGGER_SYSVIEW.o
                0x0000000008001c68                SEGGER_SYSVIEW_SendNumModules
 .text.SEGGER_SYSVIEW_Start
                0x0000000008001cac       0xb8 ./Common/ThirdParty/SEGGER/SEGGER/SEGGER_SYSVIEW.o
                0x0000000008001cac                SEGGER_SYSVIEW_Start
 .text._HandleIncomingPacket
                0x0000000008001d64       0xa0 ./Common/ThirdParty/SEGGER/SEGGER/SEGGER_SYSVIEW.o
 .text._SendPacket
                0x0000000008001e04      0x100 ./Common/ThirdParty/SEGGER/SEGGER/SEGGER_SYSVIEW.o
 .text.SEGGER_SYSVIEW_RecordVoid
                0x0000000008001f04       0x28 ./Common/ThirdParty/SEGGER/SEGGER/SEGGER_SYSVIEW.o
                0x0000000008001f04                SEGGER_SYSVIEW_RecordVoid
 .text.SEGGER_SYSVIEW_RecordU32
                0x0000000008001f2c       0x40 ./Common/ThirdParty/SEGGER/SEGGER/SEGGER_SYSVIEW.o
                0x0000000008001f2c                SEGGER_SYSVIEW_RecordU32
 .text.SEGGER_SYSVIEW_RecordU32x2
                0x0000000008001f6c       0x54 ./Common/ThirdParty/SEGGER/SEGGER/SEGGER_SYSVIEW.o
                0x0000000008001f6c                SEGGER_SYSVIEW_RecordU32x2
 .text.SEGGER_SYSVIEW_RecordSystime
                0x0000000008001fc0       0x30 ./Common/ThirdParty/SEGGER/SEGGER/SEGGER_SYSVIEW.o
                0x0000000008001fc0                SEGGER_SYSVIEW_RecordSystime
 .text.SEGGER_SYSVIEW_Stop
                0x0000000008001ff0       0x38 ./Common/ThirdParty/SEGGER/SEGGER/SEGGER_SYSVIEW.o
                0x0000000008001ff0                SEGGER_SYSVIEW_Stop
 .text.SEGGER_SYSVIEW_GetSysDesc
                0x0000000008002028       0x80 ./Common/ThirdParty/SEGGER/SEGGER/SEGGER_SYSVIEW.o
                0x0000000008002028                SEGGER_SYSVIEW_GetSysDesc
 .text.SEGGER_SYSVIEW_SendTaskInfo
                0x00000000080020a8       0xc4 ./Common/ThirdParty/SEGGER/SEGGER/SEGGER_SYSVIEW.o
                0x00000000080020a8                SEGGER_SYSVIEW_SendTaskInfo
 .text.SEGGER_SYSVIEW_SendSysDesc
                0x000000000800216c       0x34 ./Common/ThirdParty/SEGGER/SEGGER/SEGGER_SYSVIEW.o
                0x000000000800216c                SEGGER_SYSVIEW_SendSysDesc
 .text.SEGGER_SYSVIEW_OnIdle
                0x00000000080021a0       0x28 ./Common/ThirdParty/SEGGER/SEGGER/SEGGER_SYSVIEW.o
                0x00000000080021a0                SEGGER_SYSVIEW_OnIdle
 .text.SEGGER_SYSVIEW_OnTaskCreate
                0x00000000080021c8       0x48 ./Common/ThirdParty/SEGGER/SEGGER/SEGGER_SYSVIEW.o
                0x00000000080021c8                SEGGER_SYSVIEW_OnTaskCreate
 .text.SEGGER_SYSVIEW_OnTaskStartExec
                0x0000000008002210       0x48 ./Common/ThirdParty/SEGGER/SEGGER/SEGGER_SYSVIEW.o
                0x0000000008002210                SEGGER_SYSVIEW_OnTaskStartExec
 .text.SEGGER_SYSVIEW_OnTaskStartReady
                0x0000000008002258       0x48 ./Common/ThirdParty/SEGGER/SEGGER/SEGGER_SYSVIEW.o
                0x0000000008002258                SEGGER_SYSVIEW_OnTaskStartReady
 .text.SEGGER_SYSVIEW_OnTaskStopReady
                0x00000000080022a0       0x5c ./Common/ThirdParty/SEGGER/SEGGER/SEGGER_SYSVIEW.o
                0x00000000080022a0                SEGGER_SYSVIEW_OnTaskStopReady
 .text.SEGGER_SYSVIEW_SendModule
                0x00000000080022fc       0x78 ./Common/ThirdParty/SEGGER/SEGGER/SEGGER_SYSVIEW.o
                0x00000000080022fc                SEGGER_SYSVIEW_SendModule
 .text._StoreChar
                0x0000000008002374       0x58 ./Common/ThirdParty/SEGGER/SEGGER/SEGGER_SYSVIEW.o
 .text._PrintUnsigned
                0x00000000080023cc       0xb4 ./Common/ThirdParty/SEGGER/SEGGER/SEGGER_SYSVIEW.o
 .text._PrintInt
                0x0000000008002480       0xbc ./Common/ThirdParty/SEGGER/SEGGER/SEGGER_SYSVIEW.o
 .text._VPrintTarget
                0x000000000800253c      0x208 ./Common/ThirdParty/SEGGER/SEGGER/SEGGER_SYSVIEW.o
 .text.SEGGER_SYSVIEW_PrintfTarget
                0x0000000008002744       0x20 ./Common/ThirdParty/SEGGER/SEGGER/SEGGER_SYSVIEW.o
                0x0000000008002744                SEGGER_SYSVIEW_PrintfTarget
 .text.SEGGER_SYSVIEW_Warn
                0x0000000008002764       0x40 ./Common/ThirdParty/SEGGER/SEGGER/SEGGER_SYSVIEW.o
                0x0000000008002764                SEGGER_SYSVIEW_Warn
 .text.SEGGER_SYSVIEW_IsStarted
                0x00000000080027a4       0x48 ./Common/ThirdParty/SEGGER/SEGGER/SEGGER_SYSVIEW.o
                0x00000000080027a4                SEGGER_SYSVIEW_IsStarted
 .text.Task_BlueLED_Handler
                0x00000000080027ec       0x48 ./Core/Src/main.o
 .text.Task_RedLED_Handler
                0x0000000008002834       0x48 ./Core/Src/main.o
 .text.Task_GreenLED_Handler
                0x000000000800287c       0x48 ./Core/Src/main.o
 .text.MX_GPIO_Init
                0x00000000080028c4       0xa0 ./Core/Src/main.o
 .text.HAL_TIM_PeriodElapsedCallback
                0x0000000008002964       0x18 ./Core/Src/main.o
                0x0000000008002964                HAL_TIM_PeriodElapsedCallback
 .text.Error_Handler
                0x000000000800297c        0x4 ./Core/Src/main.o
                0x000000000800297c                Error_Handler
 .text.MX_FDCAN2_Init
                0x0000000008002980       0x5c ./Core/Src/main.o
 .text.MX_USART2_UART_Init
                0x00000000080029dc       0x60 ./Core/Src/main.o
 .text.MX_USB_OTG_FS_HCD_Init
                0x0000000008002a3c       0x30 ./Core/Src/main.o
 .text.SystemClock_Config
                0x0000000008002a6c       0xc0 ./Core/Src/main.o
                0x0000000008002a6c                SystemClock_Config
 .text.main     0x0000000008002b2c      0x120 ./Core/Src/main.o
                0x0000000008002b2c                main
 .text.HAL_MspInit
                0x0000000008002c4c       0x24 ./Core/Src/stm32h7xx_hal_msp.o
                0x0000000008002c4c                HAL_MspInit
 .text.HAL_FDCAN_MspInit
                0x0000000008002c70       0xac ./Core/Src/stm32h7xx_hal_msp.o
                0x0000000008002c70                HAL_FDCAN_MspInit
 .text.HAL_UART_MspInit
                0x0000000008002d1c       0x94 ./Core/Src/stm32h7xx_hal_msp.o
                0x0000000008002d1c                HAL_UART_MspInit
 .text.HAL_HCD_MspInit
                0x0000000008002db0       0xa0 ./Core/Src/stm32h7xx_hal_msp.o
                0x0000000008002db0                HAL_HCD_MspInit
 .text.HAL_InitTick
                0x0000000008002e50       0x9c ./Core/Src/stm32h7xx_hal_timebase_tim.o
                0x0000000008002e50                HAL_InitTick
 .text.NMI_Handler
                0x0000000008002eec        0x2 ./Core/Src/stm32h7xx_it.o
                0x0000000008002eec                NMI_Handler
 .text.HardFault_Handler
                0x0000000008002eee        0x2 ./Core/Src/stm32h7xx_it.o
                0x0000000008002eee                HardFault_Handler
 .text.MemManage_Handler
                0x0000000008002ef0        0x2 ./Core/Src/stm32h7xx_it.o
                0x0000000008002ef0                MemManage_Handler
 .text.BusFault_Handler
                0x0000000008002ef2        0x2 ./Core/Src/stm32h7xx_it.o
                0x0000000008002ef2                BusFault_Handler
 .text.UsageFault_Handler
                0x0000000008002ef4        0x2 ./Core/Src/stm32h7xx_it.o
                0x0000000008002ef4                UsageFault_Handler
 .text.DebugMon_Handler
                0x0000000008002ef6        0x2 ./Core/Src/stm32h7xx_it.o
                0x0000000008002ef6                DebugMon_Handler
 .text.FDCAN2_IT1_IRQHandler
                0x0000000008002ef8       0x10 ./Core/Src/stm32h7xx_it.o
                0x0000000008002ef8                FDCAN2_IT1_IRQHandler
 .text.TIM6_DAC_IRQHandler
                0x0000000008002f08       0x10 ./Core/Src/stm32h7xx_it.o
                0x0000000008002f08                TIM6_DAC_IRQHandler
 .text.SystemInit
                0x0000000008002f18       0xd4 ./Core/Src/system_stm32h7xx.o
                0x0000000008002f18                SystemInit
 .text.Reset_Handler
                0x0000000008002fec       0x50 ./Core/Startup/startup_stm32h743vitx.o
                0x0000000008002fec                Reset_Handler
 .text.Default_Handler
                0x000000000800303c        0x2 ./Core/Startup/startup_stm32h743vitx.o
                0x000000000800303c                RTC_Alarm_IRQHandler
                0x000000000800303c                EXTI2_IRQHandler
                0x000000000800303c                TIM8_CC_IRQHandler
                0x000000000800303c                HRTIM1_Master_IRQHandler
                0x000000000800303c                UART8_IRQHandler
                0x000000000800303c                SPI4_IRQHandler
                0x000000000800303c                TIM1_CC_IRQHandler
                0x000000000800303c                BDMA_Channel6_IRQHandler
                0x000000000800303c                DMA2_Stream5_IRQHandler
                0x000000000800303c                HRTIM1_FLT_IRQHandler
                0x000000000800303c                JPEG_IRQHandler
                0x000000000800303c                DMA1_Stream5_IRQHandler
                0x000000000800303c                BDMA_Channel1_IRQHandler
                0x000000000800303c                HRTIM1_TIMD_IRQHandler
                0x000000000800303c                TAMP_STAMP_IRQHandler
                0x000000000800303c                EXTI3_IRQHandler
                0x000000000800303c                LPTIM4_IRQHandler
                0x000000000800303c                TIM8_TRG_COM_TIM14_IRQHandler
                0x000000000800303c                LPTIM2_IRQHandler
                0x000000000800303c                DFSDM1_FLT1_IRQHandler
                0x000000000800303c                DMAMUX2_OVR_IRQHandler
                0x000000000800303c                TIM8_UP_TIM13_IRQHandler
                0x000000000800303c                I2C3_ER_IRQHandler
                0x000000000800303c                DFSDM1_FLT2_IRQHandler
                0x000000000800303c                MDMA_IRQHandler
                0x000000000800303c                LPTIM3_IRQHandler
                0x000000000800303c                HSEM1_IRQHandler
                0x000000000800303c                EXTI0_IRQHandler
                0x000000000800303c                I2C2_EV_IRQHandler
                0x000000000800303c                DMA1_Stream2_IRQHandler
                0x000000000800303c                FPU_IRQHandler
                0x000000000800303c                OTG_HS_WKUP_IRQHandler
                0x000000000800303c                FDCAN1_IT1_IRQHandler
                0x000000000800303c                LTDC_ER_IRQHandler
                0x000000000800303c                DMA2_Stream2_IRQHandler
                0x000000000800303c                HRTIM1_TIME_IRQHandler
                0x000000000800303c                SPI1_IRQHandler
                0x000000000800303c                DCMI_IRQHandler
                0x000000000800303c                HRTIM1_TIMC_IRQHandler
                0x000000000800303c                DMA2_Stream3_IRQHandler
                0x000000000800303c                SAI2_IRQHandler
                0x000000000800303c                DFSDM1_FLT3_IRQHandler
                0x000000000800303c                USART6_IRQHandler
                0x000000000800303c                TIM17_IRQHandler
                0x000000000800303c                USART3_IRQHandler
                0x000000000800303c                BDMA_Channel7_IRQHandler
                0x000000000800303c                LPTIM5_IRQHandler
                0x000000000800303c                UART5_IRQHandler
                0x000000000800303c                ADC3_IRQHandler
                0x000000000800303c                DMA2_Stream0_IRQHandler
                0x000000000800303c                TIM4_IRQHandler
                0x000000000800303c                BDMA_Channel2_IRQHandler
                0x000000000800303c                QUADSPI_IRQHandler
                0x000000000800303c                I2C1_EV_IRQHandler
                0x000000000800303c                DMA1_Stream6_IRQHandler
                0x000000000800303c                DMAMUX1_OVR_IRQHandler
                0x000000000800303c                DMA1_Stream1_IRQHandler
                0x000000000800303c                TIM16_IRQHandler
                0x000000000800303c                UART4_IRQHandler
                0x000000000800303c                BDMA_Channel5_IRQHandler
                0x000000000800303c                TIM3_IRQHandler
                0x000000000800303c                RCC_IRQHandler
                0x000000000800303c                TIM8_BRK_TIM12_IRQHandler
                0x000000000800303c                TIM1_TRG_COM_IRQHandler
                0x000000000800303c                Default_Handler
                0x000000000800303c                ECC_IRQHandler
                0x000000000800303c                CEC_IRQHandler
                0x000000000800303c                EXTI15_10_IRQHandler
                0x000000000800303c                BDMA_Channel0_IRQHandler
                0x000000000800303c                ADC_IRQHandler
                0x000000000800303c                DMA1_Stream7_IRQHandler
                0x000000000800303c                HRTIM1_TIMA_IRQHandler
                0x000000000800303c                SPI5_IRQHandler
                0x000000000800303c                TIM7_IRQHandler
                0x000000000800303c                SDMMC1_IRQHandler
                0x000000000800303c                TIM5_IRQHandler
                0x000000000800303c                DMA2_Stream7_IRQHandler
                0x000000000800303c                TIM15_IRQHandler
                0x000000000800303c                PVD_AVD_IRQHandler
                0x000000000800303c                I2C3_EV_IRQHandler
                0x000000000800303c                EXTI9_5_IRQHandler
                0x000000000800303c                RTC_WKUP_IRQHandler
                0x000000000800303c                LTDC_IRQHandler
                0x000000000800303c                SAI3_IRQHandler
                0x000000000800303c                ETH_WKUP_IRQHandler
                0x000000000800303c                SPDIF_RX_IRQHandler
                0x000000000800303c                SPI2_IRQHandler
                0x000000000800303c                OTG_HS_EP1_IN_IRQHandler
                0x000000000800303c                DMA1_Stream0_IRQHandler
                0x000000000800303c                CRS_IRQHandler
                0x000000000800303c                EXTI4_IRQHandler
                0x000000000800303c                RNG_IRQHandler
                0x000000000800303c                HRTIM1_TIMB_IRQHandler
                0x000000000800303c                ETH_IRQHandler
                0x000000000800303c                TIM1_UP_IRQHandler
                0x000000000800303c                BDMA_Channel4_IRQHandler
                0x000000000800303c                OTG_HS_EP1_OUT_IRQHandler
                0x000000000800303c                WWDG_IRQHandler
                0x000000000800303c                SPI6_IRQHandler
                0x000000000800303c                MDIOS_IRQHandler
                0x000000000800303c                I2C4_EV_IRQHandler
                0x000000000800303c                FDCAN2_IT0_IRQHandler
                0x000000000800303c                LPUART1_IRQHandler
                0x000000000800303c                FDCAN1_IT0_IRQHandler
                0x000000000800303c                TIM2_IRQHandler
                0x000000000800303c                OTG_FS_WKUP_IRQHandler
                0x000000000800303c                OTG_HS_IRQHandler
                0x000000000800303c                DMA2D_IRQHandler
                0x000000000800303c                TIM1_BRK_IRQHandler
                0x000000000800303c                EXTI1_IRQHandler
                0x000000000800303c                SDMMC2_IRQHandler
                0x000000000800303c                OTG_FS_EP1_OUT_IRQHandler
                0x000000000800303c                BDMA_Channel3_IRQHandler
                0x000000000800303c                UART7_IRQHandler
                0x000000000800303c                MDIOS_WKUP_IRQHandler
                0x000000000800303c                DFSDM1_FLT0_IRQHandler
                0x000000000800303c                SAI4_IRQHandler
                0x000000000800303c                I2C2_ER_IRQHandler
                0x000000000800303c                DMA2_Stream1_IRQHandler
                0x000000000800303c                FLASH_IRQHandler
                0x000000000800303c                DMA2_Stream4_IRQHandler
                0x000000000800303c                USART1_IRQHandler
                0x000000000800303c                OTG_FS_IRQHandler
                0x000000000800303c                SPI3_IRQHandler
                0x000000000800303c                WAKEUP_PIN_IRQHandler
                0x000000000800303c                DMA1_Stream4_IRQHandler
                0x000000000800303c                OTG_FS_EP1_IN_IRQHandler
                0x000000000800303c                I2C1_ER_IRQHandler
                0x000000000800303c                FMC_IRQHandler
                0x000000000800303c                FDCAN_CAL_IRQHandler
                0x000000000800303c                SWPMI1_IRQHandler
                0x000000000800303c                COMP1_IRQHandler
                0x000000000800303c                LPTIM1_IRQHandler
                0x000000000800303c                I2C4_ER_IRQHandler
                0x000000000800303c                DMA2_Stream6_IRQHandler
                0x000000000800303c                SAI1_IRQHandler
                0x000000000800303c                DMA1_Stream3_IRQHandler
 *fill*         0x000000000800303e        0x2 
 .text.HAL_Init
                0x0000000008003040       0x5c ./Drivers/STM32H7xx_HAL_Driver/Src/stm32h7xx_hal.o
                0x0000000008003040                HAL_Init
 .text.HAL_IncTick
                0x000000000800309c       0x18 ./Drivers/STM32H7xx_HAL_Driver/Src/stm32h7xx_hal.o
                0x000000000800309c                HAL_IncTick
 .text.HAL_GetTick
                0x00000000080030b4        0xc ./Drivers/STM32H7xx_HAL_Driver/Src/stm32h7xx_hal.o
                0x00000000080030b4                HAL_GetTick
 .text.HAL_Delay
                0x00000000080030c0       0x28 ./Drivers/STM32H7xx_HAL_Driver/Src/stm32h7xx_hal.o
                0x00000000080030c0                HAL_Delay
 .text.HAL_GetREVID
                0x00000000080030e8        0xc ./Drivers/STM32H7xx_HAL_Driver/Src/stm32h7xx_hal.o
                0x00000000080030e8                HAL_GetREVID
 .text.HAL_NVIC_SetPriorityGrouping
                0x00000000080030f4       0x24 ./Drivers/STM32H7xx_HAL_Driver/Src/stm32h7xx_hal_cortex.o
                0x00000000080030f4                HAL_NVIC_SetPriorityGrouping
 .text.HAL_NVIC_SetPriority
                0x0000000008003118       0x6c ./Drivers/STM32H7xx_HAL_Driver/Src/stm32h7xx_hal_cortex.o
                0x0000000008003118                HAL_NVIC_SetPriority
 .text.HAL_NVIC_EnableIRQ
                0x0000000008003184       0x1c ./Drivers/STM32H7xx_HAL_Driver/Src/stm32h7xx_hal_cortex.o
                0x0000000008003184                HAL_NVIC_EnableIRQ
 .text.FDCAN_CalcultateRamBlockAddresses
                0x00000000080031a0      0x1d4 ./Drivers/STM32H7xx_HAL_Driver/Src/stm32h7xx_hal_fdcan.o
 .text.HAL_FDCAN_Init
                0x0000000008003374      0x294 ./Drivers/STM32H7xx_HAL_Driver/Src/stm32h7xx_hal_fdcan.o
                0x0000000008003374                HAL_FDCAN_Init
 .text.HAL_FDCAN_ClockCalibrationCallback
                0x0000000008003608        0x2 ./Drivers/STM32H7xx_HAL_Driver/Src/stm32h7xx_hal_fdcan.o
                0x0000000008003608                HAL_FDCAN_ClockCalibrationCallback
 .text.HAL_FDCAN_TxEventFifoCallback
                0x000000000800360a        0x2 ./Drivers/STM32H7xx_HAL_Driver/Src/stm32h7xx_hal_fdcan.o
                0x000000000800360a                HAL_FDCAN_TxEventFifoCallback
 .text.HAL_FDCAN_RxFifo0Callback
                0x000000000800360c        0x2 ./Drivers/STM32H7xx_HAL_Driver/Src/stm32h7xx_hal_fdcan.o
                0x000000000800360c                HAL_FDCAN_RxFifo0Callback
 .text.HAL_FDCAN_RxFifo1Callback
                0x000000000800360e        0x2 ./Drivers/STM32H7xx_HAL_Driver/Src/stm32h7xx_hal_fdcan.o
                0x000000000800360e                HAL_FDCAN_RxFifo1Callback
 .text.HAL_FDCAN_TxFifoEmptyCallback
                0x0000000008003610        0x2 ./Drivers/STM32H7xx_HAL_Driver/Src/stm32h7xx_hal_fdcan.o
                0x0000000008003610                HAL_FDCAN_TxFifoEmptyCallback
 .text.HAL_FDCAN_TxBufferCompleteCallback
                0x0000000008003612        0x2 ./Drivers/STM32H7xx_HAL_Driver/Src/stm32h7xx_hal_fdcan.o
                0x0000000008003612                HAL_FDCAN_TxBufferCompleteCallback
 .text.HAL_FDCAN_TxBufferAbortCallback
                0x0000000008003614        0x2 ./Drivers/STM32H7xx_HAL_Driver/Src/stm32h7xx_hal_fdcan.o
                0x0000000008003614                HAL_FDCAN_TxBufferAbortCallback
 .text.HAL_FDCAN_RxBufferNewMessageCallback
                0x0000000008003616        0x2 ./Drivers/STM32H7xx_HAL_Driver/Src/stm32h7xx_hal_fdcan.o
                0x0000000008003616                HAL_FDCAN_RxBufferNewMessageCallback
 .text.HAL_FDCAN_TimestampWraparoundCallback
                0x0000000008003618        0x2 ./Drivers/STM32H7xx_HAL_Driver/Src/stm32h7xx_hal_fdcan.o
                0x0000000008003618                HAL_FDCAN_TimestampWraparoundCallback
 .text.HAL_FDCAN_TimeoutOccurredCallback
                0x000000000800361a        0x2 ./Drivers/STM32H7xx_HAL_Driver/Src/stm32h7xx_hal_fdcan.o
                0x000000000800361a                HAL_FDCAN_TimeoutOccurredCallback
 .text.HAL_FDCAN_HighPriorityMessageCallback
                0x000000000800361c        0x2 ./Drivers/STM32H7xx_HAL_Driver/Src/stm32h7xx_hal_fdcan.o
                0x000000000800361c                HAL_FDCAN_HighPriorityMessageCallback
 .text.HAL_FDCAN_ErrorCallback
                0x000000000800361e        0x2 ./Drivers/STM32H7xx_HAL_Driver/Src/stm32h7xx_hal_fdcan.o
                0x000000000800361e                HAL_FDCAN_ErrorCallback
 .text.HAL_FDCAN_ErrorStatusCallback
                0x0000000008003620        0x2 ./Drivers/STM32H7xx_HAL_Driver/Src/stm32h7xx_hal_fdcan.o
                0x0000000008003620                HAL_FDCAN_ErrorStatusCallback
 .text.HAL_FDCAN_TT_ScheduleSyncCallback
                0x0000000008003622        0x2 ./Drivers/STM32H7xx_HAL_Driver/Src/stm32h7xx_hal_fdcan.o
                0x0000000008003622                HAL_FDCAN_TT_ScheduleSyncCallback
 .text.HAL_FDCAN_TT_TimeMarkCallback
                0x0000000008003624        0x2 ./Drivers/STM32H7xx_HAL_Driver/Src/stm32h7xx_hal_fdcan.o
                0x0000000008003624                HAL_FDCAN_TT_TimeMarkCallback
 .text.HAL_FDCAN_TT_StopWatchCallback
                0x0000000008003626        0x2 ./Drivers/STM32H7xx_HAL_Driver/Src/stm32h7xx_hal_fdcan.o
                0x0000000008003626                HAL_FDCAN_TT_StopWatchCallback
 .text.HAL_FDCAN_TT_GlobalTimeCallback
                0x0000000008003628        0x2 ./Drivers/STM32H7xx_HAL_Driver/Src/stm32h7xx_hal_fdcan.o
                0x0000000008003628                HAL_FDCAN_TT_GlobalTimeCallback
 *fill*         0x000000000800362a        0x2 
 .text.HAL_FDCAN_IRQHandler
                0x000000000800362c      0x32c ./Drivers/STM32H7xx_HAL_Driver/Src/stm32h7xx_hal_fdcan.o
                0x000000000800362c                HAL_FDCAN_IRQHandler
 .text.HAL_GPIO_Init
                0x0000000008003958      0x1fc ./Drivers/STM32H7xx_HAL_Driver/Src/stm32h7xx_hal_gpio.o
                0x0000000008003958                HAL_GPIO_Init
 .text.HAL_GPIO_WritePin
                0x0000000008003b54        0xc ./Drivers/STM32H7xx_HAL_Driver/Src/stm32h7xx_hal_gpio.o
                0x0000000008003b54                HAL_GPIO_WritePin
 .text.HAL_GPIO_TogglePin
                0x0000000008003b60       0x12 ./Drivers/STM32H7xx_HAL_Driver/Src/stm32h7xx_hal_gpio.o
                0x0000000008003b60                HAL_GPIO_TogglePin
 .text.HAL_HCD_Init
                0x0000000008003b72       0xa4 ./Drivers/STM32H7xx_HAL_Driver/Src/stm32h7xx_hal_hcd.o
                0x0000000008003b72                HAL_HCD_Init
 *fill*         0x0000000008003c16        0x2 
 .text.HAL_PWREx_ConfigSupply
                0x0000000008003c18       0x54 ./Drivers/STM32H7xx_HAL_Driver/Src/stm32h7xx_hal_pwr_ex.o
                0x0000000008003c18                HAL_PWREx_ConfigSupply
 .text.HAL_PWREx_EnableUSBVoltageDetector
                0x0000000008003c6c       0x10 ./Drivers/STM32H7xx_HAL_Driver/Src/stm32h7xx_hal_pwr_ex.o
                0x0000000008003c6c                HAL_PWREx_EnableUSBVoltageDetector
 .text.HAL_RCC_OscConfig
                0x0000000008003c7c      0x648 ./Drivers/STM32H7xx_HAL_Driver/Src/stm32h7xx_hal_rcc.o
                0x0000000008003c7c                HAL_RCC_OscConfig
 .text.HAL_RCC_GetSysClockFreq
                0x00000000080042c4      0x1f4 ./Drivers/STM32H7xx_HAL_Driver/Src/stm32h7xx_hal_rcc.o
                0x00000000080042c4                HAL_RCC_GetSysClockFreq
 .text.HAL_RCC_ClockConfig
                0x00000000080044b8      0x294 ./Drivers/STM32H7xx_HAL_Driver/Src/stm32h7xx_hal_rcc.o
                0x00000000080044b8                HAL_RCC_ClockConfig
 .text.HAL_RCC_GetHCLKFreq
                0x000000000800474c       0x44 ./Drivers/STM32H7xx_HAL_Driver/Src/stm32h7xx_hal_rcc.o
                0x000000000800474c                HAL_RCC_GetHCLKFreq
 .text.HAL_RCC_GetPCLK1Freq
                0x0000000008004790       0x24 ./Drivers/STM32H7xx_HAL_Driver/Src/stm32h7xx_hal_rcc.o
                0x0000000008004790                HAL_RCC_GetPCLK1Freq
 .text.HAL_RCC_GetPCLK2Freq
                0x00000000080047b4       0x24 ./Drivers/STM32H7xx_HAL_Driver/Src/stm32h7xx_hal_rcc.o
                0x00000000080047b4                HAL_RCC_GetPCLK2Freq
 .text.HAL_RCC_GetClockConfig
                0x00000000080047d8       0x54 ./Drivers/STM32H7xx_HAL_Driver/Src/stm32h7xx_hal_rcc.o
                0x00000000080047d8                HAL_RCC_GetClockConfig
 .text.RCCEx_PLL2_Config
                0x000000000800482c      0x10c ./Drivers/STM32H7xx_HAL_Driver/Src/stm32h7xx_hal_rcc_ex.o
 .text.RCCEx_PLL3_Config
                0x0000000008004938      0x10c ./Drivers/STM32H7xx_HAL_Driver/Src/stm32h7xx_hal_rcc_ex.o
 .text.HAL_RCCEx_PeriphCLKConfig
                0x0000000008004a44      0x9c4 ./Drivers/STM32H7xx_HAL_Driver/Src/stm32h7xx_hal_rcc_ex.o
                0x0000000008004a44                HAL_RCCEx_PeriphCLKConfig
 .text.HAL_RCCEx_GetD3PCLK1Freq
                0x0000000008005408       0x24 ./Drivers/STM32H7xx_HAL_Driver/Src/stm32h7xx_hal_rcc_ex.o
                0x0000000008005408                HAL_RCCEx_GetD3PCLK1Freq
 .text.HAL_RCCEx_GetPLL2ClockFreq
                0x000000000800542c      0x1f8 ./Drivers/STM32H7xx_HAL_Driver/Src/stm32h7xx_hal_rcc_ex.o
                0x000000000800542c                HAL_RCCEx_GetPLL2ClockFreq
 .text.HAL_RCCEx_GetPLL3ClockFreq
                0x0000000008005624      0x1f8 ./Drivers/STM32H7xx_HAL_Driver/Src/stm32h7xx_hal_rcc_ex.o
                0x0000000008005624                HAL_RCCEx_GetPLL3ClockFreq
 .text.HAL_TIM_Base_MspInit
                0x000000000800581c        0x2 ./Drivers/STM32H7xx_HAL_Driver/Src/stm32h7xx_hal_tim.o
                0x000000000800581c                HAL_TIM_Base_MspInit
 *fill*         0x000000000800581e        0x2 
 .text.HAL_TIM_Base_Start_IT
                0x0000000008005820       0x88 ./Drivers/STM32H7xx_HAL_Driver/Src/stm32h7xx_hal_tim.o
                0x0000000008005820                HAL_TIM_Base_Start_IT
 .text.HAL_TIM_OC_DelayElapsedCallback
                0x00000000080058a8        0x2 ./Drivers/STM32H7xx_HAL_Driver/Src/stm32h7xx_hal_tim.o
                0x00000000080058a8                HAL_TIM_OC_DelayElapsedCallback
 .text.HAL_TIM_IC_CaptureCallback
                0x00000000080058aa        0x2 ./Drivers/STM32H7xx_HAL_Driver/Src/stm32h7xx_hal_tim.o
                0x00000000080058aa                HAL_TIM_IC_CaptureCallback
 .text.HAL_TIM_PWM_PulseFinishedCallback
                0x00000000080058ac        0x2 ./Drivers/STM32H7xx_HAL_Driver/Src/stm32h7xx_hal_tim.o
                0x00000000080058ac                HAL_TIM_PWM_PulseFinishedCallback
 .text.HAL_TIM_TriggerCallback
                0x00000000080058ae        0x2 ./Drivers/STM32H7xx_HAL_Driver/Src/stm32h7xx_hal_tim.o
                0x00000000080058ae                HAL_TIM_TriggerCallback
 .text.HAL_TIM_IRQHandler
                0x00000000080058b0      0x19a ./Drivers/STM32H7xx_HAL_Driver/Src/stm32h7xx_hal_tim.o
                0x00000000080058b0                HAL_TIM_IRQHandler
 *fill*         0x0000000008005a4a        0x2 
 .text.TIM_Base_SetConfig
                0x0000000008005a4c      0x104 ./Drivers/STM32H7xx_HAL_Driver/Src/stm32h7xx_hal_tim.o
                0x0000000008005a4c                TIM_Base_SetConfig
 .text.HAL_TIM_Base_Init
                0x0000000008005b50       0x60 ./Drivers/STM32H7xx_HAL_Driver/Src/stm32h7xx_hal_tim.o
                0x0000000008005b50                HAL_TIM_Base_Init
 .text.HAL_TIMEx_CommutCallback
                0x0000000008005bb0        0x2 ./Drivers/STM32H7xx_HAL_Driver/Src/stm32h7xx_hal_tim_ex.o
                0x0000000008005bb0                HAL_TIMEx_CommutCallback
 .text.HAL_TIMEx_BreakCallback
                0x0000000008005bb2        0x2 ./Drivers/STM32H7xx_HAL_Driver/Src/stm32h7xx_hal_tim_ex.o
                0x0000000008005bb2                HAL_TIMEx_BreakCallback
 .text.HAL_TIMEx_Break2Callback
                0x0000000008005bb4        0x2 ./Drivers/STM32H7xx_HAL_Driver/Src/stm32h7xx_hal_tim_ex.o
                0x0000000008005bb4                HAL_TIMEx_Break2Callback
 *fill*         0x0000000008005bb6        0x2 
 .text.UART_SetConfig
                0x0000000008005bb8      0x5f4 ./Drivers/STM32H7xx_HAL_Driver/Src/stm32h7xx_hal_uart.o
                0x0000000008005bb8                UART_SetConfig
 .text.UART_AdvFeatureConfig
                0x00000000080061ac       0xca ./Drivers/STM32H7xx_HAL_Driver/Src/stm32h7xx_hal_uart.o
                0x00000000080061ac                UART_AdvFeatureConfig
 .text.UART_WaitOnFlagUntilTimeout
                0x0000000008006276       0xb0 ./Drivers/STM32H7xx_HAL_Driver/Src/stm32h7xx_hal_uart.o
                0x0000000008006276                UART_WaitOnFlagUntilTimeout
 .text.HAL_UART_Transmit
                0x0000000008006326       0xda ./Drivers/STM32H7xx_HAL_Driver/Src/stm32h7xx_hal_uart.o
                0x0000000008006326                HAL_UART_Transmit
 .text.UART_CheckIdleState
                0x0000000008006400       0x74 ./Drivers/STM32H7xx_HAL_Driver/Src/stm32h7xx_hal_uart.o
                0x0000000008006400                UART_CheckIdleState
 .text.HAL_UART_Init
                0x0000000008006474       0x66 ./Drivers/STM32H7xx_HAL_Driver/Src/stm32h7xx_hal_uart.o
                0x0000000008006474                HAL_UART_Init
 *fill*         0x00000000080064da        0x2 
 .text.UARTEx_SetNbDataToProcess
                0x00000000080064dc       0x4c ./Drivers/STM32H7xx_HAL_Driver/Src/stm32h7xx_hal_uart_ex.o
 .text.HAL_UARTEx_DisableFifoMode
                0x0000000008006528       0x3e ./Drivers/STM32H7xx_HAL_Driver/Src/stm32h7xx_hal_uart_ex.o
                0x0000000008006528                HAL_UARTEx_DisableFifoMode
 .text.HAL_UARTEx_SetTxFifoThreshold
                0x0000000008006566       0x4a ./Drivers/STM32H7xx_HAL_Driver/Src/stm32h7xx_hal_uart_ex.o
                0x0000000008006566                HAL_UARTEx_SetTxFifoThreshold
 .text.HAL_UARTEx_SetRxFifoThreshold
                0x00000000080065b0       0x4a ./Drivers/STM32H7xx_HAL_Driver/Src/stm32h7xx_hal_uart_ex.o
                0x00000000080065b0                HAL_UARTEx_SetRxFifoThreshold
 *fill*         0x00000000080065fa        0x2 
 .text.USB_CoreReset
                0x00000000080065fc       0x3c ./Drivers/STM32H7xx_HAL_Driver/Src/stm32h7xx_ll_usb.o
 .text.USB_CoreInit
                0x0000000008006638       0x9c ./Drivers/STM32H7xx_HAL_Driver/Src/stm32h7xx_ll_usb.o
                0x0000000008006638                USB_CoreInit
 .text.USB_DisableGlobalInt
                0x00000000080066d4        0xc ./Drivers/STM32H7xx_HAL_Driver/Src/stm32h7xx_ll_usb.o
                0x00000000080066d4                USB_DisableGlobalInt
 .text.USB_SetCurrentMode
                0x00000000080066e0       0x30 ./Drivers/STM32H7xx_HAL_Driver/Src/stm32h7xx_ll_usb.o
                0x00000000080066e0                USB_SetCurrentMode
 .text.USB_FlushTxFifo
                0x0000000008006710       0x28 ./Drivers/STM32H7xx_HAL_Driver/Src/stm32h7xx_ll_usb.o
                0x0000000008006710                USB_FlushTxFifo
 .text.USB_FlushRxFifo
                0x0000000008006738       0x24 ./Drivers/STM32H7xx_HAL_Driver/Src/stm32h7xx_ll_usb.o
                0x0000000008006738                USB_FlushRxFifo
 .text.USB_DriveVbus
                0x000000000800675c       0x46 ./Drivers/STM32H7xx_HAL_Driver/Src/stm32h7xx_ll_usb.o
                0x000000000800675c                USB_DriveVbus
 *fill*         0x00000000080067a2        0x2 
 .text.USB_HostInit
                0x00000000080067a4       0xf4 ./Drivers/STM32H7xx_HAL_Driver/Src/stm32h7xx_ll_usb.o
                0x00000000080067a4                USB_HostInit
 .text.__libc_init_array
                0x0000000008006898       0x48 c:/st/stm32cubeide_1.9.0/stm32cubeide/plugins/com.st.stm32cube.ide.mcu.externaltools.gnu-tools-for-stm32.10.3-2021.10.win32_1.0.0.202111181127/tools/bin/../lib/gcc/arm-none-eabi/10.3.1/../../../../arm-none-eabi/lib/thumb/v7e-m+dp/hard\libc_nano.a(lib_a-init.o)
                0x0000000008006898                __libc_init_array
 .text.memcmp   0x00000000080068e0       0x20 c:/st/stm32cubeide_1.9.0/stm32cubeide/plugins/com.st.stm32cube.ide.mcu.externaltools.gnu-tools-for-stm32.10.3-2021.10.win32_1.0.0.202111181127/tools/bin/../lib/gcc/arm-none-eabi/10.3.1/../../../../arm-none-eabi/lib/thumb/v7e-m+dp/hard\libc_nano.a(lib_a-memcmp.o)
                0x00000000080068e0                memcmp
 .text.memcpy   0x0000000008006900       0x1c c:/st/stm32cubeide_1.9.0/stm32cubeide/plugins/com.st.stm32cube.ide.mcu.externaltools.gnu-tools-for-stm32.10.3-2021.10.win32_1.0.0.202111181127/tools/bin/../lib/gcc/arm-none-eabi/10.3.1/../../../../arm-none-eabi/lib/thumb/v7e-m+dp/hard\libc_nano.a(lib_a-memcpy-stub.o)
                0x0000000008006900                memcpy
 .text.memset   0x000000000800691c       0x10 c:/st/stm32cubeide_1.9.0/stm32cubeide/plugins/com.st.stm32cube.ide.mcu.externaltools.gnu-tools-for-stm32.10.3-2021.10.win32_1.0.0.202111181127/tools/bin/../lib/gcc/arm-none-eabi/10.3.1/../../../../arm-none-eabi/lib/thumb/v7e-m+dp/hard\libc_nano.a(lib_a-memset.o)
                0x000000000800691c                memset
 *(.glue_7)
 .glue_7        0x000000000800692c        0x0 linker stubs
 *(.glue_7t)
 .glue_7t       0x000000000800692c        0x0 linker stubs
 *(.eh_frame)
 .eh_frame      0x000000000800692c        0x0 c:/st/stm32cubeide_1.9.0/stm32cubeide/plugins/com.st.stm32cube.ide.mcu.externaltools.gnu-tools-for-stm32.10.3-2021.10.win32_1.0.0.202111181127/tools/bin/../lib/gcc/arm-none-eabi/10.3.1/thumb/v7e-m+dp/hard/crtbegin.o
 *(.init)
 .init          0x000000000800692c        0x4 c:/st/stm32cubeide_1.9.0/stm32cubeide/plugins/com.st.stm32cube.ide.mcu.externaltools.gnu-tools-for-stm32.10.3-2021.10.win32_1.0.0.202111181127/tools/bin/../lib/gcc/arm-none-eabi/10.3.1/thumb/v7e-m+dp/hard/crti.o
                0x000000000800692c                _init
 .init          0x0000000008006930        0x8 c:/st/stm32cubeide_1.9.0/stm32cubeide/plugins/com.st.stm32cube.ide.mcu.externaltools.gnu-tools-for-stm32.10.3-2021.10.win32_1.0.0.202111181127/tools/bin/../lib/gcc/arm-none-eabi/10.3.1/thumb/v7e-m+dp/hard/crtn.o
 *(.fini)
 .fini          0x0000000008006938        0x4 c:/st/stm32cubeide_1.9.0/stm32cubeide/plugins/com.st.stm32cube.ide.mcu.externaltools.gnu-tools-for-stm32.10.3-2021.10.win32_1.0.0.202111181127/tools/bin/../lib/gcc/arm-none-eabi/10.3.1/thumb/v7e-m+dp/hard/crti.o
                0x0000000008006938                _fini
 .fini          0x000000000800693c        0x8 c:/st/stm32cubeide_1.9.0/stm32cubeide/plugins/com.st.stm32cube.ide.mcu.externaltools.gnu-tools-for-stm32.10.3-2021.10.win32_1.0.0.202111181127/tools/bin/../lib/gcc/arm-none-eabi/10.3.1/thumb/v7e-m+dp/hard/crtn.o
                0x0000000008006944                . = ALIGN (0x4)
                0x0000000008006944                _etext = .

.vfp11_veneer   0x0000000008006944        0x0
 .vfp11_veneer  0x0000000008006944        0x0 linker stubs

.v4_bx          0x0000000008006944        0x0
 .v4_bx         0x0000000008006944        0x0 linker stubs

.iplt           0x0000000008006944        0x0
 .iplt          0x0000000008006944        0x0 c:/st/stm32cubeide_1.9.0/stm32cubeide/plugins/com.st.stm32cube.ide.mcu.externaltools.gnu-tools-for-stm32.10.3-2021.10.win32_1.0.0.202111181127/tools/bin/../lib/gcc/arm-none-eabi/10.3.1/thumb/v7e-m+dp/hard/crtbegin.o

.rodata         0x0000000008006944      0x224
                0x0000000008006944                . = ALIGN (0x4)
 *(.rodata)
 .rodata        0x0000000008006944       0x4c ./Drivers/STM32H7xx_HAL_Driver/Src/stm32h7xx_hal_fdcan.o
 *(.rodata*)
 .rodata.vTaskStartScheduler.str1.4
                0x0000000008006990        0x5 ./Common/ThirdParty/FreeRTOS/tasks.o
 *fill*         0x0000000008006995        0x3 
 .rodata._cbSendSystemDesc.str1.4
                0x0000000008006998       0x3d ./Common/ThirdParty/SEGGER/Config/SEGGER_SYSVIEW_Config_FreeRTOS.o
 *fill*         0x00000000080069d5        0x3 
 .rodata.SYSVIEW_AddTask.str1.4
                0x00000000080069d8       0x50 ./Common/ThirdParty/SEGGER/OS/SEGGER_SYSVIEW_FreeRTOS.o
                                         0x58 (size before relaxing)
 .rodata.SYSVIEW_X_OS_TraceAPI
                0x0000000008006a28        0x8 ./Common/ThirdParty/SEGGER/OS/SEGGER_SYSVIEW_FreeRTOS.o
                0x0000000008006a28                SYSVIEW_X_OS_TraceAPI
 .rodata._abHelloMsg
                0x0000000008006a30        0x4 ./Common/ThirdParty/SEGGER/Recorder/segger_uart.o
 .rodata._DoInit.str1.4
                0x0000000008006a34       0x17 ./Common/ThirdParty/SEGGER/SEGGER/SEGGER_RTT.o
 *fill*         0x0000000008006a4b        0x1 
 .rodata.SEGGER_SYSVIEW_Init.str1.4
                0x0000000008006a4c        0x8 ./Common/ThirdParty/SEGGER/SEGGER/SEGGER_SYSVIEW.o
 .rodata._aV2C.0
                0x0000000008006a54       0x10 ./Common/ThirdParty/SEGGER/SEGGER/SEGGER_SYSVIEW.o
 .rodata._abSync
                0x0000000008006a64        0xa ./Common/ThirdParty/SEGGER/SEGGER/SEGGER_SYSVIEW.o
 *fill*         0x0000000008006a6e        0x2 
 .rodata.Task_BlueLED_Handler.str1.4
                0x0000000008006a70       0x12 ./Core/Src/main.o
 *fill*         0x0000000008006a82        0x2 
 .rodata.Task_RedLED_Handler.str1.4
                0x0000000008006a84       0x11 ./Core/Src/main.o
 *fill*         0x0000000008006a95        0x3 
 .rodata.Task_GreenLED_Handler.str1.4
                0x0000000008006a98       0x13 ./Core/Src/main.o
 *fill*         0x0000000008006aab        0x1 
 .rodata.main.str1.4
                0x0000000008006aac       0x74 ./Core/Src/main.o
 .rodata.str1.4
                0x0000000008006b20        0xe ./Core/Src/main.o
 *fill*         0x0000000008006b2e        0x2 
 .rodata.D1CorePrescTable
                0x0000000008006b30       0x10 ./Core/Src/system_stm32h7xx.o
                0x0000000008006b30                D1CorePrescTable
 .rodata.UARTPrescTable
                0x0000000008006b40       0x18 ./Drivers/STM32H7xx_HAL_Driver/Src/stm32h7xx_hal_uart.o
                0x0000000008006b40                UARTPrescTable
 .rodata.denominator.0
                0x0000000008006b58        0x8 ./Drivers/STM32H7xx_HAL_Driver/Src/stm32h7xx_hal_uart_ex.o
 .rodata.numerator.1
                0x0000000008006b60        0x8 ./Drivers/STM32H7xx_HAL_Driver/Src/stm32h7xx_hal_uart_ex.o
                0x0000000008006b68                . = ALIGN (0x4)

.ARM.extab
 *(.ARM.extab* .gnu.linkonce.armextab.*)

.ARM            0x0000000008006b68        0x8
                0x0000000008006b68                __exidx_start = .
 *(.ARM.exidx*)
 .ARM.exidx     0x0000000008006b68        0x8 c:/st/stm32cubeide_1.9.0/stm32cubeide/plugins/com.st.stm32cube.ide.mcu.externaltools.gnu-tools-for-stm32.10.3-2021.10.win32_1.0.0.202111181127/tools/bin/../lib/gcc/arm-none-eabi/10.3.1/thumb/v7e-m+dp/hard\libgcc.a(_udivmoddi4.o)
                0x0000000008006b70                __exidx_end = .

.rel.dyn        0x0000000008006b70        0x0
 .rel.iplt      0x0000000008006b70        0x0 c:/st/stm32cubeide_1.9.0/stm32cubeide/plugins/com.st.stm32cube.ide.mcu.externaltools.gnu-tools-for-stm32.10.3-2021.10.win32_1.0.0.202111181127/tools/bin/../lib/gcc/arm-none-eabi/10.3.1/thumb/v7e-m+dp/hard/crtbegin.o

.preinit_array  0x0000000008006b70        0x0
                0x0000000008006b70                PROVIDE (__preinit_array_start = .)
 *(.preinit_array*)
                0x0000000008006b70                PROVIDE (__preinit_array_end = .)

.init_array     0x0000000008006b70        0x4
                0x0000000008006b70                PROVIDE (__init_array_start = .)
 *(SORT_BY_NAME(.init_array.*))
 *(.init_array*)
 .init_array    0x0000000008006b70        0x4 c:/st/stm32cubeide_1.9.0/stm32cubeide/plugins/com.st.stm32cube.ide.mcu.externaltools.gnu-tools-for-stm32.10.3-2021.10.win32_1.0.0.202111181127/tools/bin/../lib/gcc/arm-none-eabi/10.3.1/thumb/v7e-m+dp/hard/crtbegin.o
                0x0000000008006b74                PROVIDE (__init_array_end = .)

.fini_array     0x0000000008006b74        0x4
                [!provide]                        PROVIDE (__fini_array_start = .)
 *(SORT_BY_NAME(.fini_array.*))
 *(.fini_array*)
 .fini_array    0x0000000008006b74        0x4 c:/st/stm32cubeide_1.9.0/stm32cubeide/plugins/com.st.stm32cube.ide.mcu.externaltools.gnu-tools-for-stm32.10.3-2021.10.win32_1.0.0.202111181127/tools/bin/../lib/gcc/arm-none-eabi/10.3.1/thumb/v7e-m+dp/hard/crtbegin.o
                [!provide]                        PROVIDE (__fini_array_end = .)
                0x0000000008006b78                _sidata = LOADADDR (.data)

.data           0x0000000024000000       0x24 load address 0x0000000008006b78
                0x0000000024000000                . = ALIGN (0x4)
                0x0000000024000000                _sdata = .
 *(.data)
 *(.data*)
 .data.uxTopUsedPriority
                0x0000000024000000        0x4 ./Common/ThirdParty/FreeRTOS/tasks.o
                0x0000000024000000                uxTopUsedPriority
 .data.uxCriticalNesting
                0x0000000024000004        0x4 ./Common/ThirdParty/FreeRTOS/portable/GCC/ARM_CM7/r0p1/port.o
 .data._SVInfo  0x0000000024000008        0x8 ./Common/ThirdParty/SEGGER/Recorder/segger_uart.o
 .data.user_data
                0x0000000024000010        0x4 ./Core/Src/main.o
                0x0000000024000010                user_data
 .data.SystemCoreClock
                0x0000000024000014        0x4 ./Core/Src/system_stm32h7xx.o
                0x0000000024000014                SystemCoreClock
 .data.SystemD2Clock
                0x0000000024000018        0x4 ./Core/Src/system_stm32h7xx.o
                0x0000000024000018                SystemD2Clock
 .data.uwTickFreq
                0x000000002400001c        0x1 ./Drivers/STM32H7xx_HAL_Driver/Src/stm32h7xx_hal.o
                0x000000002400001c                uwTickFreq
 *fill*         0x000000002400001d        0x3 
 .data.uwTickPrio
                0x0000000024000020        0x4 ./Drivers/STM32H7xx_HAL_Driver/Src/stm32h7xx_hal.o
                0x0000000024000020                uwTickPrio
 *(.RamFunc)
 *(.RamFunc*)
                0x0000000024000024                . = ALIGN (0x4)
                0x0000000024000024                _edata = .

.igot.plt       0x0000000024000024        0x0 load address 0x0000000008006b9c
 .igot.plt      0x0000000024000024        0x0 c:/st/stm32cubeide_1.9.0/stm32cubeide/plugins/com.st.stm32cube.ide.mcu.externaltools.gnu-tools-for-stm32.10.3-2021.10.win32_1.0.0.202111181127/tools/bin/../lib/gcc/arm-none-eabi/10.3.1/thumb/v7e-m+dp/hard/crtbegin.o
                0x0000000024000024                . = ALIGN (0x4)

.bss            0x0000000024000024     0x6074 load address 0x0000000008006b9c
                0x0000000024000024                _sbss = .
                0x0000000024000024                __bss_start__ = _sbss
 *(.bss)
 .bss           0x0000000024000024       0x1c c:/st/stm32cubeide_1.9.0/stm32cubeide/plugins/com.st.stm32cube.ide.mcu.externaltools.gnu-tools-for-stm32.10.3-2021.10.win32_1.0.0.202111181127/tools/bin/../lib/gcc/arm-none-eabi/10.3.1/thumb/v7e-m+dp/hard/crtbegin.o
 *(.bss*)
 .bss.pxCurrentTCB
                0x0000000024000040        0x4 ./Common/ThirdParty/FreeRTOS/tasks.o
                0x0000000024000040                pxCurrentTCB
 .bss.pxDelayedTaskList
                0x0000000024000044        0x4 ./Common/ThirdParty/FreeRTOS/tasks.o
 .bss.pxOverflowDelayedTaskList
                0x0000000024000048        0x4 ./Common/ThirdParty/FreeRTOS/tasks.o
 .bss.pxReadyTasksLists
                0x000000002400004c       0x8c ./Common/ThirdParty/FreeRTOS/tasks.o
 .bss.uxCurrentNumberOfTasks
                0x00000000240000d8        0x4 ./Common/ThirdParty/FreeRTOS/tasks.o
 .bss.uxDeletedTasksWaitingCleanUp
                0x00000000240000dc        0x4 ./Common/ThirdParty/FreeRTOS/tasks.o
 .bss.uxSchedulerSuspended
                0x00000000240000e0        0x4 ./Common/ThirdParty/FreeRTOS/tasks.o
 .bss.uxTaskNumber
                0x00000000240000e4        0x4 ./Common/ThirdParty/FreeRTOS/tasks.o
 .bss.uxTopReadyPriority
                0x00000000240000e8        0x4 ./Common/ThirdParty/FreeRTOS/tasks.o
 .bss.xDelayedTaskList1
                0x00000000240000ec       0x14 ./Common/ThirdParty/FreeRTOS/tasks.o
 .bss.xDelayedTaskList2
                0x0000000024000100       0x14 ./Common/ThirdParty/FreeRTOS/tasks.o
 .bss.xIdleTaskHandle
                0x0000000024000114        0x4 ./Common/ThirdParty/FreeRTOS/tasks.o
 .bss.xNextTaskUnblockTime
                0x0000000024000118        0x4 ./Common/ThirdParty/FreeRTOS/tasks.o
 .bss.xNumOfOverflows
                0x000000002400011c        0x4 ./Common/ThirdParty/FreeRTOS/tasks.o
 .bss.xPendedTicks
                0x0000000024000120        0x4 ./Common/ThirdParty/FreeRTOS/tasks.o
 .bss.xPendingReadyList
                0x0000000024000124       0x14 ./Common/ThirdParty/FreeRTOS/tasks.o
 .bss.xSchedulerRunning
                0x0000000024000138        0x4 ./Common/ThirdParty/FreeRTOS/tasks.o
 .bss.xSuspendedTaskList
                0x000000002400013c       0x14 ./Common/ThirdParty/FreeRTOS/tasks.o
 .bss.xTasksWaitingTermination
                0x0000000024000150       0x14 ./Common/ThirdParty/FreeRTOS/tasks.o
 .bss.xTickCount
                0x0000000024000164        0x4 ./Common/ThirdParty/FreeRTOS/tasks.o
 .bss.xYieldPending
                0x0000000024000168        0x4 ./Common/ThirdParty/FreeRTOS/tasks.o
 .bss.ucMaxSysCallPriority
                0x000000002400016c        0x1 ./Common/ThirdParty/FreeRTOS/portable/GCC/ARM_CM7/r0p1/port.o
 *fill*         0x000000002400016d        0x3 
 .bss.ulMaxPRIGROUPValue
                0x0000000024000170        0x4 ./Common/ThirdParty/FreeRTOS/portable/GCC/ARM_CM7/r0p1/port.o
 .bss.pxEnd     0x0000000024000174        0x4 ./Common/ThirdParty/FreeRTOS/portable/MemMang/heap_4.o
 .bss.ucHeap    0x0000000024000178     0x5000 ./Common/ThirdParty/FreeRTOS/portable/MemMang/heap_4.o
 .bss.xBlockAllocatedBit
                0x0000000024005178        0x4 ./Common/ThirdParty/FreeRTOS/portable/MemMang/heap_4.o
 .bss.xFreeBytesRemaining
                0x000000002400517c        0x4 ./Common/ThirdParty/FreeRTOS/portable/MemMang/heap_4.o
 .bss.xMinimumEverFreeBytesRemaining
                0x0000000024005180        0x4 ./Common/ThirdParty/FreeRTOS/portable/MemMang/heap_4.o
 .bss.xNumberOfSuccessfulAllocations
                0x0000000024005184        0x4 ./Common/ThirdParty/FreeRTOS/portable/MemMang/heap_4.o
 .bss.xNumberOfSuccessfulFrees
                0x0000000024005188        0x4 ./Common/ThirdParty/FreeRTOS/portable/MemMang/heap_4.o
 .bss.xStart    0x000000002400518c        0x8 ./Common/ThirdParty/FreeRTOS/portable/MemMang/heap_4.o
 .bss._NumTasks
                0x0000000024005194        0x4 ./Common/ThirdParty/SEGGER/OS/SEGGER_SYSVIEW_FreeRTOS.o
 .bss._aTasks   0x0000000024005198       0xa0 ./Common/ThirdParty/SEGGER/OS/SEGGER_SYSVIEW_FreeRTOS.o
 .bss._cbOnRx   0x0000000024005238        0x4 ./Common/ThirdParty/SEGGER/Recorder/segger_uart.o
 .bss._cbOnTx   0x000000002400523c        0x4 ./Common/ThirdParty/SEGGER/Recorder/segger_uart.o
 .bss._SEGGER_RTT
                0x0000000024005240       0xa8 ./Common/ThirdParty/SEGGER/SEGGER/SEGGER_RTT.o
                0x0000000024005240                _SEGGER_RTT
 .bss._acDownBuffer
                0x00000000240052e8       0x10 ./Common/ThirdParty/SEGGER/SEGGER/SEGGER_RTT.o
 .bss._acUpBuffer
                0x00000000240052f8      0x400 ./Common/ThirdParty/SEGGER/SEGGER/SEGGER_RTT.o
 .bss._DownBuffer
                0x00000000240056f8        0x8 ./Common/ThirdParty/SEGGER/SEGGER/SEGGER_SYSVIEW.o
 .bss._NumModules
                0x0000000024005700        0x1 ./Common/ThirdParty/SEGGER/SEGGER/SEGGER_SYSVIEW.o
 *fill*         0x0000000024005701        0x3 
 .bss._SYSVIEW_Globals
                0x0000000024005704       0x28 ./Common/ThirdParty/SEGGER/SEGGER/SEGGER_SYSVIEW.o
 .bss._UpBuffer
                0x000000002400572c      0x400 ./Common/ThirdParty/SEGGER/SEGGER/SEGGER_SYSVIEW.o
 .bss._aPacket  0x0000000024005b2c       0xe3 ./Common/ThirdParty/SEGGER/SEGGER/SEGGER_SYSVIEW.o
 *fill*         0x0000000024005c0f        0x1 
 .bss._pFirstModule
                0x0000000024005c10        0x4 ./Common/ThirdParty/SEGGER/SEGGER/SEGGER_SYSVIEW.o
 .bss.hfdcan2   0x0000000024005c14       0xa0 ./Core/Src/main.o
                0x0000000024005c14                hfdcan2
 .bss.hhcd_USB_OTG_FS
                0x0000000024005cb4      0x304 ./Core/Src/main.o
                0x0000000024005cb4                hhcd_USB_OTG_FS
 .bss.huart2    0x0000000024005fb8       0x90 ./Core/Src/main.o
                0x0000000024005fb8                huart2
 .bss.htim6     0x0000000024006048       0x4c ./Core/Src/stm32h7xx_hal_timebase_tim.o
                0x0000000024006048                htim6
 .bss.uwTick    0x0000000024006094        0x4 ./Drivers/STM32H7xx_HAL_Driver/Src/stm32h7xx_hal.o
                0x0000000024006094                uwTick
 *(COMMON)
                0x0000000024006098                . = ALIGN (0x4)
                0x0000000024006098                _ebss = .
                0x0000000024006098                __bss_end__ = _ebss

._user_heap_stack
                0x0000000024006098      0x600 load address 0x0000000008006b9c
                0x0000000024006098                . = ALIGN (0x8)
                [!provide]                        PROVIDE (end = .)
                [!provide]                        PROVIDE (_end = .)
                0x0000000024006298                . = (. + _Min_Heap_Size)
 *fill*         0x0000000024006098      0x200 
                0x0000000024006698                . = (. + _Min_Stack_Size)
 *fill*         0x0000000024006298      0x400 
                0x0000000024006698                . = ALIGN (0x8)

/DISCARD/
 libc.a(*)
 libm.a(*)
 libgcc.a(*)

.ARM.attributes
                0x0000000000000000       0x2e
 *(.ARM.attributes)
 .ARM.attributes
                0x0000000000000000       0x1e c:/st/stm32cubeide_1.9.0/stm32cubeide/plugins/com.st.stm32cube.ide.mcu.externaltools.gnu-tools-for-stm32.10.3-2021.10.win32_1.0.0.202111181127/tools/bin/../lib/gcc/arm-none-eabi/10.3.1/thumb/v7e-m+dp/hard/crti.o
 .ARM.attributes
                0x000000000000001e       0x32 c:/st/stm32cubeide_1.9.0/stm32cubeide/plugins/com.st.stm32cube.ide.mcu.externaltools.gnu-tools-for-stm32.10.3-2021.10.win32_1.0.0.202111181127/tools/bin/../lib/gcc/arm-none-eabi/10.3.1/thumb/v7e-m+dp/hard/crtbegin.o
 .ARM.attributes
                0x0000000000000050       0x32 ./Common/ThirdParty/FreeRTOS/list.o
 .ARM.attributes
                0x0000000000000082       0x32 ./Common/ThirdParty/FreeRTOS/tasks.o
 .ARM.attributes
                0x00000000000000b4       0x32 ./Common/ThirdParty/FreeRTOS/portable/GCC/ARM_CM7/r0p1/port.o
 .ARM.attributes
                0x00000000000000e6       0x32 ./Common/ThirdParty/FreeRTOS/portable/MemMang/heap_4.o
 .ARM.attributes
                0x0000000000000118       0x32 ./Common/ThirdParty/SEGGER/Config/SEGGER_SYSVIEW_Config_FreeRTOS.o
 .ARM.attributes
                0x000000000000014a       0x32 ./Common/ThirdParty/SEGGER/OS/SEGGER_SYSVIEW_FreeRTOS.o
 .ARM.attributes
                0x000000000000017c       0x32 ./Common/ThirdParty/SEGGER/Recorder/segger_uart.o
 .ARM.attributes
                0x00000000000001ae       0x32 ./Common/ThirdParty/SEGGER/SEGGER/SEGGER_RTT.o
 .ARM.attributes
                0x00000000000001e0       0x1e ./Common/ThirdParty/SEGGER/SEGGER/SEGGER_RTT_ASM_ARMv7M.o
 .ARM.attributes
                0x00000000000001fe       0x32 ./Common/ThirdParty/SEGGER/SEGGER/SEGGER_SYSVIEW.o
 .ARM.attributes
                0x0000000000000230       0x32 ./Core/Src/main.o
 .ARM.attributes
                0x0000000000000262       0x32 ./Core/Src/stm32h7xx_hal_msp.o
 .ARM.attributes
                0x0000000000000294       0x32 ./Core/Src/stm32h7xx_hal_timebase_tim.o
 .ARM.attributes
                0x00000000000002c6       0x32 ./Core/Src/stm32h7xx_it.o
 .ARM.attributes
                0x00000000000002f8       0x32 ./Core/Src/system_stm32h7xx.o
 .ARM.attributes
                0x000000000000032a       0x21 ./Core/Startup/startup_stm32h743vitx.o
 .ARM.attributes
                0x000000000000034b       0x32 ./Drivers/STM32H7xx_HAL_Driver/Src/stm32h7xx_hal.o
 .ARM.attributes
                0x000000000000037d       0x32 ./Drivers/STM32H7xx_HAL_Driver/Src/stm32h7xx_hal_cortex.o
 .ARM.attributes
                0x00000000000003af       0x32 ./Drivers/STM32H7xx_HAL_Driver/Src/stm32h7xx_hal_fdcan.o
 .ARM.attributes
                0x00000000000003e1       0x32 ./Drivers/STM32H7xx_HAL_Driver/Src/stm32h7xx_hal_gpio.o
 .ARM.attributes
                0x0000000000000413       0x32 ./Drivers/STM32H7xx_HAL_Driver/Src/stm32h7xx_hal_hcd.o
 .ARM.attributes
                0x0000000000000445       0x32 ./Drivers/STM32H7xx_HAL_Driver/Src/stm32h7xx_hal_pwr_ex.o
 .ARM.attributes
                0x0000000000000477       0x32 ./Drivers/STM32H7xx_HAL_Driver/Src/stm32h7xx_hal_rcc.o
 .ARM.attributes
                0x00000000000004a9       0x32 ./Drivers/STM32H7xx_HAL_Driver/Src/stm32h7xx_hal_rcc_ex.o
 .ARM.attributes
                0x00000000000004db       0x32 ./Drivers/STM32H7xx_HAL_Driver/Src/stm32h7xx_hal_tim.o
 .ARM.attributes
                0x000000000000050d       0x32 ./Drivers/STM32H7xx_HAL_Driver/Src/stm32h7xx_hal_tim_ex.o
 .ARM.attributes
                0x000000000000053f       0x32 ./Drivers/STM32H7xx_HAL_Driver/Src/stm32h7xx_hal_uart.o
 .ARM.attributes
                0x0000000000000571       0x32 ./Drivers/STM32H7xx_HAL_Driver/Src/stm32h7xx_hal_uart_ex.o
 .ARM.attributes
                0x00000000000005a3       0x32 ./Drivers/STM32H7xx_HAL_Driver/Src/stm32h7xx_ll_usb.o
 .ARM.attributes
                0x00000000000005d5       0x32 c:/st/stm32cubeide_1.9.0/stm32cubeide/plugins/com.st.stm32cube.ide.mcu.externaltools.gnu-tools-for-stm32.10.3-2021.10.win32_1.0.0.202111181127/tools/bin/../lib/gcc/arm-none-eabi/10.3.1/../../../../arm-none-eabi/lib/thumb/v7e-m+dp/hard\libc_nano.a(lib_a-init.o)
 .ARM.attributes
                0x0000000000000607       0x32 c:/st/stm32cubeide_1.9.0/stm32cubeide/plugins/com.st.stm32cube.ide.mcu.externaltools.gnu-tools-for-stm32.10.3-2021.10.win32_1.0.0.202111181127/tools/bin/../lib/gcc/arm-none-eabi/10.3.1/../../../../arm-none-eabi/lib/thumb/v7e-m+dp/hard\libc_nano.a(lib_a-memcmp.o)
 .ARM.attributes
                0x0000000000000639       0x32 c:/st/stm32cubeide_1.9.0/stm32cubeide/plugins/com.st.stm32cube.ide.mcu.externaltools.gnu-tools-for-stm32.10.3-2021.10.win32_1.0.0.202111181127/tools/bin/../lib/gcc/arm-none-eabi/10.3.1/../../../../arm-none-eabi/lib/thumb/v7e-m+dp/hard\libc_nano.a(lib_a-memcpy-stub.o)
 .ARM.attributes
                0x000000000000066b       0x32 c:/st/stm32cubeide_1.9.0/stm32cubeide/plugins/com.st.stm32cube.ide.mcu.externaltools.gnu-tools-for-stm32.10.3-2021.10.win32_1.0.0.202111181127/tools/bin/../lib/gcc/arm-none-eabi/10.3.1/../../../../arm-none-eabi/lib/thumb/v7e-m+dp/hard\libc_nano.a(lib_a-memset.o)
 .ARM.attributes
                0x000000000000069d       0x1e c:/st/stm32cubeide_1.9.0/stm32cubeide/plugins/com.st.stm32cube.ide.mcu.externaltools.gnu-tools-for-stm32.10.3-2021.10.win32_1.0.0.202111181127/tools/bin/../lib/gcc/arm-none-eabi/10.3.1/thumb/v7e-m+dp/hard\libgcc.a(_aeabi_uldivmod.o)
 .ARM.attributes
                0x00000000000006bb       0x32 c:/st/stm32cubeide_1.9.0/stm32cubeide/plugins/com.st.stm32cube.ide.mcu.externaltools.gnu-tools-for-stm32.10.3-2021.10.win32_1.0.0.202111181127/tools/bin/../lib/gcc/arm-none-eabi/10.3.1/thumb/v7e-m+dp/hard\libgcc.a(_udivmoddi4.o)
 .ARM.attributes
                0x00000000000006ed       0x1e c:/st/stm32cubeide_1.9.0/stm32cubeide/plugins/com.st.stm32cube.ide.mcu.externaltools.gnu-tools-for-stm32.10.3-2021.10.win32_1.0.0.202111181127/tools/bin/../lib/gcc/arm-none-eabi/10.3.1/thumb/v7e-m+dp/hard\libgcc.a(_dvmd_tls.o)
 .ARM.attributes
                0x000000000000070b       0x1e c:/st/stm32cubeide_1.9.0/stm32cubeide/plugins/com.st.stm32cube.ide.mcu.externaltools.gnu-tools-for-stm32.10.3-2021.10.win32_1.0.0.202111181127/tools/bin/../lib/gcc/arm-none-eabi/10.3.1/thumb/v7e-m+dp/hard/crtn.o
OUTPUT(FreeRTOS_3_LEDs.elf elf32-littlearm)
LOAD linker stubs
LOAD c:/st/stm32cubeide_1.9.0/stm32cubeide/plugins/com.st.stm32cube.ide.mcu.externaltools.gnu-tools-for-stm32.10.3-2021.10.win32_1.0.0.202111181127/tools/bin/../lib/gcc/arm-none-eabi/10.3.1/../../../../arm-none-eabi/lib/thumb/v7e-m+dp/hard\libc.a
LOAD c:/st/stm32cubeide_1.9.0/stm32cubeide/plugins/com.st.stm32cube.ide.mcu.externaltools.gnu-tools-for-stm32.10.3-2021.10.win32_1.0.0.202111181127/tools/bin/../lib/gcc/arm-none-eabi/10.3.1/../../../../arm-none-eabi/lib/thumb/v7e-m+dp/hard\libm.a
LOAD c:/st/stm32cubeide_1.9.0/stm32cubeide/plugins/com.st.stm32cube.ide.mcu.externaltools.gnu-tools-for-stm32.10.3-2021.10.win32_1.0.0.202111181127/tools/bin/../lib/gcc/arm-none-eabi/10.3.1/thumb/v7e-m+dp/hard\libgcc.a

.debug_info     0x0000000000000000    0x2b608
 .debug_info    0x0000000000000000      0x2e4 ./Common/ThirdParty/FreeRTOS/list.o
 .debug_info    0x00000000000002e4     0x35d2 ./Common/ThirdParty/FreeRTOS/tasks.o
 .debug_info    0x00000000000038b6      0x544 ./Common/ThirdParty/FreeRTOS/portable/GCC/ARM_CM7/r0p1/port.o
 .debug_info    0x0000000000003dfa      0x5cb ./Common/ThirdParty/FreeRTOS/portable/MemMang/heap_4.o
 .debug_info    0x00000000000043c5      0x1d9 ./Common/ThirdParty/SEGGER/Config/SEGGER_SYSVIEW_Config_FreeRTOS.o
 .debug_info    0x000000000000459e      0x593 ./Common/ThirdParty/SEGGER/OS/SEGGER_SYSVIEW_FreeRTOS.o
 .debug_info    0x0000000000004b31      0x831 ./Common/ThirdParty/SEGGER/Recorder/segger_uart.o
 .debug_info    0x0000000000005362     0x1e1e ./Common/ThirdParty/SEGGER/SEGGER/SEGGER_RTT.o
 .debug_info    0x0000000000007180       0x26 ./Common/ThirdParty/SEGGER/SEGGER/SEGGER_RTT_ASM_ARMv7M.o
 .debug_info    0x00000000000071a6     0x4f34 ./Common/ThirdParty/SEGGER/SEGGER/SEGGER_SYSVIEW.o
 .debug_info    0x000000000000c0da     0x2d22 ./Core/Src/main.o
 .debug_info    0x000000000000edfc     0x2408 ./Core/Src/stm32h7xx_hal_msp.o
 .debug_info    0x0000000000011204     0x1199 ./Core/Src/stm32h7xx_hal_timebase_tim.o
 .debug_info    0x000000000001239d      0xffa ./Core/Src/stm32h7xx_it.o
 .debug_info    0x0000000000013397      0xd34 ./Core/Src/system_stm32h7xx.o
 .debug_info    0x00000000000140cb       0x22 ./Core/Startup/startup_stm32h743vitx.o
 .debug_info    0x00000000000140ed     0x16cc ./Drivers/STM32H7xx_HAL_Driver/Src/stm32h7xx_hal.o
 .debug_info    0x00000000000157b9     0x13ee ./Drivers/STM32H7xx_HAL_Driver/Src/stm32h7xx_hal_cortex.o
 .debug_info    0x0000000000016ba7     0x3427 ./Drivers/STM32H7xx_HAL_Driver/Src/stm32h7xx_hal_fdcan.o
 .debug_info    0x0000000000019fce      0xd6a ./Drivers/STM32H7xx_HAL_Driver/Src/stm32h7xx_hal_gpio.o
 .debug_info    0x000000000001ad38     0x15e5 ./Drivers/STM32H7xx_HAL_Driver/Src/stm32h7xx_hal_hcd.o
 .debug_info    0x000000000001c31d     0x122e ./Drivers/STM32H7xx_HAL_Driver/Src/stm32h7xx_hal_pwr_ex.o
 .debug_info    0x000000000001d54b     0x122e ./Drivers/STM32H7xx_HAL_Driver/Src/stm32h7xx_hal_rcc.o
 .debug_info    0x000000000001e779     0x19df ./Drivers/STM32H7xx_HAL_Driver/Src/stm32h7xx_hal_rcc_ex.o
 .debug_info    0x0000000000020158     0x3ddc ./Drivers/STM32H7xx_HAL_Driver/Src/stm32h7xx_hal_tim.o
 .debug_info    0x0000000000023f34     0x1e5c ./Drivers/STM32H7xx_HAL_Driver/Src/stm32h7xx_hal_tim_ex.o
 .debug_info    0x0000000000025d90     0x294c ./Drivers/STM32H7xx_HAL_Driver/Src/stm32h7xx_hal_uart.o
 .debug_info    0x00000000000286dc      0xfbd ./Drivers/STM32H7xx_HAL_Driver/Src/stm32h7xx_hal_uart_ex.o
 .debug_info    0x0000000000029699     0x1f6f ./Drivers/STM32H7xx_HAL_Driver/Src/stm32h7xx_ll_usb.o

.debug_abbrev   0x0000000000000000     0x437c
 .debug_abbrev  0x0000000000000000      0x109 ./Common/ThirdParty/FreeRTOS/list.o
 .debug_abbrev  0x0000000000000109      0x3bd ./Common/ThirdParty/FreeRTOS/tasks.o
 .debug_abbrev  0x00000000000004c6      0x2a7 ./Common/ThirdParty/FreeRTOS/portable/GCC/ARM_CM7/r0p1/port.o
 .debug_abbrev  0x000000000000076d      0x261 ./Common/ThirdParty/FreeRTOS/portable/MemMang/heap_4.o
 .debug_abbrev  0x00000000000009ce      0x103 ./Common/ThirdParty/SEGGER/Config/SEGGER_SYSVIEW_Config_FreeRTOS.o
 .debug_abbrev  0x0000000000000ad1      0x1f3 ./Common/ThirdParty/SEGGER/OS/SEGGER_SYSVIEW_FreeRTOS.o
 .debug_abbrev  0x0000000000000cc4      0x263 ./Common/ThirdParty/SEGGER/Recorder/segger_uart.o
 .debug_abbrev  0x0000000000000f27      0x277 ./Common/ThirdParty/SEGGER/SEGGER/SEGGER_RTT.o
 .debug_abbrev  0x000000000000119e       0x14 ./Common/ThirdParty/SEGGER/SEGGER/SEGGER_RTT_ASM_ARMv7M.o
 .debug_abbrev  0x00000000000011b2      0x383 ./Common/ThirdParty/SEGGER/SEGGER/SEGGER_SYSVIEW.o
 .debug_abbrev  0x0000000000001535      0x3af ./Core/Src/main.o
 .debug_abbrev  0x00000000000018e4      0x284 ./Core/Src/stm32h7xx_hal_msp.o
 .debug_abbrev  0x0000000000001b68      0x24e ./Core/Src/stm32h7xx_hal_timebase_tim.o
 .debug_abbrev  0x0000000000001db6      0x19e ./Core/Src/stm32h7xx_it.o
 .debug_abbrev  0x0000000000001f54      0x14d ./Core/Src/system_stm32h7xx.o
 .debug_abbrev  0x00000000000020a1       0x12 ./Core/Startup/startup_stm32h743vitx.o
 .debug_abbrev  0x00000000000020b3      0x2b8 ./Drivers/STM32H7xx_HAL_Driver/Src/stm32h7xx_hal.o
 .debug_abbrev  0x000000000000236b      0x380 ./Drivers/STM32H7xx_HAL_Driver/Src/stm32h7xx_hal_cortex.o
 .debug_abbrev  0x00000000000026eb      0x2ae ./Drivers/STM32H7xx_HAL_Driver/Src/stm32h7xx_hal_fdcan.o
 .debug_abbrev  0x0000000000002999      0x23c ./Drivers/STM32H7xx_HAL_Driver/Src/stm32h7xx_hal_gpio.o
 .debug_abbrev  0x0000000000002bd5      0x2c7 ./Drivers/STM32H7xx_HAL_Driver/Src/stm32h7xx_hal_hcd.o
 .debug_abbrev  0x0000000000002e9c      0x2b3 ./Drivers/STM32H7xx_HAL_Driver/Src/stm32h7xx_hal_pwr_ex.o
 .debug_abbrev  0x000000000000314f      0x2a2 ./Drivers/STM32H7xx_HAL_Driver/Src/stm32h7xx_hal_rcc.o
 .debug_abbrev  0x00000000000033f1      0x27b ./Drivers/STM32H7xx_HAL_Driver/Src/stm32h7xx_hal_rcc_ex.o
 .debug_abbrev  0x000000000000366c      0x263 ./Drivers/STM32H7xx_HAL_Driver/Src/stm32h7xx_hal_tim.o
 .debug_abbrev  0x00000000000038cf      0x25d ./Drivers/STM32H7xx_HAL_Driver/Src/stm32h7xx_hal_tim_ex.o
 .debug_abbrev  0x0000000000003b2c      0x2e8 ./Drivers/STM32H7xx_HAL_Driver/Src/stm32h7xx_hal_uart.o
 .debug_abbrev  0x0000000000003e14      0x275 ./Drivers/STM32H7xx_HAL_Driver/Src/stm32h7xx_hal_uart_ex.o
 .debug_abbrev  0x0000000000004089      0x2f3 ./Drivers/STM32H7xx_HAL_Driver/Src/stm32h7xx_ll_usb.o

.debug_loc      0x0000000000000000    0x1fb7e
 .debug_loc     0x0000000000000000       0xad ./Common/ThirdParty/FreeRTOS/list.o
 .debug_loc     0x00000000000000ad     0x257d ./Common/ThirdParty/FreeRTOS/tasks.o
 .debug_loc     0x000000000000262a       0xf8 ./Common/ThirdParty/FreeRTOS/portable/GCC/ARM_CM7/r0p1/port.o
 .debug_loc     0x0000000000002722      0x444 ./Common/ThirdParty/FreeRTOS/portable/MemMang/heap_4.o
 .debug_loc     0x0000000000002b66      0x2db ./Common/ThirdParty/SEGGER/OS/SEGGER_SYSVIEW_FreeRTOS.o
 .debug_loc     0x0000000000002e41      0x236 ./Common/ThirdParty/SEGGER/Recorder/segger_uart.o
 .debug_loc     0x0000000000003077     0x25d3 ./Common/ThirdParty/SEGGER/SEGGER/SEGGER_RTT.o
 .debug_loc     0x000000000000564a     0x5ec8 ./Common/ThirdParty/SEGGER/SEGGER/SEGGER_SYSVIEW.o
 .debug_loc     0x000000000000b512       0xe0 ./Core/Src/main.o
 .debug_loc     0x000000000000b5f2      0x1a0 ./Core/Src/stm32h7xx_hal_msp.o
 .debug_loc     0x000000000000b792       0xb6 ./Core/Src/stm32h7xx_hal_timebase_tim.o
 .debug_loc     0x000000000000b848      0x1a0 ./Core/Src/system_stm32h7xx.o
 .debug_loc     0x000000000000b9e8      0x3fa ./Drivers/STM32H7xx_HAL_Driver/Src/stm32h7xx_hal.o
 .debug_loc     0x000000000000bde2      0x726 ./Drivers/STM32H7xx_HAL_Driver/Src/stm32h7xx_hal_cortex.o
 .debug_loc     0x000000000000c508     0x35eb ./Drivers/STM32H7xx_HAL_Driver/Src/stm32h7xx_hal_fdcan.o
 .debug_loc     0x000000000000faf3      0x3c7 ./Drivers/STM32H7xx_HAL_Driver/Src/stm32h7xx_hal_gpio.o
 .debug_loc     0x000000000000feba     0x11ab ./Drivers/STM32H7xx_HAL_Driver/Src/stm32h7xx_hal_hcd.o
 .debug_loc     0x0000000000011065      0x4df ./Drivers/STM32H7xx_HAL_Driver/Src/stm32h7xx_hal_pwr_ex.o
 .debug_loc     0x0000000000011544      0x8c9 ./Drivers/STM32H7xx_HAL_Driver/Src/stm32h7xx_hal_rcc.o
 .debug_loc     0x0000000000011e0d     0x19dc ./Drivers/STM32H7xx_HAL_Driver/Src/stm32h7xx_hal_rcc_ex.o
 .debug_loc     0x00000000000137e9     0x4db1 ./Drivers/STM32H7xx_HAL_Driver/Src/stm32h7xx_hal_tim.o
 .debug_loc     0x000000000001859a     0x2447 ./Drivers/STM32H7xx_HAL_Driver/Src/stm32h7xx_hal_tim_ex.o
 .debug_loc     0x000000000001a9e1     0x2342 ./Drivers/STM32H7xx_HAL_Driver/Src/stm32h7xx_hal_uart.o
 .debug_loc     0x000000000001cd23      0xa14 ./Drivers/STM32H7xx_HAL_Driver/Src/stm32h7xx_hal_uart_ex.o
 .debug_loc     0x000000000001d737     0x2447 ./Drivers/STM32H7xx_HAL_Driver/Src/stm32h7xx_ll_usb.o

.debug_aranges  0x0000000000000000     0x1cd8
 .debug_aranges
                0x0000000000000000       0x40 ./Common/ThirdParty/FreeRTOS/list.o
 .debug_aranges
                0x0000000000000040      0x200 ./Common/ThirdParty/FreeRTOS/tasks.o
 .debug_aranges
                0x0000000000000240       0x80 ./Common/ThirdParty/FreeRTOS/portable/GCC/ARM_CM7/r0p1/port.o
 .debug_aranges
                0x00000000000002c0       0x58 ./Common/ThirdParty/FreeRTOS/portable/MemMang/heap_4.o
 .debug_aranges
                0x0000000000000318       0x28 ./Common/ThirdParty/SEGGER/Config/SEGGER_SYSVIEW_Config_FreeRTOS.o
 .debug_aranges
                0x0000000000000340       0x48 ./Common/ThirdParty/SEGGER/OS/SEGGER_SYSVIEW_FreeRTOS.o
 .debug_aranges
                0x0000000000000388       0x58 ./Common/ThirdParty/SEGGER/Recorder/segger_uart.o
 .debug_aranges
                0x00000000000003e0      0x138 ./Common/ThirdParty/SEGGER/SEGGER/SEGGER_RTT.o
 .debug_aranges
                0x0000000000000518       0x20 ./Common/ThirdParty/SEGGER/SEGGER/SEGGER_RTT_ASM_ARMv7M.o
 .debug_aranges
                0x0000000000000538      0x280 ./Common/ThirdParty/SEGGER/SEGGER/SEGGER_SYSVIEW.o
 .debug_aranges
                0x00000000000007b8       0x70 ./Core/Src/main.o
 .debug_aranges
                0x0000000000000828       0x50 ./Core/Src/stm32h7xx_hal_msp.o
 .debug_aranges
                0x0000000000000878       0x30 ./Core/Src/stm32h7xx_hal_timebase_tim.o
 .debug_aranges
                0x00000000000008a8       0x58 ./Core/Src/stm32h7xx_it.o
 .debug_aranges
                0x0000000000000900       0x28 ./Core/Src/system_stm32h7xx.o
 .debug_aranges
                0x0000000000000928       0x28 ./Core/Startup/startup_stm32h743vitx.o
 .debug_aranges
                0x0000000000000950      0x198 ./Drivers/STM32H7xx_HAL_Driver/Src/stm32h7xx_hal.o
 .debug_aranges
                0x0000000000000ae8       0xb0 ./Drivers/STM32H7xx_HAL_Driver/Src/stm32h7xx_hal_cortex.o
 .debug_aranges
                0x0000000000000b98      0x338 ./Drivers/STM32H7xx_HAL_Driver/Src/stm32h7xx_hal_fdcan.o
 .debug_aranges
                0x0000000000000ed0       0x58 ./Drivers/STM32H7xx_HAL_Driver/Src/stm32h7xx_hal_gpio.o
 .debug_aranges
                0x0000000000000f28       0xf0 ./Drivers/STM32H7xx_HAL_Driver/Src/stm32h7xx_hal_hcd.o
 .debug_aranges
                0x0000000000001018      0x158 ./Drivers/STM32H7xx_HAL_Driver/Src/stm32h7xx_hal_pwr_ex.o
 .debug_aranges
                0x0000000000001170       0x88 ./Drivers/STM32H7xx_HAL_Driver/Src/stm32h7xx_hal_rcc.o
 .debug_aranges
                0x00000000000011f8       0xf8 ./Drivers/STM32H7xx_HAL_Driver/Src/stm32h7xx_hal_rcc_ex.o
 .debug_aranges
                0x00000000000012f0      0x3e0 ./Drivers/STM32H7xx_HAL_Driver/Src/stm32h7xx_hal_tim.o
 .debug_aranges
                0x00000000000016d0      0x188 ./Drivers/STM32H7xx_HAL_Driver/Src/stm32h7xx_hal_tim_ex.o
 .debug_aranges
                0x0000000000001858      0x248 ./Drivers/STM32H7xx_HAL_Driver/Src/stm32h7xx_hal_uart.o
 .debug_aranges
                0x0000000000001aa0       0xa0 ./Drivers/STM32H7xx_HAL_Driver/Src/stm32h7xx_hal_uart_ex.o
 .debug_aranges
                0x0000000000001b40      0x198 ./Drivers/STM32H7xx_HAL_Driver/Src/stm32h7xx_ll_usb.o

.debug_ranges   0x0000000000000000     0x2040
 .debug_ranges  0x0000000000000000       0x30 ./Common/ThirdParty/FreeRTOS/list.o
 .debug_ranges  0x0000000000000030      0x320 ./Common/ThirdParty/FreeRTOS/tasks.o
 .debug_ranges  0x0000000000000350       0x70 ./Common/ThirdParty/FreeRTOS/portable/GCC/ARM_CM7/r0p1/port.o
 .debug_ranges  0x00000000000003c0       0x48 ./Common/ThirdParty/FreeRTOS/portable/MemMang/heap_4.o
 .debug_ranges  0x0000000000000408       0x18 ./Common/ThirdParty/SEGGER/Config/SEGGER_SYSVIEW_Config_FreeRTOS.o
 .debug_ranges  0x0000000000000420       0x38 ./Common/ThirdParty/SEGGER/OS/SEGGER_SYSVIEW_FreeRTOS.o
 .debug_ranges  0x0000000000000458       0x48 ./Common/ThirdParty/SEGGER/Recorder/segger_uart.o
 .debug_ranges  0x00000000000004a0      0x360 ./Common/ThirdParty/SEGGER/SEGGER/SEGGER_RTT.o
 .debug_ranges  0x0000000000000800      0x2d0 ./Common/ThirdParty/SEGGER/SEGGER/SEGGER_SYSVIEW.o
 .debug_ranges  0x0000000000000ad0       0x60 ./Core/Src/main.o
 .debug_ranges  0x0000000000000b30       0x40 ./Core/Src/stm32h7xx_hal_msp.o
 .debug_ranges  0x0000000000000b70       0x20 ./Core/Src/stm32h7xx_hal_timebase_tim.o
 .debug_ranges  0x0000000000000b90       0x48 ./Core/Src/stm32h7xx_it.o
 .debug_ranges  0x0000000000000bd8       0x18 ./Core/Src/system_stm32h7xx.o
 .debug_ranges  0x0000000000000bf0       0x20 ./Core/Startup/startup_stm32h743vitx.o
 .debug_ranges  0x0000000000000c10      0x188 ./Drivers/STM32H7xx_HAL_Driver/Src/stm32h7xx_hal.o
 .debug_ranges  0x0000000000000d98      0x100 ./Drivers/STM32H7xx_HAL_Driver/Src/stm32h7xx_hal_cortex.o
 .debug_ranges  0x0000000000000e98      0x370 ./Drivers/STM32H7xx_HAL_Driver/Src/stm32h7xx_hal_fdcan.o
 .debug_ranges  0x0000000000001208       0x48 ./Drivers/STM32H7xx_HAL_Driver/Src/stm32h7xx_hal_gpio.o
 .debug_ranges  0x0000000000001250       0xe0 ./Drivers/STM32H7xx_HAL_Driver/Src/stm32h7xx_hal_hcd.o
 .debug_ranges  0x0000000000001330      0x1a8 ./Drivers/STM32H7xx_HAL_Driver/Src/stm32h7xx_hal_pwr_ex.o
 .debug_ranges  0x00000000000014d8       0xe8 ./Drivers/STM32H7xx_HAL_Driver/Src/stm32h7xx_hal_rcc.o
 .debug_ranges  0x00000000000015c0       0xe8 ./Drivers/STM32H7xx_HAL_Driver/Src/stm32h7xx_hal_rcc_ex.o
 .debug_ranges  0x00000000000016a8      0x3d0 ./Drivers/STM32H7xx_HAL_Driver/Src/stm32h7xx_hal_tim.o
 .debug_ranges  0x0000000000001a78      0x178 ./Drivers/STM32H7xx_HAL_Driver/Src/stm32h7xx_hal_tim_ex.o
 .debug_ranges  0x0000000000001bf0      0x238 ./Drivers/STM32H7xx_HAL_Driver/Src/stm32h7xx_hal_uart.o
 .debug_ranges  0x0000000000001e28       0x90 ./Drivers/STM32H7xx_HAL_Driver/Src/stm32h7xx_hal_uart_ex.o
 .debug_ranges  0x0000000000001eb8      0x188 ./Drivers/STM32H7xx_HAL_Driver/Src/stm32h7xx_ll_usb.o

.debug_macro    0x0000000000000000    0x38ccf
 .debug_macro   0x0000000000000000      0x1f4 ./Common/ThirdParty/FreeRTOS/list.o
 .debug_macro   0x00000000000001f4      0x2e1 ./Common/ThirdParty/FreeRTOS/tasks.o
 .debug_macro   0x00000000000004d5       0x10 ./Common/ThirdParty/FreeRTOS/tasks.o
 .debug_macro   0x00000000000004e5      0x1e5 ./Common/ThirdParty/FreeRTOS/portable/GCC/ARM_CM7/r0p1/port.o
 .debug_macro   0x00000000000006ca      0x20f ./Common/ThirdParty/FreeRTOS/portable/MemMang/heap_4.o
 .debug_macro   0x00000000000008d9      0x137 ./Common/ThirdParty/SEGGER/Config/SEGGER_SYSVIEW_Config_FreeRTOS.o
 .debug_macro   0x0000000000000a10      0x203 ./Common/ThirdParty/SEGGER/OS/SEGGER_SYSVIEW_FreeRTOS.o
 .debug_macro   0x0000000000000c13      0x4c6 ./Common/ThirdParty/SEGGER/Recorder/segger_uart.o
 .debug_macro   0x00000000000010d9       0x3a ./Common/ThirdParty/SEGGER/Recorder/segger_uart.o
 .debug_macro   0x0000000000001113      0x138 ./Common/ThirdParty/SEGGER/Recorder/segger_uart.o
 .debug_macro   0x000000000000124b      0x244 ./Common/ThirdParty/SEGGER/Recorder/segger_uart.o
 .debug_macro   0x000000000000148f       0x2e ./Common/ThirdParty/SEGGER/Recorder/segger_uart.o
 .debug_macro   0x00000000000014bd       0x3b ./Common/ThirdParty/SEGGER/Recorder/segger_uart.o
 .debug_macro   0x00000000000014f8       0x1c ./Common/ThirdParty/SEGGER/Recorder/segger_uart.o