D:/Documents/FreeRTOS/RTOS_Workspace/STM32H743VI/STM32H743VI_WorkSpace/Common/ThirdParty/SEGGER/SEGGER/SEGGER_SYSVIEW.c:461:12:_EncodeData	0	static
D:/Documents/FreeRTOS/RTOS_Workspace/STM32H743VI/STM32H743VI_WorkSpace/Common/ThirdParty/SEGGER/SEGGER/SEGGER_SYSVIEW.c:495:12:_EncodeStr	4	static
D:/Documents/FreeRTOS/RTOS_Workspace/STM32H743VI/STM32H743VI_WorkSpace/Common/ThirdParty/SEGGER/SEGGER/SEGGER_SYSVIEW.c:549:12:_PreparePacket	0	static
D:/Documents/FreeRTOS/RTOS_Workspace/STM32H743VI/STM32H743VI_WorkSpace/Common/ThirdParty/SEGGER/SEGGER/SEGGER_SYSVIEW.c:633:12:_TrySendOverflowPacket	32	static
D:/Documents/FreeRTOS/RTOS_Workspace/STM32H743VI/STM32H743VI_WorkSpace/Common/ThirdParty/SEGGER/SEGGER/SEGGER_SYSVIEW.c:1342:6:SEGGER_SYSVIEW_Init	40	static
D:/Documents/FreeRTOS/RTOS_Workspace/STM32H743VI/STM32H743VI_WorkSpace/Common/ThirdParty/SEGGER/SEGGER/SEGGER_SYSVIEW.c:1393:6:SEGGER_SYSVIEW_SetRAMBase	0	static
D:/Documents/FreeRTOS/RTOS_Workspace/STM32H743VI/STM32H743VI_WorkSpace/Common/ThirdParty/SEGGER/SEGGER/SEGGER_SYSVIEW.c:1850:5:SEGGER_SYSVIEW_GetChannelID	0	static
D:/Documents/FreeRTOS/RTOS_Workspace/STM32H743VI/STM32H743VI_WorkSpace/Common/ThirdParty/SEGGER/SEGGER/SEGGER_SYSVIEW.c:1917:6:SEGGER_SYSVIEW_SendTaskList	8	static
D:/Documents/FreeRTOS/RTOS_Workspace/STM32H743VI/STM32H743VI_WorkSpace/Common/ThirdParty/SEGGER/SEGGER/SEGGER_SYSVIEW.c:2438:5:SEGGER_SYSVIEW_EncodeU32	0	static
D:/Documents/FreeRTOS/RTOS_Workspace/STM32H743VI/STM32H743VI_WorkSpace/Common/ThirdParty/SEGGER/SEGGER/SEGGER_SYSVIEW.c:2465:5:SEGGER_SYSVIEW_EncodeString	8	static
D:/Documents/FreeRTOS/RTOS_Workspace/STM32H743VI/STM32H743VI_WorkSpace/Common/ThirdParty/SEGGER/SEGGER/SEGGER_SYSVIEW.c:2491:5:SEGGER_SYSVIEW_EncodeData	8	static
D:/Documents/FreeRTOS/RTOS_Workspace/STM32H743VI/STM32H743VI_WorkSpace/Common/ThirdParty/SEGGER/SEGGER/SEGGER_SYSVIEW.c:2519:5:SEGGER_SYSVIEW_EncodeId	0	static
D:/Documents/FreeRTOS/RTOS_Workspace/STM32H743VI/STM32H743VI_WorkSpace/Common/ThirdParty/SEGGER/SEGGER/SEGGER_SYSVIEW.c:2547:5:SEGGER_SYSVIEW_ShrinkId	0	static
D:/Documents/FreeRTOS/RTOS_Workspace/STM32H743VI/STM32H743VI_WorkSpace/Common/ThirdParty/SEGGER/SEGGER/SEGGER_SYSVIEW.c:2690:6:SEGGER_SYSVIEW_SendModuleDescription	8	static
D:/Documents/FreeRTOS/RTOS_Workspace/STM32H743VI/STM32H743VI_WorkSpace/Common/ThirdParty/SEGGER/SEGGER/SEGGER_SYSVIEW.c:2711:6:SEGGER_SYSVIEW_SendNumModules	8	static,ignoring_inline_asm
D:/Documents/FreeRTOS/RTOS_Workspace/STM32H743VI/STM32H743VI_WorkSpace/Common/ThirdParty/SEGGER/SEGGER/SEGGER_SYSVIEW.c:1777:6:SEGGER_SYSVIEW_Start	16	static,ignoring_inline_asm
D:/Documents/FreeRTOS/RTOS_Workspace/STM32H743VI/STM32H743VI_WorkSpace/Common/ThirdParty/SEGGER/SEGGER/SEGGER_SYSVIEW.c:566:13:_HandleIncomingPacket	16	static
D:/Documents/FreeRTOS/RTOS_Workspace/STM32H743VI/STM32H743VI_WorkSpace/Common/ThirdParty/SEGGER/SEGGER/SEGGER_SYSVIEW.c:738:13:_SendPacket	16	static
D:/Documents/FreeRTOS/RTOS_Workspace/STM32H743VI/STM32H743VI_WorkSpace/Common/ThirdParty/SEGGER/SEGGER/SEGGER_SYSVIEW.c:1407:6:SEGGER_SYSVIEW_RecordVoid	16	static,ignoring_inline_asm
D:/Documents/FreeRTOS/RTOS_Workspace/STM32H743VI/STM32H743VI_WorkSpace/Common/ThirdParty/SEGGER/SEGGER/SEGGER_SYSVIEW.c:1427:6:SEGGER_SYSVIEW_RecordU32	16	static,ignoring_inline_asm
D:/Documents/FreeRTOS/RTOS_Workspace/STM32H743VI/STM32H743VI_WorkSpace/Common/ThirdParty/SEGGER/SEGGER/SEGGER_SYSVIEW.c:1450:6:SEGGER_SYSVIEW_RecordU32x2	24	static,ignoring_inline_asm
D:/Documents/FreeRTOS/RTOS_Workspace/STM32H743VI/STM32H743VI_WorkSpace/Common/ThirdParty/SEGGER/SEGGER/SEGGER_SYSVIEW.c:1965:6:SEGGER_SYSVIEW_RecordSystime	8	static
D:/Documents/FreeRTOS/RTOS_Workspace/STM32H743VI/STM32H743VI_WorkSpace/Common/ThirdParty/SEGGER/SEGGER/SEGGER_SYSVIEW.c:1475:6:SEGGER_SYSVIEW_RecordU32x3	24	static,ignoring_inline_asm
D:/Documents/FreeRTOS/RTOS_Workspace/STM32H743VI/STM32H743VI_WorkSpace/Common/ThirdParty/SEGGER/SEGGER/SEGGER_SYSVIEW.c:1502:6:SEGGER_SYSVIEW_RecordU32x4	32	static,ignoring_inline_asm
D:/Documents/FreeRTOS/RTOS_Workspace/STM32H743VI/STM32H743VI_WorkSpace/Common/ThirdParty/SEGGER/SEGGER/SEGGER_SYSVIEW.c:1531:6:SEGGER_SYSVIEW_RecordU32x5	32	static,ignoring_inline_asm
D:/Documents/FreeRTOS/RTOS_Workspace/STM32H743VI/STM32H743VI_WorkSpace/Common/ThirdParty/SEGGER/SEGGER/SEGGER_SYSVIEW.c:1562:6:SEGGER_SYSVIEW_RecordU32x6	40	static,ignoring_inline_asm
D:/Documents/FreeRTOS/RTOS_Workspace/STM32H743VI/STM32H743VI_WorkSpace/Common/ThirdParty/SEGGER/SEGGER/SEGGER_SYSVIEW.c:1595:6:SEGGER_SYSVIEW_RecordU32x7	48	static,ignoring_inline_asm
D:/Documents/FreeRTOS/RTOS_Workspace/STM32H743VI/STM32H743VI_WorkSpace/Common/ThirdParty/SEGGER/SEGGER/SEGGER_SYSVIEW.c:1630:6:SEGGER_SYSVIEW_RecordU32x8	48	static,ignoring_inline_asm
D:/Documents/FreeRTOS/RTOS_Workspace/STM32H743VI/STM32H743VI_WorkSpace/Common/ThirdParty/SEGGER/SEGGER/SEGGER_SYSVIEW.c:1667:6:SEGGER_SYSVIEW_RecordU32x9	48	static,ignoring_inline_asm
D:/Documents/FreeRTOS/RTOS_Workspace/STM32H743VI/STM32H743VI_WorkSpace/Common/ThirdParty/SEGGER/SEGGER/SEGGER_SYSVIEW.c:1706:6:SEGGER_SYSVIEW_RecordU32x10	48	static,ignoring_inline_asm
D:/Documents/FreeRTOS/RTOS_Workspace/STM32H743VI/STM32H743VI_WorkSpace/Common/ThirdParty/SEGGER/SEGGER/SEGGER_SYSVIEW.c:1741:6:SEGGER_SYSVIEW_RecordString	24	static,ignoring_inline_asm
D:/Documents/FreeRTOS/RTOS_Workspace/STM32H743VI/STM32H743VI_WorkSpace/Common/ThirdParty/SEGGER/SEGGER/SEGGER_SYSVIEW.c:1832:6:SEGGER_SYSVIEW_Stop	8	static,ignoring_inline_asm
D:/Documents/FreeRTOS/RTOS_Workspace/STM32H743VI/STM32H743VI_WorkSpace/Common/ThirdParty/SEGGER/SEGGER/SEGGER_SYSVIEW.c:1862:6:SEGGER_SYSVIEW_GetSysDesc	8	static,ignoring_inline_asm
D:/Documents/FreeRTOS/RTOS_Workspace/STM32H743VI/STM32H743VI_WorkSpace/Common/ThirdParty/SEGGER/SEGGER/SEGGER_SYSVIEW.c:1890:6:SEGGER_SYSVIEW_SendTaskInfo	16	static,ignoring_inline_asm
D:/Documents/FreeRTOS/RTOS_Workspace/STM32H743VI/STM32H743VI_WorkSpace/Common/ThirdParty/SEGGER/SEGGER/SEGGER_SYSVIEW.c:1947:6:SEGGER_SYSVIEW_SendSysDesc	16	static,ignoring_inline_asm
D:/Documents/FreeRTOS/RTOS_Workspace/STM32H743VI/STM32H743VI_WorkSpace/Common/ThirdParty/SEGGER/SEGGER/SEGGER_SYSVIEW.c:1989:6:SEGGER_SYSVIEW_RecordEnterISR	8	static,ignoring_inline_asm
D:/Documents/FreeRTOS/RTOS_Workspace/STM32H743VI/STM32H743VI_WorkSpace/Common/ThirdParty/SEGGER/SEGGER/SEGGER_SYSVIEW.c:2016:6:SEGGER_SYSVIEW_RecordExitISR	8	static,ignoring_inline_asm
D:/Documents/FreeRTOS/RTOS_Workspace/STM32H743VI/STM32H743VI_WorkSpace/Common/ThirdParty/SEGGER/SEGGER/SEGGER_SYSVIEW.c:2038:6:SEGGER_SYSVIEW_RecordExitISRToScheduler	8	static,ignoring_inline_asm
D:/Documents/FreeRTOS/RTOS_Workspace/STM32H743VI/STM32H743VI_WorkSpace/Common/ThirdParty/SEGGER/SEGGER/SEGGER_SYSVIEW.c:2056:6:SEGGER_SYSVIEW_RecordEnterTimer	16	static,ignoring_inline_asm
D:/Documents/FreeRTOS/RTOS_Workspace/STM32H743VI/STM32H743VI_WorkSpace/Common/ThirdParty/SEGGER/SEGGER/SEGGER_SYSVIEW.c:2074:6:SEGGER_SYSVIEW_RecordExitTimer	8	static,ignoring_inline_asm
D:/Documents/FreeRTOS/RTOS_Workspace/STM32H743VI/STM32H743VI_WorkSpace/Common/ThirdParty/SEGGER/SEGGER/SEGGER_SYSVIEW.c:2092:6:SEGGER_SYSVIEW_RecordEndCall	16	static,ignoring_inline_asm
D:/Documents/FreeRTOS/RTOS_Workspace/STM32H743VI/STM32H743VI_WorkSpace/Common/ThirdParty/SEGGER/SEGGER/SEGGER_SYSVIEW.c:2114:6:SEGGER_SYSVIEW_RecordEndCallU32	16	static,ignoring_inline_asm
D:/Documents/FreeRTOS/RTOS_Workspace/STM32H743VI/STM32H743VI_WorkSpace/Common/ThirdParty/SEGGER/SEGGER/SEGGER_SYSVIEW.c:2133:6:SEGGER_SYSVIEW_OnIdle	8	static,ignoring_inline_asm
D:/Documents/FreeRTOS/RTOS_Workspace/STM32H743VI/STM32H743VI_WorkSpace/Common/ThirdParty/SEGGER/SEGGER/SEGGER_SYSVIEW.c:2152:6:SEGGER_SYSVIEW_OnTaskCreate	16	static,ignoring_inline_asm
D:/Documents/FreeRTOS/RTOS_Workspace/STM32H743VI/STM32H743VI_WorkSpace/Common/ThirdParty/SEGGER/SEGGER/SEGGER_SYSVIEW.c:2177:6:SEGGER_SYSVIEW_OnTaskTerminate	16	static,ignoring_inline_asm
D:/Documents/FreeRTOS/RTOS_Workspace/STM32H743VI/STM32H743VI_WorkSpace/Common/ThirdParty/SEGGER/SEGGER/SEGGER_SYSVIEW.c:2201:6:SEGGER_SYSVIEW_OnTaskStartExec	16	static,ignoring_inline_asm
D:/Documents/FreeRTOS/RTOS_Workspace/STM32H743VI/STM32H743VI_WorkSpace/Common/ThirdParty/SEGGER/SEGGER/SEGGER_SYSVIEW.c:2221:6:SEGGER_SYSVIEW_OnTaskStopExec	8	static,ignoring_inline_asm
D:/Documents/FreeRTOS/RTOS_Workspace/STM32H743VI/STM32H743VI_WorkSpace/Common/ThirdParty/SEGGER/SEGGER/SEGGER_SYSVIEW.c:2239:6:SEGGER_SYSVIEW_OnTaskStartReady	16	static,ignoring_inline_asm
D:/Documents/FreeRTOS/RTOS_Workspace/STM32H743VI/STM32H743VI_WorkSpace/Common/ThirdParty/SEGGER/SEGGER/SEGGER_SYSVIEW.c:2262:6:SEGGER_SYSVIEW_OnTaskStopReady	16	static,ignoring_inline_asm
D:/Documents/FreeRTOS/RTOS_Workspace/STM32H743VI/STM32H743VI_WorkSpace/Common/ThirdParty/SEGGER/SEGGER/SEGGER_SYSVIEW.c:2285:6:SEGGER_SYSVIEW_MarkStart	16	static,ignoring_inline_asm
D:/Documents/FreeRTOS/RTOS_Workspace/STM32H743VI/STM32H743VI_WorkSpace/Common/ThirdParty/SEGGER/SEGGER/SEGGER_SYSVIEW.c:2306:6:SEGGER_SYSVIEW_MarkStop	16	static,ignoring_inline_asm
D:/Documents/FreeRTOS/RTOS_Workspace/STM32H743VI/STM32H743VI_WorkSpace/Common/ThirdParty/SEGGER/SEGGER/SEGGER_SYSVIEW.c:2327:6:SEGGER_SYSVIEW_Mark	16	static,ignoring_inline_asm
D:/Documents/FreeRTOS/RTOS_Workspace/STM32H743VI/STM32H743VI_WorkSpace/Common/ThirdParty/SEGGER/SEGGER/SEGGER_SYSVIEW.c:2354:6:SEGGER_SYSVIEW_NameMarker	24	static,ignoring_inline_asm
D:/Documents/FreeRTOS/RTOS_Workspace/STM32H743VI/STM32H743VI_WorkSpace/Common/ThirdParty/SEGGER/SEGGER/SEGGER_SYSVIEW.c:2382:6:SEGGER_SYSVIEW_NameResource	24	static,ignoring_inline_asm
D:/Documents/FreeRTOS/RTOS_Workspace/STM32H743VI/STM32H743VI_WorkSpace/Common/ThirdParty/SEGGER/SEGGER/SEGGER_SYSVIEW.c:2411:5:SEGGER_SYSVIEW_SendPacket	8	static,ignoring_inline_asm
D:/Documents/FreeRTOS/RTOS_Workspace/STM32H743VI/STM32H743VI_WorkSpace/Common/ThirdParty/SEGGER/SEGGER/SEGGER_SYSVIEW.c:2610:6:SEGGER_SYSVIEW_RecordModuleDescription	24	static,ignoring_inline_asm
D:/Documents/FreeRTOS/RTOS_Workspace/STM32H743VI/STM32H743VI_WorkSpace/Common/ThirdParty/SEGGER/SEGGER/SEGGER_SYSVIEW.c:2651:6:SEGGER_SYSVIEW_SendModule	24	static,ignoring_inline_asm
D:/Documents/FreeRTOS/RTOS_Workspace/STM32H743VI/STM32H743VI_WorkSpace/Common/ThirdParty/SEGGER/SEGGER/SEGGER_SYSVIEW.c:2569:6:SEGGER_SYSVIEW_RegisterModule	16	static,ignoring_inline_asm
D:/Documents/FreeRTOS/RTOS_Workspace/STM32H743VI/STM32H743VI_WorkSpace/Common/ThirdParty/SEGGER/SEGGER/SEGGER_SYSVIEW.c:879:12:_VPrintHost	88	static,ignoring_inline_asm
D:/Documents/FreeRTOS/RTOS_Workspace/STM32H743VI/STM32H743VI_WorkSpace/Common/ThirdParty/SEGGER/SEGGER/SEGGER_SYSVIEW.c:960:13:_StoreChar	16	static
D:/Documents/FreeRTOS/RTOS_Workspace/STM32H743VI/STM32H743VI_WorkSpace/Common/ThirdParty/SEGGER/SEGGER/SEGGER_SYSVIEW.c:1002:13:_PrintUnsigned	40	static
D:/Documents/FreeRTOS/RTOS_Workspace/STM32H743VI/STM32H743VI_WorkSpace/Common/ThirdParty/SEGGER/SEGGER/SEGGER_SYSVIEW.c:1093:13:_PrintInt	40	static
D:/Documents/FreeRTOS/RTOS_Workspace/STM32H743VI/STM32H743VI_WorkSpace/Common/ThirdParty/SEGGER/SEGGER/SEGGER_SYSVIEW.c:1166:13:_VPrintTarget	56	static,ignoring_inline_asm
D:/Documents/FreeRTOS/RTOS_Workspace/STM32H743VI/STM32H743VI_WorkSpace/Common/ThirdParty/SEGGER/SEGGER/SEGGER_SYSVIEW.c:2738:6:SEGGER_SYSVIEW_PrintfHostEx	12	static
D:/Documents/FreeRTOS/RTOS_Workspace/STM32H743VI/STM32H743VI_WorkSpace/Common/ThirdParty/SEGGER/SEGGER/SEGGER_SYSVIEW.c:2772:6:SEGGER_SYSVIEW_PrintfHost	16	static
D:/Documents/FreeRTOS/RTOS_Workspace/STM32H743VI/STM32H743VI_WorkSpace/Common/ThirdParty/SEGGER/SEGGER/SEGGER_SYSVIEW.c:2807:6:SEGGER_SYSVIEW_WarnfHost	16	static
D:/Documents/FreeRTOS/RTOS_Workspace/STM32H743VI/STM32H743VI_WorkSpace/Common/ThirdParty/SEGGER/SEGGER/SEGGER_SYSVIEW.c:2842:6:SEGGER_SYSVIEW_ErrorfHost	16	static
D:/Documents/FreeRTOS/RTOS_Workspace/STM32H743VI/STM32H743VI_WorkSpace/Common/ThirdParty/SEGGER/SEGGER/SEGGER_SYSVIEW.c:2875:6:SEGGER_SYSVIEW_PrintfTargetEx	12	static
D:/Documents/FreeRTOS/RTOS_Workspace/STM32H743VI/STM32H743VI_WorkSpace/Common/ThirdParty/SEGGER/SEGGER/SEGGER_SYSVIEW.c:2894:6:SEGGER_SYSVIEW_PrintfTarget	16	static
D:/Documents/FreeRTOS/RTOS_Workspace/STM32H743VI/STM32H743VI_WorkSpace/Common/ThirdParty/SEGGER/SEGGER/SEGGER_SYSVIEW.c:2913:6:SEGGER_SYSVIEW_WarnfTarget	16	static
D:/Documents/FreeRTOS/RTOS_Workspace/STM32H743VI/STM32H743VI_WorkSpace/Common/ThirdParty/SEGGER/SEGGER/SEGGER_SYSVIEW.c:2932:6:SEGGER_SYSVIEW_ErrorfTarget	16	static
D:/Documents/FreeRTOS/RTOS_Workspace/STM32H743VI/STM32H743VI_WorkSpace/Common/ThirdParty/SEGGER/SEGGER/SEGGER_SYSVIEW.c:2951:6:SEGGER_SYSVIEW_Print	16	static,ignoring_inline_asm
D:/Documents/FreeRTOS/RTOS_Workspace/STM32H743VI/STM32H743VI_WorkSpace/Common/ThirdParty/SEGGER/SEGGER/SEGGER_SYSVIEW.c:2973:6:SEGGER_SYSVIEW_Warn	16	static,ignoring_inline_asm
D:/Documents/FreeRTOS/RTOS_Workspace/STM32H743VI/STM32H743VI_WorkSpace/Common/ThirdParty/SEGGER/SEGGER/SEGGER_SYSVIEW.c:2995:6:SEGGER_SYSVIEW_Error	16	static,ignoring_inline_asm
D:/Documents/FreeRTOS/RTOS_Workspace/STM32H743VI/STM32H743VI_WorkSpace/Common/ThirdParty/SEGGER/SEGGER/SEGGER_SYSVIEW.c:3017:6:SEGGER_SYSVIEW_EnableEvents	0	static
D:/Documents/FreeRTOS/RTOS_Workspace/STM32H743VI/STM32H743VI_WorkSpace/Common/ThirdParty/SEGGER/SEGGER/SEGGER_SYSVIEW.c:3031:6:SEGGER_SYSVIEW_DisableEvents	0	static
D:/Documents/FreeRTOS/RTOS_Workspace/STM32H743VI/STM32H743VI_WorkSpace/Common/ThirdParty/SEGGER/SEGGER/SEGGER_SYSVIEW.c:3046:5:SEGGER_SYSVIEW_IsStarted	8	static
