D:/Documents/FreeRTOS/RTOS_Workspace/STM32H743VI/STM32H743VI_WorkSpace/Common/ThirdParty/SEGGER/SEGGER/SEGGER_RTT_printf.c:111:13:_StoreChar	8	static
D:/Documents/FreeRTOS/RTOS_Workspace/STM32H743VI/STM32H743VI_WorkSpace/Common/ThirdParty/SEGGER/SEGGER/SEGGER_RTT_printf.c:136:13:_PrintUnsigned	40	static
D:/Documents/FreeRTOS/RTOS_Workspace/STM32H743VI/STM32H743VI_WorkSpace/Common/ThirdParty/SEGGER/SEGGER/SEGGER_RTT_printf.c:226:13:_PrintInt	40	static
D:/Documents/FreeRTOS/RTOS_Workspace/STM32H743VI/STM32H743VI_WorkSpace/Common/ThirdParty/SEGGER/SEGGER/SEGGER_RTT_printf.c:321:5:SEGGER_RTT_vprintf	120	static
D:/Documents/FreeRTOS/RTOS_Workspace/STM32H743VI/STM32H743VI_WorkSpace/Common/ThirdParty/SEGGER/SEGGER/SEGGER_RTT_printf.c:495:5:SEGGER_RTT_printf	12	static
