../Core/Src/main.c:87:5:main	24	static
../Core/Src/main.c:192:6:SystemClock_Config	128	static
../Core/Src/main.c:256:13:MX_FDCAN2_Init	8	static
../Core/Src/main.c:309:13:MX_USART3_UART_Init	8	static
../Core/Src/main.c:357:13:MX_USB_OTG_FS_HCD_Init	8	static
../Core/Src/main.c:388:13:MX_GPIO_Init	48	static
../Core/Src/main.c:422:6:vTask1	24	static
../Core/Src/main.c:451:6:vTask2	24	static
../Core/Src/main.c:496:6:USART_Send	16	static
../Core/Src/main.c:515:6:HAL_TIM_PeriodElapsedCallback	16	static
../Core/Src/main.c:532:6:Error_Handler	8	static,ignoring_inline_asm
