../Core/Src/main.c:78:5:main	8	static
../Core/Src/main.c:127:6:SystemClock_Config	120	static
../Core/Src/main.c:183:13:MX_FDCAN2_Init	8	static
../Core/Src/main.c:236:13:MX_USART2_UART_Init	8	static
../Core/Src/main.c:284:13:MX_USB_OTG_FS_HCD_Init	8	static
../Core/Src/main.c:315:13:MX_GPIO_Init	48	static
../Core/Src/main.c:345:6:printmsg	96	static
../Core/Src/main.c:360:6:USART_Send	16	static
../Core/Src/main.c:379:6:HAL_TIM_PeriodElapsedCallback	16	static
../Core/Src/main.c:396:6:Error_Handler	4	static,ignoring_inline_asm
