../Core/Src/main.c:101:5:main	24	static
../Core/Src/main.c:235:6:SystemClock_Config	128	static
../Core/Src/main.c:299:13:MX_FDCAN1_Init	8	static
../Core/Src/main.c:353:13:MX_FDCAN2_Init	8	static
../Core/Src/main.c:407:13:MX_USART3_UART_Init	8	static
../Core/Src/main.c:455:13:MX_USB_OTG_FS_HCD_Init	8	static
../Core/Src/main.c:486:13:MX_GPIO_Init	48	static
../Core/Src/main.c:523:6:FDCAN1_Task	24	static
../Core/Src/main.c:556:6:FDCAN2_Task	24	static
../Core/Src/main.c:588:6:USART_Send	16	static
../Core/Src/main.c:597:6:USART_Send_Uint8	16	static
../Core/Src/main.c:609:6:FDCAN1_Tx	8	static
../Core/Src/main.c:662:6:FDCAN2_Tx	8	static
../Core/Src/main.c:745:6:HAL_FDCAN_RxFifo0Callback	16	static
../Core/Src/main.c:788:6:PrintCANReceivedMessages	4	static
../Core/Src/main.c:795:6:HAL_FDCAN_RxBufferNewMessageCallback	16	static
../Core/Src/main.c:812:6:HAL_FDCAN_ErrorCallback	16	static
../Core/Src/main.c:827:6:HAL_FDCAN_ErrorStatusCallback	16	static
../Core/Src/main.c:872:6:HAL_TIM_PeriodElapsedCallback	16	static
../Core/Src/main.c:889:6:Error_Handler	8	static,ignoring_inline_asm
