Archive member included to satisfy reference by file (symbol)

c:/st/stm32cubeide_1.9.0/stm32cubeide/plugins/com.st.stm32cube.ide.mcu.externaltools.gnu-tools-for-stm32.10.3-2021.10.win32_1.0.0.202111181127/tools/bin/../lib/gcc/arm-none-eabi/10.3.1/../../../../arm-none-eabi/lib/thumb/v7e-m+dp/hard\libc_nano.a(lib_a-errno.o)
                              ./Core/Src/syscalls.o (__errno)
c:/st/stm32cubeide_1.9.0/stm32cubeide/plugins/com.st.stm32cube.ide.mcu.externaltools.gnu-tools-for-stm32.10.3-2021.10.win32_1.0.0.202111181127/tools/bin/../lib/gcc/arm-none-eabi/10.3.1/../../../../arm-none-eabi/lib/thumb/v7e-m+dp/hard\libc_nano.a(lib_a-exit.o)
                              c:/st/stm32cubeide_1.9.0/stm32cubeide/plugins/com.st.stm32cube.ide.mcu.externaltools.gnu-tools-for-stm32.10.3-2021.10.win32_1.0.0.202111181127/tools/bin/../lib/gcc/arm-none-eabi/10.3.1/../../../../arm-none-eabi/lib/thumb/v7e-m+dp/hard/crt0.o (exit)
c:/st/stm32cubeide_1.9.0/stm32cubeide/plugins/com.st.stm32cube.ide.mcu.externaltools.gnu-tools-for-stm32.10.3-2021.10.win32_1.0.0.202111181127/tools/bin/../lib/gcc/arm-none-eabi/10.3.1/../../../../arm-none-eabi/lib/thumb/v7e-m+dp/hard\libc_nano.a(lib_a-impure.o)
                              c:/st/stm32cubeide_1.9.0/stm32cubeide/plugins/com.st.stm32cube.ide.mcu.externaltools.gnu-tools-for-stm32.10.3-2021.10.win32_1.0.0.202111181127/tools/bin/../lib/gcc/arm-none-eabi/10.3.1/../../../../arm-none-eabi/lib/thumb/v7e-m+dp/hard\libc_nano.a(lib_a-exit.o) (_global_impure_ptr)
c:/st/stm32cubeide_1.9.0/stm32cubeide/plugins/com.st.stm32cube.ide.mcu.externaltools.gnu-tools-for-stm32.10.3-2021.10.win32_1.0.0.202111181127/tools/bin/../lib/gcc/arm-none-eabi/10.3.1/../../../../arm-none-eabi/lib/thumb/v7e-m+dp/hard\libc_nano.a(lib_a-init.o)
                              c:/st/stm32cubeide_1.9.0/stm32cubeide/plugins/com.st.stm32cube.ide.mcu.externaltools.gnu-tools-for-stm32.10.3-2021.10.win32_1.0.0.202111181127/tools/bin/../lib/gcc/arm-none-eabi/10.3.1/../../../../arm-none-eabi/lib/thumb/v7e-m+dp/hard/crt0.o (__libc_init_array)
c:/st/stm32cubeide_1.9.0/stm32cubeide/plugins/com.st.stm32cube.ide.mcu.externaltools.gnu-tools-for-stm32.10.3-2021.10.win32_1.0.0.202111181127/tools/bin/../lib/gcc/arm-none-eabi/10.3.1/../../../../arm-none-eabi/lib/thumb/v7e-m+dp/hard\libc_nano.a(lib_a-memcmp.o)
                              ./Common/ThirdParty/SEGGER/OS/SEGGER_SYSVIEW_FreeRTOS.o (memcmp)
c:/st/stm32cubeide_1.9.0/stm32cubeide/plugins/com.st.stm32cube.ide.mcu.externaltools.gnu-tools-for-stm32.10.3-2021.10.win32_1.0.0.202111181127/tools/bin/../lib/gcc/arm-none-eabi/10.3.1/../../../../arm-none-eabi/lib/thumb/v7e-m+dp/hard\libc_nano.a(lib_a-memcpy-stub.o)
                              ./Common/ThirdParty/FreeRTOS/queue.o (memcpy)
c:/st/stm32cubeide_1.9.0/stm32cubeide/plugins/com.st.stm32cube.ide.mcu.externaltools.gnu-tools-for-stm32.10.3-2021.10.win32_1.0.0.202111181127/tools/bin/../lib/gcc/arm-none-eabi/10.3.1/../../../../arm-none-eabi/lib/thumb/v7e-m+dp/hard\libc_nano.a(lib_a-memset.o)
                              c:/st/stm32cubeide_1.9.0/stm32cubeide/plugins/com.st.stm32cube.ide.mcu.externaltools.gnu-tools-for-stm32.10.3-2021.10.win32_1.0.0.202111181127/tools/bin/../lib/gcc/arm-none-eabi/10.3.1/../../../../arm-none-eabi/lib/thumb/v7e-m+dp/hard/crt0.o (memset)
c:/st/stm32cubeide_1.9.0/stm32cubeide/plugins/com.st.stm32cube.ide.mcu.externaltools.gnu-tools-for-stm32.10.3-2021.10.win32_1.0.0.202111181127/tools/bin/../lib/gcc/arm-none-eabi/10.3.1/../../../../arm-none-eabi/lib/thumb/v7e-m+dp/hard\libc_nano.a(lib_a-strlen.o)
                              ./Common/ThirdParty/FreeRTOS/tasks.o (strlen)
c:/st/stm32cubeide_1.9.0/stm32cubeide/plugins/com.st.stm32cube.ide.mcu.externaltools.gnu-tools-for-stm32.10.3-2021.10.win32_1.0.0.202111181127/tools/bin/../lib/gcc/arm-none-eabi/10.3.1/thumb/v7e-m+dp/hard\libgcc.a(_aeabi_uldivmod.o)
                              ./Drivers/STM32H7xx_HAL_Driver/Src/stm32h7xx_hal_uart.o (__aeabi_uldivmod)
c:/st/stm32cubeide_1.9.0/stm32cubeide/plugins/com.st.stm32cube.ide.mcu.externaltools.gnu-tools-for-stm32.10.3-2021.10.win32_1.0.0.202111181127/tools/bin/../lib/gcc/arm-none-eabi/10.3.1/thumb/v7e-m+dp/hard\libgcc.a(_udivmoddi4.o)
                              c:/st/stm32cubeide_1.9.0/stm32cubeide/plugins/com.st.stm32cube.ide.mcu.externaltools.gnu-tools-for-stm32.10.3-2021.10.win32_1.0.0.202111181127/tools/bin/../lib/gcc/arm-none-eabi/10.3.1/thumb/v7e-m+dp/hard\libgcc.a(_aeabi_uldivmod.o) (__udivmoddi4)
c:/st/stm32cubeide_1.9.0/stm32cubeide/plugins/com.st.stm32cube.ide.mcu.externaltools.gnu-tools-for-stm32.10.3-2021.10.win32_1.0.0.202111181127/tools/bin/../lib/gcc/arm-none-eabi/10.3.1/thumb/v7e-m+dp/hard\libgcc.a(_dvmd_tls.o)
                              c:/st/stm32cubeide_1.9.0/stm32cubeide/plugins/com.st.stm32cube.ide.mcu.externaltools.gnu-tools-for-stm32.10.3-2021.10.win32_1.0.0.202111181127/tools/bin/../lib/gcc/arm-none-eabi/10.3.1/thumb/v7e-m+dp/hard\libgcc.a(_aeabi_uldivmod.o) (__aeabi_ldiv0)

[...]
Memory Configuration

Name             Origin             Length             Attributes
FLASH            0x0000000008000000 0x0000000000200000 xr
DTCMRAM          0x0000000020000000 0x0000000000020000 xrw
RAM_D1           0x0000000024000000 0x0000000000080000 xrw
RAM_D2           0x0000000030000000 0x0000000000048000 xrw
RAM_D3           0x0000000038000000 0x0000000000010000 xrw
ITCMRAM          0x0000000000000000 0x0000000000010000 xrw
*default*        0x0000000000000000 0xffffffffffffffff

Linker script and memory map

LOAD c:/st/stm32cubeide_1.9.0/stm32cubeide/plugins/com.st.stm32cube.ide.mcu.externaltools.gnu-tools-for-stm32.10.3-2021.10.win32_1.0.0.202111181127/tools/bin/../lib/gcc/arm-none-eabi/10.3.1/thumb/v7e-m+dp/hard/crti.o
LOAD c:/st/stm32cubeide_1.9.0/stm32cubeide/plugins/com.st.stm32cube.ide.mcu.externaltools.gnu-tools-for-stm32.10.3-2021.10.win32_1.0.0.202111181127/tools/bin/../lib/gcc/arm-none-eabi/10.3.1/thumb/v7e-m+dp/hard/crtbegin.o
LOAD c:/st/stm32cubeide_1.9.0/stm32cubeide/plugins/com.st.stm32cube.ide.mcu.externaltools.gnu-tools-for-stm32.10.3-2021.10.win32_1.0.0.202111181127/tools/bin/../lib/gcc/arm-none-eabi/10.3.1/../../../../arm-none-eabi/lib/thumb/v7e-m+dp/hard/crt0.o
LOAD ./Common/ThirdParty/FreeRTOS/croutine.o
LOAD ./Common/ThirdParty/FreeRTOS/event_groups.o
LOAD ./Common/ThirdParty/FreeRTOS/list.o
LOAD ./Common/ThirdParty/FreeRTOS/queue.o
LOAD ./Common/ThirdParty/FreeRTOS/stream_buffer.o
LOAD ./Common/ThirdParty/FreeRTOS/tasks.o
LOAD ./Common/ThirdParty/FreeRTOS/timers.o
LOAD ./Common/ThirdParty/FreeRTOS/portable/GCC/ARM_CM7/r0p1/port.o
LOAD ./Common/ThirdParty/FreeRTOS/portable/MemMang/heap_4.o
LOAD ./Common/ThirdParty/SEGGER/Config/SEGGER_SYSVIEW_Config_FreeRTOS.o
LOAD ./Common/ThirdParty/SEGGER/OS/SEGGER_SYSVIEW_FreeRTOS.o
LOAD ./Common/ThirdParty/SEGGER/Recorder/segger_uart.o
LOAD ./Common/ThirdParty/SEGGER/SEGGER/SEGGER_RTT.o
LOAD ./Common/ThirdParty/SEGGER/SEGGER/SEGGER_RTT_ASM_ARMv7M.o
LOAD ./Common/ThirdParty/SEGGER/SEGGER/SEGGER_RTT_printf.o
LOAD ./Common/ThirdParty/SEGGER/SEGGER/SEGGER_SYSVIEW.o
LOAD ./Common/ThirdParty/SEGGER/SEGGER/Syscalls/SEGGER_RTT_Syscalls_GCC.o
LOAD ./Core/Src/main.o
LOAD ./Core/Src/stm32h7xx_hal_msp.o
LOAD ./Core/Src/stm32h7xx_hal_timebase_tim.o
LOAD ./Core/Src/stm32h7xx_it.o
LOAD ./Core/Src/syscalls.o
LOAD ./Core/Src/system_stm32h7xx.o
LOAD ./Core/Startup/startup_stm32h743vitx.o
LOAD ./Drivers/STM32H7xx_HAL_Driver/Src/stm32h7xx_hal.o
LOAD ./Drivers/STM32H7xx_HAL_Driver/Src/stm32h7xx_hal_cortex.o
LOAD ./Drivers/STM32H7xx_HAL_Driver/Src/stm32h7xx_hal_dma.o
LOAD ./Drivers/STM32H7xx_HAL_Driver/Src/stm32h7xx_hal_dma_ex.o
LOAD ./Drivers/STM32H7xx_HAL_Driver/Src/stm32h7xx_hal_exti.o
LOAD ./Drivers/STM32H7xx_HAL_Driver/Src/stm32h7xx_hal_fdcan.o
LOAD ./Drivers/STM32H7xx_HAL_Driver/Src/stm32h7xx_hal_flash.o
LOAD ./Drivers/STM32H7xx_HAL_Driver/Src/stm32h7xx_hal_flash_ex.o
LOAD ./Drivers/STM32H7xx_HAL_Driver/Src/stm32h7xx_hal_gpio.o
LOAD ./Drivers/STM32H7xx_HAL_Driver/Src/stm32h7xx_hal_hcd.o
LOAD ./Drivers/STM32H7xx_HAL_Driver/Src/stm32h7xx_hal_hsem.o
LOAD ./Drivers/STM32H7xx_HAL_Driver/Src/stm32h7xx_hal_i2c.o
LOAD ./Drivers/STM32H7xx_HAL_Driver/Src/stm32h7xx_hal_i2c_ex.o
LOAD ./Drivers/STM32H7xx_HAL_Driver/Src/stm32h7xx_hal_mdma.o
LOAD ./Drivers/STM32H7xx_HAL_Driver/Src/stm32h7xx_hal_pwr.o
LOAD ./Drivers/STM32H7xx_HAL_Driver/Src/stm32h7xx_hal_pwr_ex.o
LOAD ./Drivers/STM32H7xx_HAL_Driver/Src/stm32h7xx_hal_rcc.o
LOAD ./Drivers/STM32H7xx_HAL_Driver/Src/stm32h7xx_hal_rcc_ex.o
LOAD ./Drivers/STM32H7xx_HAL_Driver/Src/stm32h7xx_hal_tim.o
LOAD ./Drivers/STM32H7xx_HAL_Driver/Src/stm32h7xx_hal_tim_ex.o
LOAD ./Drivers/STM32H7xx_HAL_Driver/Src/stm32h7xx_hal_uart.o
LOAD ./Drivers/STM32H7xx_HAL_Driver/Src/stm32h7xx_hal_uart_ex.o
LOAD ./Drivers/STM32H7xx_HAL_Driver/Src/stm32h7xx_ll_usb.o
START GROUP
LOAD c:/st/stm32cubeide_1.9.0/stm32cubeide/plugins/com.st.stm32cube.ide.mcu.externaltools.gnu-tools-for-stm32.10.3-2021.10.win32_1.0.0.202111181127/tools/bin/../lib/gcc/arm-none-eabi/10.3.1/../../../../arm-none-eabi/lib/thumb/v7e-m+dp/hard\libc_nano.a
LOAD c:/st/stm32cubeide_1.9.0/stm32cubeide/plugins/com.st.stm32cube.ide.mcu.externaltools.gnu-tools-for-stm32.10.3-2021.10.win32_1.0.0.202111181127/tools/bin/../lib/gcc/arm-none-eabi/10.3.1/../../../../arm-none-eabi/lib/thumb/v7e-m+dp/hard\libm.a
END GROUP
START GROUP
LOAD c:/st/stm32cubeide_1.9.0/stm32cubeide/plugins/com.st.stm32cube.ide.mcu.externaltools.gnu-tools-for-stm32.10.3-2021.10.win32_1.0.0.202111181127/tools/bin/../lib/gcc/arm-none-eabi/10.3.1/thumb/v7e-m+dp/hard\libgcc.a
LOAD c:/st/stm32cubeide_1.9.0/stm32cubeide/plugins/com.st.stm32cube.ide.mcu.externaltools.gnu-tools-for-stm32.10.3-2021.10.win32_1.0.0.202111181127/tools/bin/../lib/gcc/arm-none-eabi/10.3.1/../../../../arm-none-eabi/lib/thumb/v7e-m+dp/hard\libc_nano.a
END GROUP
START GROUP
LOAD c:/st/stm32cubeide_1.9.0/stm32cubeide/plugins/com.st.stm32cube.ide.mcu.externaltools.gnu-tools-for-stm32.10.3-2021.10.win32_1.0.0.202111181127/tools/bin/../lib/gcc/arm-none-eabi/10.3.1/thumb/v7e-m+dp/hard\libgcc.a
LOAD c:/st/stm32cubeide_1.9.0/stm32cubeide/plugins/com.st.stm32cube.ide.mcu.externaltools.gnu-tools-for-stm32.10.3-2021.10.win32_1.0.0.202111181127/tools/bin/../lib/gcc/arm-none-eabi/10.3.1/../../../../arm-none-eabi/lib/thumb/v7e-m+dp/hard\libc_nano.a
LOAD c:/st/stm32cubeide_1.9.0/stm32cubeide/plugins/com.st.stm32cube.ide.mcu.externaltools.gnu-tools-for-stm32.10.3-2021.10.win32_1.0.0.202111181127/tools/bin/../lib/gcc/arm-none-eabi/10.3.1/../../../../arm-none-eabi/lib/thumb/v7e-m+dp/hard\libnosys.a
END GROUP
START GROUP
LOAD c:/st/stm32cubeide_1.9.0/stm32cubeide/plugins/com.st.stm32cube.ide.mcu.externaltools.gnu-tools-for-stm32.10.3-2021.10.win32_1.0.0.202111181127/tools/bin/../lib/gcc/arm-none-eabi/10.3.1/thumb/v7e-m+dp/hard\libgcc.a
LOAD c:/st/stm32cubeide_1.9.0/stm32cubeide/plugins/com.st.stm32cube.ide.mcu.externaltools.gnu-tools-for-stm32.10.3-2021.10.win32_1.0.0.202111181127/tools/bin/../lib/gcc/arm-none-eabi/10.3.1/../../../../arm-none-eabi/lib/thumb/v7e-m+dp/hard\libc_nano.a
LOAD c:/st/stm32cubeide_1.9.0/stm32cubeide/plugins/com.st.stm32cube.ide.mcu.externaltools.gnu-tools-for-stm32.10.3-2021.10.win32_1.0.0.202111181127/tools/bin/../lib/gcc/arm-none-eabi/10.3.1/../../../../arm-none-eabi/lib/thumb/v7e-m+dp/hard\libnosys.a
END GROUP
LOAD c:/st/stm32cubeide_1.9.0/stm32cubeide/plugins/com.st.stm32cube.ide.mcu.externaltools.gnu-tools-for-stm32.10.3-2021.10.win32_1.0.0.202111181127/tools/bin/../lib/gcc/arm-none-eabi/10.3.1/thumb/v7e-m+dp/hard/crtend.o
LOAD c:/st/stm32cubeide_1.9.0/stm32cubeide/plugins/com.st.stm32cube.ide.mcu.externaltools.gnu-tools-for-stm32.10.3-2021.10.win32_1.0.0.202111181127/tools/bin/../lib/gcc/arm-none-eabi/10.3.1/thumb/v7e-m+dp/hard/crtn.o
                0x0000000024080000                _estack = (ORIGIN (RAM_D1) + LENGTH (RAM_D1))
                0x0000000000000200                _Min_Heap_Size = 0x200
                0x0000000000000400                _Min_Stack_Size = 0x400

.isr_vector     0x0000000008000000      0x298
                0x0000000008000000                . = ALIGN (0x4)
 *(.isr_vector)
 .isr_vector    0x0000000008000000      0x298 ./Core/Startup/startup_stm32h743vitx.o
                0x0000000008000000                g_pfnVectors
                0x0000000008000298                . = ALIGN (0x4)

.text           0x00000000080002a0     0x9bb8
                0x00000000080002a0                . = ALIGN (0x4)
 *(.text)
 .text          0x00000000080002a0       0x40 c:/st/stm32cubeide_1.9.0/stm32cubeide/plugins/com.st.stm32cube.ide.mcu.externaltools.gnu-tools-for-stm32.10.3-2021.10.win32_1.0.0.202111181127/tools/bin/../lib/gcc/arm-none-eabi/10.3.1/thumb/v7e-m+dp/hard/crtbegin.o
 .text          0x00000000080002e0       0x94 ./Common/ThirdParty/SEGGER/SEGGER/SEGGER_RTT_ASM_ARMv7M.o
                0x00000000080002e0                SEGGER_RTT_ASM_WriteSkipNoLock
 .text          0x0000000008000374       0x30 c:/st/stm32cubeide_1.9.0/stm32cubeide/plugins/com.st.stm32cube.ide.mcu.externaltools.gnu-tools-for-stm32.10.3-2021.10.win32_1.0.0.202111181127/tools/bin/../lib/gcc/arm-none-eabi/10.3.1/thumb/v7e-m+dp/hard\libgcc.a(_aeabi_uldivmod.o)
                0x0000000008000374                __aeabi_uldivmod
 .text          0x00000000080003a4      0x2d0 c:/st/stm32cubeide_1.9.0/stm32cubeide/plugins/com.st.stm32cube.ide.mcu.externaltools.gnu-tools-for-stm32.10.3-2021.10.win32_1.0.0.202111181127/tools/bin/../lib/gcc/arm-none-eabi/10.3.1/thumb/v7e-m+dp/hard\libgcc.a(_udivmoddi4.o)
                0x00000000080003a4                __udivmoddi4
 .text          0x0000000008000674        0x4 c:/st/stm32cubeide_1.9.0/stm32cubeide/plugins/com.st.stm32cube.ide.mcu.externaltools.gnu-tools-for-stm32.10.3-2021.10.win32_1.0.0.202111181127/tools/bin/../lib/gcc/arm-none-eabi/10.3.1/thumb/v7e-m+dp/hard\libgcc.a(_dvmd_tls.o)
                0x0000000008000674                __aeabi_idiv0
                0x0000000008000674                __aeabi_ldiv0
 *(.text*)
 .text.vListInsertEnd
                0x0000000008000678       0x48 ./Common/ThirdParty/FreeRTOS/list.o
                0x0000000008000678                vListInsertEnd
 .text.uxListRemove
                0x00000000080006c0       0x54 ./Common/ThirdParty/FreeRTOS/list.o
                0x00000000080006c0                uxListRemove
 .text.xTaskGetTickCountFromISR
                0x0000000008000714       0x24 ./Common/ThirdParty/FreeRTOS/tasks.o
                0x0000000008000714                xTaskGetTickCountFromISR
 .text.xTaskIncrementTick
                0x0000000008000738      0x138 ./Common/ThirdParty/FreeRTOS/tasks.o
                0x0000000008000738                xTaskIncrementTick
 .text.vTaskSwitchContext
                0x0000000008000870       0xd8 ./Common/ThirdParty/FreeRTOS/tasks.o
                0x0000000008000870                vTaskSwitchContext
 .text.prvResetNextTaskUnblockTime
                0x0000000008000948       0x38 ./Common/ThirdParty/FreeRTOS/tasks.o
 .text.SVC_Handler
                0x0000000008000980       0x28 ./Common/ThirdParty/FreeRTOS/portable/GCC/ARM_CM7/r0p1/port.o
                0x0000000008000980                SVC_Handler
 *fill*         0x00000000080009a8        0x8 
 .text.PendSV_Handler
                0x00000000080009b0       0x68 ./Common/ThirdParty/FreeRTOS/portable/GCC/ARM_CM7/r0p1/port.o
                0x00000000080009b0                PendSV_Handler
 .text.SysTick_Handler
                0x0000000008000a18       0x58 ./Common/ThirdParty/FreeRTOS/portable/GCC/ARM_CM7/r0p1/port.o
                0x0000000008000a18                SysTick_Handler
 .text.vPortValidateInterruptPriority
                0x0000000008000a70       0x88 ./Common/ThirdParty/FreeRTOS/portable/GCC/ARM_CM7/r0p1/port.o
                0x0000000008000a70                vPortValidateInterruptPriority
 .text._cbSendSystemDesc
                0x0000000008000af8       0x1c ./Common/ThirdParty/SEGGER/Config/SEGGER_SYSVIEW_Config_FreeRTOS.o
 .text.SEGGER_SYSVIEW_Conf
                0x0000000008000b14       0x2c ./Common/ThirdParty/SEGGER/Config/SEGGER_SYSVIEW_Config_FreeRTOS.o
                0x0000000008000b14                SEGGER_SYSVIEW_Conf
 .text._cbSendTaskList
                0x0000000008000b40       0x90 ./Common/ThirdParty/SEGGER/OS/SEGGER_SYSVIEW_FreeRTOS.o
 .text._cbGetTime
                0x0000000008000bd0       0x86 ./Common/ThirdParty/SEGGER/OS/SEGGER_SYSVIEW_FreeRTOS.o
 .text.SYSVIEW_SendTaskInfo
                0x0000000008000c56       0x42 ./Common/ThirdParty/SEGGER/OS/SEGGER_SYSVIEW_FreeRTOS.o
                0x0000000008000c56                SYSVIEW_SendTaskInfo
 .text.__NVIC_EnableIRQ
                0x0000000008000c98       0x3c ./Common/ThirdParty/SEGGER/Recorder/segger_uart.o
 .text.__NVIC_SetPriority
                0x0000000008000cd4       0x54 ./Common/ThirdParty/SEGGER/Recorder/segger_uart.o
 .text._StartSysView
                0x0000000008000d28       0x1e ./Common/ThirdParty/SEGGER/Recorder/segger_uart.o
 *fill*         0x0000000008000d46        0x2 
 .text._cbOnUARTRx
                0x0000000008000d48       0x40 ./Common/ThirdParty/SEGGER/Recorder/segger_uart.o
 .text._cbOnUARTTx
                0x0000000008000d88       0x64 ./Common/ThirdParty/SEGGER/Recorder/segger_uart.o
 .text.SEGGER_UART_init
                0x0000000008000dec       0x24 ./Common/ThirdParty/SEGGER/Recorder/segger_uart.o
                0x0000000008000dec                SEGGER_UART_init
 .text.USART2_IRQHandler
                0x0000000008000e10       0x98 ./Common/ThirdParty/SEGGER/Recorder/segger_uart.o
                0x0000000008000e10                USART2_IRQHandler
 .text.HIF_UART_EnableTXEInterrupt
                0x0000000008000ea8       0x20 ./Common/ThirdParty/SEGGER/Recorder/segger_uart.o
                0x0000000008000ea8                HIF_UART_EnableTXEInterrupt
 .text.HIF_UART_Init
                0x0000000008000ec8       0xf4 ./Common/ThirdParty/SEGGER/Recorder/segger_uart.o
                0x0000000008000ec8                HIF_UART_Init
 .text._DoInit  0x0000000008000fbc       0xb4 ./Common/ThirdParty/SEGGER/SEGGER/SEGGER_RTT.o
 .text._WriteBlocking
                0x0000000008001070       0xba ./Common/ThirdParty/SEGGER/SEGGER/SEGGER_RTT.o
 .text._WriteNoCheck
                0x000000000800112a       0x90 ./Common/ThirdParty/SEGGER/SEGGER/SEGGER_RTT.o
 .text._GetAvailWriteSpace
                0x00000000080011ba       0x46 ./Common/ThirdParty/SEGGER/SEGGER/SEGGER_RTT.o
 .text.SEGGER_RTT_ReadUpBufferNoLock
                0x0000000008001200      0x10c ./Common/ThirdParty/SEGGER/SEGGER/SEGGER_RTT.o
                0x0000000008001200                SEGGER_RTT_ReadUpBufferNoLock
 .text.SEGGER_RTT_ReadNoLock
                0x000000000800130c      0x10c ./Common/ThirdParty/SEGGER/SEGGER/SEGGER_RTT.o
                0x000000000800130c                SEGGER_RTT_ReadNoLock
 .text.SEGGER_RTT_WriteDownBufferNoLock
                0x0000000008001418       0xa0 ./Common/ThirdParty/SEGGER/SEGGER/SEGGER_RTT.o
                0x0000000008001418                SEGGER_RTT_WriteDownBufferNoLock
 .text.SEGGER_RTT_WriteDownBuffer
                0x00000000080014b8       0x4c ./Common/ThirdParty/SEGGER/SEGGER/SEGGER_RTT.o
                0x00000000080014b8                SEGGER_RTT_WriteDownBuffer
 .text.SEGGER_RTT_AllocUpBuffer
                0x0000000008001504      0x108 ./Common/ThirdParty/SEGGER/SEGGER/SEGGER_RTT.o
                0x0000000008001504                SEGGER_RTT_AllocUpBuffer
 .text.SEGGER_RTT_ConfigDownBuffer
                0x000000000800160c       0x98 ./Common/ThirdParty/SEGGER/SEGGER/SEGGER_RTT.o
                0x000000000800160c                SEGGER_RTT_ConfigDownBuffer
 .text._EncodeStr
                0x00000000080016a4       0xa0 ./Common/ThirdParty/SEGGER/SEGGER/SEGGER_SYSVIEW.o
 .text._PreparePacket
                0x0000000008001744       0x18 ./Common/ThirdParty/SEGGER/SEGGER/SEGGER_SYSVIEW.o
 .text._HandleIncomingPacket
                0x000000000800175c       0xe0 ./Common/ThirdParty/SEGGER/SEGGER/SEGGER_SYSVIEW.o
 .text._TrySendOverflowPacket
                0x000000000800183c       0xe8 ./Common/ThirdParty/SEGGER/SEGGER/SEGGER_SYSVIEW.o
 .text._SendPacket
                0x0000000008001924      0x2e0 ./Common/ThirdParty/SEGGER/SEGGER/SEGGER_SYSVIEW.o
 .text.SEGGER_SYSVIEW_Init
                0x0000000008001c04       0x8c ./Common/ThirdParty/SEGGER/SEGGER/SEGGER_SYSVIEW.o
                0x0000000008001c04                SEGGER_SYSVIEW_Init
 .text.SEGGER_SYSVIEW_SetRAMBase
                0x0000000008001c90       0x20 ./Common/ThirdParty/SEGGER/SEGGER/SEGGER_SYSVIEW.o
                0x0000000008001c90                SEGGER_SYSVIEW_SetRAMBase
 .text.SEGGER_SYSVIEW_RecordVoid
                0x0000000008001cb0       0x3c ./Common/ThirdParty/SEGGER/SEGGER/SEGGER_SYSVIEW.o
                0x0000000008001cb0                SEGGER_SYSVIEW_RecordVoid
 .text.SEGGER_SYSVIEW_RecordU32
                0x0000000008001cec       0x78 ./Common/ThirdParty/SEGGER/SEGGER/SEGGER_SYSVIEW.o
                0x0000000008001cec                SEGGER_SYSVIEW_RecordU32
 .text.SEGGER_SYSVIEW_RecordU32x2
                0x0000000008001d64       0xb4 ./Common/ThirdParty/SEGGER/SEGGER/SEGGER_SYSVIEW.o
                0x0000000008001d64                SEGGER_SYSVIEW_RecordU32x2
 .text.SEGGER_SYSVIEW_Start
                0x0000000008001e18      0x178 ./Common/ThirdParty/SEGGER/SEGGER/SEGGER_SYSVIEW.o
                0x0000000008001e18                SEGGER_SYSVIEW_Start
 .text.SEGGER_SYSVIEW_Stop
                0x0000000008001f90       0x4c ./Common/ThirdParty/SEGGER/SEGGER/SEGGER_SYSVIEW.o
                0x0000000008001f90                SEGGER_SYSVIEW_Stop
 .text.SEGGER_SYSVIEW_GetSysDesc
                0x0000000008001fdc      0x134 ./Common/ThirdParty/SEGGER/SEGGER/SEGGER_SYSVIEW.o
                0x0000000008001fdc                SEGGER_SYSVIEW_GetSysDesc
 .text.SEGGER_SYSVIEW_SendTaskInfo
                0x0000000008002110      0x1c8 ./Common/ThirdParty/SEGGER/SEGGER/SEGGER_SYSVIEW.o
                0x0000000008002110                SEGGER_SYSVIEW_SendTaskInfo
 .text.SEGGER_SYSVIEW_SendTaskList
                0x00000000080022d8       0x28 ./Common/ThirdParty/SEGGER/SEGGER/SEGGER_SYSVIEW.o
                0x00000000080022d8                SEGGER_SYSVIEW_SendTaskList
 .text.SEGGER_SYSVIEW_SendSysDesc
                0x0000000008002300       0x48 ./Common/ThirdParty/SEGGER/SEGGER/SEGGER_SYSVIEW.o
                0x0000000008002300                SEGGER_SYSVIEW_SendSysDesc
 .text.SEGGER_SYSVIEW_RecordSystime
                0x0000000008002348       0x64 ./Common/ThirdParty/SEGGER/SEGGER/SEGGER_SYSVIEW.o
                0x0000000008002348                SEGGER_SYSVIEW_RecordSystime
 .text.SEGGER_SYSVIEW_RecordEnterISR
                0x00000000080023ac       0x84 ./Common/ThirdParty/SEGGER/SEGGER/SEGGER_SYSVIEW.o
                0x00000000080023ac                SEGGER_SYSVIEW_RecordEnterISR
 .text.SEGGER_SYSVIEW_RecordExitISR
                0x0000000008002430       0x38 ./Common/ThirdParty/SEGGER/SEGGER/SEGGER_SYSVIEW.o
                0x0000000008002430                SEGGER_SYSVIEW_RecordExitISR
 .text.SEGGER_SYSVIEW_RecordExitISRToScheduler
                0x0000000008002468       0x38 ./Common/ThirdParty/SEGGER/SEGGER/SEGGER_SYSVIEW.o
                0x0000000008002468                SEGGER_SYSVIEW_RecordExitISRToScheduler
 .text.SEGGER_SYSVIEW_OnIdle
                0x00000000080024a0       0x38 ./Common/ThirdParty/SEGGER/SEGGER/SEGGER_SYSVIEW.o
                0x00000000080024a0                SEGGER_SYSVIEW_OnIdle
 .text.SEGGER_SYSVIEW_OnTaskStartExec
                0x00000000080024d8       0x84 ./Common/ThirdParty/SEGGER/SEGGER/SEGGER_SYSVIEW.o
                0x00000000080024d8                SEGGER_SYSVIEW_OnTaskStartExec
 .text.SEGGER_SYSVIEW_OnTaskStartReady
                0x000000000800255c       0x84 ./Common/ThirdParty/SEGGER/SEGGER/SEGGER_SYSVIEW.o
                0x000000000800255c                SEGGER_SYSVIEW_OnTaskStartReady
 .text.SEGGER_SYSVIEW_SendModule
                0x00000000080025e0      0x100 ./Common/ThirdParty/SEGGER/SEGGER/SEGGER_SYSVIEW.o
                0x00000000080025e0                SEGGER_SYSVIEW_SendModule
 .text.SEGGER_SYSVIEW_SendModuleDescription
                0x00000000080026e0       0x3c ./Common/ThirdParty/SEGGER/SEGGER/SEGGER_SYSVIEW.o
                0x00000000080026e0                SEGGER_SYSVIEW_SendModuleDescription
 .text.SEGGER_SYSVIEW_SendNumModules
                0x000000000800271c       0x7c ./Common/ThirdParty/SEGGER/SEGGER/SEGGER_SYSVIEW.o
                0x000000000800271c                SEGGER_SYSVIEW_SendNumModules
 .text.SEGGER_SYSVIEW_IsStarted
                0x0000000008002798       0x5c ./Common/ThirdParty/SEGGER/SEGGER/SEGGER_SYSVIEW.o
                0x0000000008002798                SEGGER_SYSVIEW_IsStarted
 .text.main     0x00000000080027f4       0x98 ./Core/Src/main.o
                0x00000000080027f4                main
 .text.SystemClock_Config
                0x000000000800288c      0x15c ./Core/Src/main.o
                0x000000000800288c                SystemClock_Config
 .text.MX_FDCAN2_Init
                0x00000000080029e8       0xc8 ./Core/Src/main.o
 .text.MX_USART3_UART_Init
                0x0000000008002ab0       0x98 ./Core/Src/main.o
 .text.MX_USB_OTG_FS_HCD_Init
                0x0000000008002b48       0x44 ./Core/Src/main.o
 .text.MX_GPIO_Init
                0x0000000008002b8c       0xf0 ./Core/Src/main.o
 .text.HAL_TIM_PeriodElapsedCallback
                0x0000000008002c7c       0x24 ./Core/Src/main.o
                0x0000000008002c7c                HAL_TIM_PeriodElapsedCallback
 .text.Error_Handler
                0x0000000008002ca0       0x2c ./Core/Src/main.o
                0x0000000008002ca0                Error_Handler
 .text.HAL_MspInit
                0x0000000008002ccc       0x34 ./Core/Src/stm32h7xx_hal_msp.o
                0x0000000008002ccc                HAL_MspInit
 .text.HAL_FDCAN_MspInit
                0x0000000008002d00       0xec ./Core/Src/stm32h7xx_hal_msp.o
                0x0000000008002d00                HAL_FDCAN_MspInit
 .text.HAL_UART_MspInit
                0x0000000008002dec       0xdc ./Core/Src/stm32h7xx_hal_msp.o
                0x0000000008002dec                HAL_UART_MspInit
 .text.HAL_HCD_MspInit
                0x0000000008002ec8       0xd4 ./Core/Src/stm32h7xx_hal_msp.o
                0x0000000008002ec8                HAL_HCD_MspInit
 .text.HAL_InitTick
                0x0000000008002f9c       0xd8 ./Core/Src/stm32h7xx_hal_timebase_tim.o
                0x0000000008002f9c                HAL_InitTick
 .text.NMI_Handler
                0x0000000008003074       0x28 ./Core/Src/stm32h7xx_it.o
                0x0000000008003074                NMI_Handler
 .text.HardFault_Handler
                0x000000000800309c       0x28 ./Core/Src/stm32h7xx_it.o
                0x000000000800309c                HardFault_Handler
 .text.MemManage_Handler
                0x00000000080030c4       0x28 ./Core/Src/stm32h7xx_it.o
                0x00000000080030c4                MemManage_Handler
 .text.BusFault_Handler
                0x00000000080030ec       0x28 ./Core/Src/stm32h7xx_it.o
                0x00000000080030ec                BusFault_Handler
 .text.UsageFault_Handler
                0x0000000008003114       0x28 ./Core/Src/stm32h7xx_it.o
                0x0000000008003114                UsageFault_Handler
 .text.DebugMon_Handler
                0x000000000800313c        0xe ./Core/Src/stm32h7xx_it.o
                0x000000000800313c                DebugMon_Handler
 *fill*         0x000000000800314a        0x2 
 .text.FDCAN2_IT0_IRQHandler
                0x000000000800314c       0x14 ./Core/Src/stm32h7xx_it.o
                0x000000000800314c                FDCAN2_IT0_IRQHandler
 .text.FDCAN2_IT1_IRQHandler
                0x0000000008003160       0x14 ./Core/Src/stm32h7xx_it.o
                0x0000000008003160                FDCAN2_IT1_IRQHandler
 .text.USART3_IRQHandler
                0x0000000008003174       0x14 ./Core/Src/stm32h7xx_it.o
                0x0000000008003174                USART3_IRQHandler
 .text.EXTI15_10_IRQHandler
                0x0000000008003188       0x10 ./Core/Src/stm32h7xx_it.o
                0x0000000008003188                EXTI15_10_IRQHandler
 .text.TIM6_DAC_IRQHandler
                0x0000000008003198       0x14 ./Core/Src/stm32h7xx_it.o
                0x0000000008003198                TIM6_DAC_IRQHandler
 .text.SystemInit
                0x00000000080031ac      0x118 ./Core/Src/system_stm32h7xx.o
                0x00000000080031ac                SystemInit
 .text.Reset_Handler
                0x00000000080032c4       0x50 ./Core/Startup/startup_stm32h743vitx.o
                0x00000000080032c4                Reset_Handler
 .text.Default_Handler
                0x0000000008003314        0x2 ./Core/Startup/startup_stm32h743vitx.o
                0x0000000008003314                RTC_Alarm_IRQHandler
                0x0000000008003314                EXTI2_IRQHandler
                0x0000000008003314                TIM8_CC_IRQHandler
                0x0000000008003314                HRTIM1_Master_IRQHandler
                0x0000000008003314                UART8_IRQHandler
                0x0000000008003314                SPI4_IRQHandler
                0x0000000008003314                TIM1_CC_IRQHandler
                0x0000000008003314                BDMA_Channel6_IRQHandler
                0x0000000008003314                DMA2_Stream5_IRQHandler
                0x0000000008003314                HRTIM1_FLT_IRQHandler
                0x0000000008003314                JPEG_IRQHandler
                0x0000000008003314                DMA1_Stream5_IRQHandler
                0x0000000008003314                BDMA_Channel1_IRQHandler
                0x0000000008003314                HRTIM1_TIMD_IRQHandler
                0x0000000008003314                TAMP_STAMP_IRQHandler
                0x0000000008003314                EXTI3_IRQHandler
                0x0000000008003314                LPTIM4_IRQHandler
                0x0000000008003314                TIM8_TRG_COM_TIM14_IRQHandler
                0x0000000008003314                LPTIM2_IRQHandler
                0x0000000008003314                DFSDM1_FLT1_IRQHandler
                0x0000000008003314                DMAMUX2_OVR_IRQHandler
                0x0000000008003314                TIM8_UP_TIM13_IRQHandler
                0x0000000008003314                I2C3_ER_IRQHandler
                0x0000000008003314                DFSDM1_FLT2_IRQHandler
                0x0000000008003314                MDMA_IRQHandler
                0x0000000008003314                LPTIM3_IRQHandler
                0x0000000008003314                HSEM1_IRQHandler
                0x0000000008003314                EXTI0_IRQHandler
                0x0000000008003314                I2C2_EV_IRQHandler
                0x0000000008003314                DMA1_Stream2_IRQHandler
                0x0000000008003314                FPU_IRQHandler
                0x0000000008003314                OTG_HS_WKUP_IRQHandler
                0x0000000008003314                FDCAN1_IT1_IRQHandler
                0x0000000008003314                LTDC_ER_IRQHandler
                0x0000000008003314                DMA2_Stream2_IRQHandler
                0x0000000008003314                HRTIM1_TIME_IRQHandler
                0x0000000008003314                SPI1_IRQHandler
                0x0000000008003314                DCMI_IRQHandler
                0x0000000008003314                HRTIM1_TIMC_IRQHandler
                0x0000000008003314                DMA2_Stream3_IRQHandler
                0x0000000008003314                SAI2_IRQHandler
                0x0000000008003314                DFSDM1_FLT3_IRQHandler
                0x0000000008003314                USART6_IRQHandler
                0x0000000008003314                TIM17_IRQHandler
                0x0000000008003314                BDMA_Channel7_IRQHandler
                0x0000000008003314                LPTIM5_IRQHandler
                0x0000000008003314                UART5_IRQHandler
                0x0000000008003314                ADC3_IRQHandler
                0x0000000008003314                DMA2_Stream0_IRQHandler
                0x0000000008003314                TIM4_IRQHandler
                0x0000000008003314                BDMA_Channel2_IRQHandler
                0x0000000008003314                QUADSPI_IRQHandler
                0x0000000008003314                I2C1_EV_IRQHandler
                0x0000000008003314                DMA1_Stream6_IRQHandler
                0x0000000008003314                DMAMUX1_OVR_IRQHandler
                0x0000000008003314                DMA1_Stream1_IRQHandler
                0x0000000008003314                TIM16_IRQHandler
                0x0000000008003314                UART4_IRQHandler
                0x0000000008003314                BDMA_Channel5_IRQHandler
                0x0000000008003314                TIM3_IRQHandler
                0x0000000008003314                RCC_IRQHandler
                0x0000000008003314                TIM8_BRK_TIM12_IRQHandler
                0x0000000008003314                TIM1_TRG_COM_IRQHandler
                0x0000000008003314                Default_Handler
                0x0000000008003314                ECC_IRQHandler
                0x0000000008003314                CEC_IRQHandler
                0x0000000008003314                BDMA_Channel0_IRQHandler
                0x0000000008003314                ADC_IRQHandler
                0x0000000008003314                DMA1_Stream7_IRQHandler
                0x0000000008003314                HRTIM1_TIMA_IRQHandler
                0x0000000008003314                SPI5_IRQHandler
                0x0000000008003314                TIM7_IRQHandler
                0x0000000008003314                SDMMC1_IRQHandler
                0x0000000008003314                TIM5_IRQHandler
                0x0000000008003314                DMA2_Stream7_IRQHandler
                0x0000000008003314                TIM15_IRQHandler
                0x0000000008003314                PVD_AVD_IRQHandler
                0x0000000008003314                I2C3_EV_IRQHandler
                0x0000000008003314                EXTI9_5_IRQHandler
                0x0000000008003314                RTC_WKUP_IRQHandler
                0x0000000008003314                LTDC_IRQHandler
                0x0000000008003314                SAI3_IRQHandler
                0x0000000008003314                ETH_WKUP_IRQHandler
                0x0000000008003314                SPDIF_RX_IRQHandler
                0x0000000008003314                SPI2_IRQHandler
                0x0000000008003314                OTG_HS_EP1_IN_IRQHandler
                0x0000000008003314                DMA1_Stream0_IRQHandler
                0x0000000008003314                CRS_IRQHandler
                0x0000000008003314                EXTI4_IRQHandler
                0x0000000008003314                RNG_IRQHandler
                0x0000000008003314                HRTIM1_TIMB_IRQHandler
                0x0000000008003314                ETH_IRQHandler
                0x0000000008003314                TIM1_UP_IRQHandler
                0x0000000008003314                BDMA_Channel4_IRQHandler
                0x0000000008003314                OTG_HS_EP1_OUT_IRQHandler
                0x0000000008003314                WWDG_IRQHandler
                0x0000000008003314                SPI6_IRQHandler
                0x0000000008003314                MDIOS_IRQHandler
                0x0000000008003314                I2C4_EV_IRQHandler
                0x0000000008003314                LPUART1_IRQHandler
                0x0000000008003314                FDCAN1_IT0_IRQHandler
                0x0000000008003314                TIM2_IRQHandler
                0x0000000008003314                OTG_FS_WKUP_IRQHandler
                0x0000000008003314                OTG_HS_IRQHandler
                0x0000000008003314                DMA2D_IRQHandler
                0x0000000008003314                TIM1_BRK_IRQHandler
                0x0000000008003314                EXTI1_IRQHandler
                0x0000000008003314                SDMMC2_IRQHandler
                0x0000000008003314                OTG_FS_EP1_OUT_IRQHandler
                0x0000000008003314                BDMA_Channel3_IRQHandler
                0x0000000008003314                UART7_IRQHandler
                0x0000000008003314                MDIOS_WKUP_IRQHandler
                0x0000000008003314                DFSDM1_FLT0_IRQHandler
                0x0000000008003314                SAI4_IRQHandler
                0x0000000008003314                I2C2_ER_IRQHandler
                0x0000000008003314                DMA2_Stream1_IRQHandler
                0x0000000008003314                FLASH_IRQHandler
                0x0000000008003314                DMA2_Stream4_IRQHandler
                0x0000000008003314                USART1_IRQHandler
                0x0000000008003314                OTG_FS_IRQHandler
                0x0000000008003314                SPI3_IRQHandler
                0x0000000008003314                WAKEUP_PIN_IRQHandler
                0x0000000008003314                DMA1_Stream4_IRQHandler
                0x0000000008003314                OTG_FS_EP1_IN_IRQHandler
                0x0000000008003314                I2C1_ER_IRQHandler
                0x0000000008003314                FMC_IRQHandler
                0x0000000008003314                FDCAN_CAL_IRQHandler
                0x0000000008003314                SWPMI1_IRQHandler
                0x0000000008003314                COMP1_IRQHandler
                0x0000000008003314                LPTIM1_IRQHandler
                0x0000000008003314                I2C4_ER_IRQHandler
                0x0000000008003314                DMA2_Stream6_IRQHandler
                0x0000000008003314                SAI1_IRQHandler
                0x0000000008003314                DMA1_Stream3_IRQHandler
 *fill*         0x0000000008003316        0x2 
 .text.HAL_Init
                0x0000000008003318       0x78 ./Drivers/STM32H7xx_HAL_Driver/Src/stm32h7xx_hal.o
                0x0000000008003318                HAL_Init
 .text.HAL_IncTick
                0x0000000008003390       0x28 ./Drivers/STM32H7xx_HAL_Driver/Src/stm32h7xx_hal.o
                0x0000000008003390                HAL_IncTick
 .text.HAL_GetTick
                0x00000000080033b8       0x18 ./Drivers/STM32H7xx_HAL_Driver/Src/stm32h7xx_hal.o
                0x00000000080033b8                HAL_GetTick
 .text.HAL_Delay
                0x00000000080033d0       0x48 ./Drivers/STM32H7xx_HAL_Driver/Src/stm32h7xx_hal.o
                0x00000000080033d0                HAL_Delay
 .text.HAL_GetREVID
                0x0000000008003418       0x18 ./Drivers/STM32H7xx_HAL_Driver/Src/stm32h7xx_hal.o
                0x0000000008003418                HAL_GetREVID
 .text.__NVIC_SetPriorityGrouping
                0x0000000008003430       0x48 ./Drivers/STM32H7xx_HAL_Driver/Src/stm32h7xx_hal_cortex.o
 .text.__NVIC_GetPriorityGrouping
                0x0000000008003478       0x1c ./Drivers/STM32H7xx_HAL_Driver/Src/stm32h7xx_hal_cortex.o
 .text.__NVIC_EnableIRQ
                0x0000000008003494       0x3c ./Drivers/STM32H7xx_HAL_Driver/Src/stm32h7xx_hal_cortex.o
 .text.__NVIC_SetPriority
                0x00000000080034d0       0x54 ./Drivers/STM32H7xx_HAL_Driver/Src/stm32h7xx_hal_cortex.o
 .text.NVIC_EncodePriority
                0x0000000008003524       0x66 ./Drivers/STM32H7xx_HAL_Driver/Src/stm32h7xx_hal_cortex.o
 .text.HAL_NVIC_SetPriorityGrouping
                0x000000000800358a       0x16 ./Drivers/STM32H7xx_HAL_Driver/Src/stm32h7xx_hal_cortex.o
                0x000000000800358a                HAL_NVIC_SetPriorityGrouping
 .text.HAL_NVIC_SetPriority
                0x00000000080035a0       0x34 ./Drivers/STM32H7xx_HAL_Driver/Src/stm32h7xx_hal_cortex.o
                0x00000000080035a0                HAL_NVIC_SetPriority
 .text.HAL_NVIC_EnableIRQ
                0x00000000080035d4       0x1c ./Drivers/STM32H7xx_HAL_Driver/Src/stm32h7xx_hal_cortex.o
                0x00000000080035d4                HAL_NVIC_EnableIRQ
 .text.HAL_DMA_Abort
                0x00000000080035f0      0x63c ./Drivers/STM32H7xx_HAL_Driver/Src/stm32h7xx_hal_dma.o
                0x00000000080035f0                HAL_DMA_Abort
 .text.HAL_DMA_Abort_IT
                0x0000000008003c2c      0x48c ./Drivers/STM32H7xx_HAL_Driver/Src/stm32h7xx_hal_dma.o
                0x0000000008003c2c                HAL_DMA_Abort_IT
 .text.HAL_FDCAN_Init
                0x00000000080040b8      0x3bc ./Drivers/STM32H7xx_HAL_Driver/Src/stm32h7xx_hal_fdcan.o
                0x00000000080040b8                HAL_FDCAN_Init
 .text.HAL_FDCAN_IRQHandler
                0x0000000008004474      0x4bc ./Drivers/STM32H7xx_HAL_Driver/Src/stm32h7xx_hal_fdcan.o
                0x0000000008004474                HAL_FDCAN_IRQHandler
 .text.HAL_FDCAN_ClockCalibrationCallback
                0x0000000008004930       0x16 ./Drivers/STM32H7xx_HAL_Driver/Src/stm32h7xx_hal_fdcan.o
                0x0000000008004930                HAL_FDCAN_ClockCalibrationCallback
 .text.HAL_FDCAN_TxEventFifoCallback
                0x0000000008004946       0x16 ./Drivers/STM32H7xx_HAL_Driver/Src/stm32h7xx_hal_fdcan.o
                0x0000000008004946                HAL_FDCAN_TxEventFifoCallback
 .text.HAL_FDCAN_RxFifo0Callback
                0x000000000800495c       0x16 ./Drivers/STM32H7xx_HAL_Driver/Src/stm32h7xx_hal_fdcan.o
                0x000000000800495c                HAL_FDCAN_RxFifo0Callback
 .text.HAL_FDCAN_RxFifo1Callback
                0x0000000008004972       0x16 ./Drivers/STM32H7xx_HAL_Driver/Src/stm32h7xx_hal_fdcan.o
                0x0000000008004972                HAL_FDCAN_RxFifo1Callback
 .text.HAL_FDCAN_TxFifoEmptyCallback
                0x0000000008004988       0x14 ./Drivers/STM32H7xx_HAL_Driver/Src/stm32h7xx_hal_fdcan.o
                0x0000000008004988                HAL_FDCAN_TxFifoEmptyCallback
 .text.HAL_FDCAN_TxBufferCompleteCallback
                0x000000000800499c       0x16 ./Drivers/STM32H7xx_HAL_Driver/Src/stm32h7xx_hal_fdcan.o
                0x000000000800499c                HAL_FDCAN_TxBufferCompleteCallback
 .text.HAL_FDCAN_TxBufferAbortCallback
                0x00000000080049b2       0x16 ./Drivers/STM32H7xx_HAL_Driver/Src/stm32h7xx_hal_fdcan.o
                0x00000000080049b2                HAL_FDCAN_TxBufferAbortCallback
 .text.HAL_FDCAN_RxBufferNewMessageCallback
                0x00000000080049c8       0x14 ./Drivers/STM32H7xx_HAL_Driver/Src/stm32h7xx_hal_fdcan.o
                0x00000000080049c8                HAL_FDCAN_RxBufferNewMessageCallback
 .text.HAL_FDCAN_TimestampWraparoundCallback
                0x00000000080049dc       0x14 ./Drivers/STM32H7xx_HAL_Driver/Src/stm32h7xx_hal_fdcan.o
                0x00000000080049dc                HAL_FDCAN_TimestampWraparoundCallback
 .text.HAL_FDCAN_TimeoutOccurredCallback
                0x00000000080049f0       0x14 ./Drivers/STM32H7xx_HAL_Driver/Src/stm32h7xx_hal_fdcan.o
                0x00000000080049f0                HAL_FDCAN_TimeoutOccurredCallback
 .text.HAL_FDCAN_HighPriorityMessageCallback
                0x0000000008004a04       0x14 ./Drivers/STM32H7xx_HAL_Driver/Src/stm32h7xx_hal_fdcan.o
                0x0000000008004a04                HAL_FDCAN_HighPriorityMessageCallback
 .text.HAL_FDCAN_ErrorCallback
                0x0000000008004a18       0x14 ./Drivers/STM32H7xx_HAL_Driver/Src/stm32h7xx_hal_fdcan.o
                0x0000000008004a18                HAL_FDCAN_ErrorCallback
 .text.HAL_FDCAN_ErrorStatusCallback
                0x0000000008004a2c       0x16 ./Drivers/STM32H7xx_HAL_Driver/Src/stm32h7xx_hal_fdcan.o
                0x0000000008004a2c                HAL_FDCAN_ErrorStatusCallback
 .text.HAL_FDCAN_TT_ScheduleSyncCallback
                0x0000000008004a42       0x16 ./Drivers/STM32H7xx_HAL_Driver/Src/stm32h7xx_hal_fdcan.o
                0x0000000008004a42                HAL_FDCAN_TT_ScheduleSyncCallback
 .text.HAL_FDCAN_TT_TimeMarkCallback
                0x0000000008004a58       0x16 ./Drivers/STM32H7xx_HAL_Driver/Src/stm32h7xx_hal_fdcan.o
                0x0000000008004a58                HAL_FDCAN_TT_TimeMarkCallback
 .text.HAL_FDCAN_TT_StopWatchCallback
                0x0000000008004a6e       0x18 ./Drivers/STM32H7xx_HAL_Driver/Src/stm32h7xx_hal_fdcan.o
                0x0000000008004a6e                HAL_FDCAN_TT_StopWatchCallback
 .text.HAL_FDCAN_TT_GlobalTimeCallback
                0x0000000008004a86       0x16 ./Drivers/STM32H7xx_HAL_Driver/Src/stm32h7xx_hal_fdcan.o
                0x0000000008004a86                HAL_FDCAN_TT_GlobalTimeCallback
 .text.FDCAN_CalcultateRamBlockAddresses
                0x0000000008004a9c      0x30c ./Drivers/STM32H7xx_HAL_Driver/Src/stm32h7xx_hal_fdcan.o
 .text.HAL_GPIO_Init
                0x0000000008004da8      0x360 ./Drivers/STM32H7xx_HAL_Driver/Src/stm32h7xx_hal_gpio.o
                0x0000000008004da8                HAL_GPIO_Init
 .text.HAL_GPIO_WritePin
                0x0000000008005108       0x32 ./Drivers/STM32H7xx_HAL_Driver/Src/stm32h7xx_hal_gpio.o
                0x0000000008005108                HAL_GPIO_WritePin
 .text.HAL_GPIO_TogglePin
                0x000000000800513a       0x34 ./Drivers/STM32H7xx_HAL_Driver/Src/stm32h7xx_hal_gpio.o
                0x000000000800513a                HAL_GPIO_TogglePin
 .text.HAL_GPIO_EXTI_IRQHandler
                0x000000000800516e       0x34 ./Drivers/STM32H7xx_HAL_Driver/Src/stm32h7xx_hal_gpio.o
                0x000000000800516e                HAL_GPIO_EXTI_IRQHandler
 .text.HAL_GPIO_EXTI_Callback
                0x00000000080051a2       0x16 ./Drivers/STM32H7xx_HAL_Driver/Src/stm32h7xx_hal_gpio.o
                0x00000000080051a2                HAL_GPIO_EXTI_Callback
 .text.HAL_HCD_Init
                0x00000000080051b8       0xc4 ./Drivers/STM32H7xx_HAL_Driver/Src/stm32h7xx_hal_hcd.o
                0x00000000080051b8                HAL_HCD_Init
 .text.HAL_PWREx_ConfigSupply
                0x000000000800527c       0x74 ./Drivers/STM32H7xx_HAL_Driver/Src/stm32h7xx_hal_pwr_ex.o
                0x000000000800527c                HAL_PWREx_ConfigSupply
 .text.HAL_PWREx_EnableUSBVoltageDetector
                0x00000000080052f0       0x20 ./Drivers/STM32H7xx_HAL_Driver/Src/stm32h7xx_hal_pwr_ex.o
                0x00000000080052f0                HAL_PWREx_EnableUSBVoltageDetector
 .text.HAL_RCC_OscConfig
                0x0000000008005310      0x85c ./Drivers/STM32H7xx_HAL_Driver/Src/stm32h7xx_hal_rcc.o
                0x0000000008005310                HAL_RCC_OscConfig
 .text.HAL_RCC_ClockConfig
                0x0000000008005b6c      0x36c ./Drivers/STM32H7xx_HAL_Driver/Src/stm32h7xx_hal_rcc.o
                0x0000000008005b6c                HAL_RCC_ClockConfig
 .text.HAL_RCC_GetSysClockFreq
                0x0000000008005ed8      0x2f4 ./Drivers/STM32H7xx_HAL_Driver/Src/stm32h7xx_hal_rcc.o
                0x0000000008005ed8                HAL_RCC_GetSysClockFreq
 .text.HAL_RCC_GetHCLKFreq
                0x00000000080061cc       0x60 ./Drivers/STM32H7xx_HAL_Driver/Src/stm32h7xx_hal_rcc.o
                0x00000000080061cc                HAL_RCC_GetHCLKFreq
 .text.HAL_RCC_GetPCLK1Freq
                0x000000000800622c       0x2c ./Drivers/STM32H7xx_HAL_Driver/Src/stm32h7xx_hal_rcc.o
                0x000000000800622c                HAL_RCC_GetPCLK1Freq
 .text.HAL_RCC_GetPCLK2Freq
                0x0000000008006258       0x2c ./Drivers/STM32H7xx_HAL_Driver/Src/stm32h7xx_hal_rcc.o
                0x0000000008006258                HAL_RCC_GetPCLK2Freq
 .text.HAL_RCC_GetClockConfig
                0x0000000008006284       0x84 ./Drivers/STM32H7xx_HAL_Driver/Src/stm32h7xx_hal_rcc.o
                0x0000000008006284                HAL_RCC_GetClockConfig
 .text.HAL_RCCEx_PeriphCLKConfig
                0x0000000008006308      0xe8c ./Drivers/STM32H7xx_HAL_Driver/Src/stm32h7xx_hal_rcc_ex.o
                0x0000000008006308                HAL_RCCEx_PeriphCLKConfig
 .text.HAL_RCCEx_GetD3PCLK1Freq
                0x0000000008007194       0x2c ./Drivers/STM32H7xx_HAL_Driver/Src/stm32h7xx_hal_rcc_ex.o
                0x0000000008007194                HAL_RCCEx_GetD3PCLK1Freq
 .text.HAL_RCCEx_GetPLL2ClockFreq
                0x00000000080071c0      0x2a8 ./Drivers/STM32H7xx_HAL_Driver/Src/stm32h7xx_hal_rcc_ex.o
                0x00000000080071c0                HAL_RCCEx_GetPLL2ClockFreq
 .text.HAL_RCCEx_GetPLL3ClockFreq
                0x0000000008007468      0x2a8 ./Drivers/STM32H7xx_HAL_Driver/Src/stm32h7xx_hal_rcc_ex.o
                0x0000000008007468                HAL_RCCEx_GetPLL3ClockFreq
 .text.RCCEx_PLL2_Config
                0x0000000008007710      0x164 ./Drivers/STM32H7xx_HAL_Driver/Src/stm32h7xx_hal_rcc_ex.o
 .text.RCCEx_PLL3_Config
                0x0000000008007874      0x164 ./Drivers/STM32H7xx_HAL_Driver/Src/stm32h7xx_hal_rcc_ex.o
 .text.HAL_TIM_Base_Init
                0x00000000080079d8       0xae ./Drivers/STM32H7xx_HAL_Driver/Src/stm32h7xx_hal_tim.o
                0x00000000080079d8                HAL_TIM_Base_Init
 .text.HAL_TIM_Base_MspInit
                0x0000000008007a86       0x14 ./Drivers/STM32H7xx_HAL_Driver/Src/stm32h7xx_hal_tim.o
                0x0000000008007a86                HAL_TIM_Base_MspInit
 *fill*         0x0000000008007a9a        0x2 
 .text.HAL_TIM_Base_Start_IT
                0x0000000008007a9c       0xf0 ./Drivers/STM32H7xx_HAL_Driver/Src/stm32h7xx_hal_tim.o
                0x0000000008007a9c                HAL_TIM_Base_Start_IT
 .text.HAL_TIM_IRQHandler
                0x0000000008007b8c      0x23e ./Drivers/STM32H7xx_HAL_Driver/Src/stm32h7xx_hal_tim.o
                0x0000000008007b8c                HAL_TIM_IRQHandler
 .text.HAL_TIM_OC_DelayElapsedCallback
                0x0000000008007dca       0x14 ./Drivers/STM32H7xx_HAL_Driver/Src/stm32h7xx_hal_tim.o
                0x0000000008007dca                HAL_TIM_OC_DelayElapsedCallback
 .text.HAL_TIM_IC_CaptureCallback
                0x0000000008007dde       0x14 ./Drivers/STM32H7xx_HAL_Driver/Src/stm32h7xx_hal_tim.o
                0x0000000008007dde                HAL_TIM_IC_CaptureCallback
 .text.HAL_TIM_PWM_PulseFinishedCallback
                0x0000000008007df2       0x14 ./Drivers/STM32H7xx_HAL_Driver/Src/stm32h7xx_hal_tim.o
                0x0000000008007df2                HAL_TIM_PWM_PulseFinishedCallback
 .text.HAL_TIM_TriggerCallback
                0x0000000008007e06       0x14 ./Drivers/STM32H7xx_HAL_Driver/Src/stm32h7xx_hal_tim.o
                0x0000000008007e06                HAL_TIM_TriggerCallback
 *fill*         0x0000000008007e1a        0x2 
 .text.TIM_Base_SetConfig
                0x0000000008007e1c      0x134 ./Drivers/STM32H7xx_HAL_Driver/Src/stm32h7xx_hal_tim.o
                0x0000000008007e1c                TIM_Base_SetConfig
 .text.HAL_TIMEx_CommutCallback
                0x0000000008007f50       0x14 ./Drivers/STM32H7xx_HAL_Driver/Src/stm32h7xx_hal_tim_ex.o
                0x0000000008007f50                HAL_TIMEx_CommutCallback
 .text.HAL_TIMEx_BreakCallback
                0x0000000008007f64       0x14 ./Drivers/STM32H7xx_HAL_Driver/Src/stm32h7xx_hal_tim_ex.o
                0x0000000008007f64                HAL_TIMEx_BreakCallback
 .text.HAL_TIMEx_Break2Callback
                0x0000000008007f78       0x14 ./Drivers/STM32H7xx_HAL_Driver/Src/stm32h7xx_hal_tim_ex.o
                0x0000000008007f78                HAL_TIMEx_Break2Callback
 .text.HAL_UART_Init
                0x0000000008007f8c       0xa0 ./Drivers/STM32H7xx_HAL_Driver/Src/stm32h7xx_hal_uart.o
                0x0000000008007f8c                HAL_UART_Init
 .text.HAL_UART_IRQHandler
                0x000000000800802c      0x73c ./Drivers/STM32H7xx_HAL_Driver/Src/stm32h7xx_hal_uart.o
                0x000000000800802c                HAL_UART_IRQHandler
 .text.HAL_UART_TxCpltCallback
                0x0000000008008768       0x14 ./Drivers/STM32H7xx_HAL_Driver/Src/stm32h7xx_hal_uart.o
                0x0000000008008768                HAL_UART_TxCpltCallback
 .text.HAL_UART_ErrorCallback
                0x000000000800877c       0x14 ./Drivers/STM32H7xx_HAL_Driver/Src/stm32h7xx_hal_uart.o
                0x000000000800877c                HAL_UART_ErrorCallback
 .text.HAL_UARTEx_RxEventCallback
                0x0000000008008790       0x18 ./Drivers/STM32H7xx_HAL_Driver/Src/stm32h7xx_hal_uart.o
                0x0000000008008790                HAL_UARTEx_RxEventCallback
 .text.UART_SetConfig
                0x00000000080087a8      0xad0 ./Drivers/STM32H7xx_HAL_Driver/Src/stm32h7xx_hal_uart.o
                0x00000000080087a8                UART_SetConfig
 .text.UART_AdvFeatureConfig
                0x0000000008009278      0x144 ./Drivers/STM32H7xx_HAL_Driver/Src/stm32h7xx_hal_uart.o
                0x0000000008009278                UART_AdvFeatureConfig
 .text.UART_CheckIdleState
                0x00000000080093bc       0x96 ./Drivers/STM32H7xx_HAL_Driver/Src/stm32h7xx_hal_uart.o
                0x00000000080093bc                UART_CheckIdleState
 .text.UART_WaitOnFlagUntilTimeout
                0x0000000008009452      0x190 ./Drivers/STM32H7xx_HAL_Driver/Src/stm32h7xx_hal_uart.o
                0x0000000008009452                UART_WaitOnFlagUntilTimeout
 *fill*         0x00000000080095e2        0x2 
 .text.UART_EndRxTransfer
                0x00000000080095e4       0xcc ./Drivers/STM32H7xx_HAL_Driver/Src/stm32h7xx_hal_uart.o
 .text.UART_DMAAbortOnError
                0x00000000080096b0       0x2c ./Drivers/STM32H7xx_HAL_Driver/Src/stm32h7xx_hal_uart.o
 .text.UART_EndTransmit_IT
                0x00000000080096dc       0x56 ./Drivers/STM32H7xx_HAL_Driver/Src/stm32h7xx_hal_uart.o
 .text.HAL_UARTEx_WakeupCallback
                0x0000000008009732       0x14 ./Drivers/STM32H7xx_HAL_Driver/Src/stm32h7xx_hal_uart_ex.o
                0x0000000008009732                HAL_UARTEx_WakeupCallback
 .text.HAL_UARTEx_RxFifoFullCallback
                0x0000000008009746       0x14 ./Drivers/STM32H7xx_HAL_Driver/Src/stm32h7xx_hal_uart_ex.o
                0x0000000008009746                HAL_UARTEx_RxFifoFullCallback
 .text.HAL_UARTEx_TxFifoEmptyCallback
                0x000000000800975a       0x14 ./Drivers/STM32H7xx_HAL_Driver/Src/stm32h7xx_hal_uart_ex.o
                0x000000000800975a                HAL_UARTEx_TxFifoEmptyCallback
 .text.HAL_UARTEx_DisableFifoMode
                0x000000000800976e       0x72 ./Drivers/STM32H7xx_HAL_Driver/Src/stm32h7xx_hal_uart_ex.o
                0x000000000800976e                HAL_UARTEx_DisableFifoMode
 .text.HAL_UARTEx_SetTxFifoThreshold
                0x00000000080097e0       0x7c ./Drivers/STM32H7xx_HAL_Driver/Src/stm32h7xx_hal_uart_ex.o
                0x00000000080097e0                HAL_UARTEx_SetTxFifoThreshold
 .text.HAL_UARTEx_SetRxFifoThreshold
                0x000000000800985c       0x7c ./Drivers/STM32H7xx_HAL_Driver/Src/stm32h7xx_hal_uart_ex.o
                0x000000000800985c                HAL_UARTEx_SetRxFifoThreshold
 .text.UARTEx_SetNbDataToProcess
                0x00000000080098d8       0x9c ./Drivers/STM32H7xx_HAL_Driver/Src/stm32h7xx_hal_uart_ex.o
 .text.USB_CoreInit
                0x0000000008009974       0xdc ./Drivers/STM32H7xx_HAL_Driver/Src/stm32h7xx_ll_usb.o
                0x0000000008009974                USB_CoreInit
 .text.USB_DisableGlobalInt
                0x0000000008009a50       0x22 ./Drivers/STM32H7xx_HAL_Driver/Src/stm32h7xx_ll_usb.o
                0x0000000008009a50                USB_DisableGlobalInt
 .text.USB_SetCurrentMode
                0x0000000008009a72       0x98 ./Drivers/STM32H7xx_HAL_Driver/Src/stm32h7xx_ll_usb.o
                0x0000000008009a72                USB_SetCurrentMode
 *fill*         0x0000000008009b0a        0x2 
 .text.USB_FlushTxFifo
                0x0000000008009b0c       0x68 ./Drivers/STM32H7xx_HAL_Driver/Src/stm32h7xx_ll_usb.o
                0x0000000008009b0c                USB_FlushTxFifo
 .text.USB_FlushRxFifo
                0x0000000008009b74       0x60 ./Drivers/STM32H7xx_HAL_Driver/Src/stm32h7xx_ll_usb.o
                0x0000000008009b74                USB_FlushRxFifo
 .text.USB_GetMode
                0x0000000008009bd4       0x1c ./Drivers/STM32H7xx_HAL_Driver/Src/stm32h7xx_ll_usb.o
                0x0000000008009bd4                USB_GetMode
 .text.USB_CoreReset
                0x0000000008009bf0       0x68 ./Drivers/STM32H7xx_HAL_Driver/Src/stm32h7xx_ll_usb.o
 .text.USB_HostInit
                0x0000000008009c58      0x174 ./Drivers/STM32H7xx_HAL_Driver/Src/stm32h7xx_ll_usb.o
                0x0000000008009c58                USB_HostInit
 .text.__libc_init_array
                0x0000000008009dcc       0x48 c:/st/stm32cubeide_1.9.0/stm32cubeide/plugins/com.st.stm32cube.ide.mcu.externaltools.gnu-tools-for-stm32.10.3-2021.10.win32_1.0.0.202111181127/tools/bin/../lib/gcc/arm-none-eabi/10.3.1/../../../../arm-none-eabi/lib/thumb/v7e-m+dp/hard\libc_nano.a(lib_a-init.o)
                0x0000000008009dcc                __libc_init_array
 .text.memcpy   0x0000000008009e14       0x1c c:/st/stm32cubeide_1.9.0/stm32cubeide/plugins/com.st.stm32cube.ide.mcu.externaltools.gnu-tools-for-stm32.10.3-2021.10.win32_1.0.0.202111181127/tools/bin/../lib/gcc/arm-none-eabi/10.3.1/../../../../arm-none-eabi/lib/thumb/v7e-m+dp/hard\libc_nano.a(lib_a-memcpy-stub.o)
                0x0000000008009e14                memcpy
 .text.memset   0x0000000008009e30       0x10 c:/st/stm32cubeide_1.9.0/stm32cubeide/plugins/com.st.stm32cube.ide.mcu.externaltools.gnu-tools-for-stm32.10.3-2021.10.win32_1.0.0.202111181127/tools/bin/../lib/gcc/arm-none-eabi/10.3.1/../../../../arm-none-eabi/lib/thumb/v7e-m+dp/hard\libc_nano.a(lib_a-memset.o)
                0x0000000008009e30                memset
 *(.glue_7)
 .glue_7        0x0000000008009e40        0x0 linker stubs
 *(.glue_7t)
 .glue_7t       0x0000000008009e40        0x0 linker stubs
 *(.eh_frame)
 .eh_frame      0x0000000008009e40        0x0 c:/st/stm32cubeide_1.9.0/stm32cubeide/plugins/com.st.stm32cube.ide.mcu.externaltools.gnu-tools-for-stm32.10.3-2021.10.win32_1.0.0.202111181127/tools/bin/../lib/gcc/arm-none-eabi/10.3.1/thumb/v7e-m+dp/hard/crtbegin.o
 *(.init)
 .init          0x0000000008009e40        0x4 c:/st/stm32cubeide_1.9.0/stm32cubeide/plugins/com.st.stm32cube.ide.mcu.externaltools.gnu-tools-for-stm32.10.3-2021.10.win32_1.0.0.202111181127/tools/bin/../lib/gcc/arm-none-eabi/10.3.1/thumb/v7e-m+dp/hard/crti.o
                0x0000000008009e40                _init
 .init          0x0000000008009e44        0x8 c:/st/stm32cubeide_1.9.0/stm32cubeide/plugins/com.st.stm32cube.ide.mcu.externaltools.gnu-tools-for-stm32.10.3-2021.10.win32_1.0.0.202111181127/tools/bin/../lib/gcc/arm-none-eabi/10.3.1/thumb/v7e-m+dp/hard/crtn.o
 *(.fini)
 .fini          0x0000000008009e4c        0x4 c:/st/stm32cubeide_1.9.0/stm32cubeide/plugins/com.st.stm32cube.ide.mcu.externaltools.gnu-tools-for-stm32.10.3-2021.10.win32_1.0.0.202111181127/tools/bin/../lib/gcc/arm-none-eabi/10.3.1/thumb/v7e-m+dp/hard/crti.o
                0x0000000008009e4c                _fini
 .fini          0x0000000008009e50        0x8 c:/st/stm32cubeide_1.9.0/stm32cubeide/plugins/com.st.stm32cube.ide.mcu.externaltools.gnu-tools-for-stm32.10.3-2021.10.win32_1.0.0.202111181127/tools/bin/../lib/gcc/arm-none-eabi/10.3.1/thumb/v7e-m+dp/hard/crtn.o
                0x0000000008009e58                . = ALIGN (0x4)
                0x0000000008009e58                _etext = .

.vfp11_veneer   0x0000000008009e58        0x0
 .vfp11_veneer  0x0000000008009e58        0x0 linker stubs

.v4_bx          0x0000000008009e58        0x0
 .v4_bx         0x0000000008009e58        0x0 linker stubs

.iplt           0x0000000008009e58        0x0
 .iplt          0x0000000008009e58        0x0 c:/st/stm32cubeide_1.9.0/stm32cubeide/plugins/com.st.stm32cube.ide.mcu.externaltools.gnu-tools-for-stm32.10.3-2021.10.win32_1.0.0.202111181127/tools/bin/../lib/gcc/arm-none-eabi/10.3.1/thumb/v7e-m+dp/hard/crtbegin.o

.rodata         0x0000000008009e58      0x104
                0x0000000008009e58                . = ALIGN (0x4)
 *(.rodata)
 .rodata        0x0000000008009e58       0x3d ./Common/ThirdParty/SEGGER/Config/SEGGER_SYSVIEW_Config_FreeRTOS.o
 *fill*         0x0000000008009e95        0x3 
 .rodata        0x0000000008009e98        0x9 ./Common/ThirdParty/SEGGER/SEGGER/SEGGER_RTT.o
 *fill*         0x0000000008009ea1        0x3 
 .rodata        0x0000000008009ea4        0x8 ./Common/ThirdParty/SEGGER/SEGGER/SEGGER_SYSVIEW.o
 .rodata        0x0000000008009eac       0x4c ./Drivers/STM32H7xx_HAL_Driver/Src/stm32h7xx_hal_fdcan.o
 *(.rodata*)
 .rodata.SYSVIEW_X_OS_TraceAPI
                0x0000000008009ef8        0x8 ./Common/ThirdParty/SEGGER/OS/SEGGER_SYSVIEW_FreeRTOS.o
                0x0000000008009ef8                SYSVIEW_X_OS_TraceAPI
 .rodata._abHelloMsg
                0x0000000008009f00        0x4 ./Common/ThirdParty/SEGGER/Recorder/segger_uart.o
 .rodata._aInitStr.0
                0x0000000008009f04       0x11 ./Common/ThirdParty/SEGGER/SEGGER/SEGGER_RTT.o
 *fill*         0x0000000008009f15        0x3 
 .rodata._abSync
                0x0000000008009f18        0xa ./Common/ThirdParty/SEGGER/SEGGER/SEGGER_SYSVIEW.o
 *fill*         0x0000000008009f22        0x2 
 .rodata.D1CorePrescTable
                0x0000000008009f24       0x10 ./Core/Src/system_stm32h7xx.o
                0x0000000008009f24                D1CorePrescTable
 .rodata.UARTPrescTable
                0x0000000008009f34       0x18 ./Drivers/STM32H7xx_HAL_Driver/Src/stm32h7xx_hal_uart.o
                0x0000000008009f34                UARTPrescTable
 .rodata.numerator.1
                0x0000000008009f4c        0x8 ./Drivers/STM32H7xx_HAL_Driver/Src/stm32h7xx_hal_uart_ex.o
 .rodata.denominator.0
                0x0000000008009f54        0x8 ./Drivers/STM32H7xx_HAL_Driver/Src/stm32h7xx_hal_uart_ex.o
                0x0000000008009f5c                . = ALIGN (0x4)

.ARM.extab
 *(.ARM.extab* .gnu.linkonce.armextab.*)

.ARM            0x0000000008009f5c        0x8
                0x0000000008009f5c                __exidx_start = .
 *(.ARM.exidx*)
 .ARM.exidx     0x0000000008009f5c        0x8 c:/st/stm32cubeide_1.9.0/stm32cubeide/plugins/com.st.stm32cube.ide.mcu.externaltools.gnu-tools-for-stm32.10.3-2021.10.win32_1.0.0.202111181127/tools/bin/../lib/gcc/arm-none-eabi/10.3.1/thumb/v7e-m+dp/hard\libgcc.a(_udivmoddi4.o)
                0x0000000008009f64                __exidx_end = .

.rel.dyn        0x0000000008009f64        0x0
 .rel.iplt      0x0000000008009f64        0x0 c:/st/stm32cubeide_1.9.0/stm32cubeide/plugins/com.st.stm32cube.ide.mcu.externaltools.gnu-tools-for-stm32.10.3-2021.10.win32_1.0.0.202111181127/tools/bin/../lib/gcc/arm-none-eabi/10.3.1/thumb/v7e-m+dp/hard/crtbegin.o

.preinit_array  0x0000000008009f64        0x0
                0x0000000008009f64                PROVIDE (__preinit_array_start = .)
 *(.preinit_array*)
                0x0000000008009f64                PROVIDE (__preinit_array_end = .)

.init_array     0x0000000008009f64        0x4
                0x0000000008009f64                PROVIDE (__init_array_start = .)
 *(SORT_BY_NAME(.init_array.*))
 *(.init_array*)
 .init_array    0x0000000008009f64        0x4 c:/st/stm32cubeide_1.9.0/stm32cubeide/plugins/com.st.stm32cube.ide.mcu.externaltools.gnu-tools-for-stm32.10.3-2021.10.win32_1.0.0.202111181127/tools/bin/../lib/gcc/arm-none-eabi/10.3.1/thumb/v7e-m+dp/hard/crtbegin.o
                0x0000000008009f68                PROVIDE (__init_array_end = .)

.fini_array     0x0000000008009f68        0x4
                [!provide]                        PROVIDE (__fini_array_start = .)
 *(SORT_BY_NAME(.fini_array.*))
 *(.fini_array*)
 .fini_array    0x0000000008009f68        0x4 c:/st/stm32cubeide_1.9.0/stm32cubeide/plugins/com.st.stm32cube.ide.mcu.externaltools.gnu-tools-for-stm32.10.3-2021.10.win32_1.0.0.202111181127/tools/bin/../lib/gcc/arm-none-eabi/10.3.1/thumb/v7e-m+dp/hard/crtbegin.o
                [!provide]                        PROVIDE (__fini_array_end = .)
                0x0000000008009f6c                _sidata = LOADADDR (.data)

.data           0x0000000024000000       0x18 load address 0x0000000008009f6c
                0x0000000024000000                . = ALIGN (0x4)
                0x0000000024000000                _sdata = .
 *(.data)
 *(.data*)
 .data._SVInfo  0x0000000024000000        0x8 ./Common/ThirdParty/SEGGER/Recorder/segger_uart.o
 .data.SystemCoreClock
                0x0000000024000008        0x4 ./Core/Src/system_stm32h7xx.o
                0x0000000024000008                SystemCoreClock
 .data.SystemD2Clock
                0x000000002400000c        0x4 ./Core/Src/system_stm32h7xx.o
                0x000000002400000c                SystemD2Clock
 .data.uwTickPrio
                0x0000000024000010        0x4 ./Drivers/STM32H7xx_HAL_Driver/Src/stm32h7xx_hal.o
                0x0000000024000010                uwTickPrio
 .data.uwTickFreq
                0x0000000024000014        0x1 ./Drivers/STM32H7xx_HAL_Driver/Src/stm32h7xx_hal.o
                0x0000000024000014                uwTickFreq
 *(.RamFunc)
 *(.RamFunc*)
                0x0000000024000018                . = ALIGN (0x4)
 *fill*         0x0000000024000015        0x3 
                0x0000000024000018                _edata = .

.igot.plt       0x0000000024000018        0x0 load address 0x0000000008009f84
 .igot.plt      0x0000000024000018        0x0 c:/st/stm32cubeide_1.9.0/stm32cubeide/plugins/com.st.stm32cube.ide.mcu.externaltools.gnu-tools-for-stm32.10.3-2021.10.win32_1.0.0.202111181127/tools/bin/../lib/gcc/arm-none-eabi/10.3.1/thumb/v7e-m+dp/hard/crtbegin.o
                0x0000000024000018                . = ALIGN (0x4)

.bss            0x0000000024000018    0x787e0 load address 0x0000000008009f84
                0x0000000024000018                _sbss = .
                0x0000000024000018                __bss_start__ = _sbss
 *(.bss)
 .bss           0x0000000024000018       0x1c c:/st/stm32cubeide_1.9.0/stm32cubeide/plugins/com.st.stm32cube.ide.mcu.externaltools.gnu-tools-for-stm32.10.3-2021.10.win32_1.0.0.202111181127/tools/bin/../lib/gcc/arm-none-eabi/10.3.1/thumb/v7e-m+dp/hard/crtbegin.o
 *(.bss*)
 .bss.pxCurrentTCB
                0x0000000024000034        0x4 ./Common/ThirdParty/FreeRTOS/tasks.o
                0x0000000024000034                pxCurrentTCB
 .bss.pxReadyTasksLists
                0x0000000024000038       0x8c ./Common/ThirdParty/FreeRTOS/tasks.o
 .bss.pxDelayedTaskList
                0x00000000240000c4        0x4 ./Common/ThirdParty/FreeRTOS/tasks.o
 .bss.pxOverflowDelayedTaskList
                0x00000000240000c8        0x4 ./Common/ThirdParty/FreeRTOS/tasks.o
 .bss.xTickCount
                0x00000000240000cc        0x4 ./Common/ThirdParty/FreeRTOS/tasks.o
 .bss.uxTopReadyPriority
                0x00000000240000d0        0x4 ./Common/ThirdParty/FreeRTOS/tasks.o
 .bss.xPendedTicks
                0x00000000240000d4        0x4 ./Common/ThirdParty/FreeRTOS/tasks.o
 .bss.xYieldPending
                0x00000000240000d8        0x4 ./Common/ThirdParty/FreeRTOS/tasks.o
 .bss.xNumOfOverflows
                0x00000000240000dc        0x4 ./Common/ThirdParty/FreeRTOS/tasks.o
 .bss.xNextTaskUnblockTime
                0x00000000240000e0        0x4 ./Common/ThirdParty/FreeRTOS/tasks.o
 .bss.xIdleTaskHandle
                0x00000000240000e4        0x4 ./Common/ThirdParty/FreeRTOS/tasks.o
 .bss.uxSchedulerSuspended
                0x00000000240000e8        0x4 ./Common/ThirdParty/FreeRTOS/tasks.o
 .bss.ucMaxSysCallPriority
                0x00000000240000ec        0x1 ./Common/ThirdParty/FreeRTOS/portable/GCC/ARM_CM7/r0p1/port.o
 *fill*         0x00000000240000ed        0x3 
 .bss.ulMaxPRIGROUPValue
                0x00000000240000f0        0x4 ./Common/ThirdParty/FreeRTOS/portable/GCC/ARM_CM7/r0p1/port.o
 .bss._aTasks   0x00000000240000f4       0xa0 ./Common/ThirdParty/SEGGER/OS/SEGGER_SYSVIEW_FreeRTOS.o
 .bss._NumTasks
                0x0000000024000194        0x4 ./Common/ThirdParty/SEGGER/OS/SEGGER_SYSVIEW_FreeRTOS.o
 .bss._cbOnRx   0x0000000024000198        0x4 ./Common/ThirdParty/SEGGER/Recorder/segger_uart.o
 .bss._cbOnTx   0x000000002400019c        0x4 ./Common/ThirdParty/SEGGER/Recorder/segger_uart.o
 .bss._SEGGER_RTT
                0x00000000240001a0       0xa8 ./Common/ThirdParty/SEGGER/SEGGER/SEGGER_RTT.o
                0x00000000240001a0                _SEGGER_RTT
 .bss._acUpBuffer
                0x0000000024000248      0x400 ./Common/ThirdParty/SEGGER/SEGGER/SEGGER_RTT.o
 .bss._acDownBuffer
                0x0000000024000648       0x10 ./Common/ThirdParty/SEGGER/SEGGER/SEGGER_RTT.o
 .bss._UpBuffer
                0x0000000024000658    0x77c00 ./Common/ThirdParty/SEGGER/SEGGER/SEGGER_SYSVIEW.o
 .bss._DownBuffer
                0x0000000024078258        0x8 ./Common/ThirdParty/SEGGER/SEGGER/SEGGER_SYSVIEW.o
 .bss._SYSVIEW_Globals
                0x0000000024078260       0x28 ./Common/ThirdParty/SEGGER/SEGGER/SEGGER_SYSVIEW.o
 .bss._pFirstModule
                0x0000000024078288        0x4 ./Common/ThirdParty/SEGGER/SEGGER/SEGGER_SYSVIEW.o
 .bss._NumModules
                0x000000002407828c        0x1 ./Common/ThirdParty/SEGGER/SEGGER/SEGGER_SYSVIEW.o
 *fill*         0x000000002407828d        0x3 
 .bss._aPacket  0x0000000024078290       0xe3 ./Common/ThirdParty/SEGGER/SEGGER/SEGGER_SYSVIEW.o
 *fill*         0x0000000024078373        0x1 
 .bss.hfdcan2   0x0000000024078374       0xa0 ./Core/Src/main.o
                0x0000000024078374                hfdcan2
 .bss.huart3    0x0000000024078414       0x90 ./Core/Src/main.o
                0x0000000024078414                huart3
 .bss.hhcd_USB_OTG_FS
                0x00000000240784a4      0x304 ./Core/Src/main.o
                0x00000000240784a4                hhcd_USB_OTG_FS
 .bss.htim6     0x00000000240787a8       0x4c ./Core/Src/stm32h7xx_hal_timebase_tim.o
                0x00000000240787a8                htim6
 .bss.uwTick    0x00000000240787f4        0x4 ./Drivers/STM32H7xx_HAL_Driver/Src/stm32h7xx_hal.o
                0x00000000240787f4                uwTick
 *(COMMON)
                0x00000000240787f8                . = ALIGN (0x4)
                0x00000000240787f8                _ebss = .
                0x00000000240787f8                __bss_end__ = _ebss

._user_heap_stack
                0x00000000240787f8      0x600 load address 0x0000000008009f84
                0x00000000240787f8                . = ALIGN (0x8)
                [!provide]                        PROVIDE (end = .)
                [!provide]                        PROVIDE (_end = .)
                0x00000000240789f8                . = (. + _Min_Heap_Size)
 *fill*         0x00000000240787f8      0x200 
                0x0000000024078df8                . = (. + _Min_Stack_Size)
 *fill*         0x00000000240789f8      0x400 
                0x0000000024078df8                . = ALIGN (0x8)

/DISCARD/
 libc.a(*)
 libm.a(*)
 libgcc.a(*)

.ARM.attributes
                0x0000000000000000       0x2e
 *(.ARM.attributes)
 .ARM.attributes
                0x0000000000000000       0x1e c:/st/stm32cubeide_1.9.0/stm32cubeide/plugins/com.st.stm32cube.ide.mcu.externaltools.gnu-tools-for-stm32.10.3-2021.10.win32_1.0.0.202111181127/tools/bin/../lib/gcc/arm-none-eabi/10.3.1/thumb/v7e-m+dp/hard/crti.o
 .ARM.attributes
                0x000000000000001e       0x32 c:/st/stm32cubeide_1.9.0/stm32cubeide/plugins/com.st.stm32cube.ide.mcu.externaltools.gnu-tools-for-stm32.10.3-2021.10.win32_1.0.0.202111181127/tools/bin/../lib/gcc/arm-none-eabi/10.3.1/thumb/v7e-m+dp/hard/crtbegin.o
 .ARM.attributes
                0x0000000000000050       0x32 ./Common/ThirdParty/FreeRTOS/list.o
 .ARM.attributes
                0x0000000000000082       0x32 ./Common/ThirdParty/FreeRTOS/tasks.o
 .ARM.attributes
                0x00000000000000b4       0x32 ./Common/ThirdParty/FreeRTOS/portable/GCC/ARM_CM7/r0p1/port.o
 .ARM.attributes
                0x00000000000000e6       0x32 ./Common/ThirdParty/SEGGER/Config/SEGGER_SYSVIEW_Config_FreeRTOS.o
 .ARM.attributes
                0x0000000000000118       0x32 ./Common/ThirdParty/SEGGER/OS/SEGGER_SYSVIEW_FreeRTOS.o
 .ARM.attributes
                0x000000000000014a       0x32 ./Common/ThirdParty/SEGGER/Recorder/segger_uart.o
 .ARM.attributes
                0x000000000000017c       0x32 ./Common/ThirdParty/SEGGER/SEGGER/SEGGER_RTT.o
 .ARM.attributes
                0x00000000000001ae       0x1e ./Common/ThirdParty/SEGGER/SEGGER/SEGGER_RTT_ASM_ARMv7M.o
 .ARM.attributes
                0x00000000000001cc       0x32 ./Common/ThirdParty/SEGGER/SEGGER/SEGGER_SYSVIEW.o
 .ARM.attributes
                0x00000000000001fe       0x32 ./Core/Src/main.o
 .ARM.attributes
                0x0000000000000230       0x32 ./Core/Src/stm32h7xx_hal_msp.o
 .ARM.attributes
                0x0000000000000262       0x32 ./Core/Src/stm32h7xx_hal_timebase_tim.o
 .ARM.attributes
                0x0000000000000294       0x32 ./Core/Src/stm32h7xx_it.o
 .ARM.attributes
                0x00000000000002c6       0x32 ./Core/Src/system_stm32h7xx.o
 .ARM.attributes
                0x00000000000002f8       0x21 ./Core/Startup/startup_stm32h743vitx.o
 .ARM.attributes
                0x0000000000000319       0x32 ./Drivers/STM32H7xx_HAL_Driver/Src/stm32h7xx_hal.o
 .ARM.attributes
                0x000000000000034b       0x32 ./Drivers/STM32H7xx_HAL_Driver/Src/stm32h7xx_hal_cortex.o
 .ARM.attributes
                0x000000000000037d       0x32 ./Drivers/STM32H7xx_HAL_Driver/Src/stm32h7xx_hal_dma.o
 .ARM.attributes
                0x00000000000003af       0x32 ./Drivers/STM32H7xx_HAL_Driver/Src/stm32h7xx_hal_fdcan.o
 .ARM.attributes
                0x00000000000003e1       0x32 ./Drivers/STM32H7xx_HAL_Driver/Src/stm32h7xx_hal_gpio.o
 .ARM.attributes
                0x0000000000000413       0x32 ./Drivers/STM32H7xx_HAL_Driver/Src/stm32h7xx_hal_hcd.o
 .ARM.attributes
                0x0000000000000445       0x32 ./Drivers/STM32H7xx_HAL_Driver/Src/stm32h7xx_hal_pwr_ex.o
 .ARM.attributes
                0x0000000000000477       0x32 ./Drivers/STM32H7xx_HAL_Driver/Src/stm32h7xx_hal_rcc.o
 .ARM.attributes
                0x00000000000004a9       0x32 ./Drivers/STM32H7xx_HAL_Driver/Src/stm32h7xx_hal_rcc_ex.o
 .ARM.attributes
                0x00000000000004db       0x32 ./Drivers/STM32H7xx_HAL_Driver/Src/stm32h7xx_hal_tim.o
 .ARM.attributes
                0x000000000000050d       0x32 ./Drivers/STM32H7xx_HAL_Driver/Src/stm32h7xx_hal_tim_ex.o
 .ARM.attributes
                0x000000000000053f       0x32 ./Drivers/STM32H7xx_HAL_Driver/Src/stm32h7xx_hal_uart.o
 .ARM.attributes
                0x0000000000000571       0x32 ./Drivers/STM32H7xx_HAL_Driver/Src/stm32h7xx_hal_uart_ex.o
 .ARM.attributes
                0x00000000000005a3       0x32 ./Drivers/STM32H7xx_HAL_Driver/Src/stm32h7xx_ll_usb.o
 .ARM.attributes
                0x00000000000005d5       0x32 c:/st/stm32cubeide_1.9.0/stm32cubeide/plugins/com.st.stm32cube.ide.mcu.externaltools.gnu-tools-for-stm32.10.3-2021.10.win32_1.0.0.202111181127/tools/bin/../lib/gcc/arm-none-eabi/10.3.1/../../../../arm-none-eabi/lib/thumb/v7e-m+dp/hard\libc_nano.a(lib_a-init.o)
 .ARM.attributes
                0x0000000000000607       0x32 c:/st/stm32cubeide_1.9.0/stm32cubeide/plugins/com.st.stm32cube.ide.mcu.externaltools.gnu-tools-for-stm32.10.3-2021.10.win32_1.0.0.202111181127/tools/bin/../lib/gcc/arm-none-eabi/10.3.1/../../../../arm-none-eabi/lib/thumb/v7e-m+dp/hard\libc_nano.a(lib_a-memcpy-stub.o)
 .ARM.attributes
                0x0000000000000639       0x32 c:/st/stm32cubeide_1.9.0/stm32cubeide/plugins/com.st.stm32cube.ide.mcu.externaltools.gnu-tools-for-stm32.10.3-2021.10.win32_1.0.0.202111181127/tools/bin/../lib/gcc/arm-none-eabi/10.3.1/../../../../arm-none-eabi/lib/thumb/v7e-m+dp/hard\libc_nano.a(lib_a-memset.o)
 .ARM.attributes
                0x000000000000066b       0x1e c:/st/stm32cubeide_1.9.0/stm32cubeide/plugins/com.st.stm32cube.ide.mcu.externaltools.gnu-tools-for-stm32.10.3-2021.10.win32_1.0.0.202111181127/tools/bin/../lib/gcc/arm-none-eabi/10.3.1/thumb/v7e-m+dp/hard\libgcc.a(_aeabi_uldivmod.o)
 .ARM.attributes
                0x0000000000000689       0x32 c:/st/stm32cubeide_1.9.0/stm32cubeide/plugins/com.st.stm32cube.ide.mcu.externaltools.gnu-tools-for-stm32.10.3-2021.10.win32_1.0.0.202111181127/tools/bin/../lib/gcc/arm-none-eabi/10.3.1/thumb/v7e-m+dp/hard\libgcc.a(_udivmoddi4.o)
 .ARM.attributes
                0x00000000000006bb       0x1e c:/st/stm32cubeide_1.9.0/stm32cubeide/plugins/com.st.stm32cube.ide.mcu.externaltools.gnu-tools-for-stm32.10.3-2021.10.win32_1.0.0.202111181127/tools/bin/../lib/gcc/arm-none-eabi/10.3.1/thumb/v7e-m+dp/hard\libgcc.a(_dvmd_tls.o)
 .ARM.attributes
                0x00000000000006d9       0x1e c:/st/stm32cubeide_1.9.0/stm32cubeide/plugins/com.st.stm32cube.ide.mcu.externaltools.gnu-tools-for-stm32.10.3-2021.10.win32_1.0.0.202111181127/tools/bin/../lib/gcc/arm-none-eabi/10.3.1/thumb/v7e-m+dp/hard/crtn.o
OUTPUT(FreeRTOS_Templete.elf elf32-littlearm)
LOAD linker stubs
LOAD c:/st/stm32cubeide_1.9.0/stm32cubeide/plugins/com.st.stm32cube.ide.mcu.externaltools.gnu-tools-for-stm32.10.3-2021.10.win32_1.0.0.202111181127/tools/bin/../lib/gcc/arm-none-eabi/10.3.1/../../../../arm-none-eabi/lib/thumb/v7e-m+dp/hard\libc.a
LOAD c:/st/stm32cubeide_1.9.0/stm32cubeide/plugins/com.st.stm32cube.ide.mcu.externaltools.gnu-tools-for-stm32.10.3-2021.10.win32_1.0.0.202111181127/tools/bin/../lib/gcc/arm-none-eabi/10.3.1/../../../../arm-none-eabi/lib/thumb/v7e-m+dp/hard\libm.a
LOAD c:/st/stm32cubeide_1.9.0/stm32cubeide/plugins/com.st.stm32cube.ide.mcu.externaltools.gnu-tools-for-stm32.10.3-2021.10.win32_1.0.0.202111181127/tools/bin/../lib/gcc/arm-none-eabi/10.3.1/thumb/v7e-m+dp/hard\libgcc.a

.debug_info     0x0000000000000000    0x27d74
 .debug_info    0x0000000000000000      0x2d1 ./Common/ThirdParty/FreeRTOS/list.o
 .debug_info    0x00000000000002d1     0x24c6 ./Common/ThirdParty/FreeRTOS/tasks.o
 .debug_info    0x0000000000002797      0x4e6 ./Common/ThirdParty/FreeRTOS/portable/GCC/ARM_CM7/r0p1/port.o
 .debug_info    0x0000000000002c7d      0x181 ./Common/ThirdParty/SEGGER/Config/SEGGER_SYSVIEW_Config_FreeRTOS.o
 .debug_info    0x0000000000002dfe      0x43d ./Common/ThirdParty/SEGGER/OS/SEGGER_SYSVIEW_FreeRTOS.o
 .debug_info    0x000000000000323b      0xc6b ./Common/ThirdParty/SEGGER/Recorder/segger_uart.o
 .debug_info    0x0000000000003ea6     0x15df ./Common/ThirdParty/SEGGER/SEGGER/SEGGER_RTT.o
 .debug_info    0x0000000000005485       0x26 ./Common/ThirdParty/SEGGER/SEGGER/SEGGER_RTT_ASM_ARMv7M.o
 .debug_info    0x00000000000054ab     0x383c ./Common/ThirdParty/SEGGER/SEGGER/SEGGER_SYSVIEW.o
 .debug_info    0x0000000000008ce7     0x2a8d ./Core/Src/main.o
 .debug_info    0x000000000000b774     0x2230 ./Core/Src/stm32h7xx_hal_msp.o
 .debug_info    0x000000000000d9a4     0x10f9 ./Core/Src/stm32h7xx_hal_timebase_tim.o
 .debug_info    0x000000000000ea9d     0x14b6 ./Core/Src/stm32h7xx_it.o
 .debug_info    0x000000000000ff53      0xd07 ./Core/Src/system_stm32h7xx.o
 .debug_info    0x0000000000010c5a       0x22 ./Core/Startup/startup_stm32h743vitx.o
 .debug_info    0x0000000000010c7c     0x15d7 ./Drivers/STM32H7xx_HAL_Driver/Src/stm32h7xx_hal.o
 .debug_info    0x0000000000012253     0x116d ./Drivers/STM32H7xx_HAL_Driver/Src/stm32h7xx_hal_cortex.o
 .debug_info    0x00000000000133c0      0xcd5 ./Drivers/STM32H7xx_HAL_Driver/Src/stm32h7xx_hal_dma.o
 .debug_info    0x0000000000014095     0x2dae ./Drivers/STM32H7xx_HAL_Driver/Src/stm32h7xx_hal_fdcan.o
 .debug_info    0x0000000000016e43      0xd28 ./Drivers/STM32H7xx_HAL_Driver/Src/stm32h7xx_hal_gpio.o
 .debug_info    0x0000000000017b6b     0x1131 ./Drivers/STM32H7xx_HAL_Driver/Src/stm32h7xx_hal_hcd.o
 .debug_info    0x0000000000018c9c     0x109d ./Drivers/STM32H7xx_HAL_Driver/Src/stm32h7xx_hal_pwr_ex.o
 .debug_info    0x0000000000019d39      0xf4a ./Drivers/STM32H7xx_HAL_Driver/Src/stm32h7xx_hal_rcc.o
 .debug_info    0x000000000001ac83     0x12b4 ./Drivers/STM32H7xx_HAL_Driver/Src/stm32h7xx_hal_rcc_ex.o
 .debug_info    0x000000000001bf37     0x2dd1 ./Drivers/STM32H7xx_HAL_Driver/Src/stm32h7xx_hal_tim.o
 .debug_info    0x000000000001ed08     0x18f4 ./Drivers/STM32H7xx_HAL_Driver/Src/stm32h7xx_hal_tim_ex.o
 .debug_info    0x00000000000205fc     0x4c42 ./Drivers/STM32H7xx_HAL_Driver/Src/stm32h7xx_hal_uart.o
 .debug_info    0x000000000002523e     0x100b ./Drivers/STM32H7xx_HAL_Driver/Src/stm32h7xx_hal_uart_ex.o
 .debug_info    0x0000000000026249     0x1b2b ./Drivers/STM32H7xx_HAL_Driver/Src/stm32h7xx_ll_usb.o

.debug_abbrev   0x0000000000000000     0x3f44
 .debug_abbrev  0x0000000000000000       0xf2 ./Common/ThirdParty/FreeRTOS/list.o
 .debug_abbrev  0x00000000000000f2      0x38a ./Common/ThirdParty/FreeRTOS/tasks.o
 .debug_abbrev  0x000000000000047c      0x257 ./Common/ThirdParty/FreeRTOS/portable/GCC/ARM_CM7/r0p1/port.o
 .debug_abbrev  0x00000000000006d3       0xdd ./Common/ThirdParty/SEGGER/Config/SEGGER_SYSVIEW_Config_FreeRTOS.o
 .debug_abbrev  0x00000000000007b0      0x19e ./Common/ThirdParty/SEGGER/OS/SEGGER_SYSVIEW_FreeRTOS.o
 .debug_abbrev  0x000000000000094e      0x26c ./Common/ThirdParty/SEGGER/Recorder/segger_uart.o
 .debug_abbrev  0x0000000000000bba      0x216 ./Common/ThirdParty/SEGGER/SEGGER/SEGGER_RTT.o
 .debug_abbrev  0x0000000000000dd0       0x14 ./Common/ThirdParty/SEGGER/SEGGER/SEGGER_RTT_ASM_ARMv7M.o
 .debug_abbrev  0x0000000000000de4      0x31f ./Common/ThirdParty/SEGGER/SEGGER/SEGGER_SYSVIEW.o
 .debug_abbrev  0x0000000000001103      0x32c ./Core/Src/main.o
 .debug_abbrev  0x000000000000142f      0x274 ./Core/Src/stm32h7xx_hal_msp.o
 .debug_abbrev  0x00000000000016a3      0x206 ./Core/Src/stm32h7xx_hal_timebase_tim.o
 .debug_abbrev  0x00000000000018a9      0x198 ./Core/Src/stm32h7xx_it.o
 .debug_abbrev  0x0000000000001a41      0x147 ./Core/Src/system_stm32h7xx.o
 .debug_abbrev  0x0000000000001b88       0x12 ./Core/Startup/startup_stm32h743vitx.o
 .debug_abbrev  0x0000000000001b9a      0x289 ./Drivers/STM32H7xx_HAL_Driver/Src/stm32h7xx_hal.o
 .debug_abbrev  0x0000000000001e23      0x329 ./Drivers/STM32H7xx_HAL_Driver/Src/stm32h7xx_hal_cortex.o
 .debug_abbrev  0x000000000000214c      0x239 ./Drivers/STM32H7xx_HAL_Driver/Src/stm32h7xx_hal_dma.o
 .debug_abbrev  0x0000000000002385      0x278 ./Drivers/STM32H7xx_HAL_Driver/Src/stm32h7xx_hal_fdcan.o
 .debug_abbrev  0x00000000000025fd      0x1ec ./Drivers/STM32H7xx_HAL_Driver/Src/stm32h7xx_hal_gpio.o
 .debug_abbrev  0x00000000000027e9      0x27e ./Drivers/STM32H7xx_HAL_Driver/Src/stm32h7xx_hal_hcd.o
 .debug_abbrev  0x0000000000002a67      0x28f ./Drivers/STM32H7xx_HAL_Driver/Src/stm32h7xx_hal_pwr_ex.o
 .debug_abbrev  0x0000000000002cf6      0x2b8 ./Drivers/STM32H7xx_HAL_Driver/Src/stm32h7xx_hal_rcc.o
 .debug_abbrev  0x0000000000002fae      0x25c ./Drivers/STM32H7xx_HAL_Driver/Src/stm32h7xx_hal_rcc_ex.o
 .debug_abbrev  0x000000000000320a      0x25d ./Drivers/STM32H7xx_HAL_Driver/Src/stm32h7xx_hal_tim.o
 .debug_abbrev  0x0000000000003467      0x265 ./Drivers/STM32H7xx_HAL_Driver/Src/stm32h7xx_hal_tim_ex.o
 .debug_abbrev  0x00000000000036cc      0x325 ./Drivers/STM32H7xx_HAL_Driver/Src/stm32h7xx_hal_uart.o
 .debug_abbrev  0x00000000000039f1      0x2bd ./Drivers/STM32H7xx_HAL_Driver/Src/stm32h7xx_hal_uart_ex.o
 .debug_abbrev  0x0000000000003cae      0x296 ./Drivers/STM32H7xx_HAL_Driver/Src/stm32h7xx_ll_usb.o

.debug_aranges  0x0000000000000000     0x1db8
 .debug_aranges
                0x0000000000000000       0x40 ./Common/ThirdParty/FreeRTOS/list.o
 .debug_aranges
                0x0000000000000040      0x210 ./Common/ThirdParty/FreeRTOS/tasks.o
 .debug_aranges
                0x0000000000000250       0x80 ./Common/ThirdParty/FreeRTOS/portable/GCC/ARM_CM7/r0p1/port.o
 .debug_aranges
                0x00000000000002d0       0x28 ./Common/ThirdParty/SEGGER/Config/SEGGER_SYSVIEW_Config_FreeRTOS.o
 .debug_aranges
                0x00000000000002f8       0x48 ./Common/ThirdParty/SEGGER/OS/SEGGER_SYSVIEW_FreeRTOS.o
 .debug_aranges
                0x0000000000000340       0x68 ./Common/ThirdParty/SEGGER/Recorder/segger_uart.o
 .debug_aranges
                0x00000000000003a8      0x138 ./Common/ThirdParty/SEGGER/SEGGER/SEGGER_RTT.o
 .debug_aranges
                0x00000000000004e0       0x20 ./Common/ThirdParty/SEGGER/SEGGER/SEGGER_RTT_ASM_ARMv7M.o
 .debug_aranges
                0x0000000000000500      0x280 ./Common/ThirdParty/SEGGER/SEGGER/SEGGER_SYSVIEW.o
 .debug_aranges
                0x0000000000000780       0x58 ./Core/Src/main.o
 .debug_aranges
                0x00000000000007d8       0x50 ./Core/Src/stm32h7xx_hal_msp.o
 .debug_aranges
                0x0000000000000828       0x30 ./Core/Src/stm32h7xx_hal_timebase_tim.o
 .debug_aranges
                0x0000000000000858       0x70 ./Core/Src/stm32h7xx_it.o
 .debug_aranges
                0x00000000000008c8       0x28 ./Core/Src/system_stm32h7xx.o
 .debug_aranges
                0x00000000000008f0       0x28 ./Core/Startup/startup_stm32h743vitx.o
 .debug_aranges
                0x0000000000000918      0x198 ./Drivers/STM32H7xx_HAL_Driver/Src/stm32h7xx_hal.o
 .debug_aranges
                0x0000000000000ab0      0x120 ./Drivers/STM32H7xx_HAL_Driver/Src/stm32h7xx_hal_cortex.o
 .debug_aranges
                0x0000000000000bd0       0xa0 ./Drivers/STM32H7xx_HAL_Driver/Src/stm32h7xx_hal_dma.o
 .debug_aranges
                0x0000000000000c70      0x338 ./Drivers/STM32H7xx_HAL_Driver/Src/stm32h7xx_hal_fdcan.o
 .debug_aranges
                0x0000000000000fa8       0x58 ./Drivers/STM32H7xx_HAL_Driver/Src/stm32h7xx_hal_gpio.o
 .debug_aranges
                0x0000000000001000       0xf0 ./Drivers/STM32H7xx_HAL_Driver/Src/stm32h7xx_hal_hcd.o
 .debug_aranges
                0x00000000000010f0      0x158 ./Drivers/STM32H7xx_HAL_Driver/Src/stm32h7xx_hal_pwr_ex.o
 .debug_aranges
                0x0000000000001248       0x88 ./Drivers/STM32H7xx_HAL_Driver/Src/stm32h7xx_hal_rcc.o
 .debug_aranges
                0x00000000000012d0       0xf8 ./Drivers/STM32H7xx_HAL_Driver/Src/stm32h7xx_hal_rcc_ex.o
 .debug_aranges
                0x00000000000013c8      0x3e0 ./Drivers/STM32H7xx_HAL_Driver/Src/stm32h7xx_hal_tim.o
 .debug_aranges
                0x00000000000017a8      0x188 ./Drivers/STM32H7xx_HAL_Driver/Src/stm32h7xx_hal_tim_ex.o
 .debug_aranges
                0x0000000000001930      0x248 ./Drivers/STM32H7xx_HAL_Driver/Src/stm32h7xx_hal_uart.o
 .debug_aranges
                0x0000000000001b78       0xa0 ./Drivers/STM32H7xx_HAL_Driver/Src/stm32h7xx_hal_uart_ex.o
 .debug_aranges
                0x0000000000001c18      0x1a0 ./Drivers/STM32H7xx_HAL_Driver/Src/stm32h7xx_ll_usb.o

.debug_ranges   0x0000000000000000     0x1c10
 .debug_ranges  0x0000000000000000       0x30 ./Common/ThirdParty/FreeRTOS/list.o
 .debug_ranges  0x0000000000000030      0x200 ./Common/ThirdParty/FreeRTOS/tasks.o
 .debug_ranges  0x0000000000000230       0x70 ./Common/ThirdParty/FreeRTOS/portable/GCC/ARM_CM7/r0p1/port.o
 .debug_ranges  0x00000000000002a0       0x18 ./Common/ThirdParty/SEGGER/Config/SEGGER_SYSVIEW_Config_FreeRTOS.o
 .debug_ranges  0x00000000000002b8       0x38 ./Common/ThirdParty/SEGGER/OS/SEGGER_SYSVIEW_FreeRTOS.o
 .debug_ranges  0x00000000000002f0       0x58 ./Common/ThirdParty/SEGGER/Recorder/segger_uart.o
 .debug_ranges  0x0000000000000348      0x128 ./Common/ThirdParty/SEGGER/SEGGER/SEGGER_RTT.o
 .debug_ranges  0x0000000000000470      0x270 ./Common/ThirdParty/SEGGER/SEGGER/SEGGER_SYSVIEW.o
 .debug_ranges  0x00000000000006e0       0x48 ./Core/Src/main.o
 .debug_ranges  0x0000000000000728       0x40 ./Core/Src/stm32h7xx_hal_msp.o
 .debug_ranges  0x0000000000000768       0x20 ./Core/Src/stm32h7xx_hal_timebase_tim.o
 .debug_ranges  0x0000000000000788       0x60 ./Core/Src/stm32h7xx_it.o
 .debug_ranges  0x00000000000007e8       0x18 ./Core/Src/system_stm32h7xx.o
 .debug_ranges  0x0000000000000800       0x20 ./Core/Startup/startup_stm32h743vitx.o
 .debug_ranges  0x0000000000000820      0x188 ./Drivers/STM32H7xx_HAL_Driver/Src/stm32h7xx_hal.o
 .debug_ranges  0x00000000000009a8      0x110 ./Drivers/STM32H7xx_HAL_Driver/Src/stm32h7xx_hal_cortex.o
 .debug_ranges  0x0000000000000ab8       0x90 ./Drivers/STM32H7xx_HAL_Driver/Src/stm32h7xx_hal_dma.o
 .debug_ranges  0x0000000000000b48      0x328 ./Drivers/STM32H7xx_HAL_Driver/Src/stm32h7xx_hal_fdcan.o
 .debug_ranges  0x0000000000000e70       0x48 ./Drivers/STM32H7xx_HAL_Driver/Src/stm32h7xx_hal_gpio.o
 .debug_ranges  0x0000000000000eb8       0xe0 ./Drivers/STM32H7xx_HAL_Driver/Src/stm32h7xx_hal_hcd.o
 .debug_ranges  0x0000000000000f98      0x148 ./Drivers/STM32H7xx_HAL_Driver/Src/stm32h7xx_hal_pwr_ex.o
 .debug_ranges  0x00000000000010e0       0x78 ./Drivers/STM32H7xx_HAL_Driver/Src/stm32h7xx_hal_rcc.o
 .debug_ranges  0x0000000000001158       0xe8 ./Drivers/STM32H7xx_HAL_Driver/Src/stm32h7xx_hal_rcc_ex.o
 .debug_ranges  0x0000000000001240      0x3d0 ./Drivers/STM32H7xx_HAL_Driver/Src/stm32h7xx_hal_tim.o
 .debug_ranges  0x0000000000001610      0x178 ./Drivers/STM32H7xx_HAL_Driver/Src/stm32h7xx_hal_tim_ex.o
 .debug_ranges  0x0000000000001788      0x268 ./Drivers/STM32H7xx_HAL_Driver/Src/stm32h7xx_hal_uart.o
 .debug_ranges  0x00000000000019f0       0x90 ./Drivers/STM32H7xx_HAL_Driver/Src/stm32h7xx_hal_uart_ex.o
 .debug_ranges  0x0000000000001a80      0x190 ./Drivers/STM32H7xx_HAL_Driver/Src/stm32h7xx_ll_usb.o

.debug_macro    0x0000000000000000    0x39421
 .debug_macro   0x0000000000000000      0x1f4 ./Common/ThirdParty/FreeRTOS/list.o
 .debug_macro   0x00000000000001f4      0x2e1 ./Common/ThirdParty/FreeRTOS/tasks.o
 .debug_macro   0x00000000000004d5       0x10 ./Common/ThirdParty/FreeRTOS/tasks.o
 .debug_macro   0x00000000000004e5      0x1e5 ./Common/ThirdParty/FreeRTOS/portable/GCC/ARM_CM7/r0p1/port.o
 .debug_macro   0x00000000000006ca      0x137 ./Common/ThirdParty/SEGGER/Config/SEGGER_SYSVIEW_Config_FreeRTOS.o
 .debug_macro   0x0000000000000801      0x203 ./Common/ThirdParty/SEGGER/OS/SEGGER_SYSVIEW_FreeRTOS.o
 .debug_macro   0x0000000000000a04      0x4dc ./Common/ThirdParty/SEGGER/Recorder/segger_uart.o
 .debug_macro   0x0000000000000ee0       0x35 ./Common/ThirdParty/SEGGER/Recorder/segger_uart.o
 .debug_macro   0x0000000000000f15      0x138 ./Common/ThirdParty/SEGGER/Recorder/segger_uart.o
 .debug_macro   0x000000000000104d      0x244 ./Common/ThirdParty/SEGGER/Recorder/segger_uart.o
 .debug_macro   0x0000000000001291       0x2e ./Common/ThirdParty/SEGGER/Recorder/segger_uart.o
 .debug_macro   0x00000000000012bf       0x3b ./Common/ThirdParty/SEGGER/Recorder/segger_uart.o
 .debug_macro   0x00000000000012fa       0x1c ./Common/ThirdParty/SEGGER/Recorder/segger_uart.o
 .debug_macro   0x0000000000001316       0x22 ./Common/ThirdParty/SEGGER/Recorder/segger_uart.o
 .debug_macro   0x0000000000001338       0xfb ./Common/ThirdParty/SEGGER/Recorder/segger_uart.o
 .debug_macro   0x0000000000001433     0x1305 ./Common/ThirdParty/SEGGER/Recorder/segger_uart.o
 .debug_macro   0x0000000000002738      0x11f ./Common/ThirdParty/SEGGER/Recorder/segger_uart.o
 .debug_macro   0x0000000000002857       0x27 ./Common/ThirdParty/SEGGER/Recorder/segger_uart.o
 .debug_macro   0x000000000000287e    0x2587a ./Common/ThirdParty/SEGGER/Recorder/segger_uart.o
 .debug_macro   0x00000000000280f8       0x6d ./Common/ThirdParty/SEGGER/Recorder/segger_uart.o
 .debug_macro   0x0000000000028165     0x3d22 ./Common/ThirdParty/SEGGER/Recorder/segger_uart.o
 .debug_macro   0x000000000002be87      0x19b ./Common/ThirdParty/SEGGER/Recorder/segger_uart.o
 .debug_macro   0x000000000002c022       0x5d ./Common/ThirdParty/SEGGER/Recorder/segger_uart.o
 .debug_macro   0x000000000002c07f     0x2382 ./Common/ThirdParty/SEGGER/Recorder/segger_uart.o
 .debug_macro   0x000000000002e401     0x1002 ./Common/ThirdParty/SEGGER/Recorder/segger_uart.o
 .debug_macro   0x000000000002f403      0x14d ./Common/ThirdParty/SEGGER/Recorder/segger_uart.o
 .debug_macro   0x000000000002f550      0x114 ./Common/ThirdParty/SEGGER/Recorder/segger_uart.o
 .debug_macro   0x000000000002f664      0x3b2 ./Common/ThirdParty/SEGGER/Recorder/segger_uart.o
 .debug_macro   0x000000000002fa16       0xac ./Common/ThirdParty/SEGGER/Recorder/segger_uart.o
 .debug_macro   0x000000000002fac2      0x72d ./Common/ThirdParty/SEGGER/Recorder/segger_uart.o
 .debug_macro   0x00000000000301ef      0x228 ./Common/ThirdParty/SEGGER/Recorder/segger_uart.o
 .debug_macro   0x0000000000030417       0x66 ./Common/ThirdParty/SEGGER/Recorder/segger_uart.o
 .debug_macro   0x000000000003047d      0x3bb ./Common/ThirdParty/SEGGER/Recorder/segger_uart.o
 .debug_macro   0x0000000000030838      0x3e4 ./Common/ThirdParty/SEGGER/Recorder/segger_uart.o
 .debug_macro   0x0000000000030c1c      0x275 ./Common/ThirdParty/SEGGER/Recorder/segger_uart.o
 .debug_macro   0x0000000000030e91      0xe42 ./Common/ThirdParty/SEGGER/Recorder/segger_uart.o
 .debug_macro   0x0000000000031cd3      0x3ca ./Common/ThirdParty/SEGGER/Recorder/segger_uart.o
 .debug_macro   0x000000000003209d      0x408 ./Common/ThirdParty/SEGGER/Recorder/segger_uart.o
 .debug_macro   0x00000000000324a5       0x51 ./Common/ThirdParty/SEGGER/Recorder/segger_uart.o
 .debug_macro   0x00000000000324f6       0x4a ./Common/ThirdParty/SEGGER/Recorder/segger_uart.o
 .debug_macro   0x0000000000032540      0x22c ./Common/ThirdParty/SEGGER/Recorder/segger_uart.o
 .debug_macro   0x000000000003276c       0x67 ./Common/ThirdParty/SEGGER/Recorder/segger_uart.o
 .debug_macro   0x00000000000327d3       0xa5 ./Common/ThirdParty/SEGGER/Recorder/segger_uart.o
 .debug_macro   0x0000000000032878      0x1c4 ./Common/ThirdParty/SEGGER/Recorder/segger_uart.o
 .debug_macro   0x0000000000032a3c      0x25e ./Common/ThirdParty/SEGGER/Recorder/segger_uart.o
 .debug_macro   0x0000000000032c9a       0x35 ./Common/ThirdParty/SEGGER/Recorder/segger_uart.o
 .debug_macro   0x0000000000032ccf      0xaec ./Common/ThirdParty/SEGGER/Recorder/segger_uart.o
 .debug_macro   0x00000000000337bb      0x29f ./Common/ThirdParty/SEGGER/Recorder/segger_uart.o
 .debug_macro   0x0000000000033a5a      0x67e ./Common/ThirdParty/SEGGER/Recorder/segger_uart.o
 .debug_macro   0x00000000000340d8       0xa6 ./Common/ThirdParty/SEGGER/Recorder/segger_uart.o
 .debug_macro   0x000000000003417e      0x248 ./Common/ThirdParty/SEGGER/Recorder/segger_uart.o
 .debug_macro   0x00000000000343c6       0x7c ./Common/ThirdParty/SEGGER/Recorder/segger_uart.o
 .debug_macro   0x0000000000034442      0x5a0 ./Common/ThirdParty/SEGGER/Recorder/segger_uart.o
 .debug_macro   0x00000000000349e2      0x1bd ./Common/ThirdParty/SEGGER/SEGGER/SEGGER_RTT.o
 .debug_macro   0x0000000000034b9f       0x49 ./Common/ThirdParty/SEGGER/SEGGER/SEGGER_RTT.o
 .debug_macro   0x0000000000034be8      0x22a ./Common/ThirdParty/SEGGER/SEGGER/SEGGER_SYSVIEW.o
 .debug_macro   0x0000000000034e12      0x204 ./Common/ThirdParty/SEGGER/SEGGER/SEGGER_SYSVIEW.o
 .debug_macro   0x0000000000035016      0x169 ./Common/ThirdParty/SEGGER/SEGGER/SEGGER_SYSVIEW.o
 .debug_macro   0x000000000003517f      0x4da ./Core/Src/main.o
 .debug_macro   0x0000000000035659       0x1c ./Core/Src/main.o
 .debug_macro   0x0000000000035675       0x10 ./Core/Src/main.o
 .debug_macro   0x0000000000035685       0x10 ./Core/Src/main.o
 .debug_macro   0x0000000000035695       0x1c ./Core/Src/main.o
 .debug_macro   0x00000000000356b1       0x52 ./Core/Src/main.o
 .debug_macro   0x0000000000035703       0x22 ./Core/Src/main.o
 .debug_macro   0x0000000000035725       0x10 ./Core/Src/main.o
 .debug_macro   0x0000000000035735       0x52 ./Core/Src/main.o
 .debug_macro   0x0000000000035787       0xd5 ./Core/Src/main.o
 .debug_macro   0x000000000003585c       0x1c ./Core/Src/main.o
 .debug_macro   0x0000000000035878       0x3d ./Core/Src/main.o
 .debug_macro   0x00000000000358b5       0x16 ./Core/Src/main.o
 .debug_macro   0x00000000000358cb      0x145 ./Core/Src/main.o
 .debug_macro   0x0000000000035a10      0x149 ./Core/Src/main.o
 .debug_macro   0x0000000000035b59       0x4c ./Core/Src/main.o
 .debug_macro   0x0000000000035ba5       0x1c ./Core/Src/main.o
 .debug_macro   0x0000000000035bc1      0x4da ./Core/Src/stm32h7xx_hal_msp.o
 .debug_macro   0x000000000003609b      0x2ca ./Core/Src/stm32h7xx_hal_timebase_tim.o
 .debug_macro   0x0000000000036365      0x4e4 ./Core/Src/stm32h7xx_it.o
 .debug_macro   0x0000000000036849      0x2d0 ./Core/Src/system_stm32h7xx.o
 .debug_macro   0x0000000000036b19      0x2f4 ./Drivers/STM32H7xx_HAL_Driver/Src/stm32h7xx_hal.o
 .debug_macro   0x0000000000036e0d      0x2ca ./Drivers/STM32H7xx_HAL_Driver/Src/stm32h7xx_hal_cortex.o
 .debug_macro   0x00000000000370d7      0x31d ./Drivers/STM32H7xx_HAL_Driver/Src/stm32h7xx_hal_dma.o
 .debug_macro   0x00000000000373f4      0x38f ./Drivers/STM32H7xx_HAL_Driver/Src/stm32h7xx_hal_fdcan.o
 .debug_macro   0x0000000000037783      0x2d1 ./Drivers/STM32H7xx_HAL_Driver/Src/stm32h7xx_hal_gpio.o
 .debug_macro   0x0000000000037a54      0x2ca ./Drivers/STM32H7xx_HAL_Driver/Src/stm32h7xx_hal_hcd.o
 .debug_macro   0x0000000000037d1e      0x303 ./Drivers/STM32H7xx_HAL_Driver/Src/stm32h7xx_hal_pwr_ex.o
 .debug_macro   0x0000000000038021      0x2ee ./Drivers/STM32H7xx_HAL_Driver/Src/stm32h7xx_hal_rcc.o
 .debug_macro   0x000000000003830f      0x2e8 ./Drivers/STM32H7xx_HAL_Driver/Src/stm32h7xx_hal_rcc_ex.o
 .debug_macro   0x00000000000385f7      0x2cb ./Drivers/STM32H7xx_HAL_Driver/Src/stm32h7xx_hal_tim.o
 .debug_macro   0x00000000000388c2      0x2ca ./Drivers/STM32H7xx_HAL_Driver/Src/stm32h7xx_hal_tim_ex.o
 .debug_macro   0x0000000000038b8c      0x2f5 ./Drivers/STM32H7xx_HAL_Driver/Src/stm32h7xx_hal_uart.o
 .debug_macro   0x0000000000038e81      0x2d6 ./Drivers/STM32H7xx_HAL_Driver/Src/stm32h7xx_hal_uart_ex.o
 .debug_macro   0x0000000000039157      0x2ca ./Drivers/STM32H7xx_HAL_Driver/Src/stm32h7xx_ll_usb.o

.debug_line     0x0000000000000000    0x2524c
 .debug_line    0x0000000000000000      0x97a ./Common/ThirdParty/FreeRTOS/list.o
 .debug_line    0x000000000000097a     0x205b ./Common/ThirdParty/FreeRTOS/tasks.o
 .debug_line    0x00000000000029d5      0x9d7 ./Common/ThirdParty/FreeRTOS/portable/GCC/ARM_CM7/r0p1/port.o
 .debug_line    0x00000000000033ac      0x6f1 ./Common/ThirdParty/SEGGER/Config/SEGGER_SYSVIEW_Config_FreeRTOS.o
 .debug_line    0x0000000000003a9d      0x9e4 ./Common/ThirdParty/SEGGER/OS/SEGGER_SYSVIEW_FreeRTOS.o
 .debug_line    0x0000000000004481      0xcaf ./Common/ThirdParty/SEGGER/Recorder/segger_uart.o
 .debug_line    0x0000000000005130      0xf05 ./Common/ThirdParty/SEGGER/SEGGER/SEGGER_RTT.o
 .debug_line    0x0000000000006035       0xeb ./Common/ThirdParty/SEGGER/SEGGER/SEGGER_RTT_ASM_ARMv7M.o
 .debug_line    0x0000000000006120     0x20d9 ./Common/ThirdParty/SEGGER/SEGGER/SEGGER_SYSVIEW.o
 .debug_line    0x00000000000081f9      0xf1c ./Core/Src/main.o
 .debug_line    0x0000000000009115      0xe0a ./Core/Src/stm32h7xx_hal_msp.o
 .debug_line    0x0000000000009f1f      0x900 ./Core/Src/stm32h7xx_hal_timebase_tim.o
 .debug_line    0x000000000000a81f      0xe3f ./Core/Src/stm32h7xx_it.o
 .debug_line    0x000000000000b65e      0xa46 ./Core/Src/system_stm32h7xx.o
 .debug_line    0x000000000000c0a4       0x88 ./Core/Startup/startup_stm32h743vitx.o
 .debug_line    0x000000000000c12c      0xe3a ./Drivers/STM32H7xx_HAL_Driver/Src/stm32h7xx_hal.o