../Core/Src/main.c:407:13:Task_BlueLED_Handler	8	static,ignoring_inline_asm
../Core/Src/main.c:387:13:Task_RedLED_Handler	8	static,ignoring_inline_asm
../Core/Src/main.c:367:13:Task_GreenLED_Handler	8	static,ignoring_inline_asm
../Core/Src/main.c:344:13:MX_GPIO_Init	56	static
../Core/Src/main.c:437:6:HAL_TIM_PeriodElapsedCallback	8	static
../Core/Src/main.c:454:6:Error_Handler	0	static,ignoring_inline_asm
../Core/Src/main.c:212:13:MX_FDCAN2_Init	8	static
../Core/Src/main.c:265:13:MX_USART2_UART_Init	8	static
../Core/Src/main.c:313:13:MX_USB_OTG_FS_HCD_Init	8	static
../Core/Src/main.c:156:6:SystemClock_Config	120	static
../Core/Src/main.c:73:5:main	32	static,ignoring_inline_asm
