../Core/Src/main.c:94:5:main	24	static
../Core/Src/main.c:193:6:SystemClock_Config	128	static
../Core/Src/main.c:257:13:MX_FDCAN2_Init	8	static
../Core/Src/main.c:310:13:MX_USART3_UART_Init	8	static
../Core/Src/main.c:358:13:MX_USB_OTG_FS_HCD_Init	8	static
../Core/Src/main.c:389:13:MX_GPIO_Init	48	static
../Core/Src/main.c:423:6:vManagerTask	24	static,ignoring_inline_asm
../Core/Src/main.c:459:6:EmployeeDoWork	16	static
../Core/Src/main.c:467:13:vEmployeeTask	24	static
../Core/Src/main.c:495:6:printmsg	24	static
../Core/Src/main.c:525:6:USART_Send	16	static
../Core/Src/main.c:544:6:HAL_TIM_PeriodElapsedCallback	16	static
../Core/Src/main.c:561:6:Error_Handler	8	static,ignoring_inline_asm
