05:52:55 **** Build of configuration Debug for project FreeRTOS_3_LEDs_TaskDelay ****
make -j8 all 
arm-none-eabi-gcc "../Core/Src/main.c" -mcpu=cortex-m7 -std=gnu11 -g3 -DDEBUG -DUSE_HAL_DRIVER -DSTM32H743xx -c -I../Core/Inc -I../Drivers/STM32H7xx_HAL_Driver/Inc -I../Drivers/STM32H7xx_HAL_Driver/Inc/Legacy -I../Drivers/CMSIS/Device/ST/STM32H7xx/Include -I../Drivers/CMSIS/Include -I"G:/My Drive/Transfer/Proj/FreeRTOS/RTOS_Workspace/STM32H743VI/Common/ThirdParty/FreeRTOS/include" -I"G:/My Drive/Transfer/Proj/FreeRTOS/RTOS_Workspace/STM32H743VI/Common/ThirdParty/FreeRTOS/portable/GCC/ARM_CM7" -I"G:/My Drive/Transfer/Proj/FreeRTOS/RTOS_Workspace/STM32H743VI/Common/ThirdParty/FreeRTOS/portable/GCC/ARM_CM7/r0p1" -I"G:/My Drive/Transfer/Proj/FreeRTOS/RTOS_Workspace/STM32H743VI/Common/ThirdParty/SEGGER/Config" -I"G:/My Drive/Transfer/Proj/FreeRTOS/RTOS_Workspace/STM32H743VI/Common/ThirdParty/SEGGER/OS" -I"G:/My Drive/Transfer/Proj/FreeRTOS/RTOS_Workspace/STM32H743VI/Common/ThirdParty/SEGGER/SEGGER" -I"G:/My Drive/Transfer/Proj/FreeRTOS/RTOS_Workspace/STM32H743VI/Common/ThirdParty/SEGGER/Recorder" -O0 -ffunction-sections -fdata-sections -Wall -fstack-usage -MMD -MP -MF"Core/Src/main.d" -MT"Core/Src/main.o" --specs=nano.specs -mfpu=fpv5-d16 -mfloat-abi=hard -mthumb -o "Core/Src/main.o"
arm-none-eabi-gcc -o "FreeRTOS_3_LEDs_TaskDelay.elf" @"objects.list"   -mcpu=cortex-m7 -T"D:\Documents\FreeRTOS\RTOS_Workspace\STM32H743VI\STM32H743VI_WorkSpace\FreeRTOS_3_LEDs_TaskDelay\STM32H743VITX_FLASH.ld" --specs=nosys.specs -Wl,-Map="FreeRTOS_3_LEDs_TaskDelay.map" -Wl,--gc-sections -static --specs=nano.specs -mfpu=fpv5-d16 -mfloat-abi=hard -mthumb -Wl,--start-group -lc -lm -Wl,--end-group
Finished building target: FreeRTOS_3_LEDs_TaskDelay.elf
 
arm-none-eabi-size   FreeRTOS_3_LEDs_TaskDelay.elf 
arm-none-eabi-objdump -h -S  FreeRTOS_3_LEDs_TaskDelay.elf  > "FreeRTOS_3_LEDs_TaskDelay.list"
   text	   data	    bss	    dec	    hex	filename
  36116	     40	 523752	 559908	  88b24	FreeRTOS_3_LEDs_TaskDelay.elf
Finished building: default.size.stdout
 
Finished building: FreeRTOS_3_LEDs_TaskDelay.list
 

05:53:01 Build Finished. 0 errors, 0 warnings. (took 6s.255ms)

