21:44:30 **** Build of configuration Debug for project FreeRTOS_3_LEDs_TaskNotify2 ****
make -j8 all 
arm-none-eabi-gcc "../Core/Src/main.c" -mcpu=cortex-m7 -std=gnu11 -g3 -DDEBUG -DUSE_HAL_DRIVER -DSTM32H743xx -c -I../Core/Inc -I../Drivers/STM32H7xx_HAL_Driver/Inc -I../Drivers/STM32H7xx_HAL_Driver/Inc/Legacy -I../Drivers/CMSIS/Device/ST/STM32H7xx/Include -I../Drivers/CMSIS/Include -I"D:/Documents/FreeRTOS/RTOS_Workspace/STM32H743VI/STM32H743VI_WorkSpace/Common/ThirdParty/FreeRTOS/include" -I"D:/Documents/FreeRTOS/RTOS_Workspace/STM32H743VI/STM32H743VI_WorkSpace/Common/ThirdParty/FreeRTOS/portable/GCC/ARM_CM7" -I"D:/Documents/FreeRTOS/RTOS_Workspace/STM32H743VI/STM32H743VI_WorkSpace/Common/ThirdParty/FreeRTOS/portable/GCC/ARM_CM7/r0p1" -I"D:/Documents/FreeRTOS/RTOS_Workspace/STM32H743VI/STM32H743VI_WorkSpace/Common/ThirdParty/SEGGER/Config" -I"D:/Documents/FreeRTOS/RTOS_Workspace/STM32H743VI/STM32H743VI_WorkSpace/Common/ThirdParty/SEGGER/OS" -I"D:/Documents/FreeRTOS/RTOS_Workspace/STM32H743VI/STM32H743VI_WorkSpace/Common/ThirdParty/SEGGER/SEGGER" -I"D:/Documents/FreeRTOS/RTOS_Workspace/STM32H743VI/STM32H743VI_WorkSpace/Common/ThirdParty/SEGGER/Recorder" -O0 -ffunction-sections -fdata-sections -Wall -fstack-usage -MMD -MP -MF"Core/Src/main.d" -MT"Core/Src/main.o" --specs=nano.specs -mfpu=fpv5-d16 -mfloat-abi=hard -mthumb -o "Core/Src/main.o"
arm-none-eabi-gcc "../Core/Src/stm32h7xx_hal_msp.c" -mcpu=cortex-m7 -std=gnu11 -g3 -DDEBUG -DUSE_HAL_DRIVER -DSTM32H743xx -c -I../Core/Inc -I../Drivers/STM32H7xx_HAL_Driver/Inc -I../Drivers/STM32H7xx_HAL_Driver/Inc/Legacy -I../Drivers/CMSIS/Device/ST/STM32H7xx/Include -I../Drivers/CMSIS/Include -I"D:/Documents/FreeRTOS/RTOS_Workspace/STM32H743VI/STM32H743VI_WorkSpace/Common/ThirdParty/FreeRTOS/include" -I"D:/Documents/FreeRTOS/RTOS_Workspace/STM32H743VI/STM32H743VI_WorkSpace/Common/ThirdParty/FreeRTOS/portable/GCC/ARM_CM7" -I"D:/Documents/FreeRTOS/RTOS_Workspace/STM32H743VI/STM32H743VI_WorkSpace/Common/ThirdParty/FreeRTOS/portable/GCC/ARM_CM7/r0p1" -I"D:/Documents/FreeRTOS/RTOS_Workspace/STM32H743VI/STM32H743VI_WorkSpace/Common/ThirdParty/SEGGER/Config" -I"D:/Documents/FreeRTOS/RTOS_Workspace/STM32H743VI/STM32H743VI_WorkSpace/Common/ThirdParty/SEGGER/OS" -I"D:/Documents/FreeRTOS/RTOS_Workspace/STM32H743VI/STM32H743VI_WorkSpace/Common/ThirdParty/SEGGER/SEGGER" -I"D:/Documents/FreeRTOS/RTOS_Workspace/STM32H743VI/STM32H743VI_WorkSpace/Common/ThirdParty/SEGGER/Recorder" -O0 -ffunction-sections -fdata-sections -Wall -fstack-usage -MMD -MP -MF"Core/Src/stm32h7xx_hal_msp.d" -MT"Core/Src/stm32h7xx_hal_msp.o" --specs=nano.specs -mfpu=fpv5-d16 -mfloat-abi=hard -mthumb -o "Core/Src/stm32h7xx_hal_msp.o"
arm-none-eabi-gcc "../Core/Src/stm32h7xx_it.c" -mcpu=cortex-m7 -std=gnu11 -g3 -DDEBUG -DUSE_HAL_DRIVER -DSTM32H743xx -c -I../Core/Inc -I../Drivers/STM32H7xx_HAL_Driver/Inc -I../Drivers/STM32H7xx_HAL_Driver/Inc/Legacy -I../Drivers/CMSIS/Device/ST/STM32H7xx/Include -I../Drivers/CMSIS/Include -I"D:/Documents/FreeRTOS/RTOS_Workspace/STM32H743VI/STM32H743VI_WorkSpace/Common/ThirdParty/FreeRTOS/include" -I"D:/Documents/FreeRTOS/RTOS_Workspace/STM32H743VI/STM32H743VI_WorkSpace/Common/ThirdParty/FreeRTOS/portable/GCC/ARM_CM7" -I"D:/Documents/FreeRTOS/RTOS_Workspace/STM32H743VI/STM32H743VI_WorkSpace/Common/ThirdParty/FreeRTOS/portable/GCC/ARM_CM7/r0p1" -I"D:/Documents/FreeRTOS/RTOS_Workspace/STM32H743VI/STM32H743VI_WorkSpace/Common/ThirdParty/SEGGER/Config" -I"D:/Documents/FreeRTOS/RTOS_Workspace/STM32H743VI/STM32H743VI_WorkSpace/Common/ThirdParty/SEGGER/OS" -I"D:/Documents/FreeRTOS/RTOS_Workspace/STM32H743VI/STM32H743VI_WorkSpace/Common/ThirdParty/SEGGER/SEGGER" -I"D:/Documents/FreeRTOS/RTOS_Workspace/STM32H743VI/STM32H743VI_WorkSpace/Common/ThirdParty/SEGGER/Recorder" -O0 -ffunction-sections -fdata-sections -Wall -fstack-usage -MMD -MP -MF"Core/Src/stm32h7xx_it.d" -MT"Core/Src/stm32h7xx_it.o" --specs=nano.specs -mfpu=fpv5-d16 -mfloat-abi=hard -mthumb -o "Core/Src/stm32h7xx_it.o"
arm-none-eabi-gcc "D:/Documents/FreeRTOS/RTOS_Workspace/STM32H743VI/STM32H743VI_WorkSpace/Common/ThirdParty/SEGGER/SEGGER/Syscalls/SEGGER_RTT_Syscalls_GCC.c" -mcpu=cortex-m7 -std=gnu11 -g3 -DDEBUG -DUSE_HAL_DRIVER -DSTM32H743xx -c -I../Core/Inc -I../Drivers/STM32H7xx_HAL_Driver/Inc -I../Drivers/STM32H7xx_HAL_Driver/Inc/Legacy -I../Drivers/CMSIS/Device/ST/STM32H7xx/Include -I../Drivers/CMSIS/Include -I"D:/Documents/FreeRTOS/RTOS_Workspace/STM32H743VI/STM32H743VI_WorkSpace/Common/ThirdParty/FreeRTOS/include" -I"D:/Documents/FreeRTOS/RTOS_Workspace/STM32H743VI/STM32H743VI_WorkSpace/Common/ThirdParty/FreeRTOS/portable/GCC/ARM_CM7" -I"D:/Documents/FreeRTOS/RTOS_Workspace/STM32H743VI/STM32H743VI_WorkSpace/Common/ThirdParty/FreeRTOS/portable/GCC/ARM_CM7/r0p1" -I"D:/Documents/FreeRTOS/RTOS_Workspace/STM32H743VI/STM32H743VI_WorkSpace/Common/ThirdParty/SEGGER/Config" -I"D:/Documents/FreeRTOS/RTOS_Workspace/STM32H743VI/STM32H743VI_WorkSpace/Common/ThirdParty/SEGGER/OS" -I"D:/Documents/FreeRTOS/RTOS_Workspace/STM32H743VI/STM32H743VI_WorkSpace/Common/ThirdParty/SEGGER/SEGGER" -I"D:/Documents/FreeRTOS/RTOS_Workspace/STM32H743VI/STM32H743VI_WorkSpace/Common/ThirdParty/SEGGER/Recorder" -O0 -ffunction-sections -fdata-sections -Wall -fstack-usage -MMD -MP -MF"Common/ThirdParty/SEGGER/SEGGER/Syscalls/SEGGER_RTT_Syscalls_GCC.d" -MT"Common/ThirdParty/SEGGER/SEGGER/Syscalls/SEGGER_RTT_Syscalls_GCC.o" --specs=nano.specs -mfpu=fpv5-d16 -mfloat-abi=hard -mthumb -o "Common/ThirdParty/SEGGER/SEGGER/Syscalls/SEGGER_RTT_Syscalls_GCC.o"
arm-none-eabi-gcc "D:/Documents/FreeRTOS/RTOS_Workspace/STM32H743VI/STM32H743VI_WorkSpace/Common/ThirdParty/SEGGER/SEGGER/SEGGER_RTT.c" -mcpu=cortex-m7 -std=gnu11 -g3 -DDEBUG -DUSE_HAL_DRIVER -DSTM32H743xx -c -I../Core/Inc -I../Drivers/STM32H7xx_HAL_Driver/Inc -I../Drivers/STM32H7xx_HAL_Driver/Inc/Legacy -I../Drivers/CMSIS/Device/ST/STM32H7xx/Include -I../Drivers/CMSIS/Include -I"D:/Documents/FreeRTOS/RTOS_Workspace/STM32H743VI/STM32H743VI_WorkSpace/Common/ThirdParty/FreeRTOS/include" -I"D:/Documents/FreeRTOS/RTOS_Workspace/STM32H743VI/STM32H743VI_WorkSpace/Common/ThirdParty/FreeRTOS/portable/GCC/ARM_CM7" -I"D:/Documents/FreeRTOS/RTOS_Workspace/STM32H743VI/STM32H743VI_WorkSpace/Common/ThirdParty/FreeRTOS/portable/GCC/ARM_CM7/r0p1" -I"D:/Documents/FreeRTOS/RTOS_Workspace/STM32H743VI/STM32H743VI_WorkSpace/Common/ThirdParty/SEGGER/Config" -I"D:/Documents/FreeRTOS/RTOS_Workspace/STM32H743VI/STM32H743VI_WorkSpace/Common/ThirdParty/SEGGER/OS" -I"D:/Documents/FreeRTOS/RTOS_Workspace/STM32H743VI/STM32H743VI_WorkSpace/Common/ThirdParty/SEGGER/SEGGER" -I"D:/Documents/FreeRTOS/RTOS_Workspace/STM32H743VI/STM32H743VI_WorkSpace/Common/ThirdParty/SEGGER/Recorder" -O0 -ffunction-sections -fdata-sections -Wall -fstack-usage -MMD -MP -MF"Common/ThirdParty/SEGGER/SEGGER/SEGGER_RTT.d" -MT"Common/ThirdParty/SEGGER/SEGGER/SEGGER_RTT.o" --specs=nano.specs -mfpu=fpv5-d16 -mfloat-abi=hard -mthumb -o "Common/ThirdParty/SEGGER/SEGGER/SEGGER_RTT.o"
arm-none-eabi-gcc -mcpu=cortex-m7 -g3 -DDEBUG -c -I"D:/Documents/FreeRTOS/RTOS_Workspace/STM32H743VI/STM32H743VI_WorkSpace/Common/ThirdParty/SEGGER" -I"D:/Documents/FreeRTOS/RTOS_Workspace/STM32H743VI/STM32H743VI_WorkSpace/Common/ThirdParty/SEGGER/Config" -x assembler-with-cpp -MMD -MP -MF"Common/ThirdParty/SEGGER/SEGGER/SEGGER_RTT_ASM_ARMv7M.d" -MT"Common/ThirdParty/SEGGER/SEGGER/SEGGER_RTT_ASM_ARMv7M.o" --specs=nano.specs -mfpu=fpv5-d16 -mfloat-abi=hard -mthumb -o "Common/ThirdParty/SEGGER/SEGGER/SEGGER_RTT_ASM_ARMv7M.o" "D:/Documents/FreeRTOS/RTOS_Workspace/STM32H743VI/STM32H743VI_WorkSpace/Common/ThirdParty/SEGGER/SEGGER/SEGGER_RTT_ASM_ARMv7M.S"
arm-none-eabi-gcc "D:/Documents/FreeRTOS/RTOS_Workspace/STM32H743VI/STM32H743VI_WorkSpace/Common/ThirdParty/SEGGER/SEGGER/SEGGER_RTT_printf.c" -mcpu=cortex-m7 -std=gnu11 -g3 -DDEBUG -DUSE_HAL_DRIVER -DSTM32H743xx -c -I../Core/Inc -I../Drivers/STM32H7xx_HAL_Driver/Inc -I../Drivers/STM32H7xx_HAL_Driver/Inc/Legacy -I../Drivers/CMSIS/Device/ST/STM32H7xx/Include -I../Drivers/CMSIS/Include -I"D:/Documents/FreeRTOS/RTOS_Workspace/STM32H743VI/STM32H743VI_WorkSpace/Common/ThirdParty/FreeRTOS/include" -I"D:/Documents/FreeRTOS/RTOS_Workspace/STM32H743VI/STM32H743VI_WorkSpace/Common/ThirdParty/FreeRTOS/portable/GCC/ARM_CM7" -I"D:/Documents/FreeRTOS/RTOS_Workspace/STM32H743VI/STM32H743VI_WorkSpace/Common/ThirdParty/FreeRTOS/portable/GCC/ARM_CM7/r0p1" -I"D:/Documents/FreeRTOS/RTOS_Workspace/STM32H743VI/STM32H743VI_WorkSpace/Common/ThirdParty/SEGGER/Config" -I"D:/Documents/FreeRTOS/RTOS_Workspace/STM32H743VI/STM32H743VI_WorkSpace/Common/ThirdParty/SEGGER/OS" -I"D:/Documents/FreeRTOS/RTOS_Workspace/STM32H743VI/STM32H743VI_WorkSpace/Common/ThirdParty/SEGGER/SEGGER" -I"D:/Documents/FreeRTOS/RTOS_Workspace/STM32H743VI/STM32H743VI_WorkSpace/Common/ThirdParty/SEGGER/Recorder" -O0 -ffunction-sections -fdata-sections -Wall -fstack-usage -MMD -MP -MF"Common/ThirdParty/SEGGER/SEGGER/SEGGER_RTT_printf.d" -MT"Common/ThirdParty/SEGGER/SEGGER/SEGGER_RTT_printf.o" --specs=nano.specs -mfpu=fpv5-d16 -mfloat-abi=hard -mthumb -o "Common/ThirdParty/SEGGER/SEGGER/SEGGER_RTT_printf.o"
arm-none-eabi-gcc "D:/Documents/FreeRTOS/RTOS_Workspace/STM32H743VI/STM32H743VI_WorkSpace/Common/ThirdParty/SEGGER/SEGGER/SEGGER_SYSVIEW.c" -mcpu=cortex-m7 -std=gnu11 -g3 -DDEBUG -DUSE_HAL_DRIVER -DSTM32H743xx -c -I../Core/Inc -I../Drivers/STM32H7xx_HAL_Driver/Inc -I../Drivers/STM32H7xx_HAL_Driver/Inc/Legacy -I../Drivers/CMSIS/Device/ST/STM32H7xx/Include -I../Drivers/CMSIS/Include -I"D:/Documents/FreeRTOS/RTOS_Workspace/STM32H743VI/STM32H743VI_WorkSpace/Common/ThirdParty/FreeRTOS/include" -I"D:/Documents/FreeRTOS/RTOS_Workspace/STM32H743VI/STM32H743VI_WorkSpace/Common/ThirdParty/FreeRTOS/portable/GCC/ARM_CM7" -I"D:/Documents/FreeRTOS/RTOS_Workspace/STM32H743VI/STM32H743VI_WorkSpace/Common/ThirdParty/FreeRTOS/portable/GCC/ARM_CM7/r0p1" -I"D:/Documents/FreeRTOS/RTOS_Workspace/STM32H743VI/STM32H743VI_WorkSpace/Common/ThirdParty/SEGGER/Config" -I"D:/Documents/FreeRTOS/RTOS_Workspace/STM32H743VI/STM32H743VI_WorkSpace/Common/ThirdParty/SEGGER/OS" -I"D:/Documents/FreeRTOS/RTOS_Workspace/STM32H743VI/STM32H743VI_WorkSpace/Common/ThirdParty/SEGGER/SEGGER" -I"D:/Documents/FreeRTOS/RTOS_Workspace/STM32H743VI/STM32H743VI_WorkSpace/Common/ThirdParty/SEGGER/Recorder" -O0 -ffunction-sections -fdata-sections -Wall -fstack-usage -MMD -MP -MF"Common/ThirdParty/SEGGER/SEGGER/SEGGER_SYSVIEW.d" -MT"Common/ThirdParty/SEGGER/SEGGER/SEGGER_SYSVIEW.o" --specs=nano.specs -mfpu=fpv5-d16 -mfloat-abi=hard -mthumb -o "Common/ThirdParty/SEGGER/SEGGER/SEGGER_SYSVIEW.o"
arm-none-eabi-gcc "D:/Documents/FreeRTOS/RTOS_Workspace/STM32H743VI/STM32H743VI_WorkSpace/Common/ThirdParty/SEGGER/Recorder/segger_uart.c" -mcpu=cortex-m7 -std=gnu11 -g3 -DDEBUG -DUSE_HAL_DRIVER -DSTM32H743xx -c -I../Core/Inc -I../Drivers/STM32H7xx_HAL_Driver/Inc -I../Drivers/STM32H7xx_HAL_Driver/Inc/Legacy -I../Drivers/CMSIS/Device/ST/STM32H7xx/Include -I../Drivers/CMSIS/Include -I"D:/Documents/FreeRTOS/RTOS_Workspace/STM32H743VI/STM32H743VI_WorkSpace/Common/ThirdParty/FreeRTOS/include" -I"D:/Documents/FreeRTOS/RTOS_Workspace/STM32H743VI/STM32H743VI_WorkSpace/Common/ThirdParty/FreeRTOS/portable/GCC/ARM_CM7" -I"D:/Documents/FreeRTOS/RTOS_Workspace/STM32H743VI/STM32H743VI_WorkSpace/Common/ThirdParty/FreeRTOS/portable/GCC/ARM_CM7/r0p1" -I"D:/Documents/FreeRTOS/RTOS_Workspace/STM32H743VI/STM32H743VI_WorkSpace/Common/ThirdParty/SEGGER/Config" -I"D:/Documents/FreeRTOS/RTOS_Workspace/STM32H743VI/STM32H743VI_WorkSpace/Common/ThirdParty/SEGGER/OS" -I"D:/Documents/FreeRTOS/RTOS_Workspace/STM32H743VI/STM32H743VI_WorkSpace/Common/ThirdParty/SEGGER/SEGGER" -I"D:/Documents/FreeRTOS/RTOS_Workspace/STM32H743VI/STM32H743VI_WorkSpace/Common/ThirdParty/SEGGER/Recorder" -O0 -ffunction-sections -fdata-sections -Wall -fstack-usage -MMD -MP -MF"Common/ThirdParty/SEGGER/Recorder/segger_uart.d" -MT"Common/ThirdParty/SEGGER/Recorder/segger_uart.o" --specs=nano.specs -mfpu=fpv5-d16 -mfloat-abi=hard -mthumb -o "Common/ThirdParty/SEGGER/Recorder/segger_uart.o"
arm-none-eabi-gcc "D:/Documents/FreeRTOS/RTOS_Workspace/STM32H743VI/STM32H743VI_WorkSpace/Common/ThirdParty/SEGGER/OS/SEGGER_SYSVIEW_FreeRTOS.c" -mcpu=cortex-m7 -std=gnu11 -g3 -DDEBUG -DUSE_HAL_DRIVER -DSTM32H743xx -c -I../Core/Inc -I../Drivers/STM32H7xx_HAL_Driver/Inc -I../Drivers/STM32H7xx_HAL_Driver/Inc/Legacy -I../Drivers/CMSIS/Device/ST/STM32H7xx/Include -I../Drivers/CMSIS/Include -I"D:/Documents/FreeRTOS/RTOS_Workspace/STM32H743VI/STM32H743VI_WorkSpace/Common/ThirdParty/FreeRTOS/include" -I"D:/Documents/FreeRTOS/RTOS_Workspace/STM32H743VI/STM32H743VI_WorkSpace/Common/ThirdParty/FreeRTOS/portable/GCC/ARM_CM7" -I"D:/Documents/FreeRTOS/RTOS_Workspace/STM32H743VI/STM32H743VI_WorkSpace/Common/ThirdParty/FreeRTOS/portable/GCC/ARM_CM7/r0p1" -I"D:/Documents/FreeRTOS/RTOS_Workspace/STM32H743VI/STM32H743VI_WorkSpace/Common/ThirdParty/SEGGER/Config" -I"D:/Documents/FreeRTOS/RTOS_Workspace/STM32H743VI/STM32H743VI_WorkSpace/Common/ThirdParty/SEGGER/OS" -I"D:/Documents/FreeRTOS/RTOS_Workspace/STM32H743VI/STM32H743VI_WorkSpace/Common/ThirdParty/SEGGER/SEGGER" -I"D:/Documents/FreeRTOS/RTOS_Workspace/STM32H743VI/STM32H743VI_WorkSpace/Common/ThirdParty/SEGGER/Recorder" -O0 -ffunction-sections -fdata-sections -Wall -fstack-usage -MMD -MP -MF"Common/ThirdParty/SEGGER/OS/SEGGER_SYSVIEW_FreeRTOS.d" -MT"Common/ThirdParty/SEGGER/OS/SEGGER_SYSVIEW_FreeRTOS.o" --specs=nano.specs -mfpu=fpv5-d16 -mfloat-abi=hard -mthumb -o "Common/ThirdParty/SEGGER/OS/SEGGER_SYSVIEW_FreeRTOS.o"
arm-none-eabi-gcc "D:/Documents/FreeRTOS/RTOS_Workspace/STM32H743VI/STM32H743VI_WorkSpace/Common/ThirdParty/SEGGER/Config/SEGGER_SYSVIEW_Config_FreeRTOS.c" -mcpu=cortex-m7 -std=gnu11 -g3 -DDEBUG -DUSE_HAL_DRIVER -DSTM32H743xx -c -I../Core/Inc -I../Drivers/STM32H7xx_HAL_Driver/Inc -I../Drivers/STM32H7xx_HAL_Driver/Inc/Legacy -I../Drivers/CMSIS/Device/ST/STM32H7xx/Include -I../Drivers/CMSIS/Include -I"D:/Documents/FreeRTOS/RTOS_Workspace/STM32H743VI/STM32H743VI_WorkSpace/Common/ThirdParty/FreeRTOS/include" -I"D:/Documents/FreeRTOS/RTOS_Workspace/STM32H743VI/STM32H743VI_WorkSpace/Common/ThirdParty/FreeRTOS/portable/GCC/ARM_CM7" -I"D:/Documents/FreeRTOS/RTOS_Workspace/STM32H743VI/STM32H743VI_WorkSpace/Common/ThirdParty/FreeRTOS/portable/GCC/ARM_CM7/r0p1" -I"D:/Documents/FreeRTOS/RTOS_Workspace/STM32H743VI/STM32H743VI_WorkSpace/Common/ThirdParty/SEGGER/Config" -I"D:/Documents/FreeRTOS/RTOS_Workspace/STM32H743VI/STM32H743VI_WorkSpace/Common/ThirdParty/SEGGER/OS" -I"D:/Documents/FreeRTOS/RTOS_Workspace/STM32H743VI/STM32H743VI_WorkSpace/Common/ThirdParty/SEGGER/SEGGER" -I"D:/Documents/FreeRTOS/RTOS_Workspace/STM32H743VI/STM32H743VI_WorkSpace/Common/ThirdParty/SEGGER/Recorder" -O0 -ffunction-sections -fdata-sections -Wall -fstack-usage -MMD -MP -MF"Common/ThirdParty/SEGGER/Config/SEGGER_SYSVIEW_Config_FreeRTOS.d" -MT"Common/ThirdParty/SEGGER/Config/SEGGER_SYSVIEW_Config_FreeRTOS.o" --specs=nano.specs -mfpu=fpv5-d16 -mfloat-abi=hard -mthumb -o "Common/ThirdParty/SEGGER/Config/SEGGER_SYSVIEW_Config_FreeRTOS.o"
arm-none-eabi-gcc "D:/Documents/FreeRTOS/RTOS_Workspace/STM32H743VI/STM32H743VI_WorkSpace/Common/ThirdParty/FreeRTOS/portable/MemMang/heap_4.c" -mcpu=cortex-m7 -std=gnu11 -g3 -DDEBUG -DUSE_HAL_DRIVER -DSTM32H743xx -c -I../Core/Inc -I../Drivers/STM32H7xx_HAL_Driver/Inc -I../Drivers/STM32H7xx_HAL_Driver/Inc/Legacy -I../Drivers/CMSIS/Device/ST/STM32H7xx/Include -I../Drivers/CMSIS/Include -I"D:/Documents/FreeRTOS/RTOS_Workspace/STM32H743VI/STM32H743VI_WorkSpace/Common/ThirdParty/FreeRTOS/include" -I"D:/Documents/FreeRTOS/RTOS_Workspace/STM32H743VI/STM32H743VI_WorkSpace/Common/ThirdParty/FreeRTOS/portable/GCC/ARM_CM7" -I"D:/Documents/FreeRTOS/RTOS_Workspace/STM32H743VI/STM32H743VI_WorkSpace/Common/ThirdParty/FreeRTOS/portable/GCC/ARM_CM7/r0p1" -I"D:/Documents/FreeRTOS/RTOS_Workspace/STM32H743VI/STM32H743VI_WorkSpace/Common/ThirdParty/SEGGER/Config" -I"D:/Documents/FreeRTOS/RTOS_Workspace/STM32H743VI/STM32H743VI_WorkSpace/Common/ThirdParty/SEGGER/OS" -I"D:/Documents/FreeRTOS/RTOS_Workspace/STM32H743VI/STM32H743VI_WorkSpace/Common/ThirdParty/SEGGER/SEGGER" -I"D:/Documents/FreeRTOS/RTOS_Workspace/STM32H743VI/STM32H743VI_WorkSpace/Common/ThirdParty/SEGGER/Recorder" -O0 -ffunction-sections -fdata-sections -Wall -fstack-usage -MMD -MP -MF"Common/ThirdParty/FreeRTOS/portable/MemMang/heap_4.d" -MT"Common/ThirdParty/FreeRTOS/portable/MemMang/heap_4.o" --specs=nano.specs -mfpu=fpv5-d16 -mfloat-abi=hard -mthumb -o "Common/ThirdParty/FreeRTOS/portable/MemMang/heap_4.o"
arm-none-eabi-gcc "D:/Documents/FreeRTOS/RTOS_Workspace/STM32H743VI/STM32H743VI_WorkSpace/Common/ThirdParty/FreeRTOS/portable/GCC/ARM_CM7/r0p1/port.c" -mcpu=cortex-m7 -std=gnu11 -g3 -DDEBUG -DUSE_HAL_DRIVER -DSTM32H743xx -c -I../Core/Inc -I../Drivers/STM32H7xx_HAL_Driver/Inc -I../Drivers/STM32H7xx_HAL_Driver/Inc/Legacy -I../Drivers/CMSIS/Device/ST/STM32H7xx/Include -I../Drivers/CMSIS/Include -I"D:/Documents/FreeRTOS/RTOS_Workspace/STM32H743VI/STM32H743VI_WorkSpace/Common/ThirdParty/FreeRTOS/include" -I"D:/Documents/FreeRTOS/RTOS_Workspace/STM32H743VI/STM32H743VI_WorkSpace/Common/ThirdParty/FreeRTOS/portable/GCC/ARM_CM7" -I"D:/Documents/FreeRTOS/RTOS_Workspace/STM32H743VI/STM32H743VI_WorkSpace/Common/ThirdParty/FreeRTOS/portable/GCC/ARM_CM7/r0p1" -I"D:/Documents/FreeRTOS/RTOS_Workspace/STM32H743VI/STM32H743VI_WorkSpace/Common/ThirdParty/SEGGER/Config" -I"D:/Documents/FreeRTOS/RTOS_Workspace/STM32H743VI/STM32H743VI_WorkSpace/Common/ThirdParty/SEGGER/OS" -I"D:/Documents/FreeRTOS/RTOS_Workspace/STM32H743VI/STM32H743VI_WorkSpace/Common/ThirdParty/SEGGER/SEGGER" -I"D:/Documents/FreeRTOS/RTOS_Workspace/STM32H743VI/STM32H743VI_WorkSpace/Common/ThirdParty/SEGGER/Recorder" -O0 -ffunction-sections -fdata-sections -Wall -fstack-usage -MMD -MP -MF"Common/ThirdParty/FreeRTOS/portable/GCC/ARM_CM7/r0p1/port.d" -MT"Common/ThirdParty/FreeRTOS/portable/GCC/ARM_CM7/r0p1/port.o" --specs=nano.specs -mfpu=fpv5-d16 -mfloat-abi=hard -mthumb -o "Common/ThirdParty/FreeRTOS/portable/GCC/ARM_CM7/r0p1/port.o"
arm-none-eabi-gcc "D:/Documents/FreeRTOS/RTOS_Workspace/STM32H743VI/STM32H743VI_WorkSpace/Common/ThirdParty/FreeRTOS/croutine.c" -mcpu=cortex-m7 -std=gnu11 -g3 -DDEBUG -DUSE_HAL_DRIVER -DSTM32H743xx -c -I../Core/Inc -I../Drivers/STM32H7xx_HAL_Driver/Inc -I../Drivers/STM32H7xx_HAL_Driver/Inc/Legacy -I../Drivers/CMSIS/Device/ST/STM32H7xx/Include -I../Drivers/CMSIS/Include -I"D:/Documents/FreeRTOS/RTOS_Workspace/STM32H743VI/STM32H743VI_WorkSpace/Common/ThirdParty/FreeRTOS/include" -I"D:/Documents/FreeRTOS/RTOS_Workspace/STM32H743VI/STM32H743VI_WorkSpace/Common/ThirdParty/FreeRTOS/portable/GCC/ARM_CM7" -I"D:/Documents/FreeRTOS/RTOS_Workspace/STM32H743VI/STM32H743VI_WorkSpace/Common/ThirdParty/FreeRTOS/portable/GCC/ARM_CM7/r0p1" -I"D:/Documents/FreeRTOS/RTOS_Workspace/STM32H743VI/STM32H743VI_WorkSpace/Common/ThirdParty/SEGGER/Config" -I"D:/Documents/FreeRTOS/RTOS_Workspace/STM32H743VI/STM32H743VI_WorkSpace/Common/ThirdParty/SEGGER/OS" -I"D:/Documents/FreeRTOS/RTOS_Workspace/STM32H743VI/STM32H743VI_WorkSpace/Common/ThirdParty/SEGGER/SEGGER" -I"D:/Documents/FreeRTOS/RTOS_Workspace/STM32H743VI/STM32H743VI_WorkSpace/Common/ThirdParty/SEGGER/Recorder" -O0 -ffunction-sections -fdata-sections -Wall -fstack-usage -MMD -MP -MF"Common/ThirdParty/FreeRTOS/croutine.d" -MT"Common/ThirdParty/FreeRTOS/croutine.o" --specs=nano.specs -mfpu=fpv5-d16 -mfloat-abi=hard -mthumb -o "Common/ThirdParty/FreeRTOS/croutine.o"
arm-none-eabi-gcc "D:/Documents/FreeRTOS/RTOS_Workspace/STM32H743VI/STM32H743VI_WorkSpace/Common/ThirdParty/FreeRTOS/event_groups.c" -mcpu=cortex-m7 -std=gnu11 -g3 -DDEBUG -DUSE_HAL_DRIVER -DSTM32H743xx -c -I../Core/Inc -I../Drivers/STM32H7xx_HAL_Driver/Inc -I../Drivers/STM32H7xx_HAL_Driver/Inc/Legacy -I../Drivers/CMSIS/Device/ST/STM32H7xx/Include -I../Drivers/CMSIS/Include -I"D:/Documents/FreeRTOS/RTOS_Workspace/STM32H743VI/STM32H743VI_WorkSpace/Common/ThirdParty/FreeRTOS/include" -I"D:/Documents/FreeRTOS/RTOS_Workspace/STM32H743VI/STM32H743VI_WorkSpace/Common/ThirdParty/FreeRTOS/portable/GCC/ARM_CM7" -I"D:/Documents/FreeRTOS/RTOS_Workspace/STM32H743VI/STM32H743VI_WorkSpace/Common/ThirdParty/FreeRTOS/portable/GCC/ARM_CM7/r0p1" -I"D:/Documents/FreeRTOS/RTOS_Workspace/STM32H743VI/STM32H743VI_WorkSpace/Common/ThirdParty/SEGGER/Config" -I"D:/Documents/FreeRTOS/RTOS_Workspace/STM32H743VI/STM32H743VI_WorkSpace/Common/ThirdParty/SEGGER/OS" -I"D:/Documents/FreeRTOS/RTOS_Workspace/STM32H743VI/STM32H743VI_WorkSpace/Common/ThirdParty/SEGGER/SEGGER" -I"D:/Documents/FreeRTOS/RTOS_Workspace/STM32H743VI/STM32H743VI_WorkSpace/Common/ThirdParty/SEGGER/Recorder" -O0 -ffunction-sections -fdata-sections -Wall -fstack-usage -MMD -MP -MF"Common/ThirdParty/FreeRTOS/event_groups.d" -MT"Common/ThirdParty/FreeRTOS/event_groups.o" --specs=nano.specs -mfpu=fpv5-d16 -mfloat-abi=hard -mthumb -o "Common/ThirdParty/FreeRTOS/event_groups.o"
arm-none-eabi-gcc "D:/Documents/FreeRTOS/RTOS_Workspace/STM32H743VI/STM32H743VI_WorkSpace/Common/ThirdParty/FreeRTOS/list.c" -mcpu=cortex-m7 -std=gnu11 -g3 -DDEBUG -DUSE_HAL_DRIVER -DSTM32H743xx -c -I../Core/Inc -I../Drivers/STM32H7xx_HAL_Driver/Inc -I../Drivers/STM32H7xx_HAL_Driver/Inc/Legacy -I../Drivers/CMSIS/Device/ST/STM32H7xx/Include -I../Drivers/CMSIS/Include -I"D:/Documents/FreeRTOS/RTOS_Workspace/STM32H743VI/STM32H743VI_WorkSpace/Common/ThirdParty/FreeRTOS/include" -I"D:/Documents/FreeRTOS/RTOS_Workspace/STM32H743VI/STM32H743VI_WorkSpace/Common/ThirdParty/FreeRTOS/portable/GCC/ARM_CM7" -I"D:/Documents/FreeRTOS/RTOS_Workspace/STM32H743VI/STM32H743VI_WorkSpace/Common/ThirdParty/FreeRTOS/portable/GCC/ARM_CM7/r0p1" -I"D:/Documents/FreeRTOS/RTOS_Workspace/STM32H743VI/STM32H743VI_WorkSpace/Common/ThirdParty/SEGGER/Config" -I"D:/Documents/FreeRTOS/RTOS_Workspace/STM32H743VI/STM32H743VI_WorkSpace/Common/ThirdParty/SEGGER/OS" -I"D:/Documents/FreeRTOS/RTOS_Workspace/STM32H743VI/STM32H743VI_WorkSpace/Common/ThirdParty/SEGGER/SEGGER" -I"D:/Documents/FreeRTOS/RTOS_Workspace/STM32H743VI/STM32H743VI_WorkSpace/Common/ThirdParty/SEGGER/Recorder" -O0 -ffunction-sections -fdata-sections -Wall -fstack-usage -MMD -MP -MF"Common/ThirdParty/FreeRTOS/list.d" -MT"Common/ThirdParty/FreeRTOS/list.o" --specs=nano.specs -mfpu=fpv5-d16 -mfloat-abi=hard -mthumb -o "Common/ThirdParty/FreeRTOS/list.o"
arm-none-eabi-gcc "D:/Documents/FreeRTOS/RTOS_Workspace/STM32H743VI/STM32H743VI_WorkSpace/Common/ThirdParty/FreeRTOS/queue.c" -mcpu=cortex-m7 -std=gnu11 -g3 -DDEBUG -DUSE_HAL_DRIVER -DSTM32H743xx -c -I../Core/Inc -I../Drivers/STM32H7xx_HAL_Driver/Inc -I../Drivers/STM32H7xx_HAL_Driver/Inc/Legacy -I../Drivers/CMSIS/Device/ST/STM32H7xx/Include -I../Drivers/CMSIS/Include -I"D:/Documents/FreeRTOS/RTOS_Workspace/STM32H743VI/STM32H743VI_WorkSpace/Common/ThirdParty/FreeRTOS/include" -I"D:/Documents/FreeRTOS/RTOS_Workspace/STM32H743VI/STM32H743VI_WorkSpace/Common/ThirdParty/FreeRTOS/portable/GCC/ARM_CM7" -I"D:/Documents/FreeRTOS/RTOS_Workspace/STM32H743VI/STM32H743VI_WorkSpace/Common/ThirdParty/FreeRTOS/portable/GCC/ARM_CM7/r0p1" -I"D:/Documents/FreeRTOS/RTOS_Workspace/STM32H743VI/STM32H743VI_WorkSpace/Common/ThirdParty/SEGGER/Config" -I"D:/Documents/FreeRTOS/RTOS_Workspace/STM32H743VI/STM32H743VI_WorkSpace/Common/ThirdParty/SEGGER/OS" -I"D:/Documents/FreeRTOS/RTOS_Workspace/STM32H743VI/STM32H743VI_WorkSpace/Common/ThirdParty/SEGGER/SEGGER" -I"D:/Documents/FreeRTOS/RTOS_Workspace/STM32H743VI/STM32H743VI_WorkSpace/Common/ThirdParty/SEGGER/Recorder" -O0 -ffunction-sections -fdata-sections -Wall -fstack-usage -MMD -MP -MF"Common/ThirdParty/FreeRTOS/queue.d" -MT"Common/ThirdParty/FreeRTOS/queue.o" --specs=nano.specs -mfpu=fpv5-d16 -mfloat-abi=hard -mthumb -o "Common/ThirdParty/FreeRTOS/queue.o"
arm-none-eabi-gcc "D:/Documents/FreeRTOS/RTOS_Workspace/STM32H743VI/STM32H743VI_WorkSpace/Common/ThirdParty/FreeRTOS/stream_buffer.c" -mcpu=cortex-m7 -std=gnu11 -g3 -DDEBUG -DUSE_HAL_DRIVER -DSTM32H743xx -c -I../Core/Inc -I../Drivers/STM32H7xx_HAL_Driver/Inc -I../Drivers/STM32H7xx_HAL_Driver/Inc/Legacy -I../Drivers/CMSIS/Device/ST/STM32H7xx/Include -I../Drivers/CMSIS/Include -I"D:/Documents/FreeRTOS/RTOS_Workspace/STM32H743VI/STM32H743VI_WorkSpace/Common/ThirdParty/FreeRTOS/include" -I"D:/Documents/FreeRTOS/RTOS_Workspace/STM32H743VI/STM32H743VI_WorkSpace/Common/ThirdParty/FreeRTOS/portable/GCC/ARM_CM7" -I"D:/Documents/FreeRTOS/RTOS_Workspace/STM32H743VI/STM32H743VI_WorkSpace/Common/ThirdParty/FreeRTOS/portable/GCC/ARM_CM7/r0p1" -I"D:/Documents/FreeRTOS/RTOS_Workspace/STM32H743VI/STM32H743VI_WorkSpace/Common/ThirdParty/SEGGER/Config" -I"D:/Documents/FreeRTOS/RTOS_Workspace/STM32H743VI/STM32H743VI_WorkSpace/Common/ThirdParty/SEGGER/OS" -I"D:/Documents/FreeRTOS/RTOS_Workspace/STM32H743VI/STM32H743VI_WorkSpace/Common/ThirdParty/SEGGER/SEGGER" -I"D:/Documents/FreeRTOS/RTOS_Workspace/STM32H743VI/STM32H743VI_WorkSpace/Common/ThirdParty/SEGGER/Recorder" -O0 -ffunction-sections -fdata-sections -Wall -fstack-usage -MMD -MP -MF"Common/ThirdParty/FreeRTOS/stream_buffer.d" -MT"Common/ThirdParty/FreeRTOS/stream_buffer.o" --specs=nano.specs -mfpu=fpv5-d16 -mfloat-abi=hard -mthumb -o "Common/ThirdParty/FreeRTOS/stream_buffer.o"
arm-none-eabi-gcc "D:/Documents/FreeRTOS/RTOS_Workspace/STM32H743VI/STM32H743VI_WorkSpace/Common/ThirdParty/FreeRTOS/tasks.c" -mcpu=cortex-m7 -std=gnu11 -g3 -DDEBUG -DUSE_HAL_DRIVER -DSTM32H743xx -c -I../Core/Inc -I../Drivers/STM32H7xx_HAL_Driver/Inc -I../Drivers/STM32H7xx_HAL_Driver/Inc/Legacy -I../Drivers/CMSIS/Device/ST/STM32H7xx/Include -I../Drivers/CMSIS/Include -I"D:/Documents/FreeRTOS/RTOS_Workspace/STM32H743VI/STM32H743VI_WorkSpace/Common/ThirdParty/FreeRTOS/include" -I"D:/Documents/FreeRTOS/RTOS_Workspace/STM32H743VI/STM32H743VI_WorkSpace/Common/ThirdParty/FreeRTOS/portable/GCC/ARM_CM7" -I"D:/Documents/FreeRTOS/RTOS_Workspace/STM32H743VI/STM32H743VI_WorkSpace/Common/ThirdParty/FreeRTOS/portable/GCC/ARM_CM7/r0p1" -I"D:/Documents/FreeRTOS/RTOS_Workspace/STM32H743VI/STM32H743VI_WorkSpace/Common/ThirdParty/SEGGER/Config" -I"D:/Documents/FreeRTOS/RTOS_Workspace/STM32H743VI/STM32H743VI_WorkSpace/Common/ThirdParty/SEGGER/OS" -I"D:/Documents/FreeRTOS/RTOS_Workspace/STM32H743VI/STM32H743VI_WorkSpace/Common/ThirdParty/SEGGER/SEGGER" -I"D:/Documents/FreeRTOS/RTOS_Workspace/STM32H743VI/STM32H743VI_WorkSpace/Common/ThirdParty/SEGGER/Recorder" -O0 -ffunction-sections -fdata-sections -Wall -fstack-usage -MMD -MP -MF"Common/ThirdParty/FreeRTOS/tasks.d" -MT"Common/ThirdParty/FreeRTOS/tasks.o" --specs=nano.specs -mfpu=fpv5-d16 -mfloat-abi=hard -mthumb -o "Common/ThirdParty/FreeRTOS/tasks.o"
arm-none-eabi-gcc "D:/Documents/FreeRTOS/RTOS_Workspace/STM32H743VI/STM32H743VI_WorkSpace/Common/ThirdParty/FreeRTOS/timers.c" -mcpu=cortex-m7 -std=gnu11 -g3 -DDEBUG -DUSE_HAL_DRIVER -DSTM32H743xx -c -I../Core/Inc -I../Drivers/STM32H7xx_HAL_Driver/Inc -I../Drivers/STM32H7xx_HAL_Driver/Inc/Legacy -I../Drivers/CMSIS/Device/ST/STM32H7xx/Include -I../Drivers/CMSIS/Include -I"D:/Documents/FreeRTOS/RTOS_Workspace/STM32H743VI/STM32H743VI_WorkSpace/Common/ThirdParty/FreeRTOS/include" -I"D:/Documents/FreeRTOS/RTOS_Workspace/STM32H743VI/STM32H743VI_WorkSpace/Common/ThirdParty/FreeRTOS/portable/GCC/ARM_CM7" -I"D:/Documents/FreeRTOS/RTOS_Workspace/STM32H743VI/STM32H743VI_WorkSpace/Common/ThirdParty/FreeRTOS/portable/GCC/ARM_CM7/r0p1" -I"D:/Documents/FreeRTOS/RTOS_Workspace/STM32H743VI/STM32H743VI_WorkSpace/Common/ThirdParty/SEGGER/Config" -I"D:/Documents/FreeRTOS/RTOS_Workspace/STM32H743VI/STM32H743VI_WorkSpace/Common/ThirdParty/SEGGER/OS" -I"D:/Documents/FreeRTOS/RTOS_Workspace/STM32H743VI/STM32H743VI_WorkSpace/Common/ThirdParty/SEGGER/SEGGER" -I"D:/Documents/FreeRTOS/RTOS_Workspace/STM32H743VI/STM32H743VI_WorkSpace/Common/ThirdParty/SEGGER/Recorder" -O0 -ffunction-sections -fdata-sections -Wall -fstack-usage -MMD -MP -MF"Common/ThirdParty/FreeRTOS/timers.d" -MT"Common/ThirdParty/FreeRTOS/timers.o" --specs=nano.specs -mfpu=fpv5-d16 -mfloat-abi=hard -mthumb -o "Common/ThirdParty/FreeRTOS/timers.o"
arm-none-eabi-gcc -o "FreeRTOS_3_LEDs_TaskNotify2.elf" @"objects.list"   -mcpu=cortex-m7 -T"D:\Documents\FreeRTOS\RTOS_Workspace\STM32H743VI\STM32H743VI_WorkSpace\FreeRTOS_3_LEDs_TaskNotify2\STM32H743VITX_FLASH.ld" --specs=nosys.specs -Wl,-Map="FreeRTOS_3_LEDs_TaskNotify2.map" -Wl,--gc-sections -static --specs=nano.specs -mfpu=fpv5-d16 -mfloat-abi=hard -mthumb -Wl,--start-group -lc -lm -Wl,--end-group
Finished building target: FreeRTOS_3_LEDs_TaskNotify2.elf
 
arm-none-eabi-size   FreeRTOS_3_LEDs_TaskNotify2.elf 
arm-none-eabi-objdump -h -S  FreeRTOS_3_LEDs_TaskNotify2.elf  > "FreeRTOS_3_LEDs_TaskNotify2.list"
   text	   data	    bss	    dec	    hex	filename
  37284	     40	 515576	 552900	  86fc4	FreeRTOS_3_LEDs_TaskNotify2.elf
Finished building: default.size.stdout
 
Finished building: FreeRTOS_3_LEDs_TaskNotify2.list
 

21:44:35 Build Finished. 0 errors, 0 warnings. (took 5s.629ms)

