07:23:47 **** Incremental Build of configuration Debug for project FreeRTOS_BinarySemaphore_Task ****
make -j8 all 
arm-none-eabi-gcc "../Core/Src/main.c" -mcpu=cortex-m7 -std=gnu11 -g3 -DDEBUG -DUSE_HAL_DRIVER -DSTM32H743xx -c -I../Core/Inc -I../Drivers/STM32H7xx_HAL_Driver/Inc -I../Drivers/STM32H7xx_HAL_Driver/Inc/Legacy -I../Drivers/CMSIS/Device/ST/STM32H7xx/Include -I../Drivers/CMSIS/Include -I"D:/Documents/FreeRTOS/RTOS_Workspace/STM32H743VI/STM32H743VI_WorkSpace/Common/ThirdParty/FreeRTOS" -I"D:/Documents/FreeRTOS/RTOS_Workspace/STM32H743VI/STM32H743VI_WorkSpace/Common/ThirdParty/FreeRTOS/include" -I"D:/Documents/FreeRTOS/RTOS_Workspace/STM32H743VI/STM32H743VI_WorkSpace/Common/ThirdParty/FreeRTOS/portable/GCC/ARM_CM7" -I"D:/Documents/FreeRTOS/RTOS_Workspace/STM32H743VI/STM32H743VI_WorkSpace/Common/ThirdParty/FreeRTOS/portable/GCC/ARM_CM7/r0p1" -I"D:/Documents/FreeRTOS/RTOS_Workspace/STM32H743VI/STM32H743VI_WorkSpace/Common/ThirdParty/SEGGER" -I"D:/Documents/FreeRTOS/RTOS_Workspace/STM32H743VI/STM32H743VI_WorkSpace/Common/ThirdParty/SEGGER/Config" -I"D:/Documents/FreeRTOS/RTOS_Workspace/STM32H743VI/STM32H743VI_WorkSpace/Common/ThirdParty/SEGGER/OS" -I"D:/Documents/FreeRTOS/RTOS_Workspace/STM32H743VI/STM32H743VI_WorkSpace/Common/ThirdParty/SEGGER/SEGGER" -O0 -ffunction-sections -fdata-sections -Wall -fstack-usage -MMD -MP -MF"Core/Src/main.d" -MT"Core/Src/main.o" --specs=nano.specs -mfpu=fpv5-d16 -mfloat-abi=hard -mthumb -o "Core/Src/main.o"
arm-none-eabi-gcc -o "FreeRTOS_BinarySemaphore_Task.elf" @"objects.list"   -mcpu=cortex-m7 -T"D:\Documents\FreeRTOS\RTOS_Workspace\STM32H743VI\STM32H743VI_WorkSpace\FreeRTOS_BinarySemaphore_Task\STM32H743VITX_FLASH.ld" --specs=nosys.specs -Wl,-Map="FreeRTOS_BinarySemaphore_Task.map" -Wl,--gc-sections -static --specs=nano.specs -mfpu=fpv5-d16 -mfloat-abi=hard -mthumb -Wl,--start-group -lc -lm -Wl,--end-group
Finished building target: FreeRTOS_BinarySemaphore_Task.elf
 
arm-none-eabi-size   FreeRTOS_BinarySemaphore_Task.elf 
arm-none-eabi-objdump -h -S  FreeRTOS_BinarySemaphore_Task.elf  > "FreeRTOS_BinarySemaphore_Task.list"
   text	   data	    bss	    dec	    hex	filename
  57528	    140	 522124	 579792	  8d8d0	FreeRTOS_BinarySemaphore_Task.elf
Finished building: default.size.stdout
 
Finished building: FreeRTOS_BinarySemaphore_Task.list
 

07:23:48 Build Finished. 0 errors, 0 warnings. (took 1s.268ms)

