20:35:15 **** Build of configuration Debug for project FreeRTOS_3_LEDs_TaskDelayUntil ****
make -j8 all 
arm-none-eabi-gcc "../Drivers/STM32H7xx_HAL_Driver/Src/stm32h7xx_hal.c" -mcpu=cortex-m7 -std=gnu11 -g3 -DDEBUG -DUSE_HAL_DRIVER -DSTM32H743xx -c -I../Core/Inc -I../Drivers/STM32H7xx_HAL_Driver/Inc -I../Drivers/STM32H7xx_HAL_Driver/Inc/Legacy -I../Drivers/CMSIS/Device/ST/STM32H7xx/Include -I../Drivers/CMSIS/Include -I"G:/My Drive/Transfer/Proj/FreeRTOS/RTOS_Workspace/STM32H743VI/Common/ThirdParty/FreeRTOS/include" -I"G:/My Drive/Transfer/Proj/FreeRTOS/RTOS_Workspace/STM32H743VI/Common/ThirdParty/FreeRTOS/portable/GCC/ARM_CM7" -I"G:/My Drive/Transfer/Proj/FreeRTOS/RTOS_Workspace/STM32H743VI/Common/ThirdParty/FreeRTOS/portable/GCC/ARM_CM7/r0p1" -I"G:/My Drive/Transfer/Proj/FreeRTOS/RTOS_Workspace/STM32H743VI/Common/ThirdParty/SEGGER/Config" -I"G:/My Drive/Transfer/Proj/FreeRTOS/RTOS_Workspace/STM32H743VI/Common/ThirdParty/SEGGER/OS" -I"G:/My Drive/Transfer/Proj/FreeRTOS/RTOS_Workspace/STM32H743VI/Common/ThirdParty/SEGGER/SEGGER" -I"G:/My Drive/Transfer/Proj/FreeRTOS/RTOS_Workspace/STM32H743VI/Common/ThirdParty/SEGGER/Recorder" -O0 -ffunction-sections -fdata-sections -Wall -fstack-usage -MMD -MP -MF"Drivers/STM32H7xx_HAL_Driver/Src/stm32h7xx_hal.d" -MT"Drivers/STM32H7xx_HAL_Driver/Src/stm32h7xx_hal.o" --specs=nano.specs -mfpu=fpv5-d16 -mfloat-abi=hard -mthumb -o "Drivers/STM32H7xx_HAL_Driver/Src/stm32h7xx_hal.o"
arm-none-eabi-gcc "../Drivers/STM32H7xx_HAL_Driver/Src/stm32h7xx_hal_cortex.c" -mcpu=cortex-m7 -std=gnu11 -g3 -DDEBUG -DUSE_HAL_DRIVER -DSTM32H743xx -c -I../Core/Inc -I../Drivers/STM32H7xx_HAL_Driver/Inc -I../Drivers/STM32H7xx_HAL_Driver/Inc/Legacy -I../Drivers/CMSIS/Device/ST/STM32H7xx/Include -I../Drivers/CMSIS/Include -I"G:/My Drive/Transfer/Proj/FreeRTOS/RTOS_Workspace/STM32H743VI/Common/ThirdParty/FreeRTOS/include" -I"G:/My Drive/Transfer/Proj/FreeRTOS/RTOS_Workspace/STM32H743VI/Common/ThirdParty/FreeRTOS/portable/GCC/ARM_CM7" -I"G:/My Drive/Transfer/Proj/FreeRTOS/RTOS_Workspace/STM32H743VI/Common/ThirdParty/FreeRTOS/portable/GCC/ARM_CM7/r0p1" -I"G:/My Drive/Transfer/Proj/FreeRTOS/RTOS_Workspace/STM32H743VI/Common/ThirdParty/SEGGER/Config" -I"G:/My Drive/Transfer/Proj/FreeRTOS/RTOS_Workspace/STM32H743VI/Common/ThirdParty/SEGGER/OS" -I"G:/My Drive/Transfer/Proj/FreeRTOS/RTOS_Workspace/STM32H743VI/Common/ThirdParty/SEGGER/SEGGER" -I"G:/My Drive/Transfer/Proj/FreeRTOS/RTOS_Workspace/STM32H743VI/Common/ThirdParty/SEGGER/Recorder" -O0 -ffunction-sections -fdata-sections -Wall -fstack-usage -MMD -MP -MF"Drivers/STM32H7xx_HAL_Driver/Src/stm32h7xx_hal_cortex.d" -MT"Drivers/STM32H7xx_HAL_Driver/Src/stm32h7xx_hal_cortex.o" --specs=nano.specs -mfpu=fpv5-d16 -mfloat-abi=hard -mthumb -o "Drivers/STM32H7xx_HAL_Driver/Src/stm32h7xx_hal_cortex.o"
arm-none-eabi-gcc "../Drivers/STM32H7xx_HAL_Driver/Src/stm32h7xx_hal_dma.c" -mcpu=cortex-m7 -std=gnu11 -g3 -DDEBUG -DUSE_HAL_DRIVER -DSTM32H743xx -c -I../Core/Inc -I../Drivers/STM32H7xx_HAL_Driver/Inc -I../Drivers/STM32H7xx_HAL_Driver/Inc/Legacy -I../Drivers/CMSIS/Device/ST/STM32H7xx/Include -I../Drivers/CMSIS/Include -I"G:/My Drive/Transfer/Proj/FreeRTOS/RTOS_Workspace/STM32H743VI/Common/ThirdParty/FreeRTOS/include" -I"G:/My Drive/Transfer/Proj/FreeRTOS/RTOS_Workspace/STM32H743VI/Common/ThirdParty/FreeRTOS/portable/GCC/ARM_CM7" -I"G:/My Drive/Transfer/Proj/FreeRTOS/RTOS_Workspace/STM32H743VI/Common/ThirdParty/FreeRTOS/portable/GCC/ARM_CM7/r0p1" -I"G:/My Drive/Transfer/Proj/FreeRTOS/RTOS_Workspace/STM32H743VI/Common/ThirdParty/SEGGER/Config" -I"G:/My Drive/Transfer/Proj/FreeRTOS/RTOS_Workspace/STM32H743VI/Common/ThirdParty/SEGGER/OS" -I"G:/My Drive/Transfer/Proj/FreeRTOS/RTOS_Workspace/STM32H743VI/Common/ThirdParty/SEGGER/SEGGER" -I"G:/My Drive/Transfer/Proj/FreeRTOS/RTOS_Workspace/STM32H743VI/Common/ThirdParty/SEGGER/Recorder" -O0 -ffunction-sections -fdata-sections -Wall -fstack-usage -MMD -MP -MF"Drivers/STM32H7xx_HAL_Driver/Src/stm32h7xx_hal_dma.d" -MT"Drivers/STM32H7xx_HAL_Driver/Src/stm32h7xx_hal_dma.o" --specs=nano.specs -mfpu=fpv5-d16 -mfloat-abi=hard -mthumb -o "Drivers/STM32H7xx_HAL_Driver/Src/stm32h7xx_hal_dma.o"
arm-none-eabi-gcc "../Drivers/STM32H7xx_HAL_Driver/Src/stm32h7xx_hal_dma_ex.c" -mcpu=cortex-m7 -std=gnu11 -g3 -DDEBUG -DUSE_HAL_DRIVER -DSTM32H743xx -c -I../Core/Inc -I../Drivers/STM32H7xx_HAL_Driver/Inc -I../Drivers/STM32H7xx_HAL_Driver/Inc/Legacy -I../Drivers/CMSIS/Device/ST/STM32H7xx/Include -I../Drivers/CMSIS/Include -I"G:/My Drive/Transfer/Proj/FreeRTOS/RTOS_Workspace/STM32H743VI/Common/ThirdParty/FreeRTOS/include" -I"G:/My Drive/Transfer/Proj/FreeRTOS/RTOS_Workspace/STM32H743VI/Common/ThirdParty/FreeRTOS/portable/GCC/ARM_CM7" -I"G:/My Drive/Transfer/Proj/FreeRTOS/RTOS_Workspace/STM32H743VI/Common/ThirdParty/FreeRTOS/portable/GCC/ARM_CM7/r0p1" -I"G:/My Drive/Transfer/Proj/FreeRTOS/RTOS_Workspace/STM32H743VI/Common/ThirdParty/SEGGER/Config" -I"G:/My Drive/Transfer/Proj/FreeRTOS/RTOS_Workspace/STM32H743VI/Common/ThirdParty/SEGGER/OS" -I"G:/My Drive/Transfer/Proj/FreeRTOS/RTOS_Workspace/STM32H743VI/Common/ThirdParty/SEGGER/SEGGER" -I"G:/My Drive/Transfer/Proj/FreeRTOS/RTOS_Workspace/STM32H743VI/Common/ThirdParty/SEGGER/Recorder" -O0 -ffunction-sections -fdata-sections -Wall -fstack-usage -MMD -MP -MF"Drivers/STM32H7xx_HAL_Driver/Src/stm32h7xx_hal_dma_ex.d" -MT"Drivers/STM32H7xx_HAL_Driver/Src/stm32h7xx_hal_dma_ex.o" --specs=nano.specs -mfpu=fpv5-d16 -mfloat-abi=hard -mthumb -o "Drivers/STM32H7xx_HAL_Driver/Src/stm32h7xx_hal_dma_ex.o"
arm-none-eabi-gcc "../Drivers/STM32H7xx_HAL_Driver/Src/stm32h7xx_hal_exti.c" -mcpu=cortex-m7 -std=gnu11 -g3 -DDEBUG -DUSE_HAL_DRIVER -DSTM32H743xx -c -I../Core/Inc -I../Drivers/STM32H7xx_HAL_Driver/Inc -I../Drivers/STM32H7xx_HAL_Driver/Inc/Legacy -I../Drivers/CMSIS/Device/ST/STM32H7xx/Include -I../Drivers/CMSIS/Include -I"G:/My Drive/Transfer/Proj/FreeRTOS/RTOS_Workspace/STM32H743VI/Common/ThirdParty/FreeRTOS/include" -I"G:/My Drive/Transfer/Proj/FreeRTOS/RTOS_Workspace/STM32H743VI/Common/ThirdParty/FreeRTOS/portable/GCC/ARM_CM7" -I"G:/My Drive/Transfer/Proj/FreeRTOS/RTOS_Workspace/STM32H743VI/Common/ThirdParty/FreeRTOS/portable/GCC/ARM_CM7/r0p1" -I"G:/My Drive/Transfer/Proj/FreeRTOS/RTOS_Workspace/STM32H743VI/Common/ThirdParty/SEGGER/Config" -I"G:/My Drive/Transfer/Proj/FreeRTOS/RTOS_Workspace/STM32H743VI/Common/ThirdParty/SEGGER/OS" -I"G:/My Drive/Transfer/Proj/FreeRTOS/RTOS_Workspace/STM32H743VI/Common/ThirdParty/SEGGER/SEGGER" -I"G:/My Drive/Transfer/Proj/FreeRTOS/RTOS_Workspace/STM32H743VI/Common/ThirdParty/SEGGER/Recorder" -O0 -ffunction-sections -fdata-sections -Wall -fstack-usage -MMD -MP -MF"Drivers/STM32H7xx_HAL_Driver/Src/stm32h7xx_hal_exti.d" -MT"Drivers/STM32H7xx_HAL_Driver/Src/stm32h7xx_hal_exti.o" --specs=nano.specs -mfpu=fpv5-d16 -mfloat-abi=hard -mthumb -o "Drivers/STM32H7xx_HAL_Driver/Src/stm32h7xx_hal_exti.o"
arm-none-eabi-gcc "../Drivers/STM32H7xx_HAL_Driver/Src/stm32h7xx_hal_fdcan.c" -mcpu=cortex-m7 -std=gnu11 -g3 -DDEBUG -DUSE_HAL_DRIVER -DSTM32H743xx -c -I../Core/Inc -I../Drivers/STM32H7xx_HAL_Driver/Inc -I../Drivers/STM32H7xx_HAL_Driver/Inc/Legacy -I../Drivers/CMSIS/Device/ST/STM32H7xx/Include -I../Drivers/CMSIS/Include -I"G:/My Drive/Transfer/Proj/FreeRTOS/RTOS_Workspace/STM32H743VI/Common/ThirdParty/FreeRTOS/include" -I"G:/My Drive/Transfer/Proj/FreeRTOS/RTOS_Workspace/STM32H743VI/Common/ThirdParty/FreeRTOS/portable/GCC/ARM_CM7" -I"G:/My Drive/Transfer/Proj/FreeRTOS/RTOS_Workspace/STM32H743VI/Common/ThirdParty/FreeRTOS/portable/GCC/ARM_CM7/r0p1" -I"G:/My Drive/Transfer/Proj/FreeRTOS/RTOS_Workspace/STM32H743VI/Common/ThirdParty/SEGGER/Config" -I"G:/My Drive/Transfer/Proj/FreeRTOS/RTOS_Workspace/STM32H743VI/Common/ThirdParty/SEGGER/OS" -I"G:/My Drive/Transfer/Proj/FreeRTOS/RTOS_Workspace/STM32H743VI/Common/ThirdParty/SEGGER/SEGGER" -I"G:/My Drive/Transfer/Proj/FreeRTOS/RTOS_Workspace/STM32H743VI/Common/ThirdParty/SEGGER/Recorder" -O0 -ffunction-sections -fdata-sections -Wall -fstack-usage -MMD -MP -MF"Drivers/STM32H7xx_HAL_Driver/Src/stm32h7xx_hal_fdcan.d" -MT"Drivers/STM32H7xx_HAL_Driver/Src/stm32h7xx_hal_fdcan.o" --specs=nano.specs -mfpu=fpv5-d16 -mfloat-abi=hard -mthumb -o "Drivers/STM32H7xx_HAL_Driver/Src/stm32h7xx_hal_fdcan.o"
arm-none-eabi-gcc "../Drivers/STM32H7xx_HAL_Driver/Src/stm32h7xx_hal_flash.c" -mcpu=cortex-m7 -std=gnu11 -g3 -DDEBUG -DUSE_HAL_DRIVER -DSTM32H743xx -c -I../Core/Inc -I../Drivers/STM32H7xx_HAL_Driver/Inc -I../Drivers/STM32H7xx_HAL_Driver/Inc/Legacy -I../Drivers/CMSIS/Device/ST/STM32H7xx/Include -I../Drivers/CMSIS/Include -I"G:/My Drive/Transfer/Proj/FreeRTOS/RTOS_Workspace/STM32H743VI/Common/ThirdParty/FreeRTOS/include" -I"G:/My Drive/Transfer/Proj/FreeRTOS/RTOS_Workspace/STM32H743VI/Common/ThirdParty/FreeRTOS/portable/GCC/ARM_CM7" -I"G:/My Drive/Transfer/Proj/FreeRTOS/RTOS_Workspace/STM32H743VI/Common/ThirdParty/FreeRTOS/portable/GCC/ARM_CM7/r0p1" -I"G:/My Drive/Transfer/Proj/FreeRTOS/RTOS_Workspace/STM32H743VI/Common/ThirdParty/SEGGER/Config" -I"G:/My Drive/Transfer/Proj/FreeRTOS/RTOS_Workspace/STM32H743VI/Common/ThirdParty/SEGGER/OS" -I"G:/My Drive/Transfer/Proj/FreeRTOS/RTOS_Workspace/STM32H743VI/Common/ThirdParty/SEGGER/SEGGER" -I"G:/My Drive/Transfer/Proj/FreeRTOS/RTOS_Workspace/STM32H743VI/Common/ThirdParty/SEGGER/Recorder" -O0 -ffunction-sections -fdata-sections -Wall -fstack-usage -MMD -MP -MF"Drivers/STM32H7xx_HAL_Driver/Src/stm32h7xx_hal_flash.d" -MT"Drivers/STM32H7xx_HAL_Driver/Src/stm32h7xx_hal_flash.o" --specs=nano.specs -mfpu=fpv5-d16 -mfloat-abi=hard -mthumb -o "Drivers/STM32H7xx_HAL_Driver/Src/stm32h7xx_hal_flash.o"
arm-none-eabi-gcc "../Drivers/STM32H7xx_HAL_Driver/Src/stm32h7xx_hal_flash_ex.c" -mcpu=cortex-m7 -std=gnu11 -g3 -DDEBUG -DUSE_HAL_DRIVER -DSTM32H743xx -c -I../Core/Inc -I../Drivers/STM32H7xx_HAL_Driver/Inc -I../Drivers/STM32H7xx_HAL_Driver/Inc/Legacy -I../Drivers/CMSIS/Device/ST/STM32H7xx/Include -I../Drivers/CMSIS/Include -I"G:/My Drive/Transfer/Proj/FreeRTOS/RTOS_Workspace/STM32H743VI/Common/ThirdParty/FreeRTOS/include" -I"G:/My Drive/Transfer/Proj/FreeRTOS/RTOS_Workspace/STM32H743VI/Common/ThirdParty/FreeRTOS/portable/GCC/ARM_CM7" -I"G:/My Drive/Transfer/Proj/FreeRTOS/RTOS_Workspace/STM32H743VI/Common/ThirdParty/FreeRTOS/portable/GCC/ARM_CM7/r0p1" -I"G:/My Drive/Transfer/Proj/FreeRTOS/RTOS_Workspace/STM32H743VI/Common/ThirdParty/SEGGER/Config" -I"G:/My Drive/Transfer/Proj/FreeRTOS/RTOS_Workspace/STM32H743VI/Common/ThirdParty/SEGGER/OS" -I"G:/My Drive/Transfer/Proj/FreeRTOS/RTOS_Workspace/STM32H743VI/Common/ThirdParty/SEGGER/SEGGER" -I"G:/My Drive/Transfer/Proj/FreeRTOS/RTOS_Workspace/STM32H743VI/Common/ThirdParty/SEGGER/Recorder" -O0 -ffunction-sections -fdata-sections -Wall -fstack-usage -MMD -MP -MF"Drivers/STM32H7xx_HAL_Driver/Src/stm32h7xx_hal_flash_ex.d" -MT"Drivers/STM32H7xx_HAL_Driver/Src/stm32h7xx_hal_flash_ex.o" --specs=nano.specs -mfpu=fpv5-d16 -mfloat-abi=hard -mthumb -o "Drivers/STM32H7xx_HAL_Driver/Src/stm32h7xx_hal_flash_ex.o"
arm-none-eabi-gcc "../Drivers/STM32H7xx_HAL_Driver/Src/stm32h7xx_hal_gpio.c" -mcpu=cortex-m7 -std=gnu11 -g3 -DDEBUG -DUSE_HAL_DRIVER -DSTM32H743xx -c -I../Core/Inc -I../Drivers/STM32H7xx_HAL_Driver/Inc -I../Drivers/STM32H7xx_HAL_Driver/Inc/Legacy -I../Drivers/CMSIS/Device/ST/STM32H7xx/Include -I../Drivers/CMSIS/Include -I"G:/My Drive/Transfer/Proj/FreeRTOS/RTOS_Workspace/STM32H743VI/Common/ThirdParty/FreeRTOS/include" -I"G:/My Drive/Transfer/Proj/FreeRTOS/RTOS_Workspace/STM32H743VI/Common/ThirdParty/FreeRTOS/portable/GCC/ARM_CM7" -I"G:/My Drive/Transfer/Proj/FreeRTOS/RTOS_Workspace/STM32H743VI/Common/ThirdParty/FreeRTOS/portable/GCC/ARM_CM7/r0p1" -I"G:/My Drive/Transfer/Proj/FreeRTOS/RTOS_Workspace/STM32H743VI/Common/ThirdParty/SEGGER/Config" -I"G:/My Drive/Transfer/Proj/FreeRTOS/RTOS_Workspace/STM32H743VI/Common/ThirdParty/SEGGER/OS" -I"G:/My Drive/Transfer/Proj/FreeRTOS/RTOS_Workspace/STM32H743VI/Common/ThirdParty/SEGGER/SEGGER" -I"G:/My Drive/Transfer/Proj/FreeRTOS/RTOS_Workspace/STM32H743VI/Common/ThirdParty/SEGGER/Recorder" -O0 -ffunction-sections -fdata-sections -Wall -fstack-usage -MMD -MP -MF"Drivers/STM32H7xx_HAL_Driver/Src/stm32h7xx_hal_gpio.d" -MT"Drivers/STM32H7xx_HAL_Driver/Src/stm32h7xx_hal_gpio.o" --specs=nano.specs -mfpu=fpv5-d16 -mfloat-abi=hard -mthumb -o "Drivers/STM32H7xx_HAL_Driver/Src/stm32h7xx_hal_gpio.o"
arm-none-eabi-gcc "../Drivers/STM32H7xx_HAL_Driver/Src/stm32h7xx_hal_hcd.c" -mcpu=cortex-m7 -std=gnu11 -g3 -DDEBUG -DUSE_HAL_DRIVER -DSTM32H743xx -c -I../Core/Inc -I../Drivers/STM32H7xx_HAL_Driver/Inc -I../Drivers/STM32H7xx_HAL_Driver/Inc/Legacy -I../Drivers/CMSIS/Device/ST/STM32H7xx/Include -I../Drivers/CMSIS/Include -I"G:/My Drive/Transfer/Proj/FreeRTOS/RTOS_Workspace/STM32H743VI/Common/ThirdParty/FreeRTOS/include" -I"G:/My Drive/Transfer/Proj/FreeRTOS/RTOS_Workspace/STM32H743VI/Common/ThirdParty/FreeRTOS/portable/GCC/ARM_CM7" -I"G:/My Drive/Transfer/Proj/FreeRTOS/RTOS_Workspace/STM32H743VI/Common/ThirdParty/FreeRTOS/portable/GCC/ARM_CM7/r0p1" -I"G:/My Drive/Transfer/Proj/FreeRTOS/RTOS_Workspace/STM32H743VI/Common/ThirdParty/SEGGER/Config" -I"G:/My Drive/Transfer/Proj/FreeRTOS/RTOS_Workspace/STM32H743VI/Common/ThirdParty/SEGGER/OS" -I"G:/My Drive/Transfer/Proj/FreeRTOS/RTOS_Workspace/STM32H743VI/Common/ThirdParty/SEGGER/SEGGER" -I"G:/My Drive/Transfer/Proj/FreeRTOS/RTOS_Workspace/STM32H743VI/Common/ThirdParty/SEGGER/Recorder" -O0 -ffunction-sections -fdata-sections -Wall -fstack-usage -MMD -MP -MF"Drivers/STM32H7xx_HAL_Driver/Src/stm32h7xx_hal_hcd.d" -MT"Drivers/STM32H7xx_HAL_Driver/Src/stm32h7xx_hal_hcd.o" --specs=nano.specs -mfpu=fpv5-d16 -mfloat-abi=hard -mthumb -o "Drivers/STM32H7xx_HAL_Driver/Src/stm32h7xx_hal_hcd.o"
arm-none-eabi-gcc "../Drivers/STM32H7xx_HAL_Driver/Src/stm32h7xx_hal_hsem.c" -mcpu=cortex-m7 -std=gnu11 -g3 -DDEBUG -DUSE_HAL_DRIVER -DSTM32H743xx -c -I../Core/Inc -I../Drivers/STM32H7xx_HAL_Driver/Inc -I../Drivers/STM32H7xx_HAL_Driver/Inc/Legacy -I../Drivers/CMSIS/Device/ST/STM32H7xx/Include -I../Drivers/CMSIS/Include -I"G:/My Drive/Transfer/Proj/FreeRTOS/RTOS_Workspace/STM32H743VI/Common/ThirdParty/FreeRTOS/include" -I"G:/My Drive/Transfer/Proj/FreeRTOS/RTOS_Workspace/STM32H743VI/Common/ThirdParty/FreeRTOS/portable/GCC/ARM_CM7" -I"G:/My Drive/Transfer/Proj/FreeRTOS/RTOS_Workspace/STM32H743VI/Common/ThirdParty/FreeRTOS/portable/GCC/ARM_CM7/r0p1" -I"G:/My Drive/Transfer/Proj/FreeRTOS/RTOS_Workspace/STM32H743VI/Common/ThirdParty/SEGGER/Config" -I"G:/My Drive/Transfer/Proj/FreeRTOS/RTOS_Workspace/STM32H743VI/Common/ThirdParty/SEGGER/OS" -I"G:/My Drive/Transfer/Proj/FreeRTOS/RTOS_Workspace/STM32H743VI/Common/ThirdParty/SEGGER/SEGGER" -I"G:/My Drive/Transfer/Proj/FreeRTOS/RTOS_Workspace/STM32H743VI/Common/ThirdParty/SEGGER/Recorder" -O0 -ffunction-sections -fdata-sections -Wall -fstack-usage -MMD -MP -MF"Drivers/STM32H7xx_HAL_Driver/Src/stm32h7xx_hal_hsem.d" -MT"Drivers/STM32H7xx_HAL_Driver/Src/stm32h7xx_hal_hsem.o" --specs=nano.specs -mfpu=fpv5-d16 -mfloat-abi=hard -mthumb -o "Drivers/STM32H7xx_HAL_Driver/Src/stm32h7xx_hal_hsem.o"
arm-none-eabi-gcc "../Drivers/STM32H7xx_HAL_Driver/Src/stm32h7xx_hal_i2c.c" -mcpu=cortex-m7 -std=gnu11 -g3 -DDEBUG -DUSE_HAL_DRIVER -DSTM32H743xx -c -I../Core/Inc -I../Drivers/STM32H7xx_HAL_Driver/Inc -I../Drivers/STM32H7xx_HAL_Driver/Inc/Legacy -I../Drivers/CMSIS/Device/ST/STM32H7xx/Include -I../Drivers/CMSIS/Include -I"G:/My Drive/Transfer/Proj/FreeRTOS/RTOS_Workspace/STM32H743VI/Common/ThirdParty/FreeRTOS/include" -I"G:/My Drive/Transfer/Proj/FreeRTOS/RTOS_Workspace/STM32H743VI/Common/ThirdParty/FreeRTOS/portable/GCC/ARM_CM7" -I"G:/My Drive/Transfer/Proj/FreeRTOS/RTOS_Workspace/STM32H743VI/Common/ThirdParty/FreeRTOS/portable/GCC/ARM_CM7/r0p1" -I"G:/My Drive/Transfer/Proj/FreeRTOS/RTOS_Workspace/STM32H743VI/Common/ThirdParty/SEGGER/Config" -I"G:/My Drive/Transfer/Proj/FreeRTOS/RTOS_Workspace/STM32H743VI/Common/ThirdParty/SEGGER/OS" -I"G:/My Drive/Transfer/Proj/FreeRTOS/RTOS_Workspace/STM32H743VI/Common/ThirdParty/SEGGER/SEGGER" -I"G:/My Drive/Transfer/Proj/FreeRTOS/RTOS_Workspace/STM32H743VI/Common/ThirdParty/SEGGER/Recorder" -O0 -ffunction-sections -fdata-sections -Wall -fstack-usage -MMD -MP -MF"Drivers/STM32H7xx_HAL_Driver/Src/stm32h7xx_hal_i2c.d" -MT"Drivers/STM32H7xx_HAL_Driver/Src/stm32h7xx_hal_i2c.o" --specs=nano.specs -mfpu=fpv5-d16 -mfloat-abi=hard -mthumb -o "Drivers/STM32H7xx_HAL_Driver/Src/stm32h7xx_hal_i2c.o"
arm-none-eabi-gcc "../Drivers/STM32H7xx_HAL_Driver/Src/stm32h7xx_hal_i2c_ex.c" -mcpu=cortex-m7 -std=gnu11 -g3 -DDEBUG -DUSE_HAL_DRIVER -DSTM32H743xx -c -I../Core/Inc -I../Drivers/STM32H7xx_HAL_Driver/Inc -I../Drivers/STM32H7xx_HAL_Driver/Inc/Legacy -I../Drivers/CMSIS/Device/ST/STM32H7xx/Include -I../Drivers/CMSIS/Include -I"G:/My Drive/Transfer/Proj/FreeRTOS/RTOS_Workspace/STM32H743VI/Common/ThirdParty/FreeRTOS/include" -I"G:/My Drive/Transfer/Proj/FreeRTOS/RTOS_Workspace/STM32H743VI/Common/ThirdParty/FreeRTOS/portable/GCC/ARM_CM7" -I"G:/My Drive/Transfer/Proj/FreeRTOS/RTOS_Workspace/STM32H743VI/Common/ThirdParty/FreeRTOS/portable/GCC/ARM_CM7/r0p1" -I"G:/My Drive/Transfer/Proj/FreeRTOS/RTOS_Workspace/STM32H743VI/Common/ThirdParty/SEGGER/Config" -I"G:/My Drive/Transfer/Proj/FreeRTOS/RTOS_Workspace/STM32H743VI/Common/ThirdParty/SEGGER/OS" -I"G:/My Drive/Transfer/Proj/FreeRTOS/RTOS_Workspace/STM32H743VI/Common/ThirdParty/SEGGER/SEGGER" -I"G:/My Drive/Transfer/Proj/FreeRTOS/RTOS_Workspace/STM32H743VI/Common/ThirdParty/SEGGER/Recorder" -O0 -ffunction-sections -fdata-sections -Wall -fstack-usage -MMD -MP -MF"Drivers/STM32H7xx_HAL_Driver/Src/stm32h7xx_hal_i2c_ex.d" -MT"Drivers/STM32H7xx_HAL_Driver/Src/stm32h7xx_hal_i2c_ex.o" --specs=nano.specs -mfpu=fpv5-d16 -mfloat-abi=hard -mthumb -o "Drivers/STM32H7xx_HAL_Driver/Src/stm32h7xx_hal_i2c_ex.o"
arm-none-eabi-gcc "../Drivers/STM32H7xx_HAL_Driver/Src/stm32h7xx_hal_mdma.c" -mcpu=cortex-m7 -std=gnu11 -g3 -DDEBUG -DUSE_HAL_DRIVER -DSTM32H743xx -c -I../Core/Inc -I../Drivers/STM32H7xx_HAL_Driver/Inc -I../Drivers/STM32H7xx_HAL_Driver/Inc/Legacy -I../Drivers/CMSIS/Device/ST/STM32H7xx/Include -I../Drivers/CMSIS/Include -I"G:/My Drive/Transfer/Proj/FreeRTOS/RTOS_Workspace/STM32H743VI/Common/ThirdParty/FreeRTOS/include" -I"G:/My Drive/Transfer/Proj/FreeRTOS/RTOS_Workspace/STM32H743VI/Common/ThirdParty/FreeRTOS/portable/GCC/ARM_CM7" -I"G:/My Drive/Transfer/Proj/FreeRTOS/RTOS_Workspace/STM32H743VI/Common/ThirdParty/FreeRTOS/portable/GCC/ARM_CM7/r0p1" -I"G:/My Drive/Transfer/Proj/FreeRTOS/RTOS_Workspace/STM32H743VI/Common/ThirdParty/SEGGER/Config" -I"G:/My Drive/Transfer/Proj/FreeRTOS/RTOS_Workspace/STM32H743VI/Common/ThirdParty/SEGGER/OS" -I"G:/My Drive/Transfer/Proj/FreeRTOS/RTOS_Workspace/STM32H743VI/Common/ThirdParty/SEGGER/SEGGER" -I"G:/My Drive/Transfer/Proj/FreeRTOS/RTOS_Workspace/STM32H743VI/Common/ThirdParty/SEGGER/Recorder" -O0 -ffunction-sections -fdata-sections -Wall -fstack-usage -MMD -MP -MF"Drivers/STM32H7xx_HAL_Driver/Src/stm32h7xx_hal_mdma.d" -MT"Drivers/STM32H7xx_HAL_Driver/Src/stm32h7xx_hal_mdma.o" --specs=nano.specs -mfpu=fpv5-d16 -mfloat-abi=hard -mthumb -o "Drivers/STM32H7xx_HAL_Driver/Src/stm32h7xx_hal_mdma.o"
arm-none-eabi-gcc "../Drivers/STM32H7xx_HAL_Driver/Src/stm32h7xx_hal_pwr.c" -mcpu=cortex-m7 -std=gnu11 -g3 -DDEBUG -DUSE_HAL_DRIVER -DSTM32H743xx -c -I../Core/Inc -I../Drivers/STM32H7xx_HAL_Driver/Inc -I../Drivers/STM32H7xx_HAL_Driver/Inc/Legacy -I../Drivers/CMSIS/Device/ST/STM32H7xx/Include -I../Drivers/CMSIS/Include -I"G:/My Drive/Transfer/Proj/FreeRTOS/RTOS_Workspace/STM32H743VI/Common/ThirdParty/FreeRTOS/include" -I"G:/My Drive/Transfer/Proj/FreeRTOS/RTOS_Workspace/STM32H743VI/Common/ThirdParty/FreeRTOS/portable/GCC/ARM_CM7" -I"G:/My Drive/Transfer/Proj/FreeRTOS/RTOS_Workspace/STM32H743VI/Common/ThirdParty/FreeRTOS/portable/GCC/ARM_CM7/r0p1" -I"G:/My Drive/Transfer/Proj/FreeRTOS/RTOS_Workspace/STM32H743VI/Common/ThirdParty/SEGGER/Config" -I"G:/My Drive/Transfer/Proj/FreeRTOS/RTOS_Workspace/STM32H743VI/Common/ThirdParty/SEGGER/OS" -I"G:/My Drive/Transfer/Proj/FreeRTOS/RTOS_Workspace/STM32H743VI/Common/ThirdParty/SEGGER/SEGGER" -I"G:/My Drive/Transfer/Proj/FreeRTOS/RTOS_Workspace/STM32H743VI/Common/ThirdParty/SEGGER/Recorder" -O0 -ffunction-sections -fdata-sections -Wall -fstack-usage -MMD -MP -MF"Drivers/STM32H7xx_HAL_Driver/Src/stm32h7xx_hal_pwr.d" -MT"Drivers/STM32H7xx_HAL_Driver/Src/stm32h7xx_hal_pwr.o" --specs=nano.specs -mfpu=fpv5-d16 -mfloat-abi=hard -mthumb -o "Drivers/STM32H7xx_HAL_Driver/Src/stm32h7xx_hal_pwr.o"
arm-none-eabi-gcc "../Drivers/STM32H7xx_HAL_Driver/Src/stm32h7xx_hal_pwr_ex.c" -mcpu=cortex-m7 -std=gnu11 -g3 -DDEBUG -DUSE_HAL_DRIVER -DSTM32H743xx -c -I../Core/Inc -I../Drivers/STM32H7xx_HAL_Driver/Inc -I../Drivers/STM32H7xx_HAL_Driver/Inc/Legacy -I../Drivers/CMSIS/Device/ST/STM32H7xx/Include -I../Drivers/CMSIS/Include -I"G:/My Drive/Transfer/Proj/FreeRTOS/RTOS_Workspace/STM32H743VI/Common/ThirdParty/FreeRTOS/include" -I"G:/My Drive/Transfer/Proj/FreeRTOS/RTOS_Workspace/STM32H743VI/Common/ThirdParty/FreeRTOS/portable/GCC/ARM_CM7" -I"G:/My Drive/Transfer/Proj/FreeRTOS/RTOS_Workspace/STM32H743VI/Common/ThirdParty/FreeRTOS/portable/GCC/ARM_CM7/r0p1" -I"G:/My Drive/Transfer/Proj/FreeRTOS/RTOS_Workspace/STM32H743VI/Common/ThirdParty/SEGGER/Config" -I"G:/My Drive/Transfer/Proj/FreeRTOS/RTOS_Workspace/STM32H743VI/Common/ThirdParty/SEGGER/OS" -I"G:/My Drive/Transfer/Proj/FreeRTOS/RTOS_Workspace/STM32H743VI/Common/ThirdParty/SEGGER/SEGGER" -I"G:/My Drive/Transfer/Proj/FreeRTOS/RTOS_Workspace/STM32H743VI/Common/ThirdParty/SEGGER/Recorder" -O0 -ffunction-sections -fdata-sections -Wall -fstack-usage -MMD -MP -MF"Drivers/STM32H7xx_HAL_Driver/Src/stm32h7xx_hal_pwr_ex.d" -MT"Drivers/STM32H7xx_HAL_Driver/Src/stm32h7xx_hal_pwr_ex.o" --specs=nano.specs -mfpu=fpv5-d16 -mfloat-abi=hard -mthumb -o "Drivers/STM32H7xx_HAL_Driver/Src/stm32h7xx_hal_pwr_ex.o"
arm-none-eabi-gcc "../Drivers/STM32H7xx_HAL_Driver/Src/stm32h7xx_hal_rcc.c" -mcpu=cortex-m7 -std=gnu11 -g3 -DDEBUG -DUSE_HAL_DRIVER -DSTM32H743xx -c -I../Core/Inc -I../Drivers/STM32H7xx_HAL_Driver/Inc -I../Drivers/STM32H7xx_HAL_Driver/Inc/Legacy -I../Drivers/CMSIS/Device/ST/STM32H7xx/Include -I../Drivers/CMSIS/Include -I"G:/My Drive/Transfer/Proj/FreeRTOS/RTOS_Workspace/STM32H743VI/Common/ThirdParty/FreeRTOS/include" -I"G:/My Drive/Transfer/Proj/FreeRTOS/RTOS_Workspace/STM32H743VI/Common/ThirdParty/FreeRTOS/portable/GCC/ARM_CM7" -I"G:/My Drive/Transfer/Proj/FreeRTOS/RTOS_Workspace/STM32H743VI/Common/ThirdParty/FreeRTOS/portable/GCC/ARM_CM7/r0p1" -I"G:/My Drive/Transfer/Proj/FreeRTOS/RTOS_Workspace/STM32H743VI/Common/ThirdParty/SEGGER/Config" -I"G:/My Drive/Transfer/Proj/FreeRTOS/RTOS_Workspace/STM32H743VI/Common/ThirdParty/SEGGER/OS" -I"G:/My Drive/Transfer/Proj/FreeRTOS/RTOS_Workspace/STM32H743VI/Common/ThirdParty/SEGGER/SEGGER" -I"G:/My Drive/Transfer/Proj/FreeRTOS/RTOS_Workspace/STM32H743VI/Common/ThirdParty/SEGGER/Recorder" -O0 -ffunction-sections -fdata-sections -Wall -fstack-usage -MMD -MP -MF"Drivers/STM32H7xx_HAL_Driver/Src/stm32h7xx_hal_rcc.d" -MT"Drivers/STM32H7xx_HAL_Driver/Src/stm32h7xx_hal_rcc.o" --specs=nano.specs -mfpu=fpv5-d16 -mfloat-abi=hard -mthumb -o "Drivers/STM32H7xx_HAL_Driver/Src/stm32h7xx_hal_rcc.o"
arm-none-eabi-gcc "../Drivers/STM32H7xx_HAL_Driver/Src/stm32h7xx_hal_rcc_ex.c" -mcpu=cortex-m7 -std=gnu11 -g3 -DDEBUG -DUSE_HAL_DRIVER -DSTM32H743xx -c -I../Core/Inc -I../Drivers/STM32H7xx_HAL_Driver/Inc -I../Drivers/STM32H7xx_HAL_Driver/Inc/Legacy -I../Drivers/CMSIS/Device/ST/STM32H7xx/Include -I../Drivers/CMSIS/Include -I"G:/My Drive/Transfer/Proj/FreeRTOS/RTOS_Workspace/STM32H743VI/Common/ThirdParty/FreeRTOS/include" -I"G:/My Drive/Transfer/Proj/FreeRTOS/RTOS_Workspace/STM32H743VI/Common/ThirdParty/FreeRTOS/portable/GCC/ARM_CM7" -I"G:/My Drive/Transfer/Proj/FreeRTOS/RTOS_Workspace/STM32H743VI/Common/ThirdParty/FreeRTOS/portable/GCC/ARM_CM7/r0p1" -I"G:/My Drive/Transfer/Proj/FreeRTOS/RTOS_Workspace/STM32H743VI/Common/ThirdParty/SEGGER/Config" -I"G:/My Drive/Transfer/Proj/FreeRTOS/RTOS_Workspace/STM32H743VI/Common/ThirdParty/SEGGER/OS" -I"G:/My Drive/Transfer/Proj/FreeRTOS/RTOS_Workspace/STM32H743VI/Common/ThirdParty/SEGGER/SEGGER" -I"G:/My Drive/Transfer/Proj/FreeRTOS/RTOS_Workspace/STM32H743VI/Common/ThirdParty/SEGGER/Recorder" -O0 -ffunction-sections -fdata-sections -Wall -fstack-usage -MMD -MP -MF"Drivers/STM32H7xx_HAL_Driver/Src/stm32h7xx_hal_rcc_ex.d" -MT"Drivers/STM32H7xx_HAL_Driver/Src/stm32h7xx_hal_rcc_ex.o" --specs=nano.specs -mfpu=fpv5-d16 -mfloat-abi=hard -mthumb -o "Drivers/STM32H7xx_HAL_Driver/Src/stm32h7xx_hal_rcc_ex.o"
arm-none-eabi-gcc "../Drivers/STM32H7xx_HAL_Driver/Src/stm32h7xx_hal_tim.c" -mcpu=cortex-m7 -std=gnu11 -g3 -DDEBUG -DUSE_HAL_DRIVER -DSTM32H743xx -c -I../Core/Inc -I../Drivers/STM32H7xx_HAL_Driver/Inc -I../Drivers/STM32H7xx_HAL_Driver/Inc/Legacy -I../Drivers/CMSIS/Device/ST/STM32H7xx/Include -I../Drivers/CMSIS/Include -I"G:/My Drive/Transfer/Proj/FreeRTOS/RTOS_Workspace/STM32H743VI/Common/ThirdParty/FreeRTOS/include" -I"G:/My Drive/Transfer/Proj/FreeRTOS/RTOS_Workspace/STM32H743VI/Common/ThirdParty/FreeRTOS/portable/GCC/ARM_CM7" -I"G:/My Drive/Transfer/Proj/FreeRTOS/RTOS_Workspace/STM32H743VI/Common/ThirdParty/FreeRTOS/portable/GCC/ARM_CM7/r0p1" -I"G:/My Drive/Transfer/Proj/FreeRTOS/RTOS_Workspace/STM32H743VI/Common/ThirdParty/SEGGER/Config" -I"G:/My Drive/Transfer/Proj/FreeRTOS/RTOS_Workspace/STM32H743VI/Common/ThirdParty/SEGGER/OS" -I"G:/My Drive/Transfer/Proj/FreeRTOS/RTOS_Workspace/STM32H743VI/Common/ThirdParty/SEGGER/SEGGER" -I"G:/My Drive/Transfer/Proj/FreeRTOS/RTOS_Workspace/STM32H743VI/Common/ThirdParty/SEGGER/Recorder" -O0 -ffunction-sections -fdata-sections -Wall -fstack-usage -MMD -MP -MF"Drivers/STM32H7xx_HAL_Driver/Src/stm32h7xx_hal_tim.d" -MT"Drivers/STM32H7xx_HAL_Driver/Src/stm32h7xx_hal_tim.o" --specs=nano.specs -mfpu=fpv5-d16 -mfloat-abi=hard -mthumb -o "Drivers/STM32H7xx_HAL_Driver/Src/stm32h7xx_hal_tim.o"
arm-none-eabi-gcc "../Drivers/STM32H7xx_HAL_Driver/Src/stm32h7xx_hal_tim_ex.c" -mcpu=cortex-m7 -std=gnu11 -g3 -DDEBUG -DUSE_HAL_DRIVER -DSTM32H743xx -c -I../Core/Inc -I../Drivers/STM32H7xx_HAL_Driver/Inc -I../Drivers/STM32H7xx_HAL_Driver/Inc/Legacy -I../Drivers/CMSIS/Device/ST/STM32H7xx/Include -I../Drivers/CMSIS/Include -I"G:/My Drive/Transfer/Proj/FreeRTOS/RTOS_Workspace/STM32H743VI/Common/ThirdParty/FreeRTOS/include" -I"G:/My Drive/Transfer/Proj/FreeRTOS/RTOS_Workspace/STM32H743VI/Common/ThirdParty/FreeRTOS/portable/GCC/ARM_CM7" -I"G:/My Drive/Transfer/Proj/FreeRTOS/RTOS_Workspace/STM32H743VI/Common/ThirdParty/FreeRTOS/portable/GCC/ARM_CM7/r0p1" -I"G:/My Drive/Transfer/Proj/FreeRTOS/RTOS_Workspace/STM32H743VI/Common/ThirdParty/SEGGER/Config" -I"G:/My Drive/Transfer/Proj/FreeRTOS/RTOS_Workspace/STM32H743VI/Common/ThirdParty/SEGGER/OS" -I"G:/My Drive/Transfer/Proj/FreeRTOS/RTOS_Workspace/STM32H743VI/Common/ThirdParty/SEGGER/SEGGER" -I"G:/My Drive/Transfer/Proj/FreeRTOS/RTOS_Workspace/STM32H743VI/Common/ThirdParty/SEGGER/Recorder" -O0 -ffunction-sections -fdata-sections -Wall -fstack-usage -MMD -MP -MF"Drivers/STM32H7xx_HAL_Driver/Src/stm32h7xx_hal_tim_ex.d" -MT"Drivers/STM32H7xx_HAL_Driver/Src/stm32h7xx_hal_tim_ex.o" --specs=nano.specs -mfpu=fpv5-d16 -mfloat-abi=hard -mthumb -o "Drivers/STM32H7xx_HAL_Driver/Src/stm32h7xx_hal_tim_ex.o"
arm-none-eabi-gcc "../Drivers/STM32H7xx_HAL_Driver/Src/stm32h7xx_ll_usb.c" -mcpu=cortex-m7 -std=gnu11 -g3 -DDEBUG -DUSE_HAL_DRIVER -DSTM32H743xx -c -I../Core/Inc -I../Drivers/STM32H7xx_HAL_Driver/Inc -I../Drivers/STM32H7xx_HAL_Driver/Inc/Legacy -I../Drivers/CMSIS/Device/ST/STM32H7xx/Include -I../Drivers/CMSIS/Include -I"G:/My Drive/Transfer/Proj/FreeRTOS/RTOS_Workspace/STM32H743VI/Common/ThirdParty/FreeRTOS/include" -I"G:/My Drive/Transfer/Proj/FreeRTOS/RTOS_Workspace/STM32H743VI/Common/ThirdParty/FreeRTOS/portable/GCC/ARM_CM7" -I"G:/My Drive/Transfer/Proj/FreeRTOS/RTOS_Workspace/STM32H743VI/Common/ThirdParty/FreeRTOS/portable/GCC/ARM_CM7/r0p1" -I"G:/My Drive/Transfer/Proj/FreeRTOS/RTOS_Workspace/STM32H743VI/Common/ThirdParty/SEGGER/Config" -I"G:/My Drive/Transfer/Proj/FreeRTOS/RTOS_Workspace/STM32H743VI/Common/ThirdParty/SEGGER/OS" -I"G:/My Drive/Transfer/Proj/FreeRTOS/RTOS_Workspace/STM32H743VI/Common/ThirdParty/SEGGER/SEGGER" -I"G:/My Drive/Transfer/Proj/FreeRTOS/RTOS_Workspace/STM32H743VI/Common/ThirdParty/SEGGER/Recorder" -O0 -ffunction-sections -fdata-sections -Wall -fstack-usage -MMD -MP -MF"Drivers/STM32H7xx_HAL_Driver/Src/stm32h7xx_ll_usb.d" -MT"Drivers/STM32H7xx_HAL_Driver/Src/stm32h7xx_ll_usb.o" --specs=nano.specs -mfpu=fpv5-d16 -mfloat-abi=hard -mthumb -o "Drivers/STM32H7xx_HAL_Driver/Src/stm32h7xx_ll_usb.o"
arm-none-eabi-gcc -o "FreeRTOS_3_LEDs_TaskDelayUntil.elf" @"objects.list"   -mcpu=cortex-m7 -T"D:\Documents\FreeRTOS\RTOS_Workspace\STM32H743VI\STM32H743VI_WorkSpace\FreeRTOS_3_LEDs_TaskDelayUntil\STM32H743VITX_FLASH.ld" --specs=nosys.specs -Wl,-Map="FreeRTOS_3_LEDs_TaskDelayUntil.map" -Wl,--gc-sections -static --specs=nano.specs -mfpu=fpv5-d16 -mfloat-abi=hard -mthumb -Wl,--start-group -lc -lm -Wl,--end-group
Finished building target: FreeRTOS_3_LEDs_TaskDelayUntil.elf
 
arm-none-eabi-size   FreeRTOS_3_LEDs_TaskDelayUntil.elf 
arm-none-eabi-objdump -h -S  FreeRTOS_3_LEDs_TaskDelayUntil.elf  > "FreeRTOS_3_LEDs_TaskDelayUntil.list"
   text	   data	    bss	    dec	    hex	filename
  35656	     40	 523752	 559448	  88958	FreeRTOS_3_LEDs_TaskDelayUntil.elf
Finished building: default.size.stdout
 
Finished building: FreeRTOS_3_LEDs_TaskDelayUntil.list
 

20:35:18 Build Finished. 0 errors, 0 warnings. (took 3s.449ms)

