11:30:35 **** Incremental Build of configuration Debug for project RealTimeCANBusSynchronizedCommunication ****
make -j8 all 
arm-none-eabi-gcc "../Core/Src/main.c" -mcpu=cortex-m7 -std=gnu11 -g3 -DDEBUG -DUSE_HAL_DRIVER -DSTM32H743xx -c -I../Core/Inc -I../Drivers/STM32H7xx_HAL_Driver/Inc -I../Drivers/STM32H7xx_HAL_Driver/Inc/Legacy -I../Drivers/CMSIS/Device/ST/STM32H7xx/Include -I../Drivers/CMSIS/Include -I"D:/Documents/FreeRTOS/RTOS_Workspace/STM32H743VI/STM32H743VI_WorkSpace/Common/ThirdParty/FreeRTOS" -I"D:/Documents/FreeRTOS/RTOS_Workspace/STM32H743VI/STM32H743VI_WorkSpace/Common/ThirdParty/FreeRTOS/include" -I"D:/Documents/FreeRTOS/RTOS_Workspace/STM32H743VI/STM32H743VI_WorkSpace/Common/ThirdParty/FreeRTOS/portable/GCC/ARM_CM7" -I"D:/Documents/FreeRTOS/RTOS_Workspace/STM32H743VI/STM32H743VI_WorkSpace/Common/ThirdParty/FreeRTOS/portable/GCC/ARM_CM7/r0p1" -I"D:/Documents/FreeRTOS/RTOS_Workspace/STM32H743VI/STM32H743VI_WorkSpace/Common/ThirdParty/SEGGER" -I"D:/Documents/FreeRTOS/RTOS_Workspace/STM32H743VI/STM32H743VI_WorkSpace/Common/ThirdParty/SEGGER/Config" -I"D:/Documents/FreeRTOS/RTOS_Workspace/STM32H743VI/STM32H743VI_WorkSpace/Common/ThirdParty/SEGGER/OS" -I"D:/Documents/FreeRTOS/RTOS_Workspace/STM32H743VI/STM32H743VI_WorkSpace/Common/ThirdParty/SEGGER/SEGGER" -O0 -ffunction-sections -fdata-sections -Wall -fstack-usage -MMD -MP -MF"Core/Src/main.d" -MT"Core/Src/main.o" --specs=nano.specs -mfpu=fpv5-d16 -mfloat-abi=hard -mthumb -o "Core/Src/main.o"
arm-none-eabi-gcc -o "RealTimeCANBusSynchronizedCommunication.elf" @"objects.list"   -mcpu=cortex-m7 -T"D:\Documents\FreeRTOS\RTOS_Workspace\STM32H743VI\STM32H743VI_WorkSpace\RealTimeCANBusSynchronizedCommunication\STM32H743VITX_FLASH.ld" --specs=nosys.specs -Wl,-Map="RealTimeCANBusSynchronizedCommunication.map" -Wl,--gc-sections -static --specs=nano.specs -mfpu=fpv5-d16 -mfloat-abi=hard -mthumb -Wl,--start-group -lc -lm -Wl,--end-group
Finished building target: RealTimeCANBusSynchronizedCommunication.elf
 
arm-none-eabi-size   RealTimeCANBusSynchronizedCommunication.elf 
arm-none-eabi-objdump -h -S  RealTimeCANBusSynchronizedCommunication.elf  > "RealTimeCANBusSynchronizedCommunication.list"
   text	   data	    bss	    dec	    hex	filename
  55872	    156	 500868	 556896	  87f60	RealTimeCANBusSynchronizedCommunication.elf
Finished building: default.size.stdout
 
Finished building: RealTimeCANBusSynchronizedCommunication.list
 

11:30:37 Build Finished. 0 errors, 0 warnings. (took 1s.232ms)

