../Core/Src/main.c:82:5:main	48	static,ignoring_inline_asm
../Core/Src/main.c:167:6:SystemClock_Config	120	static
../Core/Src/main.c:223:13:MX_FDCAN2_Init	8	static
../Core/Src/main.c:276:13:MX_USART2_UART_Init	8	static
../Core/Src/main.c:324:13:MX_USB_OTG_FS_HCD_Init	8	static
../Core/Src/main.c:355:13:MX_GPIO_Init	48	static
../Core/Src/main.c:384:13:Task_GreenLED_Handler	32	static
../Core/Src/main.c:416:13:Task_RedLED_Handler	32	static
../Core/Src/main.c:449:13:Task_BlueLED_Handler	32	static
../Core/Src/main.c:483:13:Task_Button_Handler	32	static
../Core/Src/main.c:513:6:HAL_TIM_PeriodElapsedCallback	16	static
../Core/Src/main.c:530:6:Error_Handler	4	static,ignoring_inline_asm
