../Core/Src/main.c:102:5:main	56	static,ignoring_inline_asm
../Core/Src/main.c:208:6:SystemClock_Config	128	static
../Core/Src/main.c:273:13:MX_FDCAN2_Init	8	static
../Core/Src/main.c:326:13:MX_RTC_Init	8	static
../Core/Src/main.c:362:13:MX_USART3_UART_Init	8	static
../Core/Src/main.c:410:13:MX_USB_OTG_FS_HCD_Init	8	static
../Core/Src/main.c:441:13:MX_GPIO_Init	48	static
../Core/Src/main.c:470:6:HAL_UART_RxCpltCallback	32	static
../Core/Src/main.c:501:6:LED_Effect_Callback	24	static
../Core/Src/main.c:522:6:RTC_Report_Callback	16	static
../Core/Src/main.c:561:6:HAL_TIM_PeriodElapsedCallback	16	static
../Core/Src/main.c:578:6:Error_Handler	8	static,ignoring_inline_asm
