../Core/Src/stm32h7xx_it.c:72:6:NMI_Handler	8	static
../Core/Src/stm32h7xx_it.c:91:6:HardFault_Handler	8	static
../Core/Src/stm32h7xx_it.c:110:6:MemManage_Handler	8	static
../Core/Src/stm32h7xx_it.c:129:6:BusFault_Handler	8	static
../Core/Src/stm32h7xx_it.c:148:6:UsageFault_Handler	8	static
../Core/Src/stm32h7xx_it.c:167:6:DebugMon_Handler	4	static
../Core/Src/stm32h7xx_it.c:187:6:FDCAN2_IT0_IRQHandler	8	static
../Core/Src/stm32h7xx_it.c:201:6:FDCAN2_IT1_IRQHandler	8	static
../Core/Src/stm32h7xx_it.c:215:6:USART3_IRQHandler	8	static
../Core/Src/stm32h7xx_it.c:229:6:TIM6_DAC_IRQHandler	8	static
