10:04:39 **** Incremental Build of configuration Debug for project FreeRTOS_Templete ****
make -j8 all 
arm-none-eabi-gcc "G:/My Drive/Transfer/Proj/FreeRTOS/RTOS_Workspace/Common/ThirdParty/SEGGER/SEGGER/SEGGER_SYSVIEW.c" -mcpu=cortex-m7 -std=gnu11 -g3 -DDEBUG -DUSE_HAL_DRIVER -DSTM32H743xx -c -I../Core/Inc -I../Drivers/STM32H7xx_HAL_Driver/Inc -I../Drivers/STM32H7xx_HAL_Driver/Inc/Legacy -I../Drivers/CMSIS/Device/ST/STM32H7xx/Include -I../Drivers/CMSIS/Include -I"G:/My Drive/Transfer/Proj/FreeRTOS/RTOS_Workspace/Common/ThirdParty/FreeRTOS/include" -I"G:/My Drive/Transfer/Proj/FreeRTOS/RTOS_Workspace/Common/ThirdParty/FreeRTOS/portable/GCC/ARM_CM7" -I"G:/My Drive/Transfer/Proj/FreeRTOS/RTOS_Workspace/Common/ThirdParty/FreeRTOS/portable/GCC/ARM_CM7/r0p1" -I"G:/My Drive/Transfer/Proj/FreeRTOS/RTOS_Workspace/Common/ThirdParty/SEGGER/Config" -I"G:/My Drive/Transfer/Proj/FreeRTOS/RTOS_Workspace/Common/ThirdParty/SEGGER/OS" -I"G:/My Drive/Transfer/Proj/FreeRTOS/RTOS_Workspace/Common/ThirdParty/SEGGER/SEGGER" -O0 -ffunction-sections -fdata-sections -Wall -fstack-usage -MMD -MP -MF"ThirdParty/SEGGER/SEGGER/SEGGER_SYSVIEW.d" -MT"ThirdParty/SEGGER/SEGGER/SEGGER_SYSVIEW.o" --specs=nano.specs -mfpu=fpv5-d16 -mfloat-abi=hard -mthumb -o "ThirdParty/SEGGER/SEGGER/SEGGER_SYSVIEW.o"
arm-none-eabi-gcc "G:/My Drive/Transfer/Proj/FreeRTOS/RTOS_Workspace/Common/ThirdParty/SEGGER/OS/SEGGER_SYSVIEW_FreeRTOS.c" -mcpu=cortex-m7 -std=gnu11 -g3 -DDEBUG -DUSE_HAL_DRIVER -DSTM32H743xx -c -I../Core/Inc -I../Drivers/STM32H7xx_HAL_Driver/Inc -I../Drivers/STM32H7xx_HAL_Driver/Inc/Legacy -I../Drivers/CMSIS/Device/ST/STM32H7xx/Include -I../Drivers/CMSIS/Include -I"G:/My Drive/Transfer/Proj/FreeRTOS/RTOS_Workspace/Common/ThirdParty/FreeRTOS/include" -I"G:/My Drive/Transfer/Proj/FreeRTOS/RTOS_Workspace/Common/ThirdParty/FreeRTOS/portable/GCC/ARM_CM7" -I"G:/My Drive/Transfer/Proj/FreeRTOS/RTOS_Workspace/Common/ThirdParty/FreeRTOS/portable/GCC/ARM_CM7/r0p1" -I"G:/My Drive/Transfer/Proj/FreeRTOS/RTOS_Workspace/Common/ThirdParty/SEGGER/Config" -I"G:/My Drive/Transfer/Proj/FreeRTOS/RTOS_Workspace/Common/ThirdParty/SEGGER/OS" -I"G:/My Drive/Transfer/Proj/FreeRTOS/RTOS_Workspace/Common/ThirdParty/SEGGER/SEGGER" -O0 -ffunction-sections -fdata-sections -Wall -fstack-usage -MMD -MP -MF"ThirdParty/SEGGER/OS/SEGGER_SYSVIEW_FreeRTOS.d" -MT"ThirdParty/SEGGER/OS/SEGGER_SYSVIEW_FreeRTOS.o" --specs=nano.specs -mfpu=fpv5-d16 -mfloat-abi=hard -mthumb -o "ThirdParty/SEGGER/OS/SEGGER_SYSVIEW_FreeRTOS.o"
arm-none-eabi-gcc "G:/My Drive/Transfer/Proj/FreeRTOS/RTOS_Workspace/Common/ThirdParty/SEGGER/Config/SEGGER_SYSVIEW_Config_FreeRTOS.c" -mcpu=cortex-m7 -std=gnu11 -g3 -DDEBUG -DUSE_HAL_DRIVER -DSTM32H743xx -c -I../Core/Inc -I../Drivers/STM32H7xx_HAL_Driver/Inc -I../Drivers/STM32H7xx_HAL_Driver/Inc/Legacy -I../Drivers/CMSIS/Device/ST/STM32H7xx/Include -I../Drivers/CMSIS/Include -I"G:/My Drive/Transfer/Proj/FreeRTOS/RTOS_Workspace/Common/ThirdParty/FreeRTOS/include" -I"G:/My Drive/Transfer/Proj/FreeRTOS/RTOS_Workspace/Common/ThirdParty/FreeRTOS/portable/GCC/ARM_CM7" -I"G:/My Drive/Transfer/Proj/FreeRTOS/RTOS_Workspace/Common/ThirdParty/FreeRTOS/portable/GCC/ARM_CM7/r0p1" -I"G:/My Drive/Transfer/Proj/FreeRTOS/RTOS_Workspace/Common/ThirdParty/SEGGER/Config" -I"G:/My Drive/Transfer/Proj/FreeRTOS/RTOS_Workspace/Common/ThirdParty/SEGGER/OS" -I"G:/My Drive/Transfer/Proj/FreeRTOS/RTOS_Workspace/Common/ThirdParty/SEGGER/SEGGER" -O0 -ffunction-sections -fdata-sections -Wall -fstack-usage -MMD -MP -MF"ThirdParty/SEGGER/Config/SEGGER_SYSVIEW_Config_FreeRTOS.d" -MT"ThirdParty/SEGGER/Config/SEGGER_SYSVIEW_Config_FreeRTOS.o" --specs=nano.specs -mfpu=fpv5-d16 -mfloat-abi=hard -mthumb -o "ThirdParty/SEGGER/Config/SEGGER_SYSVIEW_Config_FreeRTOS.o"
arm-none-eabi-gcc "G:/My Drive/Transfer/Proj/FreeRTOS/RTOS_Workspace/Common/ThirdParty/Recorder/segger_uart.c" -mcpu=cortex-m7 -std=gnu11 -g3 -DDEBUG -DUSE_HAL_DRIVER -DSTM32H743xx -c -I../Core/Inc -I../Drivers/STM32H7xx_HAL_Driver/Inc -I../Drivers/STM32H7xx_HAL_Driver/Inc/Legacy -I../Drivers/CMSIS/Device/ST/STM32H7xx/Include -I../Drivers/CMSIS/Include -I"G:/My Drive/Transfer/Proj/FreeRTOS/RTOS_Workspace/Common/ThirdParty/FreeRTOS/include" -I"G:/My Drive/Transfer/Proj/FreeRTOS/RTOS_Workspace/Common/ThirdParty/FreeRTOS/portable/GCC/ARM_CM7" -I"G:/My Drive/Transfer/Proj/FreeRTOS/RTOS_Workspace/Common/ThirdParty/FreeRTOS/portable/GCC/ARM_CM7/r0p1" -I"G:/My Drive/Transfer/Proj/FreeRTOS/RTOS_Workspace/Common/ThirdParty/SEGGER/Config" -I"G:/My Drive/Transfer/Proj/FreeRTOS/RTOS_Workspace/Common/ThirdParty/SEGGER/OS" -I"G:/My Drive/Transfer/Proj/FreeRTOS/RTOS_Workspace/Common/ThirdParty/SEGGER/SEGGER" -O0 -ffunction-sections -fdata-sections -Wall -fstack-usage -MMD -MP -MF"ThirdParty/Recorder/segger_uart.d" -MT"ThirdParty/Recorder/segger_uart.o" --specs=nano.specs -mfpu=fpv5-d16 -mfloat-abi=hard -mthumb -o "ThirdParty/Recorder/segger_uart.o"
arm-none-eabi-gcc "G:/My Drive/Transfer/Proj/FreeRTOS/RTOS_Workspace/Common/ThirdParty/FreeRTOS/portable/MemMang/heap_4.c" -mcpu=cortex-m7 -std=gnu11 -g3 -DDEBUG -DUSE_HAL_DRIVER -DSTM32H743xx -c -I../Core/Inc -I../Drivers/STM32H7xx_HAL_Driver/Inc -I../Drivers/STM32H7xx_HAL_Driver/Inc/Legacy -I../Drivers/CMSIS/Device/ST/STM32H7xx/Include -I../Drivers/CMSIS/Include -I"G:/My Drive/Transfer/Proj/FreeRTOS/RTOS_Workspace/Common/ThirdParty/FreeRTOS/include" -I"G:/My Drive/Transfer/Proj/FreeRTOS/RTOS_Workspace/Common/ThirdParty/FreeRTOS/portable/GCC/ARM_CM7" -I"G:/My Drive/Transfer/Proj/FreeRTOS/RTOS_Workspace/Common/ThirdParty/FreeRTOS/portable/GCC/ARM_CM7/r0p1" -I"G:/My Drive/Transfer/Proj/FreeRTOS/RTOS_Workspace/Common/ThirdParty/SEGGER/Config" -I"G:/My Drive/Transfer/Proj/FreeRTOS/RTOS_Workspace/Common/ThirdParty/SEGGER/OS" -I"G:/My Drive/Transfer/Proj/FreeRTOS/RTOS_Workspace/Common/ThirdParty/SEGGER/SEGGER" -O0 -ffunction-sections -fdata-sections -Wall -fstack-usage -MMD -MP -MF"ThirdParty/FreeRTOS/portable/MemMang/heap_4.d" -MT"ThirdParty/FreeRTOS/portable/MemMang/heap_4.o" --specs=nano.specs -mfpu=fpv5-d16 -mfloat-abi=hard -mthumb -o "ThirdParty/FreeRTOS/portable/MemMang/heap_4.o"
arm-none-eabi-gcc "G:/My Drive/Transfer/Proj/FreeRTOS/RTOS_Workspace/Common/ThirdParty/FreeRTOS/portable/GCC/ARM_CM7/r0p1/port.c" -mcpu=cortex-m7 -std=gnu11 -g3 -DDEBUG -DUSE_HAL_DRIVER -DSTM32H743xx -c -I../Core/Inc -I../Drivers/STM32H7xx_HAL_Driver/Inc -I../Drivers/STM32H7xx_HAL_Driver/Inc/Legacy -I../Drivers/CMSIS/Device/ST/STM32H7xx/Include -I../Drivers/CMSIS/Include -I"G:/My Drive/Transfer/Proj/FreeRTOS/RTOS_Workspace/Common/ThirdParty/FreeRTOS/include" -I"G:/My Drive/Transfer/Proj/FreeRTOS/RTOS_Workspace/Common/ThirdParty/FreeRTOS/portable/GCC/ARM_CM7" -I"G:/My Drive/Transfer/Proj/FreeRTOS/RTOS_Workspace/Common/ThirdParty/FreeRTOS/portable/GCC/ARM_CM7/r0p1" -I"G:/My Drive/Transfer/Proj/FreeRTOS/RTOS_Workspace/Common/ThirdParty/SEGGER/Config" -I"G:/My Drive/Transfer/Proj/FreeRTOS/RTOS_Workspace/Common/ThirdParty/SEGGER/OS" -I"G:/My Drive/Transfer/Proj/FreeRTOS/RTOS_Workspace/Common/ThirdParty/SEGGER/SEGGER" -O0 -ffunction-sections -fdata-sections -Wall -fstack-usage -MMD -MP -MF"ThirdParty/FreeRTOS/portable/GCC/ARM_CM7/r0p1/port.d" -MT"ThirdParty/FreeRTOS/portable/GCC/ARM_CM7/r0p1/port.o" --specs=nano.specs -mfpu=fpv5-d16 -mfloat-abi=hard -mthumb -o "ThirdParty/FreeRTOS/portable/GCC/ARM_CM7/r0p1/port.o"
arm-none-eabi-gcc "G:/My Drive/Transfer/Proj/FreeRTOS/RTOS_Workspace/Common/ThirdParty/FreeRTOS/croutine.c" -mcpu=cortex-m7 -std=gnu11 -g3 -DDEBUG -DUSE_HAL_DRIVER -DSTM32H743xx -c -I../Core/Inc -I../Drivers/STM32H7xx_HAL_Driver/Inc -I../Drivers/STM32H7xx_HAL_Driver/Inc/Legacy -I../Drivers/CMSIS/Device/ST/STM32H7xx/Include -I../Drivers/CMSIS/Include -I"G:/My Drive/Transfer/Proj/FreeRTOS/RTOS_Workspace/Common/ThirdParty/FreeRTOS/include" -I"G:/My Drive/Transfer/Proj/FreeRTOS/RTOS_Workspace/Common/ThirdParty/FreeRTOS/portable/GCC/ARM_CM7" -I"G:/My Drive/Transfer/Proj/FreeRTOS/RTOS_Workspace/Common/ThirdParty/FreeRTOS/portable/GCC/ARM_CM7/r0p1" -I"G:/My Drive/Transfer/Proj/FreeRTOS/RTOS_Workspace/Common/ThirdParty/SEGGER/Config" -I"G:/My Drive/Transfer/Proj/FreeRTOS/RTOS_Workspace/Common/ThirdParty/SEGGER/OS" -I"G:/My Drive/Transfer/Proj/FreeRTOS/RTOS_Workspace/Common/ThirdParty/SEGGER/SEGGER" -O0 -ffunction-sections -fdata-sections -Wall -fstack-usage -MMD -MP -MF"ThirdParty/FreeRTOS/croutine.d" -MT"ThirdParty/FreeRTOS/croutine.o" --specs=nano.specs -mfpu=fpv5-d16 -mfloat-abi=hard -mthumb -o "ThirdParty/FreeRTOS/croutine.o"
arm-none-eabi-gcc "G:/My Drive/Transfer/Proj/FreeRTOS/RTOS_Workspace/Common/ThirdParty/FreeRTOS/event_groups.c" -mcpu=cortex-m7 -std=gnu11 -g3 -DDEBUG -DUSE_HAL_DRIVER -DSTM32H743xx -c -I../Core/Inc -I../Drivers/STM32H7xx_HAL_Driver/Inc -I../Drivers/STM32H7xx_HAL_Driver/Inc/Legacy -I../Drivers/CMSIS/Device/ST/STM32H7xx/Include -I../Drivers/CMSIS/Include -I"G:/My Drive/Transfer/Proj/FreeRTOS/RTOS_Workspace/Common/ThirdParty/FreeRTOS/include" -I"G:/My Drive/Transfer/Proj/FreeRTOS/RTOS_Workspace/Common/ThirdParty/FreeRTOS/portable/GCC/ARM_CM7" -I"G:/My Drive/Transfer/Proj/FreeRTOS/RTOS_Workspace/Common/ThirdParty/FreeRTOS/portable/GCC/ARM_CM7/r0p1" -I"G:/My Drive/Transfer/Proj/FreeRTOS/RTOS_Workspace/Common/ThirdParty/SEGGER/Config" -I"G:/My Drive/Transfer/Proj/FreeRTOS/RTOS_Workspace/Common/ThirdParty/SEGGER/OS" -I"G:/My Drive/Transfer/Proj/FreeRTOS/RTOS_Workspace/Common/ThirdParty/SEGGER/SEGGER" -O0 -ffunction-sections -fdata-sections -Wall -fstack-usage -MMD -MP -MF"ThirdParty/FreeRTOS/event_groups.d" -MT"ThirdParty/FreeRTOS/event_groups.o" --specs=nano.specs -mfpu=fpv5-d16 -mfloat-abi=hard -mthumb -o "ThirdParty/FreeRTOS/event_groups.o"
arm-none-eabi-gcc "G:/My Drive/Transfer/Proj/FreeRTOS/RTOS_Workspace/Common/ThirdParty/FreeRTOS/list.c" -mcpu=cortex-m7 -std=gnu11 -g3 -DDEBUG -DUSE_HAL_DRIVER -DSTM32H743xx -c -I../Core/Inc -I../Drivers/STM32H7xx_HAL_Driver/Inc -I../Drivers/STM32H7xx_HAL_Driver/Inc/Legacy -I../Drivers/CMSIS/Device/ST/STM32H7xx/Include -I../Drivers/CMSIS/Include -I"G:/My Drive/Transfer/Proj/FreeRTOS/RTOS_Workspace/Common/ThirdParty/FreeRTOS/include" -I"G:/My Drive/Transfer/Proj/FreeRTOS/RTOS_Workspace/Common/ThirdParty/FreeRTOS/portable/GCC/ARM_CM7" -I"G:/My Drive/Transfer/Proj/FreeRTOS/RTOS_Workspace/Common/ThirdParty/FreeRTOS/portable/GCC/ARM_CM7/r0p1" -I"G:/My Drive/Transfer/Proj/FreeRTOS/RTOS_Workspace/Common/ThirdParty/SEGGER/Config" -I"G:/My Drive/Transfer/Proj/FreeRTOS/RTOS_Workspace/Common/ThirdParty/SEGGER/OS" -I"G:/My Drive/Transfer/Proj/FreeRTOS/RTOS_Workspace/Common/ThirdParty/SEGGER/SEGGER" -O0 -ffunction-sections -fdata-sections -Wall -fstack-usage -MMD -MP -MF"ThirdParty/FreeRTOS/list.d" -MT"ThirdParty/FreeRTOS/list.o" --specs=nano.specs -mfpu=fpv5-d16 -mfloat-abi=hard -mthumb -o "ThirdParty/FreeRTOS/list.o"
arm-none-eabi-gcc "G:/My Drive/Transfer/Proj/FreeRTOS/RTOS_Workspace/Common/ThirdParty/FreeRTOS/queue.c" -mcpu=cortex-m7 -std=gnu11 -g3 -DDEBUG -DUSE_HAL_DRIVER -DSTM32H743xx -c -I../Core/Inc -I../Drivers/STM32H7xx_HAL_Driver/Inc -I../Drivers/STM32H7xx_HAL_Driver/Inc/Legacy -I../Drivers/CMSIS/Device/ST/STM32H7xx/Include -I../Drivers/CMSIS/Include -I"G:/My Drive/Transfer/Proj/FreeRTOS/RTOS_Workspace/Common/ThirdParty/FreeRTOS/include" -I"G:/My Drive/Transfer/Proj/FreeRTOS/RTOS_Workspace/Common/ThirdParty/FreeRTOS/portable/GCC/ARM_CM7" -I"G:/My Drive/Transfer/Proj/FreeRTOS/RTOS_Workspace/Common/ThirdParty/FreeRTOS/portable/GCC/ARM_CM7/r0p1" -I"G:/My Drive/Transfer/Proj/FreeRTOS/RTOS_Workspace/Common/ThirdParty/SEGGER/Config" -I"G:/My Drive/Transfer/Proj/FreeRTOS/RTOS_Workspace/Common/ThirdParty/SEGGER/OS" -I"G:/My Drive/Transfer/Proj/FreeRTOS/RTOS_Workspace/Common/ThirdParty/SEGGER/SEGGER" -O0 -ffunction-sections -fdata-sections -Wall -fstack-usage -MMD -MP -MF"ThirdParty/FreeRTOS/queue.d" -MT"ThirdParty/FreeRTOS/queue.o" --specs=nano.specs -mfpu=fpv5-d16 -mfloat-abi=hard -mthumb -o "ThirdParty/FreeRTOS/queue.o"
arm-none-eabi-gcc "G:/My Drive/Transfer/Proj/FreeRTOS/RTOS_Workspace/Common/ThirdParty/FreeRTOS/stream_buffer.c" -mcpu=cortex-m7 -std=gnu11 -g3 -DDEBUG -DUSE_HAL_DRIVER -DSTM32H743xx -c -I../Core/Inc -I../Drivers/STM32H7xx_HAL_Driver/Inc -I../Drivers/STM32H7xx_HAL_Driver/Inc/Legacy -I../Drivers/CMSIS/Device/ST/STM32H7xx/Include -I../Drivers/CMSIS/Include -I"G:/My Drive/Transfer/Proj/FreeRTOS/RTOS_Workspace/Common/ThirdParty/FreeRTOS/include" -I"G:/My Drive/Transfer/Proj/FreeRTOS/RTOS_Workspace/Common/ThirdParty/FreeRTOS/portable/GCC/ARM_CM7" -I"G:/My Drive/Transfer/Proj/FreeRTOS/RTOS_Workspace/Common/ThirdParty/FreeRTOS/portable/GCC/ARM_CM7/r0p1" -I"G:/My Drive/Transfer/Proj/FreeRTOS/RTOS_Workspace/Common/ThirdParty/SEGGER/Config" -I"G:/My Drive/Transfer/Proj/FreeRTOS/RTOS_Workspace/Common/ThirdParty/SEGGER/OS" -I"G:/My Drive/Transfer/Proj/FreeRTOS/RTOS_Workspace/Common/ThirdParty/SEGGER/SEGGER" -O0 -ffunction-sections -fdata-sections -Wall -fstack-usage -MMD -MP -MF"ThirdParty/FreeRTOS/stream_buffer.d" -MT"ThirdParty/FreeRTOS/stream_buffer.o" --specs=nano.specs -mfpu=fpv5-d16 -mfloat-abi=hard -mthumb -o "ThirdParty/FreeRTOS/stream_buffer.o"
arm-none-eabi-gcc "G:/My Drive/Transfer/Proj/FreeRTOS/RTOS_Workspace/Common/ThirdParty/FreeRTOS/tasks.c" -mcpu=cortex-m7 -std=gnu11 -g3 -DDEBUG -DUSE_HAL_DRIVER -DSTM32H743xx -c -I../Core/Inc -I../Drivers/STM32H7xx_HAL_Driver/Inc -I../Drivers/STM32H7xx_HAL_Driver/Inc/Legacy -I../Drivers/CMSIS/Device/ST/STM32H7xx/Include -I../Drivers/CMSIS/Include -I"G:/My Drive/Transfer/Proj/FreeRTOS/RTOS_Workspace/Common/ThirdParty/FreeRTOS/include" -I"G:/My Drive/Transfer/Proj/FreeRTOS/RTOS_Workspace/Common/ThirdParty/FreeRTOS/portable/GCC/ARM_CM7" -I"G:/My Drive/Transfer/Proj/FreeRTOS/RTOS_Workspace/Common/ThirdParty/FreeRTOS/portable/GCC/ARM_CM7/r0p1" -I"G:/My Drive/Transfer/Proj/FreeRTOS/RTOS_Workspace/Common/ThirdParty/SEGGER/Config" -I"G:/My Drive/Transfer/Proj/FreeRTOS/RTOS_Workspace/Common/ThirdParty/SEGGER/OS" -I"G:/My Drive/Transfer/Proj/FreeRTOS/RTOS_Workspace/Common/ThirdParty/SEGGER/SEGGER" -O0 -ffunction-sections -fdata-sections -Wall -fstack-usage -MMD -MP -MF"ThirdParty/FreeRTOS/tasks.d" -MT"ThirdParty/FreeRTOS/tasks.o" --specs=nano.specs -mfpu=fpv5-d16 -mfloat-abi=hard -mthumb -o "ThirdParty/FreeRTOS/tasks.o"
arm-none-eabi-gcc "G:/My Drive/Transfer/Proj/FreeRTOS/RTOS_Workspace/Common/ThirdParty/FreeRTOS/timers.c" -mcpu=cortex-m7 -std=gnu11 -g3 -DDEBUG -DUSE_HAL_DRIVER -DSTM32H743xx -c -I../Core/Inc -I../Drivers/STM32H7xx_HAL_Driver/Inc -I../Drivers/STM32H7xx_HAL_Driver/Inc/Legacy -I../Drivers/CMSIS/Device/ST/STM32H7xx/Include -I../Drivers/CMSIS/Include -I"G:/My Drive/Transfer/Proj/FreeRTOS/RTOS_Workspace/Common/ThirdParty/FreeRTOS/include" -I"G:/My Drive/Transfer/Proj/FreeRTOS/RTOS_Workspace/Common/ThirdParty/FreeRTOS/portable/GCC/ARM_CM7" -I"G:/My Drive/Transfer/Proj/FreeRTOS/RTOS_Workspace/Common/ThirdParty/FreeRTOS/portable/GCC/ARM_CM7/r0p1" -I"G:/My Drive/Transfer/Proj/FreeRTOS/RTOS_Workspace/Common/ThirdParty/SEGGER/Config" -I"G:/My Drive/Transfer/Proj/FreeRTOS/RTOS_Workspace/Common/ThirdParty/SEGGER/OS" -I"G:/My Drive/Transfer/Proj/FreeRTOS/RTOS_Workspace/Common/ThirdParty/SEGGER/SEGGER" -O0 -ffunction-sections -fdata-sections -Wall -fstack-usage -MMD -MP -MF"ThirdParty/FreeRTOS/timers.d" -MT"ThirdParty/FreeRTOS/timers.o" --specs=nano.specs -mfpu=fpv5-d16 -mfloat-abi=hard -mthumb -o "ThirdParty/FreeRTOS/timers.o"
arm-none-eabi-gcc "../Core/Src/main.c" -mcpu=cortex-m7 -std=gnu11 -g3 -DDEBUG -DUSE_HAL_DRIVER -DSTM32H743xx -c -I../Core/Inc -I../Drivers/STM32H7xx_HAL_Driver/Inc -I../Drivers/STM32H7xx_HAL_Driver/Inc/Legacy -I../Drivers/CMSIS/Device/ST/STM32H7xx/Include -I../Drivers/CMSIS/Include -I"G:/My Drive/Transfer/Proj/FreeRTOS/RTOS_Workspace/Common/ThirdParty/FreeRTOS/include" -I"G:/My Drive/Transfer/Proj/FreeRTOS/RTOS_Workspace/Common/ThirdParty/FreeRTOS/portable/GCC/ARM_CM7" -I"G:/My Drive/Transfer/Proj/FreeRTOS/RTOS_Workspace/Common/ThirdParty/FreeRTOS/portable/GCC/ARM_CM7/r0p1" -I"G:/My Drive/Transfer/Proj/FreeRTOS/RTOS_Workspace/Common/ThirdParty/SEGGER/Config" -I"G:/My Drive/Transfer/Proj/FreeRTOS/RTOS_Workspace/Common/ThirdParty/SEGGER/OS" -I"G:/My Drive/Transfer/Proj/FreeRTOS/RTOS_Workspace/Common/ThirdParty/SEGGER/SEGGER" -O0 -ffunction-sections -fdata-sections -Wall -fstack-usage -MMD -MP -MF"Core/Src/main.d" -MT"Core/Src/main.o" --specs=nano.specs -mfpu=fpv5-d16 -mfloat-abi=hard -mthumb -o "Core/Src/main.o"
arm-none-eabi-gcc "../Core/Src/stm32h7xx_hal_msp.c" -mcpu=cortex-m7 -std=gnu11 -g3 -DDEBUG -DUSE_HAL_DRIVER -DSTM32H743xx -c -I../Core/Inc -I../Drivers/STM32H7xx_HAL_Driver/Inc -I../Drivers/STM32H7xx_HAL_Driver/Inc/Legacy -I../Drivers/CMSIS/Device/ST/STM32H7xx/Include -I../Drivers/CMSIS/Include -I"G:/My Drive/Transfer/Proj/FreeRTOS/RTOS_Workspace/Common/ThirdParty/FreeRTOS/include" -I"G:/My Drive/Transfer/Proj/FreeRTOS/RTOS_Workspace/Common/ThirdParty/FreeRTOS/portable/GCC/ARM_CM7" -I"G:/My Drive/Transfer/Proj/FreeRTOS/RTOS_Workspace/Common/ThirdParty/FreeRTOS/portable/GCC/ARM_CM7/r0p1" -I"G:/My Drive/Transfer/Proj/FreeRTOS/RTOS_Workspace/Common/ThirdParty/SEGGER/Config" -I"G:/My Drive/Transfer/Proj/FreeRTOS/RTOS_Workspace/Common/ThirdParty/SEGGER/OS" -I"G:/My Drive/Transfer/Proj/FreeRTOS/RTOS_Workspace/Common/ThirdParty/SEGGER/SEGGER" -O0 -ffunction-sections -fdata-sections -Wall -fstack-usage -MMD -MP -MF"Core/Src/stm32h7xx_hal_msp.d" -MT"Core/Src/stm32h7xx_hal_msp.o" --specs=nano.specs -mfpu=fpv5-d16 -mfloat-abi=hard -mthumb -o "Core/Src/stm32h7xx_hal_msp.o"
arm-none-eabi-gcc "../Core/Src/stm32h7xx_it.c" -mcpu=cortex-m7 -std=gnu11 -g3 -DDEBUG -DUSE_HAL_DRIVER -DSTM32H743xx -c -I../Core/Inc -I../Drivers/STM32H7xx_HAL_Driver/Inc -I../Drivers/STM32H7xx_HAL_Driver/Inc/Legacy -I../Drivers/CMSIS/Device/ST/STM32H7xx/Include -I../Drivers/CMSIS/Include -I"G:/My Drive/Transfer/Proj/FreeRTOS/RTOS_Workspace/Common/ThirdParty/FreeRTOS/include" -I"G:/My Drive/Transfer/Proj/FreeRTOS/RTOS_Workspace/Common/ThirdParty/FreeRTOS/portable/GCC/ARM_CM7" -I"G:/My Drive/Transfer/Proj/FreeRTOS/RTOS_Workspace/Common/ThirdParty/FreeRTOS/portable/GCC/ARM_CM7/r0p1" -I"G:/My Drive/Transfer/Proj/FreeRTOS/RTOS_Workspace/Common/ThirdParty/SEGGER/Config" -I"G:/My Drive/Transfer/Proj/FreeRTOS/RTOS_Workspace/Common/ThirdParty/SEGGER/OS" -I"G:/My Drive/Transfer/Proj/FreeRTOS/RTOS_Workspace/Common/ThirdParty/SEGGER/SEGGER" -O0 -ffunction-sections -fdata-sections -Wall -fstack-usage -MMD -MP -MF"Core/Src/stm32h7xx_it.d" -MT"Core/Src/stm32h7xx_it.o" --specs=nano.specs -mfpu=fpv5-d16 -mfloat-abi=hard -mthumb -o "Core/Src/stm32h7xx_it.o"
arm-none-eabi-gcc -o "FreeRTOS_Templete.elf" @"objects.list"   -mcpu=cortex-m7 -T"G:\My Drive\Transfer\Proj\FreeRTOS\RTOS_Workspace\FreeRTOS_Templete\STM32H743VITX_FLASH.ld" --specs=nosys.specs -Wl,-Map="FreeRTOS_Templete.map" -Wl,--gc-sections -static --specs=nano.specs -mfpu=fpv5-d16 -mfloat-abi=hard -mthumb -Wl,--start-group -lc -lm -Wl,--end-group
Finished building target: FreeRTOS_Templete.elf
 
arm-none-eabi-size   FreeRTOS_Templete.elf 
arm-none-eabi-objdump -h -S  FreeRTOS_Templete.elf  > "FreeRTOS_Templete.list"
   text	   data	    bss	    dec	    hex	filename
  31256	     24	   4400	  35680	   8b60	FreeRTOS_Templete.elf
Finished building: default.size.stdout
 
Finished building: FreeRTOS_Templete.list
 

10:05:34 Build Finished. 0 errors, 0 warnings. (took 55s.11ms)

