22:27:56 **** Incremental Build of configuration Debug for project TestBoard_cube ****
make -j8 all 
arm-none-eabi-gcc "../Src/main.c" -mcpu=cortex-m7 -std=gnu11 -g3 -DDEBUG -DUSE_HAL_DRIVER -DSTM32F722xx -c -I../Inc -I../Drivers/STM32F7xx_HAL_Driver/Inc -I../Drivers/STM32F7xx_HAL_Driver/Inc/Legacy -I../Drivers/CMSIS/Device/ST/STM32F7xx/Include -I../Drivers/CMSIS/Include -O0 -ffunction-sections -fdata-sections -Wall -fstack-usage -MMD -MP -MF"Src/main.d" -MT"Src/main.o" --specs=nano.specs -mfpu=fpv5-sp-d16 -mfloat-abi=hard -mthumb -o "Src/main.o"
arm-none-eabi-gcc -o "TestBoard_cube.elf" @"objects.list"   -mcpu=cortex-m7 -T"D:\TestBoard_cube\STM32F722ZETX_FLASH.ld" --specs=nosys.specs -Wl,-Map="TestBoard_cube.map" -Wl,--gc-sections -static --specs=nano.specs -mfpu=fpv5-sp-d16 -mfloat-abi=hard -mthumb -Wl,--start-group -lc -lm -Wl,--end-group
Finished building target: TestBoard_cube.elf
 
arm-none-eabi-size   TestBoard_cube.elf 
arm-none-eabi-objdump -h -S  TestBoard_cube.elf  > "TestBoard_cube.list"
arm-none-eabi-objcopy  -O binary  TestBoard_cube.elf  "TestBoard_cube.bin"
   text	   data	    bss	    dec	    hex	filename
  13020	     20	   2732	  15772	   3d9c	TestBoard_cube.elf
Finished building: default.size.stdout
 
Finished building: TestBoard_cube.bin
 
Finished building: TestBoard_cube.list
 

22:27:57 Build Finished. 0 errors, 0 warnings. (took 963ms)

